Component: ARM Compiler 5.06 update 7 (build 960) Tool: armlink [4d3601]

==============================================================================

Section Cross References

    gd32h7xx_enet_eval.o(i.enet_gpio_config) refers to gd32h7xx_rcu.o(i.rcu_periph_clock_enable) for rcu_periph_clock_enable
    gd32h7xx_enet_eval.o(i.enet_gpio_config) refers to gd32h7xx_syscfg.o(i.syscfg_enet_phy_interface_config) for syscfg_enet_phy_interface_config
    gd32h7xx_enet_eval.o(i.enet_gpio_config) refers to gd32h7xx_gpio.o(i.gpio_mode_set) for gpio_mode_set
    gd32h7xx_enet_eval.o(i.enet_gpio_config) refers to gd32h7xx_gpio.o(i.gpio_output_options_set) for gpio_output_options_set
    gd32h7xx_enet_eval.o(i.enet_gpio_config) refers to gd32h7xx_gpio.o(i.gpio_af_set) for gpio_af_set
    gd32h7xx_enet_eval.o(i.enet_gpio_config) refers to gd32h7xx_gpio.o(i.gpio_bit_set) for gpio_bit_set
    gd32h7xx_enet_eval.o(i.enet_mac_dma_config) refers to gd32h7xx_rcu.o(i.rcu_periph_clock_enable) for rcu_periph_clock_enable
    gd32h7xx_enet_eval.o(i.enet_mac_dma_config) refers to gd32h7xx_enet.o(i.enet_deinit) for enet_deinit
    gd32h7xx_enet_eval.o(i.enet_mac_dma_config) refers to gd32h7xx_enet.o(i.enet_software_reset) for enet_software_reset
    gd32h7xx_enet_eval.o(i.enet_mac_dma_config) refers to gd32h7xx_enet.o(i.enet_init) for enet_init
    gd32h7xx_enet_eval.o(i.enet_mac_dma_config) refers to gd32h7xx_enet_eval.o(.data) for .data
    gd32h7xx_enet_eval.o(i.enet_system_setup) refers to gd32h7xx_enet_eval.o(i.nvic_configuration) for nvic_configuration
    gd32h7xx_enet_eval.o(i.enet_system_setup) refers to gd32h7xx_enet_eval.o(i.enet_gpio_config) for enet_gpio_config
    gd32h7xx_enet_eval.o(i.enet_system_setup) refers to gd32h7xx_enet_eval.o(i.enet_mac_dma_config) for enet_mac_dma_config
    gd32h7xx_enet_eval.o(i.enet_system_setup) refers to gd32h7xx_enet.o(i.enet_interrupt_enable) for enet_interrupt_enable
    gd32h7xx_enet_eval.o(i.enet_system_setup) refers to gd32h7xx_enet_eval.o(.data) for .data
    gd32h7xx_enet_eval.o(i.nvic_configuration) refers to gd32h7xx_misc.o(i.nvic_irq_enable) for nvic_irq_enable
    gd32h7xx_it.o(i.ENET1_IRQHandler) refers to gd32h7xx_enet.o(i.enet_interrupt_flag_get) for enet_interrupt_flag_get
    gd32h7xx_it.o(i.ENET1_IRQHandler) refers to queue.o(i.xQueueGiveFromISR) for xQueueGiveFromISR
    gd32h7xx_it.o(i.ENET1_IRQHandler) refers to gd32h7xx_enet.o(i.enet_interrupt_flag_clear) for enet_interrupt_flag_clear
    gd32h7xx_it.o(i.ENET1_IRQHandler) refers to ethernetif.o(.data) for g_rx_semaphore
    main.o(i.main) refers to function.o(i.System_Init) for System_Init
    main.o(i.main) refers to function.o(i.UsrFunction) for UsrFunction
    netconf.o(i.lwip_stack_init) refers to tcpip.o(i.tcpip_init) for tcpip_init
    netconf.o(i.lwip_stack_init) refers to netif.o(i.netif_add) for netif_add
    netconf.o(i.lwip_stack_init) refers to netif.o(i.netif_set_default) for netif_set_default
    netconf.o(i.lwip_stack_init) refers to netif.o(i.netif_set_status_callback) for netif_set_status_callback
    netconf.o(i.lwip_stack_init) refers to netif.o(i.netif_set_link_up) for netif_set_link_up
    netconf.o(i.lwip_stack_init) refers to netif.o(i.netif_set_up) for netif_set_up
    netconf.o(i.lwip_stack_init) refers to tcpip.o(i.tcpip_input) for tcpip_input
    netconf.o(i.lwip_stack_init) refers to ethernetif.o(i.ethernetif_init) for ethernetif_init
    netconf.o(i.lwip_stack_init) refers to netconf.o(.bss) for .bss
    netconf.o(i.lwip_stack_init) refers to app_main.o(i.lwip_netif_status_callback) for lwip_netif_status_callback
    systick.o(i.delay_1ms) refers to systick.o(.data) for .data
    systick.o(i.delay_decrement) refers to systick.o(.data) for .data
    systick.o(i.systick_config) refers to system_gd32h7xx.o(.data) for SystemCoreClock
    tcp_client.o(i.my_tcp_client_init) refers to tasks.o(i.xTaskCreate) for xTaskCreate
    tcp_client.o(i.my_tcp_client_init) refers to tcp_client.o(i.tcp_client_task) for tcp_client_task
    tcp_client.o(i.tcp_client_task) refers to def.o(i.lwip_htons) for lwip_htons
    tcp_client.o(i.tcp_client_task) refers to sockets.o(i.lwip_socket) for lwip_socket
    tcp_client.o(i.tcp_client_task) refers to sockets.o(i.lwip_bind) for lwip_bind
    tcp_client.o(i.tcp_client_task) refers to sockets.o(i.lwip_close) for lwip_close
    tcp_client.o(i.tcp_client_task) refers to sockets.o(i.lwip_connect) for lwip_connect
    tcp_client.o(i.tcp_client_task) refers to sockets.o(i.lwip_recv) for lwip_recv
    tcp_client.o(i.tcp_client_task) refers to sockets.o(i.lwip_send) for lwip_send
    tcp_server.o(i.hello_gigadevice_recv) refers to memmovea.o(.text) for __aeabi_memcpy
    tcp_server.o(i.hello_gigadevice_recv) refers to sockets.o(i.lwip_send) for lwip_send
    tcp_server.o(i.hello_gigadevice_recv) refers to tcp_server.o(.bss) for .bss
    tcp_server.o(i.hello_task) refers to def.o(i.lwip_htons) for lwip_htons
[...]
    netif_default                            0x240000c0   Data           4  netif.o(.data)
    tcp_active_pcbs_changed                  0x240000cc   Data           1  tcp.o(.data)
    tcp_ticks                                0x240000d8   Data           4  tcp.o(.data)
    tcp_bound_pcbs                           0x240000dc   Data           4  tcp.o(.data)
    tcp_listen_pcbs                          0x240000e0   Data           4  tcp.o(.data)
    tcp_active_pcbs                          0x240000e4   Data           4  tcp.o(.data)
    tcp_tw_pcbs                              0x240000e8   Data           4  tcp.o(.data)
    tcp_input_pcb                            0x2400010c   Data           4  tcp_in.o(.data)
    udp_pcbs                                 0x2400012c   Data           4  udp.o(.data)
    g_rx_semaphore                           0x24000134   Data           4  ethernetif.o(.data)
    pxCurrentTCB                             0x2400013c   Data           4  tasks.o(.data)
    __stdout                                 0x240001b8   Data           4  stdout.o(.data)
    g_mynetif1                               0x240001bc   Data          56  netconf.o(.bss)
    name_recv                                0x240001f4   Data          40  tcp_server.o(.bss)
    txbuffer1                                0x24000220   Data       32768  app_main.o(.bss)
    rxbuffer1                                0x24008220   Data       32768  app_main.o(.bss)
    tx_buffer                                0x24010220   Data         256  app_main.o(.bss)
    rx_buffer                                0x24010320   Data         256  app_main.o(.bss)
    transmit_message                         0x24010420   Data          20  can.o(.bss)
    receive_message                          0x24010434   Data          20  can.o(.bss)
    OLED_GRAM                                0x24010448   Data         576  oled.o(.bss)
    rtc_initpara                             0x24010688   Data          20  rtc.o(.bss)
    dhcp_rx_options_val                      0x24010858   Data          32  dhcp.o(.bss)
    ip_data                                  0x24010968   Data          24  ip.o(.bss)
    memp_memory_UDP_PCB_base                 0x24010980   Data         195  memp.o(.bss)
    memp_memory_TCP_PCB_base                 0x24010a43   Data        1523  memp.o(.bss)
    memp_memory_TCP_PCB_LISTEN_base          0x24011036   Data         143  memp.o(.bss)
    memp_memory_TCP_SEG_base                 0x240110c5   Data         403  memp.o(.bss)
    memp_memory_REASSDATA_base               0x24011258   Data         163  memp.o(.bss)
    memp_memory_FRAG_PBUF_base               0x240112fb   Data         363  memp.o(.bss)
    memp_memory_NETBUF_base                  0x24011466   Data         131  memp.o(.bss)
    memp_memory_NETCONN_base                 0x240114e9   Data         179  memp.o(.bss)
    memp_memory_TCPIP_MSG_API_base           0x2401159c   Data         131  memp.o(.bss)
    memp_memory_TCPIP_MSG_INPKT_base         0x2401161f   Data         131  memp.o(.bss)
    memp_memory_SYS_TIMEOUT_base             0x240116a2   Data         163  memp.o(.bss)
    memp_memory_PBUF_base                    0x24011745   Data        1603  memp.o(.bss)
    memp_memory_PBUF_POOL_base               0x24011d88   Data       61283  memp.o(.bss)
    xQueueRegistry                           0x24020d40   Data          64  queue.o(.bss)
    __initial_sp                             0x2402a6b0   Data           0  startup_gd32h7xx.o(STACK)
    rxdesc_tab                               0x30000000   Data          80  gd32h7xx_enet.o(.ARM.__at_0x30000000)
    txdesc_tab                               0x30000160   Data          80  gd32h7xx_enet.o(.ARM.__at_0x30000160)
    rx_buff                                  0x30000300   Data        7620  gd32h7xx_enet.o(.ARM.__at_0x30000300)
    tx_buff                                  0x30002100   Data        7620  gd32h7xx_enet.o(.ARM.__at_0x30002100)



==============================================================================

Memory Map of the image

  Image Entry point : 0x080003a5

  Load Region LR_IROM1 (Base: 0x08000000, Size: 0x000153d4, Max: 0x003c0000, ABSOLUTE, COMPRESSED[0x00011400])

    Execution Region ER_IROM1 (Exec base: 0x08000000, Load base: 0x08000000, Size: 0x00011354, Max: 0x003c0000, ABSOLUTE)

    Exec Addr    Load Addr    Size         Type   Attr      Idx    E Section Name        Object

    0x08000000   0x08000000   0x000003a4   Data   RO        12813    RESET               startup_gd32h7xx.o
    0x080003a4   0x080003a4   0x00000000   Code   RO        17276  * .ARM.Collect$$$$00000000  mc_w.l(entry.o)
    0x080003a4   0x080003a4   0x00000004   Code   RO        17590    .ARM.Collect$$$$00000001  mc_w.l(entry2.o)
    0x080003a8   0x080003a8   0x00000004   Code   RO        17593    .ARM.Collect$$$$00000004  mc_w.l(entry5.o)
    0x080003ac   0x080003ac   0x00000000   Code   RO        17595    .ARM.Collect$$$$00000008  mc_w.l(entry7b.o)
    0x080003ac   0x080003ac   0x00000000   Code   RO        17597    .ARM.Collect$$$$0000000A  mc_w.l(entry8b.o)
    0x080003ac   0x080003ac   0x00000008   Code   RO        17598    .ARM.Collect$$$$0000000B  mc_w.l(entry9a.o)
    0x080003b4   0x080003b4   0x00000004   Code   RO        17605    .ARM.Collect$$$$0000000E  mc_w.l(entry12b.o)
    0x080003b8   0x080003b8   0x00000000   Code   RO        17600    .ARM.Collect$$$$0000000F  mc_w.l(entry10a.o)
    0x080003b8   0x080003b8   0x00000000   Code   RO        17602    .ARM.Collect$$$$00000011  mc_w.l(entry11a.o)
    0x080003b8   0x080003b8   0x00000004   Code   RO        17591    .ARM.Collect$$$$00002712  mc_w.l(entry2.o)
    0x080003bc   0x080003bc   0x000000be   Code   RO        17144    .emb_text           port.o
    0x0800047a   0x0800047a   0x00000002   PAD
    0x0800047c   0x0800047c   0x0000003c   Code   RO        12814    .text               startup_gd32h7xx.o
    0x080004b8   0x080004b8   0x00000062   Code   RO        17279    .text               mc_w.l(uldiv.o)
    0x0800051a   0x0800051a   0x00000040   Code   RO        17311    .text               mc_w.l(memmovea.o)
    0x0800055a   0x0800055a   0x00000024   Code   RO        17315    .text               mc_w.l(memseta.o)
    0x0800057e   0x0800057e   0x0000001a   Code   RO        17319    .text               mc_w.l(memcmp.o)
    0x08000598   0x08000598   0x0000001e   Code   RO        17609    .text               mc_w.l(llshl.o)
    0x080005b6   0x080005b6   0x00000020   Code   RO        17611    .text               mc_w.l(llushr.o)
    0x080005d6   0x080005d6   0x00000002   PAD
    0x080005d8   0x080005d8   0x00000024   Code   RO        17633    .text               mc_w.l(init.o)
    0x080005fc   0x080005fc   0x0000003a   Code   RO        17651    .text               mc_w.l(__dczerorl.o)
    0x08000636   0x08000636   0x00000002   Code   RO          354    i.BusFault_Handler  gd32h7xx_it.o
    0x08000638   0x08000638   0x0000002c   Code   RO         1056    i.CAN2_Message_IRQHandler  can.o
    0x08000664   0x08000664   0x00000002   Code   RO          355    i.DebugMon_Handler  gd32h7xx_it.o
    0x08000666   0x08000666   0x00000002   PAD
    0x08000668   0x08000668   0x0000005c   Code   RO          356    i.ENET1_IRQHandler  gd32h7xx_it.o
    0x080006c4   0x080006c4   0x00000002   Code   RO          357    i.FPU_IRQHandler    gd32h7xx_it.o
    0x080006c6   0x080006c6   0x00000002   Code   RO          358    i.HardFault_Handler  gd32h7xx_it.o
    0x080006c8   0x080006c8   0x00000060   Code   RO         1173    i.I2C_Respond       i2c.o
    0x08000728   0x08000728   0x00000040   Code   RO         1174    i.I2C_Start         i2c.o
    0x08000768   0x08000768   0x00000058   Code   RO         1238    i.I2C_Start1        oled.o
    0x080007c0   0x080007c0   0x00000048   Code   RO         1175    i.I2C_Stop          i2c.o
    0x08000808   0x08000808   0x00000044   Code   RO         1239    i.I2C_Stop1         oled.o
    0x0800084c   0x0800084c   0x00000078   Code   RO         1240    i.I2C_WaitAck       oled.o
    0x080008c4   0x080008c4   0x00000014   Code   RO         1176    i.IIC_delay         i2c.o
    0x080008d8   0x080008d8   0x00000014   Code   RO         1241    i.IIC_delay         oled.o
    0x080008ec   0x080008ec   0x00000002   Code   RO          359    i.MemManage_Handler  gd32h7xx_it.o
    0x080008ee   0x080008ee   0x00000002   Code   RO          360    i.NMI_Handler       gd32h7xx_it.o
    0x080008f0   0x080008f0   0x0000002c   Code   RO         1242    i.OLED_Clear        oled.o
    0x0800091c   0x0800091c   0x00000020   Code   RO         1243    i.OLED_ClearPoint   oled.o
    0x0800093c   0x0800093c   0x0000001c   Code   RO         1250    i.OLED_DrawPoint    oled.o
    0x08000958   0x08000958   0x00000148   Code   RO         1251    i.OLED_Init         oled.o
    0x08000aa0   0x08000aa0   0x00000048   Code   RO         1253    i.OLED_Refresh      oled.o
    0x08000ae8   0x08000ae8   0x000000bc   Code   RO         1255    i.OLED_ShowChar     oled.o
    0x08000ba4   0x08000ba4   0x0000003c   Code   RO         1259    i.OLED_ShowString   oled.o
    0x08000be0   0x08000be0   0x0000003a   Code   RO         1261    i.OLED_WR_Byte      oled.o
    0x08000c1a   0x08000c1a   0x00000002   PAD
    0x08000c1c   0x08000c1c   0x0000005c   Code   RO         1262    i.Send_Byte         oled.o
    0x08000c78   0x08000c78   0x0000002c   Code   RO        17145    i.SysTick_Handler   port.o
    0x08000ca4   0x08000ca4   0x000001cc   Code   RO         1743    i.SystemInit        system_gd32h7xx.o
    0x08000e70   0x08000e70   0x00000012   Code   RO         1696    i.System_Init       function.o
    0x08000e82   0x08000e82   0x00000002   PAD
    0x08000e84   0x08000e84   0x000000f8   Code   RO         1644    i.USART1_IRQHandler  usart485_232.o
    0x08000f7c   0x08000f7c   0x00000002   Code   RO          361    i.UsageFault_Handler  gd32h7xx_it.o
    0x08000f7e   0x08000f7e   0x00000006   Code   RO         1697    i.UsrFunction       function.o
    0x08000f84   0x08000f84   0x00000020   Code   RO        17534    i.__0printf$8       mc_w.l(printf8.o)
    0x08000fa4   0x08000fa4   0x00000028   Code   RO        17536    i.__0sprintf$8      mc_w.l(printf8.o)
    0x08000fcc   0x08000fcc   0x0000000e   Code   RO        17645    i.__scatterload_copy  mc_w.l(handlers.o)
    0x08000fda   0x08000fda   0x00000002   Code   RO        17646    i.__scatterload_null  mc_w.l(handlers.o)
    0x08000fdc   0x08000fdc   0x0000000e   Code   RO        17647    i.__scatterload_zeroinit  mc_w.l(handlers.o)
    0x08000fea   0x08000fea   0x00000018   Code   RO         1462    i._delay            exmc_sdram.o
    0x08001002   0x08001002   0x00000002   PAD
    0x08001004   0x08001004   0x00000404   Code   RO        17541    i._printf_core      mc_w.l(printf8.o)
    0x08001408   0x08001408   0x00000024   Code   RO        17542    i._printf_post_padding  mc_w.l(printf8.o)
    0x0800142c   0x0800142c   0x0000002e   Code   RO        17543    i._printf_pre_padding  mc_w.l(printf8.o)
    0x0800145a   0x0800145a   0x0000000a   Code   RO        17545    i._sputc            mc_w.l(printf8.o)
    0x08001464   0x08001464   0x000000ec   Code   RO        13047    i.accept_function   api_msg.o
    0x08001550   0x08001550   0x0000001e   Code   RO         1794    i.adc_calibration_enable  gd32h7xx_adc.o
    0x0800156e   0x0800156e   0x0000001e   Code   RO         1795    i.adc_calibration_mode_config  gd32h7xx_adc.o
    0x0800158c   0x0800158c   0x00000010   Code   RO         1796    i.adc_calibration_number  gd32h7xx_adc.o
    0x0800159c   0x0800159c   0x00000042   Code   RO         1798    i.adc_channel_length_config  gd32h7xx_adc.o
    0x080015de   0x080015de   0x00000002   PAD
    0x080015e0   0x080015e0   0x00000038   Code   RO         1799    i.adc_clock_config  gd32h7xx_adc.o
    0x08001618   0x08001618   0x0000001e   Code   RO         1800    i.adc_data_alignment_config  gd32h7xx_adc.o
    0x08001636   0x08001636   0x00000002   PAD
    0x08001638   0x08001638   0x00000058   Code   RO         1801    i.adc_deinit        gd32h7xx_adc.o
    0x08001690   0x08001690   0x00000010   Code   RO         1808    i.adc_enable        gd32h7xx_adc.o
    0x080016a0   0x080016a0   0x0000002c   Code   RO         1810    i.adc_external_trigger_config  gd32h7xx_adc.o
    0x080016cc   0x080016cc   0x00000006   Code   RO         1811    i.adc_flag_clear    gd32h7xx_adc.o
    0x080016d2   0x080016d2   0x0000000e   Code   RO         1812    i.adc_flag_get      gd32h7xx_adc.o
    0x080016e0   0x080016e0   0x000000cc   Code   RO         1826    i.adc_regular_channel_config  gd32h7xx_adc.o
    0x080017ac   0x080017ac   0x00000004   Code   RO         1827    i.adc_regular_data_read  gd32h7xx_adc.o
    0x080017b0   0x080017b0   0x0000001a   Code   RO         1829    i.adc_software_trigger_enable  gd32h7xx_adc.o
    0x080017ca   0x080017ca   0x00000050   Code   RO         1830    i.adc_special_function_config  gd32h7xx_adc.o
    0x0800181a   0x0800181a   0x00000002   PAD
    0x0800181c   0x0800181c   0x0000005c   Code   RO        14728    i.alloc_socket      sockets.o
    0x08001878   0x08001878   0x0000008c   Code   RO         1698    i.cache_enable      function.o
    0x08001904   0x08001904   0x00000088   Code   RO         1057    i.can_config        can.o
    0x0800198c   0x0800198c   0x00000062   Code   RO         2149    i.can_data_to_big_endian_swap  gd32h7xx_can.o
    0x080019ee   0x080019ee   0x0000005e   Code   RO         2150    i.can_data_to_little_endian_swap  gd32h7xx_can.o
    0x08001a4c   0x08001a4c   0x00000058   Code   RO         2151    i.can_deinit        gd32h7xx_can.o
    0x08001aa4   0x08001aa4   0x00000028   Code   RO         2152    i.can_dlc_value_compute  gd32h7xx_can.o
    0x08001acc   0x08001acc   0x0000006c   Code   RO         1058    i.can_gpio_init     can.o
    0x08001b38   0x08001b38   0x00000144   Code   RO         2162    i.can_init          gd32h7xx_can.o
    0x08001c7c   0x08001c7c   0x0000006a   Code   RO         2163    i.can_interrupt_disable  gd32h7xx_can.o
    0x08001ce6   0x08001ce6   0x00000064   Code   RO         2164    i.can_interrupt_enable  gd32h7xx_can.o
    0x08001d4a   0x08001d4a   0x00000010   Code   RO         2165    i.can_interrupt_flag_clear  gd32h7xx_can.o
    0x08001d5a   0x08001d5a   0x0000001a   Code   RO         2166    i.can_interrupt_flag_get  gd32h7xx_can.o
    0x08001d74   0x08001d74   0x000000c8   Code   RO         2168    i.can_mailbox_config  gd32h7xx_can.o
    0x08001e3c   0x08001e3c   0x00000080   Code   RO         2169    i.can_mailbox_receive_data_read  gd32h7xx_can.o
    0x08001ebc   0x08001ebc   0x000000ea   Code   RO         2175    i.can_operation_mode_enter  gd32h7xx_can.o
    0x08001fa6   0x08001fa6   0x00000002   PAD
    0x08001fa8   0x08001fa8   0x00000044   Code   RO         2176    i.can_operation_mode_get  gd32h7xx_can.o
    0x08001fec   0x08001fec   0x0000002c   Code   RO         2177    i.can_payload_size_compute  gd32h7xx_can.o
    0x08002018   0x08002018   0x00000022   Code   RO         2186    i.can_ram_address_get  gd32h7xx_can.o
    0x0800203a   0x0800203a   0x00000002   PAD
    0x0800203c   0x0800203c   0x0000003c   Code   RO         1059    i.can_receive_transmit_config  can.o
    0x08002078   0x08002078   0x00000028   Code   RO         2194    i.can_software_reset  gd32h7xx_can.o
    0x080020a0   0x080020a0   0x0000010a   Code   RO         2195    i.can_struct_para_init  gd32h7xx_can.o
    0x080021aa   0x080021aa   0x0000001e   Code   RO        13292    i.dhcp_arp_reply    dhcp.o
    0x080021c8   0x080021c8   0x000000dc   Code   RO        13293    i.dhcp_bind         dhcp.o
    0x080022a4   0x080022a4   0x00000034   Code   RO        13294    i.dhcp_check        dhcp.o
    0x080022d8   0x080022d8   0x00000064   Code   RO        13296    i.dhcp_coarse_tmr   dhcp.o
    0x0800233c   0x0800233c   0x000000dc   Code   RO        13297    i.dhcp_create_msg   dhcp.o
    0x08002418   0x08002418   0x00000020   Code   RO        13298    i.dhcp_dec_pcb_refcount  dhcp.o
    0x08002438   0x08002438   0x0000009c   Code   RO        13299    i.dhcp_decline      dhcp.o
    0x080024d4   0x080024d4   0x000000e4   Code   RO        13300    i.dhcp_discover     dhcp.o
    0x080025b8   0x080025b8   0x00000034   Code   RO        13301    i.dhcp_fine_tmr     dhcp.o
    0x080025ec   0x080025ec   0x0000006c   Code   RO        13302    i.dhcp_handle_ack   dhcp.o
    0x08002658   0x08002658   0x00000028   Code   RO        13303    i.dhcp_handle_nak   dhcp.o
    0x08002680   0x08002680   0x00000038   Code   RO        13304    i.dhcp_handle_offer  dhcp.o
    0x080026b8   0x080026b8   0x00000054   Code   RO        13305    i.dhcp_inc_pcb_refcount  dhcp.o
    0x0800270c   0x0800270c   0x00000030   Code   RO        13307    i.dhcp_network_changed  dhcp.o
    0x0800273c   0x0800273c   0x00000010   Code   RO        13308    i.dhcp_option       dhcp.o
    0x0800274c   0x0800274c   0x0000000a   Code   RO        13309    i.dhcp_option_byte  dhcp.o
    0x08002756   0x08002756   0x00000022   Code   RO        13310    i.dhcp_option_long  dhcp.o
    0x08002778   0x08002778   0x00000012   Code   RO        13311    i.dhcp_option_short  dhcp.o
    0x0800278a   0x0800278a   0x00000030   Code   RO        13312    i.dhcp_option_trailer  dhcp.o
    0x080027ba   0x080027ba   0x00000002   PAD
    0x080027bc   0x080027bc   0x00000290   Code   RO        13313    i.dhcp_parse_reply  dhcp.o
    0x08002a4c   0x08002a4c   0x000000d4   Code   RO        13314    i.dhcp_rebind       dhcp.o
    0x08002b20   0x08002b20   0x000000f4   Code   RO        13315    i.dhcp_reboot       dhcp.o
    0x08002c14   0x08002c14   0x000000fc   Code   RO        13316    i.dhcp_recv         dhcp.o
    0x08002d10   0x08002d10   0x000000bc   Code   RO        13318    i.dhcp_release_and_stop  dhcp.o
    0x08002dcc   0x08002dcc   0x000000d0   Code   RO        13319    i.dhcp_renew        dhcp.o
    0x08002e9c   0x08002e9c   0x00000138   Code   RO        13320    i.dhcp_select       dhcp.o
    0x08002fd4   0x08002fd4   0x00000010   Code   RO        13321    i.dhcp_set_state    dhcp.o
    0x08002fe4   0x08002fe4   0x00000086   Code   RO        13323    i.dhcp_start        dhcp.o
    0x0800306a   0x0800306a   0x00000022   Code   RO        13325    i.dhcp_supplied_address  dhcp.o
    0x0800308c   0x0800308c   0x0000002a   Code   RO        13326    i.dhcp_t1_timeout   dhcp.o
    0x080030b6   0x080030b6   0x0000002e   Code   RO        13327    i.dhcp_t2_timeout   dhcp.o
    0x080030e4   0x080030e4   0x0000007c   Code   RO        13328    i.dhcp_timeout      dhcp.o
    0x08003160   0x08003160   0x0000001c   Code   RO        14131    i.do_memp_free_pool  memp.o
    0x0800317c   0x0800317c   0x00000022   Code   RO        14132    i.do_memp_malloc_pool  memp.o
    0x0800319e   0x0800319e   0x00000002   PAD
    0x080031a0   0x080031a0   0x0000006c   Code   RO         4325    i.enet_default_init  gd32h7xx_enet.o
    0x0800320c   0x0800320c   0x00000044   Code   RO         4326    i.enet_deinit       gd32h7xx_enet.o
    0x08003250   0x08003250   0x00000014   Code   RO         4327    i.enet_delay        gd32h7xx_enet.o
    0x08003264   0x08003264   0x00000054   Code   RO         4331    i.enet_desc_information_get  gd32h7xx_enet.o
    0x080032b8   0x080032b8   0x0000008c   Code   RO         4333    i.enet_descriptors_chain_init  gd32h7xx_enet.o
    0x08003344   0x08003344   0x00000014   Code   RO         4340    i.enet_enable       gd32h7xx_enet.o
    0x08003358   0x08003358   0x00000090   Code   RO         4350    i.enet_frame_receive  gd32h7xx_enet.o
    0x080033e8   0x080033e8   0x00000084   Code   RO         4351    i.enet_frame_transmit  gd32h7xx_enet.o
    0x0800346c   0x0800346c   0x000001b8   Code   RO            4    i.enet_gpio_config  gd32h7xx_enet_eval.o
    0x08003624   0x08003624   0x00000280   Code   RO         4352    i.enet_init         gd32h7xx_enet.o
    0x080038a4   0x080038a4   0x00000028   Code   RO         4354    i.enet_initpara_reset  gd32h7xx_enet.o
    0x080038cc   0x080038cc   0x00000028   Code   RO         4356    i.enet_interrupt_enable  gd32h7xx_enet.o
    0x080038f4   0x080038f4   0x00000010   Code   RO         4357    i.enet_interrupt_flag_clear  gd32h7xx_enet.o
    0x08003904   0x08003904   0x0000001a   Code   RO         4358    i.enet_interrupt_flag_get  gd32h7xx_enet.o
    0x0800391e   0x0800391e   0x00000026   Code   RO         4360    i.enet_mac_address_set  gd32h7xx_enet.o
    0x08003944   0x08003944   0x00000048   Code   RO            5    i.enet_mac_dma_config  gd32h7xx_enet_eval.o
    0x0800398c   0x0800398c   0x00000110   Code   RO         4370    i.enet_phy_config   gd32h7xx_enet.o
    0x08003a9c   0x08003a9c   0x0000005c   Code   RO         4371    i.enet_phy_write_read  gd32h7xx_enet.o
    0x08003af8   0x08003af8   0x0000000a   Code   RO         4396    i.enet_rx_desc_immediate_receive_complete_interrupt  gd32h7xx_enet.o
    0x08003b02   0x08003b02   0x00000016   Code   RO         4398    i.enet_rx_enable    gd32h7xx_enet.o
    0x08003b18   0x08003b18   0x00000034   Code   RO         4402    i.enet_software_reset  gd32h7xx_enet.o
    0x08003b4c   0x08003b4c   0x0000003c   Code   RO            6    i.enet_system_setup  gd32h7xx_enet_eval.o
    0x08003b88   0x08003b88   0x00000016   Code   RO         4403    i.enet_transmit_checksum_config  gd32h7xx_enet.o
    0x08003b9e   0x08003b9e   0x00000020   Code   RO         4405    i.enet_tx_enable    gd32h7xx_enet.o
    0x08003bbe   0x08003bbe   0x00000002   PAD
    0x08003bc0   0x08003bc0   0x00000030   Code   RO         4406    i.enet_txfifo_flush  gd32h7xx_enet.o
    0x08003bf0   0x08003bf0   0x000000bc   Code   RO        13048    i.err_tcp           api_msg.o
    0x08003cac   0x08003cac   0x0000001c   Code   RO        13542    i.err_to_errno      err.o
    0x08003cc8   0x08003cc8   0x000000f4   Code   RO        13579    i.etharp_find_entry  etharp.o
    0x08003dbc   0x08003dbc   0x0000003c   Code   RO        13580    i.etharp_free_entry  etharp.o
    0x08003df8   0x08003df8   0x000000a8   Code   RO        13582    i.etharp_input      etharp.o
    0x08003ea0   0x08003ea0   0x000000fc   Code   RO        13583    i.etharp_output     etharp.o
    0x08003f9c   0x08003f9c   0x0000006c   Code   RO        13584    i.etharp_output_to_arp_index  etharp.o
    0x08004008   0x08004008   0x000000fc   Code   RO        13585    i.etharp_query      etharp.o
    0x08004104   0x08004104   0x0000008c   Code   RO        13586    i.etharp_raw        etharp.o
    0x08004190   0x08004190   0x0000000c   Code   RO        13587    i.etharp_request    etharp.o
    0x0800419c   0x0800419c   0x00000020   Code   RO        13588    i.etharp_request_dst  etharp.o
    0x080041bc   0x080041bc   0x00000060   Code   RO        13589    i.etharp_tmr        etharp.o
    0x0800421c   0x0800421c   0x00000084   Code   RO        13590    i.etharp_update_arp_entry  etharp.o
    0x080042a0   0x080042a0   0x000000a8   Code   RO        13678    i.ethernet_input    ethernet.o
    0x08004348   0x08004348   0x0000004c   Code   RO        13679    i.ethernet_output   ethernet.o
    0x08004394   0x08004394   0x00000028   Code   RO        15911    i.ethernetif_init   ethernetif.o
    0x080043bc   0x080043bc   0x00000040   Code   RO        15912    i.ethernetif_input  ethernetif.o
    0x080043fc   0x080043fc   0x000000c6   Code   RO        14729    i.event_callback    sockets.o
    0x080044c2   0x080044c2   0x00000002   PAD
    0x080044c4   0x080044c4   0x00000020   Code   RO         4896    i.exmc_flag_get     gd32h7xx_exmc.o
    0x080044e4   0x080044e4   0x00000018   Code   RO         4918    i.exmc_sdram_command_config  gd32h7xx_exmc.o
    0x080044fc   0x080044fc   0x000000d0   Code   RO         4920    i.exmc_sdram_init   gd32h7xx_exmc.o
    0x080045cc   0x080045cc   0x0000001c   Code   RO         4924    i.exmc_sdram_refresh_count_set  gd32h7xx_exmc.o
    0x080045e8   0x080045e8   0x00000024   Code   RO         4925    i.exmc_sdram_struct_para_init  gd32h7xx_exmc.o
    0x0800460c   0x0800460c   0x000002b4   Code   RO         1463    i.exmc_synchronous_dynamic_ram_init  exmc_sdram.o
    0x080048c0   0x080048c0   0x0000004e   Code   RO         1124    i.extRTC_Config     extrtc.o
    0x0800490e   0x0800490e   0x00000024   Code   RO         1125    i.extRTC_WriteCMD   extrtc.o
    0x08004932   0x08004932   0x00000014   Code   RO         1464    i.fill_buffer       exmc_sdram.o
    0x08004946   0x08004946   0x00000002   PAD
    0x08004948   0x08004948   0x00000028   Code   RO          951    i.fputc             usart.o
    0x08004970   0x08004970   0x00000030   Code   RO        14730    i.free_socket       sockets.o
    0x080049a0   0x080049a0   0x00000028   Code   RO        14731    i.free_socket_free_elements  sockets.o
    0x080049c8   0x080049c8   0x00000012   Code   RO        14732    i.free_socket_locked  sockets.o
    0x080049da   0x080049da   0x00000002   PAD
    0x080049dc   0x080049dc   0x00000018   Code   RO        14733    i.get_socket        sockets.o
    0x080049f4   0x080049f4   0x00000064   Code   RO         5804    i.gpio_af_set       gd32h7xx_gpio.o
    0x08004a58   0x08004a58   0x00000004   Code   RO         5805    i.gpio_bit_reset    gd32h7xx_gpio.o
    0x08004a5c   0x08004a5c   0x00000004   Code   RO         5806    i.gpio_bit_set      gd32h7xx_gpio.o
    0x08004a60   0x08004a60   0x0000000e   Code   RO         5810    i.gpio_input_bit_get  gd32h7xx_gpio.o
    0x08004a6e   0x08004a6e   0x00000048   Code   RO         5813    i.gpio_mode_set     gd32h7xx_gpio.o
    0x08004ab6   0x08004ab6   0x00000046   Code   RO         5815    i.gpio_output_options_set  gd32h7xx_gpio.o
    0x08004afc   0x08004afc   0x000000f8   Code   RO          737    i.hello_gigadevice_recv  tcp_server.o
    0x08004bf4   0x08004bf4   0x000000b4   Code   RO          738    i.hello_task        tcp_server.o
    0x08004ca8   0x08004ca8   0x00000008   Code   RO        13709    i.icmp_dest_unreach  icmp.o
    0x08004cb0   0x08004cb0   0x00000138   Code   RO        13710    i.icmp_input        icmp.o
    0x08004de8   0x08004de8   0x0000006e   Code   RO        13711    i.icmp_send_response  icmp.o
    0x08004e56   0x08004e56   0x00000008   Code   RO        13712    i.icmp_time_exceeded  icmp.o
    0x08004e5e   0x08004e5e   0x0000004a   Code   RO        13778    i.inet_chksum_pbuf  inet_chksum.o
    0x08004ea8   0x08004ea8   0x00000040   Code   RO        13937    i.ip4_addr_isbroadcast_u32  ip4_addr.o
    0x08004ee8   0x08004ee8   0x0000018c   Code   RO        13994    i.ip4_frag          ip4_frag.o
    0x08005074   0x08005074   0x000001c0   Code   RO        13888    i.ip4_input         ip4.o
    0x08005234   0x08005234   0x0000002c   Code   RO        13889    i.ip4_input_accept  ip4.o
    0x08005260   0x08005260   0x00000022   Code   RO        13891    i.ip4_output_if     ip4.o
    0x08005282   0x08005282   0x00000002   PAD
    0x08005284   0x08005284   0x000000bc   Code   RO        13892    i.ip4_output_if_src  ip4.o
    0x08005340   0x08005340   0x0000018c   Code   RO        13995    i.ip4_reass         ip4_frag.o
    0x080054cc   0x080054cc   0x00000060   Code   RO        13893    i.ip4_route         ip4.o
    0x0800552c   0x0800552c   0x00000006   Code   RO        13996    i.ip_frag_alloc_pbuf_custom_ref  ip4_frag.o
    0x08005532   0x08005532   0x00000008   Code   RO        13997    i.ip_frag_free_pbuf_custom_ref  ip4_frag.o
    0x0800553a   0x0800553a   0x00000112   Code   RO        13998    i.ip_reass_chain_frag_into_datagram_and_validate  ip4_frag.o
    0x0800564c   0x0800564c   0x00000024   Code   RO        13999    i.ip_reass_dequeue_datagram  ip4_frag.o
    0x08005670   0x08005670   0x00000054   Code   RO        14000    i.ip_reass_enqueue_new_datagram  ip4_frag.o
    0x080056c4   0x080056c4   0x00000074   Code   RO        14001    i.ip_reass_free_complete_datagram  ip4_frag.o
    0x08005738   0x08005738   0x00000088   Code   RO        14002    i.ip_reass_remove_oldest_datagram  ip4_frag.o
    0x080057c0   0x080057c0   0x0000002c   Code   RO        14003    i.ip_reass_tmr      ip4_frag.o
    0x080057ec   0x080057ec   0x00000018   Code   RO        14004    i.ipfrag_free_pbuf_custom  ip4_frag.o
    0x08005804   0x08005804   0x000005b0   Code   RO          835    i.led_task          app_main.o
    0x08005db4   0x08005db4   0x000000ec   Code   RO        15913    i.low_level_init    ethernetif.o
    0x08005ea0   0x08005ea0   0x00000068   Code   RO        15914    i.low_level_input   ethernetif.o
    0x08005f08   0x08005f08   0x000000a0   Code   RO        15915    i.low_level_output  ethernetif.o
    0x08005fa8   0x08005fa8   0x00000128   Code   RO        14734    i.lwip_accept       sockets.o
    0x080060d0   0x080060d0   0x00000068   Code   RO        14735    i.lwip_bind         sockets.o
    0x08006138   0x08006138   0x0000004c   Code   RO        14736    i.lwip_close        sockets.o
    0x08006184   0x08006184   0x00000078   Code   RO        14737    i.lwip_connect      sockets.o
    0x080061fc   0x080061fc   0x00000040   Code   RO        15716    i.lwip_cyclic_timer  timeouts.o
    0x0800623c   0x0800623c   0x00000018   Code   RO        13250    i.lwip_htonl        def.o
    0x08006254   0x08006254   0x0000000a   Code   RO        13251    i.lwip_htons        def.o
    0x0800625e   0x0800625e   0x00000022   Code   RO        13845    i.lwip_init         init.o
    0x08006280   0x08006280   0x00000058   Code   RO        14749    i.lwip_listen       sockets.o
    0x080062d8   0x080062d8   0x00000042   Code   RO        13049    i.lwip_netconn_do_bind  api_msg.o
    0x0800631a   0x0800631a   0x00000064   Code   RO        13051    i.lwip_netconn_do_close  api_msg.o
    0x0800637e   0x0800637e   0x00000002   PAD
    0x08006380   0x08006380   0x0000016c   Code   RO        13052    i.lwip_netconn_do_close_internal  api_msg.o
    0x080064ec   0x080064ec   0x000000a8   Code   RO        13053    i.lwip_netconn_do_connect  api_msg.o
    0x08006594   0x08006594   0x00000060   Code   RO        13054    i.lwip_netconn_do_connected  api_msg.o
    0x080065f4   0x080065f4   0x0000009a   Code   RO        13055    i.lwip_netconn_do_delconn  api_msg.o
    0x0800668e   0x0800668e   0x0000002c   Code   RO        13056    i.lwip_netconn_do_disconnect  api_msg.o
    0x080066ba   0x080066ba   0x00000086   Code   RO        13057    i.lwip_netconn_do_getaddr  api_msg.o
    0x08006740   0x08006740   0x000000c0   Code   RO        13058    i.lwip_netconn_do_listen  api_msg.o
    0x08006800   0x08006800   0x00000022   Code   RO        13059    i.lwip_netconn_do_newconn  api_msg.o
    0x08006822   0x08006822   0x0000004e   Code   RO        13060    i.lwip_netconn_do_recv  api_msg.o
    0x08006870   0x08006870   0x0000004c   Code   RO        13061    i.lwip_netconn_do_send  api_msg.o
    0x080068bc   0x080068bc   0x0000004c   Code   RO        13062    i.lwip_netconn_do_write  api_msg.o
    0x08006908   0x08006908   0x000001ac   Code   RO        13063    i.lwip_netconn_do_writemore  api_msg.o
    0x08006ab4   0x08006ab4   0x0000002c   Code   RO        13064    i.lwip_netconn_err_to_msg  api_msg.o
    0x08006ae0   0x08006ae0   0x00000038   Code   RO        13065    i.lwip_netconn_is_err_msg  api_msg.o
    0x08006b18   0x08006b18   0x00000022   Code   RO          836    i.lwip_netif_status_callback  app_main.o
    0x08006b3a   0x08006b3a   0x00000044   Code   RO        14751    i.lwip_poll_should_wake  sockets.o
    0x08006b7e   0x08006b7e   0x0000000e   Code   RO        14755    i.lwip_recv         sockets.o
    0x08006b8c   0x08006b8c   0x000000d4   Code   RO        14756    i.lwip_recv_tcp     sockets.o
    0x08006c60   0x08006c60   0x00000036   Code   RO        14757    i.lwip_recv_tcp_from  sockets.o
    0x08006c96   0x08006c96   0x00000002   PAD
    0x08006c98   0x08006c98   0x000000d8   Code   RO        14758    i.lwip_recvfrom     sockets.o
    0x08006d70   0x08006d70   0x000000ce   Code   RO        14759    i.lwip_recvfrom_udp_raw  sockets.o
    0x08006e3e   0x08006e3e   0x00000002   PAD
    0x08006e40   0x08006e40   0x0000007c   Code   RO        14763    i.lwip_send         sockets.o
    0x08006ebc   0x08006ebc   0x000000d0   Code   RO        14765    i.lwip_sendto       sockets.o
    0x08006f8c   0x08006f8c   0x00000052   Code   RO        14770    i.lwip_sock_make_addr  sockets.o
    0x08006fde   0x08006fde   0x00000002   PAD
    0x08006fe0   0x08006fe0   0x0000007c   Code   RO        14771    i.lwip_socket       sockets.o
    0x0800705c   0x0800705c   0x00000068   Code   RO          484    i.lwip_stack_init   netconf.o
    0x080070c4   0x080070c4   0x00000056   Code   RO        13785    i.lwip_standard_chksum  inet_chksum.o
    0x0800711a   0x0800711a   0x0000000e   Code   RO          436    i.main              main.o
    0x08007128   0x08007128   0x00000098   Code   RO        14064    i.mem_free          mem.o
    0x080071c0   0x080071c0   0x0000003c   Code   RO        14065    i.mem_init          mem.o
    0x080071fc   0x080071fc   0x00000050   Code   RO        14066    i.mem_link_valid    mem.o
    0x0800724c   0x0800724c   0x000000e0   Code   RO        14067    i.mem_malloc        mem.o
    0x0800732c   0x0800732c   0x00000010   Code   RO        14068    i.mem_to_ptr        mem.o
    0x0800733c   0x0800733c   0x0000010c   Code   RO        14069    i.mem_trim          mem.o
    0x08007448   0x08007448   0x0000001e   Code   RO          837    i.memory_compare    app_main.o
    0x08007466   0x08007466   0x00000002   PAD
    0x08007468   0x08007468   0x00000018   Code   RO        14133    i.memp_free         memp.o
    0x08007480   0x08007480   0x0000001c   Code   RO        14135    i.memp_init         memp.o
    0x0800749c   0x0800749c   0x0000002a   Code   RO        14136    i.memp_init_pool    memp.o
    0x080074c6   0x080074c6   0x00000002   PAD
    0x080074c8   0x080074c8   0x00000018   Code   RO        14137    i.memp_malloc       memp.o
    0x080074e0   0x080074e0   0x00000118   Code   RO         1699    i.mpu_config        function.o
    0x080075f8   0x080075f8   0x00000048   Code   RO         7883    i.mpu_region_config  gd32h7xx_misc.o
    0x08007640   0x08007640   0x00000010   Code   RO         7884    i.mpu_region_enable  gd32h7xx_misc.o
    0x08007650   0x08007650   0x0000001c   Code   RO         7885    i.mpu_region_struct_para_init  gd32h7xx_misc.o
    0x0800766c   0x0800766c   0x00000068   Code   RO         1177    i.my_I2C_Init       i2c.o
    0x080076d4   0x080076d4   0x00000060   Code   RO         1178    i.my_I2C_Read_Byte  i2c.o
    0x08007734   0x08007734   0x000000b0   Code   RO         1179    i.my_I2C_Send_Byte  i2c.o
    0x080077e4   0x080077e4   0x00000088   Code   RO         1026    i.my_adc_init       adc.o
    0x0800786c   0x0800786c   0x0000003c   Code   RO         1027    i.my_adc_read       adc.o
    0x080078a8   0x080078a8   0x00000040   Code   RO          838    i.my_app_main_init  app_main.o
    0x080078e8   0x080078e8   0x0000003c   Code   RO         1060    i.my_can_deinit     can.o
    0x08007924   0x08007924   0x00000012   Code   RO         1061    i.my_can_init       can.o
    0x08007936   0x08007936   0x00000002   PAD
    0x08007938   0x08007938   0x00000088   Code   RO         1062    i.my_can_receive_message  can.o
    0x080079c0   0x080079c0   0x0000008c   Code   RO         1063    i.my_can_send_message  can.o
    0x08007a4c   0x08007a4c   0x000000cc   Code   RO         1126    i.my_extRTC_ReadTime  extrtc.o
    0x08007b18   0x08007b18   0x0000000e   Code   RO         1128    i.my_extRTC_init    extrtc.o
    0x08007b26   0x08007b26   0x00000002   PAD
    0x08007b28   0x08007b28   0x00000048   Code   RO         1416    i.my_rtc_init       rtc.o
    0x08007b70   0x08007b70   0x000000f0   Code   RO         1509    i.my_spi_init       spi.o
    0x08007c60   0x08007c60   0x00000040   Code   RO         1510    i.my_spi_send_byte  spi.o
    0x08007ca0   0x08007ca0   0x0000002c   Code   RO          661    i.my_tcp_client_init  tcp_client.o
    0x08007ccc   0x08007ccc   0x00000028   Code   RO          739    i.my_tcp_server_init  tcp_server.o
    0x08007cf4   0x08007cf4   0x00000024   Code   RO          802    i.my_udp_init       udp_tmp.o
    0x08007d18   0x08007d18   0x000000a8   Code   RO          952    i.my_usart_init     usart.o
    0x08007dc0   0x08007dc0   0x00000024   Code   RO        14274    i.netbuf_delete     netbuf.o
    0x08007de4   0x08007de4   0x00000018   Code   RO        14276    i.netbuf_free       netbuf.o
    0x08007dfc   0x08007dfc   0x00000042   Code   RO        14279    i.netbuf_ref        netbuf.o
    0x08007e3e   0x08007e3e   0x00000094   Code   RO        12839    i.netconn_accept    api_lib.o
    0x08007ed2   0x08007ed2   0x00000076   Code   RO        13066    i.netconn_alloc     api_msg.o
    0x08007f48   0x08007f48   0x0000001c   Code   RO        12840    i.netconn_apimsg    api_lib.o
    0x08007f64   0x08007f64   0x00000030   Code   RO        12841    i.netconn_bind      api_lib.o
    0x08007f94   0x08007f94   0x0000002c   Code   RO        12844    i.netconn_close_shutdown  api_lib.o
    0x08007fc0   0x08007fc0   0x00000030   Code   RO        12845    i.netconn_connect   api_lib.o
    0x08007ff0   0x08007ff0   0x00000022   Code   RO        12846    i.netconn_delete    api_lib.o
    0x08008012   0x08008012   0x00000002   PAD
    0x08008014   0x08008014   0x00000020   Code   RO        12847    i.netconn_disconnect  api_lib.o
    0x08008034   0x08008034   0x0000009c   Code   RO        13067    i.netconn_drain     api_msg.o
    0x080080d0   0x080080d0   0x00000020   Code   RO        12848    i.netconn_err       api_lib.o
    0x080080f0   0x080080f0   0x0000001c   Code   RO        13068    i.netconn_free      api_msg.o
    0x0800810c   0x0800810c   0x00000030   Code   RO        12849    i.netconn_getaddr   api_lib.o
    0x0800813c   0x0800813c   0x00000020   Code   RO        12850    i.netconn_listen_with_backlog  api_lib.o
    0x0800815c   0x0800815c   0x00000048   Code   RO        12851    i.netconn_new_with_proto_and_callback  api_lib.o
    0x080081a4   0x080081a4   0x00000028   Code   RO        12852    i.netconn_prepare_delete  api_lib.o
    0x080081cc   0x080081cc   0x000000cc   Code   RO        12854    i.netconn_recv_data  api_lib.o
    0x08008298   0x08008298   0x0000009e   Code   RO        12855    i.netconn_recv_data_tcp  api_lib.o
    0x08008336   0x08008336   0x0000001e   Code   RO        12857    i.netconn_recv_tcp_pbuf_flags  api_lib.o
    0x08008354   0x08008354   0x0000001e   Code   RO        12859    i.netconn_recv_udp_raw_netbuf_flags  api_lib.o
    0x08008372   0x08008372   0x00000002   PAD
    0x08008374   0x08008374   0x00000024   Code   RO        12860    i.netconn_send      api_lib.o
    0x08008398   0x08008398   0x00000022   Code   RO        12863    i.netconn_tcp_recvd  api_lib.o
    0x080083ba   0x080083ba   0x00000002   PAD
    0x080083bc   0x080083bc   0x0000002c   Code   RO        12864    i.netconn_tcp_recvd_msg  api_lib.o
    0x080083e8   0x080083e8   0x00000014   Code   RO        12865    i.netconn_write_partly  api_lib.o
    0x080083fc   0x080083fc   0x000000ac   Code   RO        12866    i.netconn_write_vectors_partly  api_lib.o
    0x080084a8   0x080084a8   0x000000b8   Code   RO        14343    i.netif_add         netif.o
    0x08008560   0x08008560   0x0000001a   Code   RO        14345    i.netif_do_ip_addr_changed  netif.o
    0x0800857a   0x0800857a   0x00000016   Code   RO        14346    i.netif_do_set_gw   netif.o
    0x08008590   0x08008590   0x00000040   Code   RO        14347    i.netif_do_set_ipaddr  netif.o
    0x080085d0   0x080085d0   0x00000016   Code   RO        14348    i.netif_do_set_netmask  netif.o
    0x080085e6   0x080085e6   0x00000002   PAD
    0x080085e8   0x080085e8   0x00000028   Code   RO        14350    i.netif_get_by_index  netif.o
    0x08008610   0x08008610   0x00000002   Code   RO        14352    i.netif_init        netif.o
    0x08008612   0x08008612   0x00000022   Code   RO        14354    i.netif_issue_reports  netif.o
    0x08008634   0x08008634   0x00000006   Code   RO        14356    i.netif_null_output_ip4  netif.o
    0x0800863a   0x0800863a   0x00000002   PAD
    0x0800863c   0x0800863c   0x00000064   Code   RO        14358    i.netif_set_addr    netif.o
    0x080086a0   0x080086a0   0x0000000c   Code   RO        14359    i.netif_set_default  netif.o
    0x080086ac   0x080086ac   0x0000002c   Code   RO        14364    i.netif_set_link_up  netif.o
    0x080086d8   0x080086d8   0x00000008   Code   RO        14366    i.netif_set_status_callback  netif.o
    0x080086e0   0x080086e0   0x0000002e   Code   RO        14367    i.netif_set_up      netif.o
    0x0800870e   0x0800870e   0x0000000a   Code   RO            7    i.nvic_configuration  gd32h7xx_enet_eval.o
    0x08008718   0x08008718   0x00000020   Code   RO         7886    i.nvic_irq_disable  gd32h7xx_misc.o
    0x08008738   0x08008738   0x00000094   Code   RO         7887    i.nvic_irq_enable   gd32h7xx_misc.o
    0x080087cc   0x080087cc   0x00000014   Code   RO         7888    i.nvic_priority_group_set  gd32h7xx_misc.o
    0x080087e0   0x080087e0   0x00000018   Code   RO         7889    i.nvic_vector_table_set  gd32h7xx_misc.o
    0x080087f8   0x080087f8   0x00000006   Code   RO        14516    i.pbuf_add_header   pbuf.o
    0x080087fe   0x080087fe   0x00000054   Code   RO        14518    i.pbuf_add_header_impl  pbuf.o
    0x08008852   0x08008852   0x000000e8   Code   RO        14519    i.pbuf_alloc        pbuf.o
    0x0800893a   0x0800893a   0x00000030   Code   RO        14520    i.pbuf_alloc_reference  pbuf.o
    0x0800896a   0x0800896a   0x00000036   Code   RO        14521    i.pbuf_alloced_custom  pbuf.o
    0x080089a0   0x080089a0   0x00000028   Code   RO        14522    i.pbuf_cat          pbuf.o
    0x080089c8   0x080089c8   0x00000014   Code   RO        14523    i.pbuf_chain        pbuf.o
    0x080089dc   0x080089dc   0x00000012   Code   RO        14524    i.pbuf_clen         pbuf.o
    0x080089ee   0x080089ee   0x00000022   Code   RO        14525    i.pbuf_clone        pbuf.o
    0x08008a10   0x08008a10   0x00000092   Code   RO        14527    i.pbuf_copy         pbuf.o
    0x08008aa2   0x08008aa2   0x0000006a   Code   RO        14528    i.pbuf_copy_partial  pbuf.o
    0x08008b0c   0x08008b0c   0x00000070   Code   RO        14530    i.pbuf_free         pbuf.o
    0x08008b7c   0x08008b7c   0x00000034   Code   RO        14531    i.pbuf_free_header  pbuf.o
    0x08008bb0   0x08008bb0   0x00000006   Code   RO        14535    i.pbuf_header_force  pbuf.o
    0x08008bb6   0x08008bb6   0x0000000e   Code   RO        14536    i.pbuf_header_impl  pbuf.o
    0x08008bc4   0x08008bc4   0x0000001c   Code   RO        14537    i.pbuf_init_alloced_pbuf  pbuf.o
    0x08008be0   0x08008be0   0x00000058   Code   RO        14541    i.pbuf_realloc      pbuf.o
    0x08008c38   0x08008c38   0x0000001c   Code   RO        14542    i.pbuf_ref          pbuf.o
    0x08008c54   0x08008c54   0x00000036   Code   RO        14543    i.pbuf_remove_header  pbuf.o
    0x08008c8a   0x08008c8a   0x00000002   PAD
    0x08008c8c   0x08008c8c   0x00000064   Code   RO        13069    i.pcb_new           api_msg.o
    0x08008cf0   0x08008cf0   0x00000080   Code   RO        14070    i.plug_holes        mem.o
    0x08008d70   0x08008d70   0x0000000e   Code   RO         8527    i.pmu_backup_write_enable  gd32h7xx_pmu.o
    0x08008d7e   0x08008d7e   0x00000062   Code   RO        13070    i.poll_tcp          api_msg.o
    0x08008de0   0x08008de0   0x00000070   Code   RO        16623    i.prvAddCurrentTaskToDelayedList  tasks.o
    0x08008e50   0x08008e50   0x0000008c   Code   RO        16624    i.prvAddNewTaskToReadyList  tasks.o
    0x08008edc   0x08008edc   0x00000050   Code   RO        16987    i.prvCheckForValidListAndQueue  timers.o
    0x08008f2c   0x08008f2c   0x0000003c   Code   RO        16625    i.prvCheckTasksWaitingTermination  tasks.o
    0x08008f68   0x08008f68   0x00000028   Code   RO        16252    i.prvCopyDataFromQueue  queue.o
    0x08008f90   0x08008f90   0x0000006e   Code   RO        16253    i.prvCopyDataToQueue  queue.o
    0x08008ffe   0x08008ffe   0x00000014   Code   RO        16626    i.prvDeleteTCB      tasks.o
    0x08009012   0x08009012   0x00000014   Code   RO        16254    i.prvGetDisinheritPriorityAfterTimeout  queue.o
    0x08009026   0x08009026   0x00000002   PAD
    0x08009028   0x08009028   0x00000024   Code   RO        16988    i.prvGetNextExpireTime  timers.o
    0x0800904c   0x0800904c   0x0000004c   Code   RO        17221    i.prvHeapInit       heap_4.o
    0x08009098   0x08009098   0x00000028   Code   RO        16627    i.prvIdleTask       tasks.o
    0x080090c0   0x080090c0   0x00000022   Code   RO        16256    i.prvInitialiseNewQueue  queue.o
    0x080090e2   0x080090e2   0x000000a8   Code   RO        16628    i.prvInitialiseNewTask  tasks.o
    0x0800918a   0x0800918a   0x00000002   PAD
    0x0800918c   0x0800918c   0x00000058   Code   RO        16629    i.prvInitialiseTaskLists  tasks.o
    0x080091e4   0x080091e4   0x00000054   Code   RO        17222    i.prvInsertBlockIntoFreeList  heap_4.o
    0x08009238   0x08009238   0x00000040   Code   RO        16990    i.prvInsertTimerInActiveList  timers.o
    0x08009278   0x08009278   0x0000001a   Code   RO        16257    i.prvIsQueueEmpty   queue.o
    0x08009292   0x08009292   0x0000001e   Code   RO        16258    i.prvIsQueueFull    queue.o
    0x080092b0   0x080092b0   0x00000068   Code   RO        16991    i.prvProcessExpiredTimer  timers.o
    0x08009318   0x08009318   0x000000f0   Code   RO        16992    i.prvProcessReceivedCommands  timers.o
    0x08009408   0x08009408   0x0000006c   Code   RO        16993    i.prvProcessTimerOrBlockTask  timers.o
    0x08009474   0x08009474   0x00000024   Code   RO        16631    i.prvResetNextTaskUnblockTime  tasks.o
    0x08009498   0x08009498   0x0000002c   Code   RO        16994    i.prvSampleTimeNow  timers.o
    0x080094c4   0x080094c4   0x00000070   Code   RO        16995    i.prvSwitchTimerLists  timers.o
    0x08009534   0x08009534   0x0000002c   Code   RO        17146    i.prvTaskExitError  port.o
    0x08009560   0x08009560   0x00000014   Code   RO        16996    i.prvTimerTask      timers.o
    0x08009574   0x08009574   0x0000006a   Code   RO        16259    i.prvUnlockQueue    queue.o
    0x080095de   0x080095de   0x00000002   PAD
    0x080095e0   0x080095e0   0x0000000c   Code   RO        14071    i.ptr_to_mem        mem.o
    0x080095ec   0x080095ec   0x000000dc   Code   RO        17223    i.pvPortMalloc      heap_4.o
    0x080096c8   0x080096c8   0x00000018   Code   RO        16634    i.pvTaskIncrementMutexHeldCount  tasks.o
    0x080096e0   0x080096e0   0x00000024   Code   RO        17147    i.pxPortInitialiseStack  port.o
    0x08009704   0x08009704   0x00000048   Code   RO         8851    i.rcu_can_clock_config  gd32h7xx_rcu.o
    0x0800974c   0x0800974c   0x00000648   Code   RO         8855    i.rcu_clock_freq_get  gd32h7xx_rcu.o
    0x08009d94   0x08009d94   0x00000024   Code   RO         8859    i.rcu_flag_get      gd32h7xx_rcu.o
    0x08009db8   0x08009db8   0x00000050   Code   RO         8870    i.rcu_irc64mdiv_freq_get  gd32h7xx_rcu.o
    0x08009e08   0x08009e08   0x00000020   Code   RO         8878    i.rcu_osci_on       gd32h7xx_rcu.o
    0x08009e28   0x08009e28   0x000001b8   Code   RO         8879    i.rcu_osci_stab_wait  gd32h7xx_rcu.o
    0x08009fe0   0x08009fe0   0x00000020   Code   RO         8881    i.rcu_periph_clock_disable  gd32h7xx_rcu.o
    0x0800a000   0x0800a000   0x00000020   Code   RO         8882    i.rcu_periph_clock_enable  gd32h7xx_rcu.o
    0x0800a020   0x0800a020   0x00000020   Code   RO         8885    i.rcu_periph_reset_disable  gd32h7xx_rcu.o
    0x0800a040   0x0800a040   0x00000020   Code   RO         8886    i.rcu_periph_reset_enable  gd32h7xx_rcu.o
    0x0800a060   0x0800a060   0x0000004c   Code   RO         8891    i.rcu_pll_clock_freq_cal  gd32h7xx_rcu.o
    0x0800a0ac   0x0800a0ac   0x00000014   Code   RO         8902    i.rcu_rtc_clock_config  gd32h7xx_rcu.o
    0x0800a0c0   0x0800a0c0   0x0000007c   Code   RO         8907    i.rcu_spi_clock_config  gd32h7xx_rcu.o
    0x0800a13c   0x0800a13c   0x00000060   Code   RO        13071    i.recv_tcp          api_msg.o
    0x0800a19c   0x0800a19c   0x00000084   Code   RO        13072    i.recv_udp          api_msg.o
    0x0800a220   0x0800a220   0x00000060   Code   RO         9490    i.rtc_alarm_disable  gd32h7xx_rtc.o
    0x0800a280   0x0800a280   0x00000054   Code   RO         9499    i.rtc_current_time_get  gd32h7xx_rtc.o
    0x0800a2d4   0x0800a2d4   0x00000090   Code   RO         9504    i.rtc_init          gd32h7xx_rtc.o
    0x0800a364   0x0800a364   0x0000003c   Code   RO         9505    i.rtc_init_mode_enter  gd32h7xx_rtc.o
    0x0800a3a0   0x0800a3a0   0x00000010   Code   RO         9506    i.rtc_init_mode_exit  gd32h7xx_rtc.o
    0x0800a3b0   0x0800a3b0   0x00000038   Code   RO         1417    i.rtc_pre_config    rtc.o
    0x0800a3e8   0x0800a3e8   0x00000048   Code   RO         9512    i.rtc_register_sync_wait  gd32h7xx_rtc.o
    0x0800a430   0x0800a430   0x00000064   Code   RO         1418    i.rtc_setup         rtc.o
    0x0800a494   0x0800a494   0x00000068   Code   RO         1419    i.rtc_show_time     rtc.o
    0x0800a4fc   0x0800a4fc   0x00000040   Code   RO         9524    i.rtc_wakeup_disable  gd32h7xx_rtc.o
    0x0800a53c   0x0800a53c   0x00000024   Code   RO         1465    i.sdram_readbuffer_8  exmc_sdram.o
    0x0800a560   0x0800a560   0x00000024   Code   RO         1466    i.sdram_writebuffer_8  exmc_sdram.o
    0x0800a584   0x0800a584   0x000000cc   Code   RO        14779    i.select_check_waiters  sockets.o
    0x0800a650   0x0800a650   0x00000058   Code   RO        13073    i.sent_tcp          api_msg.o
    0x0800a6a8   0x0800a6a8   0x00000044   Code   RO        13074    i.setup_tcp         api_msg.o
    0x0800a6ec   0x0800a6ec   0x0000000a   Code   RO        10474    i.spi_byte_access_enable  gd32h7xx_spi.o
    0x0800a6f6   0x0800a6f6   0x0000000c   Code   RO        10483    i.spi_current_data_num_config  gd32h7xx_spi.o
    0x0800a702   0x0800a702   0x0000000a   Code   RO        10488    i.spi_enable        gd32h7xx_spi.o
    0x0800a70c   0x0800a70c   0x00000058   Code   RO         1543    i.spi_flash_buffer_read  spi_flash.o
    0x0800a764   0x0800a764   0x000000a4   Code   RO         1544    i.spi_flash_buffer_write  spi_flash.o
    0x0800a808   0x0800a808   0x00000004   Code   RO         1546    i.spi_flash_init    spi_flash.o
    0x0800a80c   0x0800a80c   0x00000060   Code   RO         1547    i.spi_flash_page_write  spi_flash.o
    0x0800a86c   0x0800a86c   0x0000004c   Code   RO         1549    i.spi_flash_read_id  spi_flash.o
    0x0800a8b8   0x0800a8b8   0x00000048   Code   RO         1550    i.spi_flash_sector_erase  spi_flash.o
    0x0800a900   0x0800a900   0x00000004   Code   RO         1551    i.spi_flash_send_byte  spi_flash.o
    0x0800a904   0x0800a904   0x00000030   Code   RO         1554    i.spi_flash_wait_for_write_end  spi_flash.o
    0x0800a934   0x0800a934   0x00000028   Code   RO         1555    i.spi_flash_write_enable  spi_flash.o
    0x0800a95c   0x0800a95c   0x00000004   Code   RO        10491    i.spi_i2s_data_receive  gd32h7xx_spi.o
    0x0800a960   0x0800a960   0x00000004   Code   RO        10492    i.spi_i2s_data_transmit  gd32h7xx_spi.o
    0x0800a964   0x0800a964   0x000000ac   Code   RO        10493    i.spi_i2s_deinit    gd32h7xx_spi.o
    0x0800aa10   0x0800aa10   0x0000000e   Code   RO        10495    i.spi_i2s_flag_get  gd32h7xx_spi.o
    0x0800aa1e   0x0800aa1e   0x00000034   Code   RO        10501    i.spi_init          gd32h7xx_spi.o
    0x0800aa52   0x0800aa52   0x0000001a   Code   RO        10505    i.spi_master_transfer_start  gd32h7xx_spi.o
    0x0800aa6c   0x0800aa6c   0x0000000a   Code   RO        10507    i.spi_nss_internal_high  gd32h7xx_spi.o
    0x0800aa76   0x0800aa76   0x00000014   Code   RO        10525    i.spi_struct_para_init  gd32h7xx_spi.o
    0x0800aa8a   0x0800aa8a   0x00000032   Code   RO        15965    i.sys_arch_mbox_fetch  sys_arch.o
    0x0800aabc   0x0800aabc   0x00000022   Code   RO        15966    i.sys_arch_mbox_tryfetch  sys_arch.o
    0x0800aade   0x0800aade   0x0000000a   Code   RO        15968    i.sys_arch_protect  sys_arch.o
    0x0800aae8   0x0800aae8   0x00000022   Code   RO        15969    i.sys_arch_sem_wait  sys_arch.o
    0x0800ab0a   0x0800ab0a   0x00000004   Code   RO        15970    i.sys_arch_unprotect  sys_arch.o
    0x0800ab0e   0x0800ab0e   0x00000002   PAD
    0x0800ab10   0x0800ab10   0x00000044   Code   RO        15717    i.sys_check_timeouts  timeouts.o
    0x0800ab54   0x0800ab54   0x00000002   Code   RO        15972    i.sys_init          sys_arch.o
    0x0800ab56   0x0800ab56   0x00000006   Code   RO        15975    i.sys_mbox_free     sys_arch.o
    0x0800ab5c   0x0800ab5c   0x0000001c   Code   RO        15976    i.sys_mbox_new      sys_arch.o
    0x0800ab78   0x0800ab78   0x00000010   Code   RO        15977    i.sys_mbox_post     sys_arch.o
    0x0800ab88   0x0800ab88   0x0000001c   Code   RO        15978    i.sys_mbox_trypost  sys_arch.o
    0x0800aba4   0x0800aba4   0x00000004   Code   RO        15980    i.sys_now           sys_arch.o
    0x0800aba8   0x0800aba8   0x00000010   Code   RO        15981    i.sys_sem_free      sys_arch.o
    0x0800abb8   0x0800abb8   0x0000002e   Code   RO        15982    i.sys_sem_new       sys_arch.o
    0x0800abe6   0x0800abe6   0x0000000c   Code   RO        15983    i.sys_sem_signal    sys_arch.o
    0x0800abf2   0x0800abf2   0x00000022   Code   RO        15984    i.sys_thread_new    sys_arch.o
    0x0800ac14   0x0800ac14   0x0000001a   Code   RO        15719    i.sys_timeout       timeouts.o
    0x0800ac2e   0x0800ac2e   0x00000002   PAD
    0x0800ac30   0x0800ac30   0x00000058   Code   RO        15720    i.sys_timeout_abs   timeouts.o
    0x0800ac88   0x0800ac88   0x00000024   Code   RO        15721    i.sys_timeouts_init  timeouts.o
    0x0800acac   0x0800acac   0x00000028   Code   RO        15722    i.sys_timeouts_sleeptime  timeouts.o
    0x0800acd4   0x0800acd4   0x00000010   Code   RO        10901    i.syscfg_analog_switch_enable  gd32h7xx_syscfg.o
    0x0800ace4   0x0800ace4   0x00000038   Code   RO        10907    i.syscfg_enet_phy_interface_config  gd32h7xx_syscfg.o
    0x0800ad1c   0x0800ad1c   0x000000e8   Code   RO         1745    i.system_clock_600m_hxtal  system_gd32h7xx.o
    0x0800ae04   0x0800ae04   0x00000004   Code   RO         1746    i.system_clock_config  system_gd32h7xx.o
    0x0800ae08   0x0800ae08   0x00000040   Code   RO          621    i.systick_config    systick.o
    0x0800ae48   0x0800ae48   0x00000030   Code   RO          839    i.task_init         app_main.o
    0x0800ae78   0x0800ae78   0x000000cc   Code   RO        15075    i.tcp_abandon       tcp.o
    0x0800af44   0x0800af44   0x00000006   Code   RO        15076    i.tcp_abort         tcp.o
    0x0800af4a   0x0800af4a   0x0000000e   Code   RO        15077    i.tcp_accept        tcp.o
    0x0800af58   0x0800af58   0x0000000e   Code   RO        15078    i.tcp_accept_null   tcp.o
    0x0800af66   0x0800af66   0x00000002   PAD
    0x0800af68   0x0800af68   0x000000a8   Code   RO        15079    i.tcp_alloc         tcp.o
    0x0800b010   0x0800b010   0x00000008   Code   RO        15080    i.tcp_arg           tcp.o
    0x0800b018   0x0800b018   0x00000094   Code   RO        15081    i.tcp_bind          tcp.o
    0x0800b0ac   0x0800b0ac   0x000000a8   Code   RO          662    i.tcp_client_task   tcp_client.o
    0x0800b154   0x0800b154   0x0000001e   Code   RO        15083    i.tcp_close         tcp.o
    0x0800b172   0x0800b172   0x00000002   PAD
    0x0800b174   0x0800b174   0x000000f4   Code   RO        15084    i.tcp_close_shutdown  tcp.o
    0x0800b268   0x0800b268   0x00000060   Code   RO        15085    i.tcp_close_shutdown_fin  tcp.o
    0x0800b2c8   0x0800b2c8   0x00000108   Code   RO        15086    i.tcp_connect       tcp.o
    0x0800b3d0   0x0800b3d0   0x000000a6   Code   RO        15450    i.tcp_create_segment  tcp_out.o
    0x0800b476   0x0800b476   0x0000001e   Code   RO        15088    i.tcp_eff_send_mss_netif  tcp.o
    0x0800b494   0x0800b494   0x0000009c   Code   RO        15451    i.tcp_enqueue_flags  tcp_out.o
    0x0800b530   0x0800b530   0x0000000a   Code   RO        15089    i.tcp_err           tcp.o
    0x0800b53a   0x0800b53a   0x00000002   PAD
    0x0800b53c   0x0800b53c   0x0000006c   Code   RO        15090    i.tcp_fasttmr       tcp.o
    0x0800b5a8   0x0800b5a8   0x00000008   Code   RO        15091    i.tcp_free          tcp.o
    0x0800b5b0   0x0800b5b0   0x00000064   Code   RO        15381    i.tcp_free_acked_segments  tcp_in.o
    0x0800b614   0x0800b614   0x00000008   Code   RO        15092    i.tcp_free_listen   tcp.o
    0x0800b61c   0x0800b61c   0x00000028   Code   RO        15382    i.tcp_get_next_optbyte  tcp_in.o
    0x0800b644   0x0800b644   0x00000028   Code   RO        15093    i.tcp_handle_closepend  tcp.o
    0x0800b66c   0x0800b66c   0x00000002   Code   RO        15094    i.tcp_init          tcp.o
    0x0800b66e   0x0800b66e   0x00000002   PAD
    0x0800b670   0x0800b670   0x000003bc   Code   RO        15383    i.tcp_input         tcp_in.o
    0x0800ba2c   0x0800ba2c   0x00000040   Code   RO        15384    i.tcp_input_delayed_close  tcp_in.o
    0x0800ba6c   0x0800ba6c   0x00000040   Code   RO        15452    i.tcp_keepalive     tcp_out.o
    0x0800baac   0x0800baac   0x00000050   Code   RO        15095    i.tcp_kill_prio     tcp.o
    0x0800bafc   0x0800bafc   0x0000003c   Code   RO        15096    i.tcp_kill_state    tcp.o
    0x0800bb38   0x0800bb38   0x00000034   Code   RO        15097    i.tcp_kill_timewait  tcp.o
    0x0800bb6c   0x0800bb6c   0x00000020   Code   RO        15098    i.tcp_listen_closed  tcp.o
    0x0800bb8c   0x0800bb8c   0x00000108   Code   RO        15385    i.tcp_listen_input  tcp_in.o
    0x0800bc94   0x0800bc94   0x000000a4   Code   RO        15100    i.tcp_listen_with_backlog_and_err  tcp.o
    0x0800bd38   0x0800bd38   0x0000004c   Code   RO        15101    i.tcp_netif_ip_addr_changed  tcp.o
    0x0800bd84   0x0800bd84   0x00000022   Code   RO        15102    i.tcp_netif_ip_addr_changed_pcblist  tcp.o
    0x0800bda6   0x0800bda6   0x00000006   Code   RO        15104    i.tcp_new_ip_type   tcp.o
    0x0800bdac   0x0800bdac   0x00000058   Code   RO        15105    i.tcp_new_port      tcp.o
    0x0800be04   0x0800be04   0x00000010   Code   RO        15106    i.tcp_next_iss      tcp.o
    0x0800be14   0x0800be14   0x00000214   Code   RO        15453    i.tcp_output        tcp_out.o
    0x0800c028   0x0800c028   0x0000002e   Code   RO        15454    i.tcp_output_alloc_header  tcp_out.o
    0x0800c056   0x0800c056   0x00000070   Code   RO        15455    i.tcp_output_alloc_header_common  tcp_out.o
    0x0800c0c6   0x0800c0c6   0x00000046   Code   RO        15456    i.tcp_output_control_segment  tcp_out.o
    0x0800c10c   0x0800c10c   0x00000002   Code   RO        15457    i.tcp_output_fill_options  tcp_out.o
    0x0800c10e   0x0800c10e   0x00000002   PAD
    0x0800c110   0x0800c110   0x000000ac   Code   RO        15458    i.tcp_output_segment  tcp_out.o
    0x0800c1bc   0x0800c1bc   0x00000010   Code   RO        15459    i.tcp_output_segment_busy  tcp_out.o
    0x0800c1cc   0x0800c1cc   0x00000074   Code   RO        15386    i.tcp_parseopt      tcp_in.o
    0x0800c240   0x0800c240   0x00000054   Code   RO        15460    i.tcp_pbuf_prealloc  tcp_out.o
    0x0800c294   0x0800c294   0x0000003e   Code   RO        15107    i.tcp_pcb_purge     tcp.o
    0x0800c2d2   0x0800c2d2   0x00000050   Code   RO        15108    i.tcp_pcb_remove    tcp.o
    0x0800c322   0x0800c322   0x0000000c   Code   RO        15109    i.tcp_poll          tcp.o
    0x0800c32e   0x0800c32e   0x00000002   PAD
    0x0800c330   0x0800c330   0x00000444   Code   RO        15387    i.tcp_process       tcp_in.o
    0x0800c774   0x0800c774   0x0000007c   Code   RO        15110    i.tcp_process_refused_data  tcp.o
    0x0800c7f0   0x0800c7f0   0x000003e0   Code   RO        15388    i.tcp_receive       tcp_in.o
    0x0800cbd0   0x0800cbd0   0x0000000a   Code   RO        15111    i.tcp_recv          tcp.o
    0x0800cbda   0x0800cbda   0x0000002e   Code   RO        15112    i.tcp_recv_null     tcp.o
    0x0800cc08   0x0800cc08   0x00000042   Code   RO        15113    i.tcp_recved        tcp.o
    0x0800cc4a   0x0800cc4a   0x00000014   Code   RO        15114    i.tcp_remove_listener  tcp.o
    0x0800cc5e   0x0800cc5e   0x0000006c   Code   RO        15461    i.tcp_rexmit        tcp_out.o
    0x0800ccca   0x0800ccca   0x0000005c   Code   RO        15462    i.tcp_rexmit_fast   tcp_out.o
    0x0800cd26   0x0800cd26   0x0000001a   Code   RO        15463    i.tcp_rexmit_rto    tcp_out.o
    0x0800cd40   0x0800cd40   0x00000012   Code   RO        15464    i.tcp_rexmit_rto_commit  tcp_out.o
    0x0800cd52   0x0800cd52   0x0000007e   Code   RO        15465    i.tcp_rexmit_rto_prepare  tcp_out.o
    0x0800cdd0   0x0800cdd0   0x00000012   Code   RO        15466    i.tcp_route         tcp_out.o
    0x0800cde2   0x0800cde2   0x0000005c   Code   RO        15467    i.tcp_rst           tcp_out.o
    0x0800ce3e   0x0800ce3e   0x0000001e   Code   RO        15115    i.tcp_seg_free      tcp.o
    0x0800ce5c   0x0800ce5c   0x00000012   Code   RO        15116    i.tcp_segs_free     tcp.o
    0x0800ce6e   0x0800ce6e   0x00000060   Code   RO        15468    i.tcp_send_empty_ack  tcp_out.o
    0x0800cece   0x0800cece   0x00000048   Code   RO        15469    i.tcp_send_fin      tcp_out.o
    0x0800cf16   0x0800cf16   0x00000008   Code   RO        15117    i.tcp_sent          tcp.o
    0x0800cf1e   0x0800cf1e   0x0000006c   Code   RO        15119    i.tcp_shutdown      tcp.o
    0x0800cf8a   0x0800cf8a   0x00000002   PAD
    0x0800cf8c   0x0800cf8c   0x000002dc   Code   RO        15120    i.tcp_slowtmr       tcp.o
    0x0800d268   0x0800d268   0x0000012e   Code   RO        15470    i.tcp_split_unsent_seg  tcp_out.o
    0x0800d396   0x0800d396   0x00000002   PAD
    0x0800d398   0x0800d398   0x00000034   Code   RO        15724    i.tcp_timer_needed  timeouts.o
    0x0800d3cc   0x0800d3cc   0x00000068   Code   RO        15389    i.tcp_timewait_input  tcp_in.o
    0x0800d434   0x0800d434   0x00000020   Code   RO        15122    i.tcp_tmr           tcp.o
    0x0800d454   0x0800d454   0x00000010   Code   RO        15390    i.tcp_trigger_input_pcb_close  tcp_in.o
    0x0800d464   0x0800d464   0x00000036   Code   RO        15124    i.tcp_update_rcv_ann_wnd  tcp.o
    0x0800d49a   0x0800d49a   0x00000358   Code   RO        15471    i.tcp_write         tcp_out.o
    0x0800d7f2   0x0800d7f2   0x0000004e   Code   RO        15472    i.tcp_write_checks  tcp_out.o
    0x0800d840   0x0800d840   0x000000be   Code   RO        15473    i.tcp_zero_window_probe  tcp_out.o
    0x0800d8fe   0x0800d8fe   0x00000002   PAD
    0x0800d900   0x0800d900   0x0000003c   Code   RO        15606    i.tcpip_init        tcpip.o
    0x0800d93c   0x0800d93c   0x00000048   Code   RO        15607    i.tcpip_inpkt       tcpip.o
    0x0800d984   0x0800d984   0x00000020   Code   RO        15608    i.tcpip_input       tcpip.o
    0x0800d9a4   0x0800d9a4   0x00000028   Code   RO        15609    i.tcpip_send_msg_wait_sem  tcpip.o
    0x0800d9cc   0x0800d9cc   0x00000038   Code   RO        15725    i.tcpip_tcp_timer   timeouts.o
    0x0800da04   0x0800da04   0x0000002c   Code   RO        15610    i.tcpip_thread      tcpip.o
    0x0800da30   0x0800da30   0x0000006a   Code   RO        15611    i.tcpip_thread_handle_msg  tcpip.o
    0x0800da9a   0x0800da9a   0x0000003a   Code   RO        15612    i.tcpip_timeouts_mbox_fetch  tcpip.o
    0x0800dad4   0x0800dad4   0x00000012   Code   RO        14780    i.tryget_socket     sockets.o
    0x0800dae6   0x0800dae6   0x00000004   Code   RO        14781    i.tryget_socket_unconn  sockets.o
    0x0800daea   0x0800daea   0x00000002   PAD
    0x0800daec   0x0800daec   0x00000014   Code   RO        14783    i.tryget_socket_unconn_nouse  sockets.o
    0x0800db00   0x0800db00   0x0000008c   Code   RO        15790    i.udp_bind          udp.o
    0x0800db8c   0x0800db8c   0x00000054   Code   RO        15792    i.udp_connect       udp.o
    0x0800dbe0   0x0800dbe0   0x00000016   Code   RO        15793    i.udp_disconnect    udp.o
    0x0800dbf6   0x0800dbf6   0x00000002   Code   RO        15794    i.udp_init          udp.o
    0x0800dbf8   0x0800dbf8   0x00000140   Code   RO        15795    i.udp_input         udp.o
    0x0800dd38   0x0800dd38   0x00000050   Code   RO        15796    i.udp_input_local_match  udp.o
    0x0800dd88   0x0800dd88   0x00000034   Code   RO        15797    i.udp_netif_ip_addr_changed  udp.o
    0x0800ddbc   0x0800ddbc   0x0000001c   Code   RO        15798    i.udp_new           udp.o
    0x0800ddd8   0x0800ddd8   0x00000004   Code   RO        15799    i.udp_new_ip_type   udp.o
    0x0800dddc   0x0800dddc   0x00000048   Code   RO        15800    i.udp_new_port      udp.o
    0x0800de24   0x0800de24   0x0000000a   Code   RO        15801    i.udp_recv          udp.o
    0x0800de2e   0x0800de2e   0x00000002   PAD
    0x0800de30   0x0800de30   0x00000034   Code   RO        15802    i.udp_remove        udp.o
    0x0800de64   0x0800de64   0x0000001a   Code   RO        15803    i.udp_send          udp.o
    0x0800de7e   0x0800de7e   0x00000042   Code   RO        15804    i.udp_sendto        udp.o
    0x0800dec0   0x0800dec0   0x0000004a   Code   RO        15805    i.udp_sendto_if     udp.o
    0x0800df0a   0x0800df0a   0x000000c8   Code   RO        15806    i.udp_sendto_if_src  udp.o
    0x0800dfd2   0x0800dfd2   0x00000002   PAD
    0x0800dfd4   0x0800dfd4   0x000000a8   Code   RO          803    i.udp_task          udp_tmp.o
    0x0800e07c   0x0800e07c   0x000000e4   Code   RO         1645    i.usart485_232_init  usart485_232.o
    0x0800e160   0x0800e160   0x0000004c   Code   RO         1646    i.usart485_232_recv_buf  usart485_232.o
    0x0800e1ac   0x0800e1ac   0x0000004c   Code   RO         1647    i.usart485_232_send_str  usart485_232.o
    0x0800e1f8   0x0800e1f8   0x0000001c   Code   RO         1648    i.usart_485_CS      usart485_232.o
    0x0800e214   0x0800e214   0x000000b8   Code   RO        12198    i.usart_baudrate_set  gd32h7xx_usart.o
    0x0800e2cc   0x0800e2cc   0x00000008   Code   RO        12204    i.usart_data_receive  gd32h7xx_usart.o
    0x0800e2d4   0x0800e2d4   0x00000008   Code   RO        12205    i.usart_data_transmit  gd32h7xx_usart.o
    0x0800e2dc   0x0800e2dc   0x000000e0   Code   RO        12206    i.usart_deinit      gd32h7xx_usart.o
    0x0800e3bc   0x0800e3bc   0x0000000a   Code   RO        12213    i.usart_enable      gd32h7xx_usart.o
    0x0800e3c6   0x0800e3c6   0x0000001a   Code   RO        12217    i.usart_flag_get    gd32h7xx_usart.o
    0x0800e3e0   0x0800e3e0   0x00000014   Code   RO        12224    i.usart_interrupt_disable  gd32h7xx_usart.o
    0x0800e3f4   0x0800e3f4   0x00000014   Code   RO        12225    i.usart_interrupt_enable  gd32h7xx_usart.o
    0x0800e408   0x0800e408   0x00000054   Code   RO        12226    i.usart_interrupt_flag_clear  gd32h7xx_usart.o
    0x0800e45c   0x0800e45c   0x00000032   Code   RO        12227    i.usart_interrupt_flag_get  gd32h7xx_usart.o
    0x0800e48e   0x0800e48e   0x00000018   Code   RO        12241    i.usart_parity_config  gd32h7xx_usart.o
    0x0800e4a6   0x0800e4a6   0x00000010   Code   RO        12243    i.usart_receive_config  gd32h7xx_usart.o
    0x0800e4b6   0x0800e4b6   0x00000018   Code   RO        12261    i.usart_stop_bit_set  gd32h7xx_usart.o
    0x0800e4ce   0x0800e4ce   0x00000010   Code   RO        12263    i.usart_transmit_config  gd32h7xx_usart.o
    0x0800e4de   0x0800e4de   0x00000018   Code   RO        12268    i.usart_word_length_set  gd32h7xx_usart.o
    0x0800e4f6   0x0800e4f6   0x00000026   Code   RO        16212    i.uxListRemove      list.o
    0x0800e51c   0x0800e51c   0x00000016   Code   RO        16213    i.vListInitialise   list.o
    0x0800e532   0x0800e532   0x00000006   Code   RO        16214    i.vListInitialiseItem  list.o
    0x0800e538   0x0800e538   0x00000030   Code   RO        16215    i.vListInsert       list.o
    0x0800e568   0x0800e568   0x00000018   Code   RO        16216    i.vListInsertEnd    list.o
    0x0800e580   0x0800e580   0x00000040   Code   RO        17149    i.vPortEnterCritical  port.o
    0x0800e5c0   0x0800e5c0   0x0000002c   Code   RO        17150    i.vPortExitCritical  port.o
    0x0800e5ec   0x0800e5ec   0x00000064   Code   RO        17224    i.vPortFree         heap_4.o
    0x0800e650   0x0800e650   0x00000024   Code   RO        17151    i.vPortSetupTimerInterrupt  port.o
    0x0800e674   0x0800e674   0x00000054   Code   RO        17152    i.vPortValidateInterruptPriority  port.o
    0x0800e6c8   0x0800e6c8   0x00000024   Code   RO        16265    i.vQueueAddToRegistry  queue.o
    0x0800e6ec   0x0800e6ec   0x00000028   Code   RO        16266    i.vQueueDelete      queue.o
    0x0800e714   0x0800e714   0x00000028   Code   RO        16268    i.vQueueUnregisterQueue  queue.o
    0x0800e73c   0x0800e73c   0x00000046   Code   RO        16269    i.vQueueWaitForMessageRestricted  queue.o
    0x0800e782   0x0800e782   0x00000002   PAD
    0x0800e784   0x0800e784   0x00000050   Code   RO        16643    i.vTaskDelay        tasks.o
    0x0800e7d4   0x0800e7d4   0x000000ac   Code   RO        16645    i.vTaskDelete       tasks.o
    0x0800e880   0x0800e880   0x00000010   Code   RO        16648    i.vTaskInternalSetTimeOutState  tasks.o
    0x0800e890   0x0800e890   0x0000000c   Code   RO        16649    i.vTaskMissedYield  tasks.o
    0x0800e89c   0x0800e89c   0x00000034   Code   RO        16651    i.vTaskPlaceOnEventList  tasks.o
    0x0800e8d0   0x0800e8d0   0x0000003c   Code   RO        16652    i.vTaskPlaceOnEventListRestricted  tasks.o
    0x0800e90c   0x0800e90c   0x000000a4   Code   RO        16654    i.vTaskPriorityDisinheritAfterTimeout  tasks.o
    0x0800e9b0   0x0800e9b0   0x00000070   Code   RO        16660    i.vTaskStartScheduler  tasks.o
    0x0800ea20   0x0800ea20   0x00000010   Code   RO        16662    i.vTaskSuspendAll   tasks.o
    0x0800ea30   0x0800ea30   0x00000060   Code   RO        16663    i.vTaskSwitchContext  tasks.o
    0x0800ea90   0x0800ea90   0x000000f4   Code   RO        17153    i.xPortStartScheduler  port.o
    0x0800eb84   0x0800eb84   0x0000003e   Code   RO        16272    i.xQueueGenericCreate  queue.o
    0x0800ebc2   0x0800ebc2   0x00000002   PAD
    0x0800ebc4   0x0800ebc4   0x0000008c   Code   RO        16273    i.xQueueGenericReset  queue.o
    0x0800ec50   0x0800ec50   0x00000164   Code   RO        16274    i.xQueueGenericSend  queue.o
    0x0800edb4   0x0800edb4   0x000000c0   Code   RO        16275    i.xQueueGenericSendFromISR  queue.o
    0x0800ee74   0x0800ee74   0x0000009e   Code   RO        16276    i.xQueueGiveFromISR  queue.o
    0x0800ef12   0x0800ef12   0x00000002   PAD
    0x0800ef14   0x0800ef14   0x0000013c   Code   RO        16282    i.xQueueReceive     queue.o
    0x0800f050   0x0800f050   0x0000017c   Code   RO        16284    i.xQueueSemaphoreTake  queue.o
    0x0800f1cc   0x0800f1cc   0x0000007c   Code   RO        16665    i.xTaskCheckForTimeOut  tasks.o
    0x0800f248   0x0800f248   0x00000060   Code   RO        16666    i.xTaskCreate       tasks.o
    0x0800f2a8   0x0800f2a8   0x0000001c   Code   RO        16670    i.xTaskGetSchedulerState  tasks.o
    0x0800f2c4   0x0800f2c4   0x0000000c   Code   RO        16671    i.xTaskGetTickCount  tasks.o
    0x0800f2d0   0x0800f2d0   0x000000d0   Code   RO        16673    i.xTaskIncrementTick  tasks.o
    0x0800f3a0   0x0800f3a0   0x00000098   Code   RO        16676    i.xTaskPriorityDisinherit  tasks.o
    0x0800f438   0x0800f438   0x00000090   Code   RO        16677    i.xTaskPriorityInherit  tasks.o
    0x0800f4c8   0x0800f4c8   0x0000007c   Code   RO        16678    i.xTaskRemoveFromEventList  tasks.o
    0x0800f544   0x0800f544   0x000000cc   Code   RO        16679    i.xTaskResumeAll    tasks.o
    0x0800f610   0x0800f610   0x00000050   Code   RO        17004    i.xTimerCreateTimerTask  timers.o
    0x0800f660   0x0800f660   0x00000068   Code   RO        17005    i.xTimerGenericCommand  timers.o
    0x0800f6c8   0x0800f6c8   0x000017c0   Data   RO         1266    .constdata          oled.o
    0x08010e88   0x08010e88   0x00000010   Data   RO         2203    .constdata          gd32h7xx_can.o
    0x08010e98   0x08010e98   0x00000003   Data   RO        13075    .constdata          api_msg.o
    0x08010e9b   0x08010e9b   0x00000001   PAD
    0x08010e9c   0x08010e9c   0x00000044   Data   RO        13544    .constdata          err.o
    0x08010ee0   0x08010ee0   0x00000006   Data   RO        13680    .constdata          ethernet.o
    0x08010ee6   0x08010ee6   0x00000006   Data   RO        13681    .constdata          ethernet.o
    0x08010eec   0x08010eec   0x00000004   Data   RO        13944    .constdata          ip4_addr.o
    0x08010ef0   0x08010ef0   0x00000004   Data   RO        13945    .constdata          ip4_addr.o
    0x08010ef4   0x08010ef4   0x00000010   Data   RO        14152    .constdata          memp.o
    0x08010f04   0x08010f04   0x00000010   Data   RO        14153    .constdata          memp.o
    0x08010f14   0x08010f14   0x00000010   Data   RO        14154    .constdata          memp.o
    0x08010f24   0x08010f24   0x00000010   Data   RO        14155    .constdata          memp.o
    0x08010f34   0x08010f34   0x00000010   Data   RO        14156    .constdata          memp.o
    0x08010f44   0x08010f44   0x00000010   Data   RO        14157    .constdata          memp.o
    0x08010f54   0x08010f54   0x00000010   Data   RO        14158    .constdata          memp.o
    0x08010f64   0x08010f64   0x00000010   Data   RO        14159    .constdata          memp.o
    0x08010f74   0x08010f74   0x00000010   Data   RO        14160    .constdata          memp.o
    0x08010f84   0x08010f84   0x00000010   Data   RO        14161    .constdata          memp.o
    0x08010f94   0x08010f94   0x00000010   Data   RO        14162    .constdata          memp.o
    0x08010fa4   0x08010fa4   0x00000010   Data   RO        14163    .constdata          memp.o
    0x08010fb4   0x08010fb4   0x00000010   Data   RO        14164    .constdata          memp.o
    0x08010fc4   0x08010fc4   0x00000034   Data   RO        14165    .constdata          memp.o
    0x08010ff8   0x08010ff8   0x00000054   Data   RO        15125    .constdata          tcp.o
    0x0801104c   0x0801104c   0x00000028   Data   RO        15726    .constdata          timeouts.o
    0x08011074   0x08011074   0x000000b4   Data   RO          741    .conststring        tcp_server.o
    0x08011128   0x08011128   0x000000f3   Data   RO          841    .conststring        app_main.o
    0x0801121b   0x0801121b   0x00000001   PAD
    0x0801121c   0x0801121c   0x00000008   Data   RO        14166    .conststring        memp.o
    0x08011224   0x08011224   0x00000008   Data   RO        14167    .conststring        memp.o
    0x0801122c   0x0801122c   0x0000000f   Data   RO        14168    .conststring        memp.o
    0x0801123b   0x0801123b   0x00000001   PAD
    0x0801123c   0x0801123c   0x00000008   Data   RO        14169    .conststring        memp.o
    0x08011244   0x08011244   0x0000000a   Data   RO        14170    .conststring        memp.o
    0x0801124e   0x0801124e   0x00000002   PAD
    0x08011250   0x08011250   0x0000000a   Data   RO        14171    .conststring        memp.o
    0x0801125a   0x0801125a   0x00000002   PAD
    0x0801125c   0x0801125c   0x00000007   Data   RO        14172    .conststring        memp.o
    0x08011263   0x08011263   0x00000001   PAD
    0x08011264   0x08011264   0x00000008   Data   RO        14173    .conststring        memp.o
    0x0801126c   0x0801126c   0x0000000e   Data   RO        14174    .conststring        memp.o
    0x0801127a   0x0801127a   0x00000002   PAD
    0x0801127c   0x0801127c   0x00000010   Data   RO        14175    .conststring        memp.o
    0x0801128c   0x0801128c   0x0000000c   Data   RO        14176    .conststring        memp.o
    0x08011298   0x08011298   0x0000000d   Data   RO        14177    .conststring        memp.o
    0x080112a5   0x080112a5   0x00000003   PAD
    0x080112a8   0x080112a8   0x0000000a   Data   RO        14178    .conststring        memp.o
    0x080112b2   0x080112b2   0x00000002   PAD
    0x080112b4   0x080112b4   0x0000006d   Data   RO        15126    .conststring        tcp.o
    0x08011321   0x08011321   0x00000003   PAD
    0x08011324   0x08011324   0x00000030   Data   RO        17643    Region$$Table       anon$$obj.o


    Execution Region RW_IRAM1 (Exec base: 0x24000000, Load base: 0x080113d4, Size: 0x0002a6b0, Max: 0x000d0000, ABSOLUTE, COMPRESSED[0x0000002c])

    Exec Addr    Load Addr    Size         Type   Attr      Idx    E Section Name        Object

    0x24000000   COMPRESSED   0x00000004   Data   RW            8    .data               gd32h7xx_enet_eval.o
    0x24000004   COMPRESSED   0x00000004   Data   RW          488    .data               netconf.o
    0x24000008   COMPRESSED   0x0000000c   Data   RW          842    .data               app_main.o
    0x24000014   COMPRESSED   0x00000011   Data   RW         1065    .data               can.o
    0x24000025   COMPRESSED   0x00000003   PAD
    0x24000028   COMPRESSED   0x0000000c   Data   RW         1421    .data               rtc.o
    0x24000034   COMPRESSED   0x00000006   Data   RW         1650    .data               usart485_232.o
    0x2400003a   COMPRESSED   0x00000002   PAD
    0x2400003c   COMPRESSED   0x00000004   Data   RW         1747    .data               system_gd32h7xx.o
    0x24000040   COMPRESSED   0x00000014   Data   RW         4417    .data               gd32h7xx_enet.o
    0x24000054   COMPRESSED   0x00000014   Data   RW        13330    .data               dhcp.o
    0x24000068   COMPRESSED   0x00000001   Data   RW        13592    .data               etharp.o
    0x24000069   COMPRESSED   0x00000001   PAD
    0x2400006a   COMPRESSED   0x00000002   Data   RW        13894    .data               ip4.o
    0x2400006c   COMPRESSED   0x00000008   Data   RW        14005    .data               ip4_frag.o
    0x24000074   COMPRESSED   0x00000010   Data   RW        14072    .data               mem.o
    0x24000084   COMPRESSED   0x00000004   Data   RW        14179    .data               memp.o
    0x24000088   COMPRESSED   0x00000004   Data   RW        14180    .data               memp.o
    0x2400008c   COMPRESSED   0x00000004   Data   RW        14181    .data               memp.o
    0x24000090   COMPRESSED   0x00000004   Data   RW        14182    .data               memp.o
    0x24000094   COMPRESSED   0x00000004   Data   RW        14183    .data               memp.o
    0x24000098   COMPRESSED   0x00000004   Data   RW        14184    .data               memp.o
    0x2400009c   COMPRESSED   0x00000004   Data   RW        14185    .data               memp.o
    0x240000a0   COMPRESSED   0x00000004   Data   RW        14186    .data               memp.o
    0x240000a4   COMPRESSED   0x00000004   Data   RW        14187    .data               memp.o
    0x240000a8   COMPRESSED   0x00000004   Data   RW        14188    .data               memp.o
    0x240000ac   COMPRESSED   0x00000004   Data   RW        14189    .data               memp.o
    0x240000b0   COMPRESSED   0x00000004   Data   RW        14190    .data               memp.o
    0x240000b4   COMPRESSED   0x00000004   Data   RW        14191    .data               memp.o
    0x240000b8   COMPRESSED   0x0000000c   Data   RW        14368    .data               netif.o
    0x240000c4   COMPRESSED   0x00000008   Data   RW        14785    .data               sockets.o
    0x240000cc   COMPRESSED   0x00000020   Data   RW        15127    .data               tcp.o
    0x240000ec   COMPRESSED   0x00000024   Data   RW        15392    .data               tcp_in.o
    0x24000110   COMPRESSED   0x0000000c   Data   RW        15614    .data               tcpip.o
    0x2400011c   COMPRESSED   0x0000000c   Data   RW        15728    .data               timeouts.o
    0x24000128   COMPRESSED   0x00000008   Data   RW        15807    .data               udp.o
    0x24000130   COMPRESSED   0x0000000c   Data   RW        15918    .data               ethernetif.o
    0x2400013c   COMPRESSED   0x0000003c   Data   RW        16682    .data               tasks.o
    0x24000178   COMPRESSED   0x00000014   Data   RW        17011    .data               timers.o
    0x2400018c   COMPRESSED   0x0000000c   Data   RW        17154    .data               port.o
    0x24000198   COMPRESSED   0x00000020   Data   RW        17230    .data               heap_4.o
    0x240001b8   COMPRESSED   0x00000004   Data   RW        17606    .data               mc_w.l(stdout.o)
    0x240001bc        -       0x00000038   Zero   RW          486    .bss                netconf.o
    0x240001f4        -       0x00000028   Zero   RW          740    .bss                tcp_server.o
    0x2400021c   COMPRESSED   0x00000004   PAD
    0x24000220        -       0x00010200   Zero   RW          840    .bss                app_main.o
    0x24010420        -       0x00000028   Zero   RW         1064    .bss                can.o
    0x24010448        -       0x00000240   Zero   RW         1263    .bss                oled.o
    0x24010688        -       0x00000014   Zero   RW         1420    .bss                rtc.o
    0x2401069c        -       0x00000180   Zero   RW         1649    .bss                usart485_232.o
    0x2401081c        -       0x0000003c   Zero   RW         4415    .bss                gd32h7xx_enet.o
    0x24010858        -       0x00000020   Zero   RW        13329    .bss                dhcp.o
    0x24010878        -       0x000000f0   Zero   RW        13591    .bss                etharp.o
    0x24010968        -       0x00000018   Zero   RW        13876    .bss                ip.o
    0x24010980        -       0x000000c3   Zero   RW        14139    .bss                memp.o
    0x24010a43        -       0x000005f3   Zero   RW        14140    .bss                memp.o
    0x24011036        -       0x0000008f   Zero   RW        14141    .bss                memp.o
    0x240110c5        -       0x00000193   Zero   RW        14142    .bss                memp.o
    0x24011258        -       0x000000a3   Zero   RW        14143    .bss                memp.o
    0x240112fb        -       0x0000016b   Zero   RW        14144    .bss                memp.o
    0x24011466        -       0x00000083   Zero   RW        14145    .bss                memp.o
    0x240114e9        -       0x000000b3   Zero   RW        14146    .bss                memp.o
    0x2401159c        -       0x00000083   Zero   RW        14147    .bss                memp.o
    0x2401161f        -       0x00000083   Zero   RW        14148    .bss                memp.o
    0x240116a2        -       0x000000a3   Zero   RW        14149    .bss                memp.o
    0x24011745        -       0x00000643   Zero   RW        14150    .bss                memp.o
    0x24011d88        -       0x0000ef63   Zero   RW        14151    .bss                memp.o
    0x24020ceb   COMPRESSED   0x00000001   PAD
    0x24020cec        -       0x00000040   Zero   RW        14784    .bss                sockets.o
    0x24020d2c        -       0x00000014   Zero   RW        15391    .bss                tcp_in.o
    0x24020d40        -       0x00000040   Zero   RW        16286    .bss                queue.o
    0x24020d80        -       0x00000104   Zero   RW        16681    .bss                tasks.o
    0x24020e84        -       0x00000028   Zero   RW        17010    .bss                timers.o
    0x24020eac        -       0x00007800   Zero   RW        17229    .bss                heap_4.o
    0x240286ac   COMPRESSED   0x00000004   PAD
    0x240286b0        -       0x00002000   Zero   RW        12811    STACK               startup_gd32h7xx.o


    Execution Region RW_RAM2 (Exec base: 0x30000000, Load base: 0x08011354, Size: 0x00003ec4, Max: 0x00004000, ABSOLUTE, COMPRESSED[0x00000080])

    Exec Addr    Load Addr    Size         Type   Attr      Idx    E Section Name        Object

    0x30000000   COMPRESSED   0x00000050   Data   RW         4411    .ARM.__at_0x30000000  gd32h7xx_enet.o
    0x30000050   COMPRESSED   0x00000110   PAD
    0x30000160   COMPRESSED   0x00000050   Data   RW         4412    .ARM.__at_0x30000160  gd32h7xx_enet.o
    0x300001b0   COMPRESSED   0x00000150   PAD
    0x30000300   COMPRESSED   0x00001dc4   Data   RW         4413    .ARM.__at_0x30000300  gd32h7xx_enet.o
    0x300020c4   COMPRESSED   0x0000003c   PAD
    0x30002100   COMPRESSED   0x00001dc4   Data   RW         4414    .ARM.__at_0x30002100  gd32h7xx_enet.o


    Execution Region RW_RAM3 (Exec base: 0x30004000, Load base: 0x080113d4, Size: 0x00000000, Max: 0x00004000, ABSOLUTE)

    **** No section assigned to this execution region ****


==============================================================================

Image component sizes


      Code (inc. data)   RO Data    RW Data    ZI Data      Debug   Object Name

       196         10          0          0          0       1172   adc.o
         0          0          0          0          0       2056   altcp.o
      1334         60          0          0          0      40532   api_lib.o
      3418         66          3          0          0      41991   api_msg.o
      1632        830        243         12      66048       5661   app_main.o
       702        136          0         17         40       5370   can.o
        34          0          0          0          0       1114   def.o
      4020        162          0         20         32      39434   dhcp.o
        28          4         68          0          0       4823   err.o
      1496         60          0          1        240      11664   etharp.o
       244          4         12          0          0       2738   ethernet.o
       604         78          0         12          0       7804   ethernetif.o
         0          0          0          0          0       9320   event_groups.o
       808         30          0          0          0       5229   exmc_sdram.o
       332         44          0          0          0       2994   extrtc.o
       444         16          0          0          0       7708   function.o
       710         20          0          0          0      11240   gd32h7xx_adc.o
      1906         44         16          0          0      15514   gd32h7xx_can.o
         0          0          0          0          0       1476   gd32h7xx_dma.o
      2066        168          0      15420         60      20476   gd32h7xx_enet.o
       582         36          0          4          0     219339   gd32h7xx_enet_eval.o
       328         22          0          0          0       6427   gd32h7xx_exmc.o
       264          0          0          0          0       4641   gd32h7xx_gpio.o
       106         18          0          0          0       7373   gd32h7xx_it.o
       340         34          0          0          0       5237   gd32h7xx_misc.o
        14          0          0          0          0        590   gd32h7xx_pmu.o
      2616        150          0          0          0      14975   gd32h7xx_rcu.o
       536         38          0          0          0       6319   gd32h7xx_rtc.o
       334         10          0          0          0       8473   gd32h7xx_spi.o
        72         16          0          0          0       1441   gd32h7xx_syscfg.o
       738         32          0          0          0      11020   gd32h7xx_usart.o
       480         26          0         32      30720       4835   heap_4.o
       628         36          0          0          0       5149   i2c.o
       438          6          0          0          0       4610   icmp.o
       160          0          0          0          0      10230   inet_chksum.o
        34          0          0          0          0        580   init.o
         0          0          0          0         24       3214   ip.o
       810         32          0          2          0       5956   ip4.o
        64          0          8          0          0       8846   ip4_addr.o
      1520         38          0          8          0      12674   ip4_frag.o
       138          0          0          0          0       3566   list.o
        14          0          0          0          0        519   main.o
       940         42          0         16          0       8750   mem.o
       180         14        399         52      66411      10948   memp.o
       126          0          0          0          0       3467   netbuf.o
       104         24          0          4         56      15806   netconf.o
       610         32          0         12          0      15021   netif.o
      1198         60       6080          0        576      10040   oled.o
      1170          0          0          0          0      16091   pbuf.o
       786         84          0         12          0      11681   port.o
      2156         28          0          0         64      22479   queue.o
       332        112          0         12         20       2894   rtc.o
      2658         98          0          8         64      46323   sockets.o
       304         20          0          0          0       1317   spi.o
       592         32          0          0          0       6888   spi_flash.o
        60         14        932          0       8192        904   startup_gd32h7xx.o
       324          0          0          0          0      11257   sys_arch.o
       696         86          0          4          0       3991   system_gd32h7xx.o
        64         10          0          0          0      35560   systick.o
      2560        212          0         60        260      29601   tasks.o
      3412        122        193         32          0      43030   tcp.o
       212         24          0          0          0      13421   tcp_client.o
      3744        144          0         36         20      21343   tcp_in.o
      3494         10          0          0          0      33714   tcp_out.o
       468         60        180          0         40      10309   tcp_server.o
       412         46          0         12          0       8271   tcpip.o
       430         64         40         12          0       7427   timeouts.o
       992         94          0         20         40      21523   timers.o
      1232         44          0          8          0      15168   udp.o
       204         16          0          0          0       1409   udp_tmp.o
       208         14          0          0          0       1232   usart.o
       656        114          0          6        384       4172   usart485_232.o

    ----------------------------------------------------------------------
     60616       3846       8240      16508     173300    1018367   Object Totals
         0          0         48          0          0          0   (incl. Generated)
       102          0         18        674          9          0   (incl. Padding)

    ----------------------------------------------------------------------

      Code (inc. data)   RO Data    RW Data    ZI Data      Debug   Library Member Name

        58          0          0          0          0          0   __dczerorl.o
         0          0          0          0          0          0   entry.o
         0          0          0          0          0          0   entry10a.o
         0          0          0          0          0          0   entry11a.o
         4          0          0          0          0          0   entry12b.o
         8          4          0          0          0          0   entry2.o
         4          0          0          0          0          0   entry5.o
         0          0          0          0          0          0   entry7b.o
         0          0          0          0          0          0   entry8b.o
         8          4          0          0          0          0   entry9a.o
        30          0          0          0          0          0   handlers.o
        36          8          0          0          0         68   init.o
        30          0          0          0          0         68   llshl.o
        32          0          0          0          0         68   llushr.o
        26          0          0          0          0         80   memcmp.o
        64          0          0          0          0         76   memmovea.o
        36          0          0          0          0        108   memseta.o
      1192         60          0          0          0        504   printf8.o
         0          0          0          4          0          0   stdout.o
        98          0          0          0          0         92   uldiv.o

    ----------------------------------------------------------------------
      1628         76          0          4          0       1064   Library Totals
         2          0          0          0          0          0   (incl. Padding)

    ----------------------------------------------------------------------

      Code (inc. data)   RO Data    RW Data    ZI Data      Debug   Library Name

      1626         76          0          4          0       1064   mc_w.l

    ----------------------------------------------------------------------
      1628         76          0          4          0       1064   Library Totals

    ----------------------------------------------------------------------

==============================================================================


      Code (inc. data)   RO Data    RW Data    ZI Data      Debug   

     62244       3922       8240      16512     173300     958395   Grand Totals
     62244       3922       8240        172     173300     958395   ELF Image Totals (compressed)
     62244       3922       8240        172          0          0   ROM Totals

==============================================================================

    Total RO  Size (Code + RO Data)                70484 (  68.83kB)
    Total RW  Size (RW Data + ZI Data)            189812 ( 185.36kB)
    Total ROM Size (Code + RO Data + RW Data)      70656 (  69.00kB)

==============================================================================

