<!doctype html public "-//w3c//dtd html 4.0 transitional//en">
<html><head>
<title>Static Call Graph - [.\Objects\CIMC_GD32_Template.axf]</title></head>
<body><HR>
<H1>Static Call Graph for image .\Objects\CIMC_GD32_Template.axf</H1><HR>
<BR><P>#&#060CALLGRAPH&#062# ARM Linker, 5060960: Last Updated: Fri May 01 11:04:49 2026
<BR><P>
<H3>Maximum Stack Usage =        288 bytes + Unknown(Cycles, Untraceable Function Pointers)</H3><H3>
Call chain for Maximum Stack Depth:</H3>
main &rArr; System_Init &rArr; my_usart_init &rArr; usart_baudrate_set &rArr; rcu_clock_freq_get &rArr; rcu_pll_clock_freq_cal
<P>
<H3>
Mutually Recursive functions
</H3> <LI><a href="#[1c]">ADC0_1_IRQHandler</a>&nbsp;&nbsp;&nbsp;&rArr;&nbsp;&nbsp;&nbsp;<a href="#[1c]">ADC0_1_IRQHandler</a><BR>
</UL>
<P>
<H3>
Function Pointers
</H3><UL>
 <LI><a href="#[1c]">ADC0_1_IRQHandler</a> from startup_gd32h7xx.o(.text) referenced from startup_gd32h7xx.o(RESET)
 <LI><a href="#[6d]">ADC2_IRQHandler</a> from startup_gd32h7xx.o(.text) referenced from startup_gd32h7xx.o(RESET)
 <LI><a href="#[4]">BusFault_Handler</a> from gd32h7xx_it.o(i.BusFault_Handler) referenced from startup_gd32h7xx.o(RESET)
 <LI><a href="#[89]">CAN0_Busoff_IRQHandler</a> from startup_gd32h7xx.o(.text) referenced from startup_gd32h7xx.o(RESET)
 <LI><a href="#[8a]">CAN0_Error_IRQHandler</a> from startup_gd32h7xx.o(.text) referenced from startup_gd32h7xx.o(RESET)
 <LI><a href="#[8b]">CAN0_FastError_IRQHandler</a> from startup_gd32h7xx.o(.text) referenced from startup_gd32h7xx.o(RESET)
 <LI><a href="#[88]">CAN0_Message_IRQHandler</a> from startup_gd32h7xx.o(.text) referenced from startup_gd32h7xx.o(RESET)
 <LI><a href="#[8d]">CAN0_REC_IRQHandler</a> from startup_gd32h7xx.o(.text) referenced from startup_gd32h7xx.o(RESET)
 <LI><a href="#[8c]">CAN0_TEC_IRQHandler</a> from startup_gd32h7xx.o(.text) referenced from startup_gd32h7xx.o(RESET)
 <LI><a href="#[87]">CAN0_WKUP_IRQHandler</a> from startup_gd32h7xx.o(.text) referenced from startup_gd32h7xx.o(RESET)
 <LI><a href="#[90]">CAN1_Busoff_IRQHandler</a> from startup_gd32h7xx.o(.text) referenced from startup_gd32h7xx.o(RESET)
 <LI><a href="#[91]">CAN1_Error_IRQHandler</a> from startup_gd32h7xx.o(.text) referenced from startup_gd32h7xx.o(RESET)
 <LI><a href="#[92]">CAN1_FastError_IRQHandler</a> from startup_gd32h7xx.o(.text) referenced from startup_gd32h7xx.o(RESET)
 <LI><a href="#[8f]">CAN1_Message_IRQHandler</a> from startup_gd32h7xx.o(.text) referenced from startup_gd32h7xx.o(RESET)
 <LI><a href="#[94]">CAN1_REC_IRQHandler</a> from startup_gd32h7xx.o(.text) referenced from startup_gd32h7xx.o(RESET)
 <LI><a href="#[93]">CAN1_TEC_IRQHandler</a> from startup_gd32h7xx.o(.text) referenced from startup_gd32h7xx.o(RESET)
 <LI><a href="#[8e]">CAN1_WKUP_IRQHandler</a> from startup_gd32h7xx.o(.text) referenced from startup_gd32h7xx.o(RESET)
 <LI><a href="#[97]">CAN2_Busoff_IRQHandler</a> from startup_gd32h7xx.o(.text) referenced from startup_gd32h7xx.o(RESET)
 <LI><a href="#[98]">CAN2_Error_IRQHandler</a> from startup_gd32h7xx.o(.text) referenced from startup_gd32h7xx.o(RESET)
 <LI><a href="#[99]">CAN2_FastError_IRQHandler</a> from startup_gd32h7xx.o(.text) referenced from startup_gd32h7xx.o(RESET)
 <LI><a href="#[96]">CAN2_Message_IRQHandler</a> from startup_gd32h7xx.o(.text) referenced from startup_gd32h7xx.o(RESET)
 <LI><a href="#[9b]">CAN2_REC_IRQHandler</a> from startup_gd32h7xx.o(.text) referenced from startup_gd32h7xx.o(RESET)
 <LI><a href="#[9a]">CAN2_TEC_IRQHandler</a> from startup_gd32h7xx.o(.text) referenced from startup_gd32h7xx.o(RESET)
 <LI><a href="#[95]">CAN2_WKUP_IRQHandler</a> from startup_gd32h7xx.o(.text) referenced from startup_gd32h7xx.o(RESET)
 <LI><a href="#[4f]">CAU_IRQHandler</a> from startup_gd32h7xx.o(.text) referenced from startup_gd32h7xx.o(RESET)
 <LI><a href="#[6e]">CMP0_1_IRQHandler</a> from startup_gd32h7xx.o(.text) referenced from startup_gd32h7xx.o(RESET)
 <LI><a href="#[6f]">CTC_IRQHandler</a> from startup_gd32h7xx.o(.text) referenced from startup_gd32h7xx.o(RESET)
 <LI><a href="#[4e]">DCI_IRQHandler</a> from startup_gd32h7xx.o(.text) referenced from startup_gd32h7xx.o(RESET)
 <LI><a href="#[15]">DMA0_Channel0_IRQHandler</a> from startup_gd32h7xx.o(.text) referenced from startup_gd32h7xx.o(RESET)
 <LI><a href="#[16]">DMA0_Channel1_IRQHandler</a> from startup_gd32h7xx.o(.text) referenced from startup_gd32h7xx.o(RESET)
 <LI><a href="#[17]">DMA0_Channel2_IRQHandler</a> from startup_gd32h7xx.o(.text) referenced from startup_gd32h7xx.o(RESET)
 <LI><a href="#[18]">DMA0_Channel3_IRQHandler</a> from startup_gd32h7xx.o(.text) referenced from startup_gd32h7xx.o(RESET)
 <LI><a href="#[19]">DMA0_Channel4_IRQHandler</a> from startup_gd32h7xx.o(.text) referenced from startup_gd32h7xx.o(RESET)
 <LI><a href="#[1a]">DMA0_Channel5_IRQHandler</a> from startup_gd32h7xx.o(.text) referenced from startup_gd32h7xx.o(RESET)
 <LI><a href="#[1b]">DMA0_Channel6_IRQHandler</a> from startup_gd32h7xx.o(.text) referenced from startup_gd32h7xx.o(RESET)
 <LI><a href="#[34]">DMA0_Channel7_IRQHandler</a> from startup_gd32h7xx.o(.text) referenced from startup_gd32h7xx.o(RESET)
 <LI><a href="#[3d]">DMA1_Channel0_IRQHandler</a> from startup_gd32h7xx.o(.text) referenced from startup_gd32h7xx.o(RESET)
 <LI><a href="#[3e]">DMA1_Channel1_IRQHandler</a> from startup_gd32h7xx.o(.text) referenced from startup_gd32h7xx.o(RESET)
 <LI><a href="#[3f]">DMA1_Channel2_IRQHandler</a> from startup_gd32h7xx.o(.text) referenced from startup_gd32h7xx.o(RESET)
 <LI><a href="#[40]">DMA1_Channel3_IRQHandler</a> from startup_gd32h7xx.o(.text) referenced from startup_gd32h7xx.o(RESET)
 <LI><a href="#[41]">DMA1_Channel4_IRQHandler</a> from startup_gd32h7xx.o(.text) referenced from startup_gd32h7xx.o(RESET)
 <LI><a href="#[44]">DMA1_Channel5_IRQHandler</a> from startup_gd32h7xx.o(.text) referenced from startup_gd32h7xx.o(RESET)
 <LI><a href="#[45]">DMA1_Channel6_IRQHandler</a> from startup_gd32h7xx.o(.text) referenced from startup_gd32h7xx.o(RESET)
 <LI><a href="#[46]">DMA1_Channel7_IRQHandler</a> from startup_gd32h7xx.o(.text) referenced from startup_gd32h7xx.o(RESET)
 <LI><a href="#[60]">DMAMUX_OVR_IRQHandler</a> from startup_gd32h7xx.o(.text) referenced from startup_gd32h7xx.o(RESET)
 <LI><a href="#[7]">DebugMon_Handler</a> from gd32h7xx_it.o(i.DebugMon_Handler) referenced from startup_gd32h7xx.o(RESET)
 <LI><a href="#[9c]">EFUSE_IRQHandler</a> from startup_gd32h7xx.o(.text) referenced from startup_gd32h7xx.o(RESET)
 <LI><a href="#[42]">ENET0_IRQHandler</a> from startup_gd32h7xx.o(.text) referenced from startup_gd32h7xx.o(RESET)
 <LI><a href="#[43]">ENET0_WKUP_IRQHandler</a> from startup_gd32h7xx.o(.text) referenced from startup_gd32h7xx.o(RESET)
 <LI><a href="#[85]">ENET1_IRQHandler</a> from startup_gd32h7xx.o(.text) referenced from startup_gd32h7xx.o(RESET)
 <LI><a href="#[86]">ENET1_WKUP_IRQHandler</a> from startup_gd32h7xx.o(.text) referenced from startup_gd32h7xx.o(RESET)
 <LI><a href="#[35]">EXMC_IRQHandler</a> from startup_gd32h7xx.o(.text) referenced from startup_gd32h7xx.o(RESET)
 <LI><a href="#[10]">EXTI0_IRQHandler</a> from startup_gd32h7xx.o(.text) referenced from startup_gd32h7xx.o(RESET)
 <LI><a href="#[2e]">EXTI10_15_IRQHandler</a> from startup_gd32h7xx.o(.text) referenced from startup_gd32h7xx.o(RESET)
 <LI><a href="#[11]">EXTI1_IRQHandler</a> from startup_gd32h7xx.o(.text) referenced from startup_gd32h7xx.o(RESET)
 <LI><a href="#[12]">EXTI2_IRQHandler</a> from startup_gd32h7xx.o(.text) referenced from startup_gd32h7xx.o(RESET)
 <LI><a href="#[13]">EXTI3_IRQHandler</a> from startup_gd32h7xx.o(.text) referenced from startup_gd32h7xx.o(RESET)
 <LI><a href="#[14]">EXTI4_IRQHandler</a> from startup_gd32h7xx.o(.text) referenced from startup_gd32h7xx.o(RESET)
 <LI><a href="#[1d]">EXTI5_9_IRQHandler</a> from startup_gd32h7xx.o(.text) referenced from startup_gd32h7xx.o(RESET)
 <LI><a href="#[74]">FAC_IRQHandler</a> from startup_gd32h7xx.o(.text) referenced from startup_gd32h7xx.o(RESET)
 <LI><a href="#[e]">FMC_IRQHandler</a> from startup_gd32h7xx.o(.text) referenced from startup_gd32h7xx.o(RESET)
 <LI><a href="#[51]">FPU_IRQHandler</a> from startup_gd32h7xx.o(.text) referenced from startup_gd32h7xx.o(RESET)
 <LI><a href="#[50]">HAU_TRNG_IRQHandler</a> from startup_gd32h7xx.o(.text) referenced from startup_gd32h7xx.o(RESET)
 <LI><a href="#[61]">HPDF_INT0_IRQHandler</a> from startup_gd32h7xx.o(.text) referenced from startup_gd32h7xx.o(RESET)
 <LI><a href="#[62]">HPDF_INT1_IRQHandler</a> from startup_gd32h7xx.o(.text) referenced from startup_gd32h7xx.o(RESET)
 <LI><a href="#[63]">HPDF_INT2_IRQHandler</a> from startup_gd32h7xx.o(.text) referenced from startup_gd32h7xx.o(RESET)
 <LI><a href="#[64]">HPDF_INT3_IRQHandler</a> from startup_gd32h7xx.o(.text) referenced from startup_gd32h7xx.o(RESET)
 <LI><a href="#[6c]">HWSEM_IRQHandler</a> from startup_gd32h7xx.o(.text) referenced from startup_gd32h7xx.o(RESET)
 <LI><a href="#[2]">HardFault_Handler</a> from gd32h7xx_it.o(i.HardFault_Handler) referenced from startup_gd32h7xx.o(RESET)
 <LI><a href="#[26]">I2C0_ER_IRQHandler</a> from startup_gd32h7xx.o(.text) referenced from startup_gd32h7xx.o(RESET)
 <LI><a href="#[25]">I2C0_EV_IRQHandler</a> from startup_gd32h7xx.o(.text) referenced from startup_gd32h7xx.o(RESET)
 <LI><a href="#[9d]">I2C0_WKUP_IRQHandler</a> from startup_gd32h7xx.o(.text) referenced from startup_gd32h7xx.o(RESET)
 <LI><a href="#[28]">I2C1_ER_IRQHandler</a> from startup_gd32h7xx.o(.text) referenced from startup_gd32h7xx.o(RESET)
 <LI><a href="#[27]">I2C1_EV_IRQHandler</a> from startup_gd32h7xx.o(.text) referenced from startup_gd32h7xx.o(RESET)
 <LI><a href="#[9e]">I2C1_WKUP_IRQHandler</a> from startup_gd32h7xx.o(.text) referenced from startup_gd32h7xx.o(RESET)
 <LI><a href="#[49]">I2C2_ER_IRQHandler</a> from startup_gd32h7xx.o(.text) referenced from startup_gd32h7xx.o(RESET)
 <LI><a href="#[48]">I2C2_EV_IRQHandler</a> from startup_gd32h7xx.o(.text) referenced from startup_gd32h7xx.o(RESET)
 <LI><a href="#[9f]">I2C2_WKUP_IRQHandler</a> from startup_gd32h7xx.o(.text) referenced from startup_gd32h7xx.o(RESET)
 <LI><a href="#[5e]">I2C3_ER_IRQHandler</a> from startup_gd32h7xx.o(.text) referenced from startup_gd32h7xx.o(RESET)
 <LI><a href="#[5d]">I2C3_EV_IRQHandler</a> from startup_gd32h7xx.o(.text) referenced from startup_gd32h7xx.o(RESET)
 <LI><a href="#[a0]">I2C3_WKUP_IRQHandler</a> from startup_gd32h7xx.o(.text) referenced from startup_gd32h7xx.o(RESET)
 <LI><a href="#[5a]">IPA_IRQHandler</a> from startup_gd32h7xx.o(.text) referenced from startup_gd32h7xx.o(RESET)
 <LI><a href="#[a1]">LPDTS_IRQHandler</a> from startup_gd32h7xx.o(.text) referenced from startup_gd32h7xx.o(RESET)
 <LI><a href="#[a2]">LPDTS_WKUP_IRQHandler</a> from startup_gd32h7xx.o(.text) referenced from startup_gd32h7xx.o(RESET)
 <LI><a href="#[69]">MDIO_IRQHandler</a> from startup_gd32h7xx.o(.text) referenced from startup_gd32h7xx.o(RESET)
 <LI><a href="#[6a]">MDMA_IRQHandler</a> from startup_gd32h7xx.o(.text) referenced from startup_gd32h7xx.o(RESET)
 <LI><a href="#[3]">MemManage_Handler</a> from gd32h7xx_it.o(i.MemManage_Handler) referenced from startup_gd32h7xx.o(RESET)
 <LI><a href="#[1]">NMI_Handler</a> from gd32h7xx_it.o(i.NMI_Handler) referenced from startup_gd32h7xx.o(RESET)
 <LI><a href="#[5c]">OSPI0_IRQHandler</a> from startup_gd32h7xx.o(.text) referenced from startup_gd32h7xx.o(RESET)
 <LI><a href="#[71]">OSPI1_IRQHandler</a> from startup_gd32h7xx.o(.text) referenced from startup_gd32h7xx.o(RESET)
 <LI><a href="#[8]">PendSV_Handler</a> from gd32h7xx_it.o(i.PendSV_Handler) referenced from startup_gd32h7xx.o(RESET)
 <LI><a href="#[70]">RAMECCMU_IRQHandler</a> from startup_gd32h7xx.o(.text) referenced from startup_gd32h7xx.o(RESET)
 <LI><a href="#[f]">RCU_IRQHandler</a> from startup_gd32h7xx.o(.text) referenced from startup_gd32h7xx.o(RESET)
 <LI><a href="#[5f]">RSPDIF_IRQHandler</a> from startup_gd32h7xx.o(.text) referenced from startup_gd32h7xx.o(RESET)
 <LI><a href="#[2f]">RTC_Alarm_IRQHandler</a> from startup_gd32h7xx.o(.text) referenced from startup_gd32h7xx.o(RESET)
 <LI><a href="#[d]">RTC_WKUP_IRQHandler</a> from startup_gd32h7xx.o(.text) referenced from startup_gd32h7xx.o(RESET)
 <LI><a href="#[72]">RTDEC0_IRQHandler</a> from startup_gd32h7xx.o(.text) referenced from startup_gd32h7xx.o(RESET)
 <LI><a href="#[73]">RTDEC1_IRQHandler</a> from startup_gd32h7xx.o(.text) referenced from startup_gd32h7xx.o(RESET)
 <LI><a href="#[0]">Reset_Handler</a> from startup_gd32h7xx.o(.text) referenced from startup_gd32h7xx.o(RESET)
 <LI><a href="#[57]">SAI0_IRQHandler</a> from startup_gd32h7xx.o(.text) referenced from startup_gd32h7xx.o(RESET)
 <LI><a href="#[5b]">SAI1_IRQHandler</a> from startup_gd32h7xx.o(.text) referenced from startup_gd32h7xx.o(RESET)
 <LI><a href="#[65]">SAI2_IRQHandler</a> from startup_gd32h7xx.o(.text) referenced from startup_gd32h7xx.o(RESET)
 <LI><a href="#[36]">SDIO0_IRQHandler</a> from startup_gd32h7xx.o(.text) referenced from startup_gd32h7xx.o(RESET)
 <LI><a href="#[6b]">SDIO1_IRQHandler</a> from startup_gd32h7xx.o(.text) referenced from startup_gd32h7xx.o(RESET)
 <LI><a href="#[29]">SPI0_IRQHandler</a> from startup_gd32h7xx.o(.text) referenced from startup_gd32h7xx.o(RESET)
 <LI><a href="#[2a]">SPI1_IRQHandler</a> from startup_gd32h7xx.o(.text) referenced from startup_gd32h7xx.o(RESET)
 <LI><a href="#[38]">SPI2_IRQHandler</a> from startup_gd32h7xx.o(.text) referenced from startup_gd32h7xx.o(RESET)
 <LI><a href="#[54]">SPI3_IRQHandler</a> from startup_gd32h7xx.o(.text) referenced from startup_gd32h7xx.o(RESET)
 <LI><a href="#[55]">SPI4_IRQHandler</a> from startup_gd32h7xx.o(.text) referenced from startup_gd32h7xx.o(RESET)
 <LI><a href="#[56]">SPI5_IRQHandler</a> from startup_gd32h7xx.o(.text) referenced from startup_gd32h7xx.o(RESET)
 <LI><a href="#[6]">SVC_Handler</a> from gd32h7xx_it.o(i.SVC_Handler) referenced from startup_gd32h7xx.o(RESET)
 <LI><a href="#[9]">SysTick_Handler</a> from gd32h7xx_it.o(i.SysTick_Handler) referenced from startup_gd32h7xx.o(RESET)
 <LI><a href="#[ae]">SystemInit</a> from system_gd32h7xx.o(i.SystemInit) referenced from startup_gd32h7xx.o(.text)
 <LI><a href="#[c]">TAMPER_STAMP_LXTAL_IRQHandler</a> from startup_gd32h7xx.o(.text) referenced from startup_gd32h7xx.o(RESET)
 <LI><a href="#[1e]">TIMER0_BRK_IRQHandler</a> from startup_gd32h7xx.o(.text) referenced from startup_gd32h7xx.o(RESET)
 <LI><a href="#[21]">TIMER0_Channel_IRQHandler</a> from startup_gd32h7xx.o(.text) referenced from startup_gd32h7xx.o(RESET)
 <LI><a href="#[a3]">TIMER0_DEC_IRQHandler</a> from startup_gd32h7xx.o(.text) referenced from startup_gd32h7xx.o(RESET)
 <LI><a href="#[20]">TIMER0_TRG_CMT_IRQHandler</a> from startup_gd32h7xx.o(.text) referenced from startup_gd32h7xx.o(RESET)
 <LI><a href="#[1f]">TIMER0_UP_IRQHandler</a> from startup_gd32h7xx.o(.text) referenced from startup_gd32h7xx.o(RESET)
 <LI><a href="#[66]">TIMER14_IRQHandler</a> from startup_gd32h7xx.o(.text) referenced from startup_gd32h7xx.o(RESET)
 <LI><a href="#[67]">TIMER15_IRQHandler</a> from startup_gd32h7xx.o(.text) referenced from startup_gd32h7xx.o(RESET)
 <LI><a href="#[68]">TIMER16_IRQHandler</a> from startup_gd32h7xx.o(.text) referenced from startup_gd32h7xx.o(RESET)
 <LI><a href="#[a5]">TIMER1_DEC_IRQHandler</a> from startup_gd32h7xx.o(.text) referenced from startup_gd32h7xx.o(RESET)
 <LI><a href="#[22]">TIMER1_IRQHandler</a> from startup_gd32h7xx.o(.text) referenced from startup_gd32h7xx.o(RESET)
 <LI><a href="#[a9]">TIMER22_DEC_IRQHandler</a> from startup_gd32h7xx.o(.text) referenced from startup_gd32h7xx.o(RESET)
 <LI><a href="#[76]">TIMER22_IRQHandler</a> from startup_gd32h7xx.o(.text) referenced from startup_gd32h7xx.o(RESET)
 <LI><a href="#[aa]">TIMER23_DEC_IRQHandler</a> from startup_gd32h7xx.o(.text) referenced from startup_gd32h7xx.o(RESET)
 <LI><a href="#[77]">TIMER23_IRQHandler</a> from startup_gd32h7xx.o(.text) referenced from startup_gd32h7xx.o(RESET)
 <LI><a href="#[a6]">TIMER2_DEC_IRQHandler</a> from startup_gd32h7xx.o(.text) referenced from startup_gd32h7xx.o(RESET)
 <LI><a href="#[23]">TIMER2_IRQHandler</a> from startup_gd32h7xx.o(.text) referenced from startup_gd32h7xx.o(RESET)
 <LI><a href="#[ab]">TIMER30_DEC_IRQHandler</a> from startup_gd32h7xx.o(.text) referenced from startup_gd32h7xx.o(RESET)
 <LI><a href="#[78]">TIMER30_IRQHandler</a> from startup_gd32h7xx.o(.text) referenced from startup_gd32h7xx.o(RESET)
 <LI><a href="#[ac]">TIMER31_DEC_IRQHandler</a> from startup_gd32h7xx.o(.text) referenced from startup_gd32h7xx.o(RESET)
 <LI><a href="#[79]">TIMER31_IRQHandler</a> from startup_gd32h7xx.o(.text) referenced from startup_gd32h7xx.o(RESET)
 <LI><a href="#[a7]">TIMER3_DEC_IRQHandler</a> from startup_gd32h7xx.o(.text) referenced from startup_gd32h7xx.o(RESET)
 <LI><a href="#[24]">TIMER3_IRQHandler</a> from startup_gd32h7xx.o(.text) referenced from startup_gd32h7xx.o(RESET)
 <LI><a href="#[7a]">TIMER40_IRQHandler</a> from startup_gd32h7xx.o(.text) referenced from startup_gd32h7xx.o(RESET)
 <LI><a href="#[7b]">TIMER41_IRQHandler</a> from startup_gd32h7xx.o(.text) referenced from startup_gd32h7xx.o(RESET)
 <LI><a href="#[7c]">TIMER42_IRQHandler</a> from startup_gd32h7xx.o(.text) referenced from startup_gd32h7xx.o(RESET)
 <LI><a href="#[7d]">TIMER43_IRQHandler</a> from startup_gd32h7xx.o(.text) referenced from startup_gd32h7xx.o(RESET)
 <LI><a href="#[7e]">TIMER44_IRQHandler</a> from startup_gd32h7xx.o(.text) referenced from startup_gd32h7xx.o(RESET)
 <LI><a href="#[a8]">TIMER4_DEC_IRQHandler</a> from startup_gd32h7xx.o(.text) referenced from startup_gd32h7xx.o(RESET)
 <LI><a href="#[37]">TIMER4_IRQHandler</a> from startup_gd32h7xx.o(.text) referenced from startup_gd32h7xx.o(RESET)
 <LI><a href="#[7f]">TIMER50_IRQHandler</a> from startup_gd32h7xx.o(.text) referenced from startup_gd32h7xx.o(RESET)
 <LI><a href="#[80]">TIMER51_IRQHandler</a> from startup_gd32h7xx.o(.text) referenced from startup_gd32h7xx.o(RESET)
 <LI><a href="#[3b]">TIMER5_DAC_UDR_IRQHandler</a> from startup_gd32h7xx.o(.text) referenced from startup_gd32h7xx.o(RESET)
 <LI><a href="#[3c]">TIMER6_IRQHandler</a> from startup_gd32h7xx.o(.text) referenced from startup_gd32h7xx.o(RESET)
 <LI><a href="#[30]">TIMER7_BRK_IRQHandler</a> from startup_gd32h7xx.o(.text) referenced from startup_gd32h7xx.o(RESET)
 <LI><a href="#[33]">TIMER7_Channel_IRQHandler</a> from startup_gd32h7xx.o(.text) referenced from startup_gd32h7xx.o(RESET)
 <LI><a href="#[a4]">TIMER7_DEC_IRQHandler</a> from startup_gd32h7xx.o(.text) referenced from startup_gd32h7xx.o(RESET)
 <LI><a href="#[32]">TIMER7_TRG_CMT_IRQHandler</a> from startup_gd32h7xx.o(.text) referenced from startup_gd32h7xx.o(RESET)
 <LI><a href="#[31]">TIMER7_UP_IRQHandler</a> from startup_gd32h7xx.o(.text) referenced from startup_gd32h7xx.o(RESET)
 <LI><a href="#[59]">TLI_ER_IRQHandler</a> from startup_gd32h7xx.o(.text) referenced from startup_gd32h7xx.o(RESET)
 <LI><a href="#[58]">TLI_IRQHandler</a> from startup_gd32h7xx.o(.text) referenced from startup_gd32h7xx.o(RESET)
 <LI><a href="#[75]">TMU_IRQHandler</a> from startup_gd32h7xx.o(.text) referenced from startup_gd32h7xx.o(RESET)
 <LI><a href="#[39]">UART3_IRQHandler</a> from usart.o(i.UART3_IRQHandler) referenced from startup_gd32h7xx.o(RESET)
 <LI><a href="#[3a]">UART4_IRQHandler</a> from startup_gd32h7xx.o(.text) referenced from startup_gd32h7xx.o(RESET)
 <LI><a href="#[52]">UART6_IRQHandler</a> from startup_gd32h7xx.o(.text) referenced from startup_gd32h7xx.o(RESET)
 <LI><a href="#[53]">UART7_IRQHandler</a> from startup_gd32h7xx.o(.text) referenced from startup_gd32h7xx.o(RESET)
 <LI><a href="#[2b]">USART0_IRQHandler</a> from startup_gd32h7xx.o(.text) referenced from startup_gd32h7xx.o(RESET)
 <LI><a href="#[2c]">USART1_IRQHandler</a> from startup_gd32h7xx.o(.text) referenced from startup_gd32h7xx.o(RESET)
 <LI><a href="#[2d]">USART2_IRQHandler</a> from startup_gd32h7xx.o(.text) referenced from startup_gd32h7xx.o(RESET)
 <LI><a href="#[47]">USART5_IRQHandler</a> from startup_gd32h7xx.o(.text) referenced from startup_gd32h7xx.o(RESET)
 <LI><a href="#[4b]">USBHS0_EP1_IN_IRQHandler</a> from startup_gd32h7xx.o(.text) referenced from startup_gd32h7xx.o(RESET)
 <LI><a href="#[4a]">USBHS0_EP1_OUT_IRQHandler</a> from startup_gd32h7xx.o(.text) referenced from startup_gd32h7xx.o(RESET)
 <LI><a href="#[4d]">USBHS0_IRQHandler</a> from startup_gd32h7xx.o(.text) referenced from startup_gd32h7xx.o(RESET)
 <LI><a href="#[4c]">USBHS0_WKUP_IRQHandler</a> from startup_gd32h7xx.o(.text) referenced from startup_gd32h7xx.o(RESET)
 <LI><a href="#[82]">USBHS1_EP1_IN_IRQHandler</a> from startup_gd32h7xx.o(.text) referenced from startup_gd32h7xx.o(RESET)
 <LI><a href="#[81]">USBHS1_EP1_OUT_IRQHandler</a> from startup_gd32h7xx.o(.text) referenced from startup_gd32h7xx.o(RESET)
 <LI><a href="#[84]">USBHS1_IRQHandler</a> from startup_gd32h7xx.o(.text) referenced from startup_gd32h7xx.o(RESET)
 <LI><a href="#[83]">USBHS1_WKUP_IRQHandler</a> from startup_gd32h7xx.o(.text) referenced from startup_gd32h7xx.o(RESET)
 <LI><a href="#[5]">UsageFault_Handler</a> from gd32h7xx_it.o(i.UsageFault_Handler) referenced from startup_gd32h7xx.o(RESET)
 <LI><a href="#[b]">VAVD_LVD_VOVD_IRQHandler</a> from startup_gd32h7xx.o(.text) referenced from startup_gd32h7xx.o(RESET)
 <LI><a href="#[a]">WWDGT_IRQHandler</a> from startup_gd32h7xx.o(.text) referenced from startup_gd32h7xx.o(RESET)
 <LI><a href="#[af]">__main</a> from entry.o(.ARM.Collect$$$$00000000) referenced from startup_gd32h7xx.o(.text)
 <LI><a href="#[b0]">_sputc</a> from printf1.o(i._sputc) referenced from printf1.o(i.__0sprintf$1)
 <LI><a href="#[ad]">main</a> from main.o(i.main) referenced from entry9a.o(.ARM.Collect$$$$0000000B)
</UL>
<P>
<H3>
Global Symbols
</H3>
<P><STRONG><a name="[af]"></a>__main</STRONG> (Thumb, 0 bytes, Stack size unknown bytes, entry.o(.ARM.Collect$$$$00000000))
<BR>[Address Reference Count : 1]<UL><LI> startup_gd32h7xx.o(.text)
</UL>
<P><STRONG><a name="[eb]"></a>_main_stk</STRONG> (Thumb, 0 bytes, Stack size unknown bytes, entry2.o(.ARM.Collect$$$$00000001))

<P><STRONG><a name="[b1]"></a>_main_scatterload</STRONG> (Thumb, 0 bytes, Stack size unknown bytes, entry5.o(.ARM.Collect$$$$00000004))
<BR><BR>[Calls]<UL><LI><a href="#[b2]">&gt;&gt;</a>&nbsp;&nbsp;&nbsp;__scatterload
</UL>

<P><STRONG><a name="[b3]"></a>__main_after_scatterload</STRONG> (Thumb, 0 bytes, Stack size unknown bytes, entry5.o(.ARM.Collect$$$$00000004))
<BR><BR>[Called By]<UL><LI><a href="#[b2]">&gt;&gt;</a>&nbsp;&nbsp;&nbsp;__scatterload
</UL>

<P><STRONG><a name="[ec]"></a>_main_clock</STRONG> (Thumb, 0 bytes, Stack size unknown bytes, entry7b.o(.ARM.Collect$$$$00000008))

<P><STRONG><a name="[ed]"></a>_main_cpp_init</STRONG> (Thumb, 0 bytes, Stack size unknown bytes, entry8b.o(.ARM.Collect$$$$0000000A))

<P><STRONG><a name="[ee]"></a>_main_init</STRONG> (Thumb, 0 bytes, Stack size unknown bytes, entry9a.o(.ARM.Collect$$$$0000000B))

<P><STRONG><a name="[ef]"></a>__rt_lib_shutdown_fini</STRONG> (Thumb, 0 bytes, Stack size unknown bytes, entry12b.o(.ARM.Collect$$$$0000000E))

<P><STRONG><a name="[f0]"></a>__rt_final_cpp</STRONG> (Thumb, 0 bytes, Stack size unknown bytes, entry10a.o(.ARM.Collect$$$$0000000F))

<P><STRONG><a name="[f1]"></a>__rt_final_exit</STRONG> (Thumb, 0 bytes, Stack size unknown bytes, entry11a.o(.ARM.Collect$$$$00000011))

<P><STRONG><a name="[0]"></a>Reset_Handler</STRONG> (Thumb, 26 bytes, Stack size 0 bytes, startup_gd32h7xx.o(.text))
<BR>[Address Reference Count : 1]<UL><LI> startup_gd32h7xx.o(RESET)
</UL>
<P><STRONG><a name="[1c]"></a>ADC0_1_IRQHandler</STRONG> (Thumb, 0 bytes, Stack size 0 bytes, startup_gd32h7xx.o(.text))
<BR><BR>[Calls]<UL><LI><a href="#[1c]">&gt;&gt;</a>&nbsp;&nbsp;&nbsp;ADC0_1_IRQHandler
</UL>
<BR>[Called By]<UL><LI><a href="#[1c]">&gt;&gt;</a>&nbsp;&nbsp;&nbsp;ADC0_1_IRQHandler
</UL>
<BR>[Address Reference Count : 1]<UL><LI> startup_gd32h7xx.o(RESET)
</UL>
<P><STRONG><a name="[6d]"></a>ADC2_IRQHandler</STRONG> (Thumb, 0 bytes, Stack size 0 bytes, startup_gd32h7xx.o(.text))
<BR>[Address Reference Count : 1]<UL><LI> startup_gd32h7xx.o(RESET)
</UL>
<P><STRONG><a name="[89]"></a>CAN0_Busoff_IRQHandler</STRONG> (Thumb, 0 bytes, Stack size 0 bytes, startup_gd32h7xx.o(.text))
<BR>[Address Reference Count : 1]<UL><LI> startup_gd32h7xx.o(RESET)
</UL>
<P><STRONG><a name="[8a]"></a>CAN0_Error_IRQHandler</STRONG> (Thumb, 0 bytes, Stack size 0 bytes, startup_gd32h7xx.o(.text))
<BR>[Address Reference Count : 1]<UL><LI> startup_gd32h7xx.o(RESET)
</UL>
<P><STRONG><a name="[8b]"></a>CAN0_FastError_IRQHandler</STRONG> (Thumb, 0 bytes, Stack size 0 bytes, startup_gd32h7xx.o(.text))
<BR>[Address Reference Count : 1]<UL><LI> startup_gd32h7xx.o(RESET)
</UL>
<P><STRONG><a name="[88]"></a>CAN0_Message_IRQHandler</STRONG> (Thumb, 0 bytes, Stack size 0 bytes, startup_gd32h7xx.o(.text))
<BR>[Address Reference Count : 1]<UL><LI> startup_gd32h7xx.o(RESET)
</UL>
<P><STRONG><a name="[8d]"></a>CAN0_REC_IRQHandler</STRONG> (Thumb, 0 bytes, Stack size 0 bytes, startup_gd32h7xx.o(.text))
<BR>[Address Reference Count : 1]<UL><LI> startup_gd32h7xx.o(RESET)
</UL>
<P><STRONG><a name="[8c]"></a>CAN0_TEC_IRQHandler</STRONG> (Thumb, 0 bytes, Stack size 0 bytes, startup_gd32h7xx.o(.text))
<BR>[Address Reference Count : 1]<UL><LI> startup_gd32h7xx.o(RESET)
</UL>
<P><STRONG><a name="[87]"></a>CAN0_WKUP_IRQHandler</STRONG> (Thumb, 0 bytes, Stack size 0 bytes, startup_gd32h7xx.o(.text))
<BR>[Address Reference Count : 1]<UL><LI> startup_gd32h7xx.o(RESET)
</UL>
<P><STRONG><a name="[90]"></a>CAN1_Busoff_IRQHandler</STRONG> (Thumb, 0 bytes, Stack size 0 bytes, startup_gd32h7xx.o(.text))
<BR>[Address Reference Count : 1]<UL><LI> startup_gd32h7xx.o(RESET)
</UL>
<P><STRONG><a name="[91]"></a>CAN1_Error_IRQHandler</STRONG> (Thumb, 0 bytes, Stack size 0 bytes, startup_gd32h7xx.o(.text))
<BR>[Address Reference Count : 1]<UL><LI> startup_gd32h7xx.o(RESET)
</UL>
<P><STRONG><a name="[92]"></a>CAN1_FastError_IRQHandler</STRONG> (Thumb, 0 bytes, Stack size 0 bytes, startup_gd32h7xx.o(.text))
<BR>[Address Reference Count : 1]<UL><LI> startup_gd32h7xx.o(RESET)
</UL>
<P><STRONG><a name="[8f]"></a>CAN1_Message_IRQHandler</STRONG> (Thumb, 0 bytes, Stack size 0 bytes, startup_gd32h7xx.o(.text))
<BR>[Address Reference Count : 1]<UL><LI> startup_gd32h7xx.o(RESET)
</UL>
<P><STRONG><a name="[94]"></a>CAN1_REC_IRQHandler</STRONG> (Thumb, 0 bytes, Stack size 0 bytes, startup_gd32h7xx.o(.text))
<BR>[Address Reference Count : 1]<UL><LI> startup_gd32h7xx.o(RESET)
</UL>
<P><STRONG><a name="[93]"></a>CAN1_TEC_IRQHandler</STRONG> (Thumb, 0 bytes, Stack size 0 bytes, startup_gd32h7xx.o(.text))
<BR>[Address Reference Count : 1]<UL><LI> startup_gd32h7xx.o(RESET)
</UL>
<P><STRONG><a name="[8e]"></a>CAN1_WKUP_IRQHandler</STRONG> (Thumb, 0 bytes, Stack size 0 bytes, startup_gd32h7xx.o(.text))
<BR>[Address Reference Count : 1]<UL><LI> startup_gd32h7xx.o(RESET)
</UL>
<P><STRONG><a name="[97]"></a>CAN2_Busoff_IRQHandler</STRONG> (Thumb, 0 bytes, Stack size 0 bytes, startup_gd32h7xx.o(.text))
<BR>[Address Reference Count : 1]<UL><LI> startup_gd32h7xx.o(RESET)
</UL>
<P><STRONG><a name="[98]"></a>CAN2_Error_IRQHandler</STRONG> (Thumb, 0 bytes, Stack size 0 bytes, startup_gd32h7xx.o(.text))
<BR>[Address Reference Count : 1]<UL><LI> startup_gd32h7xx.o(RESET)
</UL>
<P><STRONG><a name="[99]"></a>CAN2_FastError_IRQHandler</STRONG> (Thumb, 0 bytes, Stack size 0 bytes, startup_gd32h7xx.o(.text))
<BR>[Address Reference Count : 1]<UL><LI> startup_gd32h7xx.o(RESET)
</UL>
<P><STRONG><a name="[96]"></a>CAN2_Message_IRQHandler</STRONG> (Thumb, 0 bytes, Stack size 0 bytes, startup_gd32h7xx.o(.text))
<BR>[Address Reference Count : 1]<UL><LI> startup_gd32h7xx.o(RESET)
</UL>
<P><STRONG><a name="[9b]"></a>CAN2_REC_IRQHandler</STRONG> (Thumb, 0 bytes, Stack size 0 bytes, startup_gd32h7xx.o(.text))
<BR>[Address Reference Count : 1]<UL><LI> startup_gd32h7xx.o(RESET)
</UL>
<P><STRONG><a name="[9a]"></a>CAN2_TEC_IRQHandler</STRONG> (Thumb, 0 bytes, Stack size 0 bytes, startup_gd32h7xx.o(.text))
<BR>[Address Reference Count : 1]<UL><LI> startup_gd32h7xx.o(RESET)
</UL>
<P><STRONG><a name="[95]"></a>CAN2_WKUP_IRQHandler</STRONG> (Thumb, 0 bytes, Stack size 0 bytes, startup_gd32h7xx.o(.text))
<BR>[Address Reference Count : 1]<UL><LI> startup_gd32h7xx.o(RESET)
</UL>
<P><STRONG><a name="[4f]"></a>CAU_IRQHandler</STRONG> (Thumb, 0 bytes, Stack size 0 bytes, startup_gd32h7xx.o(.text))
<BR>[Address Reference Count : 1]<UL><LI> startup_gd32h7xx.o(RESET)
</UL>
<P><STRONG><a name="[6e]"></a>CMP0_1_IRQHandler</STRONG> (Thumb, 0 bytes, Stack size 0 bytes, startup_gd32h7xx.o(.text))
<BR>[Address Reference Count : 1]<UL><LI> startup_gd32h7xx.o(RESET)
</UL>
<P><STRONG><a name="[6f]"></a>CTC_IRQHandler</STRONG> (Thumb, 0 bytes, Stack size 0 bytes, startup_gd32h7xx.o(.text))
<BR>[Address Reference Count : 1]<UL><LI> startup_gd32h7xx.o(RESET)
</UL>
<P><STRONG><a name="[4e]"></a>DCI_IRQHandler</STRONG> (Thumb, 0 bytes, Stack size 0 bytes, startup_gd32h7xx.o(.text))
<BR>[Address Reference Count : 1]<UL><LI> startup_gd32h7xx.o(RESET)
</UL>
<P><STRONG><a name="[15]"></a>DMA0_Channel0_IRQHandler</STRONG> (Thumb, 0 bytes, Stack size 0 bytes, startup_gd32h7xx.o(.text))
<BR>[Address Reference Count : 1]<UL><LI> startup_gd32h7xx.o(RESET)
</UL>
<P><STRONG><a name="[16]"></a>DMA0_Channel1_IRQHandler</STRONG> (Thumb, 0 bytes, Stack size 0 bytes, startup_gd32h7xx.o(.text))
<BR>[Address Reference Count : 1]<UL><LI> startup_gd32h7xx.o(RESET)
</UL>
<P><STRONG><a name="[17]"></a>DMA0_Channel2_IRQHandler</STRONG> (Thumb, 0 bytes, Stack size 0 bytes, startup_gd32h7xx.o(.text))
<BR>[Address Reference Count : 1]<UL><LI> startup_gd32h7xx.o(RESET)
</UL>
<P><STRONG><a name="[18]"></a>DMA0_Channel3_IRQHandler</STRONG> (Thumb, 0 bytes, Stack size 0 bytes, startup_gd32h7xx.o(.text))
<BR>[Address Reference Count : 1]<UL><LI> startup_gd32h7xx.o(RESET)
</UL>
<P><STRONG><a name="[19]"></a>DMA0_Channel4_IRQHandler</STRONG> (Thumb, 0 bytes, Stack size 0 bytes, startup_gd32h7xx.o(.text))
<BR>[Address Reference Count : 1]<UL><LI> startup_gd32h7xx.o(RESET)
</UL>
<P><STRONG><a name="[1a]"></a>DMA0_Channel5_IRQHandler</STRONG> (Thumb, 0 bytes, Stack size 0 bytes, startup_gd32h7xx.o(.text))
<BR>[Address Reference Count : 1]<UL><LI> startup_gd32h7xx.o(RESET)
</UL>
<P><STRONG><a name="[1b]"></a>DMA0_Channel6_IRQHandler</STRONG> (Thumb, 0 bytes, Stack size 0 bytes, startup_gd32h7xx.o(.text))
<BR>[Address Reference Count : 1]<UL><LI> startup_gd32h7xx.o(RESET)
</UL>
<P><STRONG><a name="[34]"></a>DMA0_Channel7_IRQHandler</STRONG> (Thumb, 0 bytes, Stack size 0 bytes, startup_gd32h7xx.o(.text))
<BR>[Address Reference Count : 1]<UL><LI> startup_gd32h7xx.o(RESET)
</UL>
<P><STRONG><a name="[3d]"></a>DMA1_Channel0_IRQHandler</STRONG> (Thumb, 0 bytes, Stack size 0 bytes, startup_gd32h7xx.o(.text))
<BR>[Address Reference Count : 1]<UL><LI> startup_gd32h7xx.o(RESET)
</UL>
<P><STRONG><a name="[3e]"></a>DMA1_Channel1_IRQHandler</STRONG> (Thumb, 0 bytes, Stack size 0 bytes, startup_gd32h7xx.o(.text))
<BR>[Address Reference Count : 1]<UL><LI> startup_gd32h7xx.o(RESET)
</UL>
<P><STRONG><a name="[3f]"></a>DMA1_Channel2_IRQHandler</STRONG> (Thumb, 0 bytes, Stack size 0 bytes, startup_gd32h7xx.o(.text))
<BR>[Address Reference Count : 1]<UL><LI> startup_gd32h7xx.o(RESET)
</UL>
<P><STRONG><a name="[40]"></a>DMA1_Channel3_IRQHandler</STRONG> (Thumb, 0 bytes, Stack size 0 bytes, startup_gd32h7xx.o(.text))
<BR>[Address Reference Count : 1]<UL><LI> startup_gd32h7xx.o(RESET)
</UL>
<P><STRONG><a name="[41]"></a>DMA1_Channel4_IRQHandler</STRONG> (Thumb, 0 bytes, Stack size 0 bytes, startup_gd32h7xx.o(.text))
<BR>[Address Reference Count : 1]<UL><LI> startup_gd32h7xx.o(RESET)
</UL>
<P><STRONG><a name="[44]"></a>DMA1_Channel5_IRQHandler</STRONG> (Thumb, 0 bytes, Stack size 0 bytes, startup_gd32h7xx.o(.text))
<BR>[Address Reference Count : 1]<UL><LI> startup_gd32h7xx.o(RESET)
</UL>
<P><STRONG><a name="[45]"></a>DMA1_Channel6_IRQHandler</STRONG> (Thumb, 0 bytes, Stack size 0 bytes, startup_gd32h7xx.o(.text))
<BR>[Address Reference Count : 1]<UL><LI> startup_gd32h7xx.o(RESET)
</UL>
<P><STRONG><a name="[46]"></a>DMA1_Channel7_IRQHandler</STRONG> (Thumb, 0 bytes, Stack size 0 bytes, startup_gd32h7xx.o(.text))
<BR>[Address Reference Count : 1]<UL><LI> startup_gd32h7xx.o(RESET)
</UL>
<P><STRONG><a name="[60]"></a>DMAMUX_OVR_IRQHandler</STRONG> (Thumb, 0 bytes, Stack size 0 bytes, startup_gd32h7xx.o(.text))
<BR>[Address Reference Count : 1]<UL><LI> startup_gd32h7xx.o(RESET)
</UL>
<P><STRONG><a name="[9c]"></a>EFUSE_IRQHandler</STRONG> (Thumb, 0 bytes, Stack size 0 bytes, startup_gd32h7xx.o(.text))
<BR>[Address Reference Count : 1]<UL><LI> startup_gd32h7xx.o(RESET)
</UL>
<P><STRONG><a name="[42]"></a>ENET0_IRQHandler</STRONG> (Thumb, 0 bytes, Stack size 0 bytes, startup_gd32h7xx.o(.text))
<BR>[Address Reference Count : 1]<UL><LI> startup_gd32h7xx.o(RESET)
</UL>
<P><STRONG><a name="[43]"></a>ENET0_WKUP_IRQHandler</STRONG> (Thumb, 0 bytes, Stack size 0 bytes, startup_gd32h7xx.o(.text))
<BR>[Address Reference Count : 1]<UL><LI> startup_gd32h7xx.o(RESET)
</UL>
<P><STRONG><a name="[85]"></a>ENET1_IRQHandler</STRONG> (Thumb, 0 bytes, Stack size 0 bytes, startup_gd32h7xx.o(.text))
<BR>[Address Reference Count : 1]<UL><LI> startup_gd32h7xx.o(RESET)
</UL>
<P><STRONG><a name="[86]"></a>ENET1_WKUP_IRQHandler</STRONG> (Thumb, 0 bytes, Stack size 0 bytes, startup_gd32h7xx.o(.text))
<BR>[Address Reference Count : 1]<UL><LI> startup_gd32h7xx.o(RESET)
</UL>
<P><STRONG><a name="[35]"></a>EXMC_IRQHandler</STRONG> (Thumb, 0 bytes, Stack size 0 bytes, startup_gd32h7xx.o(.text))
<BR>[Address Reference Count : 1]<UL><LI> startup_gd32h7xx.o(RESET)
</UL>
<P><STRONG><a name="[10]"></a>EXTI0_IRQHandler</STRONG> (Thumb, 0 bytes, Stack size 0 bytes, startup_gd32h7xx.o(.text))
<BR>[Address Reference Count : 1]<UL><LI> startup_gd32h7xx.o(RESET)
</UL>
<P><STRONG><a name="[2e]"></a>EXTI10_15_IRQHandler</STRONG> (Thumb, 0 bytes, Stack size 0 bytes, startup_gd32h7xx.o(.text))
<BR>[Address Reference Count : 1]<UL><LI> startup_gd32h7xx.o(RESET)
</UL>
<P><STRONG><a name="[11]"></a>EXTI1_IRQHandler</STRONG> (Thumb, 0 bytes, Stack size 0 bytes, startup_gd32h7xx.o(.text))
<BR>[Address Reference Count : 1]<UL><LI> startup_gd32h7xx.o(RESET)
</UL>
<P><STRONG><a name="[12]"></a>EXTI2_IRQHandler</STRONG> (Thumb, 0 bytes, Stack size 0 bytes, startup_gd32h7xx.o(.text))
<BR>[Address Reference Count : 1]<UL><LI> startup_gd32h7xx.o(RESET)
</UL>
<P><STRONG><a name="[13]"></a>EXTI3_IRQHandler</STRONG> (Thumb, 0 bytes, Stack size 0 bytes, startup_gd32h7xx.o(.text))
<BR>[Address Reference Count : 1]<UL><LI> startup_gd32h7xx.o(RESET)
</UL>
<P><STRONG><a name="[14]"></a>EXTI4_IRQHandler</STRONG> (Thumb, 0 bytes, Stack size 0 bytes, startup_gd32h7xx.o(.text))
<BR>[Address Reference Count : 1]<UL><LI> startup_gd32h7xx.o(RESET)
</UL>
<P><STRONG><a name="[1d]"></a>EXTI5_9_IRQHandler</STRONG> (Thumb, 0 bytes, Stack size 0 bytes, startup_gd32h7xx.o(.text))
<BR>[Address Reference Count : 1]<UL><LI> startup_gd32h7xx.o(RESET)
</UL>
<P><STRONG><a name="[74]"></a>FAC_IRQHandler</STRONG> (Thumb, 0 bytes, Stack size 0 bytes, startup_gd32h7xx.o(.text))
<BR>[Address Reference Count : 1]<UL><LI> startup_gd32h7xx.o(RESET)
</UL>
<P><STRONG><a name="[e]"></a>FMC_IRQHandler</STRONG> (Thumb, 0 bytes, Stack size 0 bytes, startup_gd32h7xx.o(.text))
<BR>[Address Reference Count : 1]<UL><LI> startup_gd32h7xx.o(RESET)
</UL>
<P><STRONG><a name="[51]"></a>FPU_IRQHandler</STRONG> (Thumb, 0 bytes, Stack size 0 bytes, startup_gd32h7xx.o(.text))
<BR>[Address Reference Count : 1]<UL><LI> startup_gd32h7xx.o(RESET)
</UL>
<P><STRONG><a name="[50]"></a>HAU_TRNG_IRQHandler</STRONG> (Thumb, 0 bytes, Stack size 0 bytes, startup_gd32h7xx.o(.text))
<BR>[Address Reference Count : 1]<UL><LI> startup_gd32h7xx.o(RESET)
</UL>
<P><STRONG><a name="[61]"></a>HPDF_INT0_IRQHandler</STRONG> (Thumb, 0 bytes, Stack size 0 bytes, startup_gd32h7xx.o(.text))
<BR>[Address Reference Count : 1]<UL><LI> startup_gd32h7xx.o(RESET)
</UL>
<P><STRONG><a name="[62]"></a>HPDF_INT1_IRQHandler</STRONG> (Thumb, 0 bytes, Stack size 0 bytes, startup_gd32h7xx.o(.text))
<BR>[Address Reference Count : 1]<UL><LI> startup_gd32h7xx.o(RESET)
</UL>
<P><STRONG><a name="[63]"></a>HPDF_INT2_IRQHandler</STRONG> (Thumb, 0 bytes, Stack size 0 bytes, startup_gd32h7xx.o(.text))
<BR>[Address Reference Count : 1]<UL><LI> startup_gd32h7xx.o(RESET)
</UL>
<P><STRONG><a name="[64]"></a>HPDF_INT3_IRQHandler</STRONG> (Thumb, 0 bytes, Stack size 0 bytes, startup_gd32h7xx.o(.text))
<BR>[Address Reference Count : 1]<UL><LI> startup_gd32h7xx.o(RESET)
</UL>
<P><STRONG><a name="[6c]"></a>HWSEM_IRQHandler</STRONG> (Thumb, 0 bytes, Stack size 0 bytes, startup_gd32h7xx.o(.text))
<BR>[Address Reference Count : 1]<UL><LI> startup_gd32h7xx.o(RESET)
</UL>
<P><STRONG><a name="[26]"></a>I2C0_ER_IRQHandler</STRONG> (Thumb, 0 bytes, Stack size 0 bytes, startup_gd32h7xx.o(.text))
<BR>[Address Reference Count : 1]<UL><LI> startup_gd32h7xx.o(RESET)
</UL>
<P><STRONG><a name="[25]"></a>I2C0_EV_IRQHandler</STRONG> (Thumb, 0 bytes, Stack size 0 bytes, startup_gd32h7xx.o(.text))
<BR>[Address Reference Count : 1]<UL><LI> startup_gd32h7xx.o(RESET)
</UL>
<P><STRONG><a name="[9d]"></a>I2C0_WKUP_IRQHandler</STRONG> (Thumb, 0 bytes, Stack size 0 bytes, startup_gd32h7xx.o(.text))
<BR>[Address Reference Count : 1]<UL><LI> startup_gd32h7xx.o(RESET)
</UL>
<P><STRONG><a name="[28]"></a>I2C1_ER_IRQHandler</STRONG> (Thumb, 0 bytes, Stack size 0 bytes, startup_gd32h7xx.o(.text))
<BR>[Address Reference Count : 1]<UL><LI> startup_gd32h7xx.o(RESET)
</UL>
<P><STRONG><a name="[27]"></a>I2C1_EV_IRQHandler</STRONG> (Thumb, 0 bytes, Stack size 0 bytes, startup_gd32h7xx.o(.text))
<BR>[Address Reference Count : 1]<UL><LI> startup_gd32h7xx.o(RESET)
</UL>
<P><STRONG><a name="[9e]"></a>I2C1_WKUP_IRQHandler</STRONG> (Thumb, 0 bytes, Stack size 0 bytes, startup_gd32h7xx.o(.text))
<BR>[Address Reference Count : 1]<UL><LI> startup_gd32h7xx.o(RESET)
</UL>
<P><STRONG><a name="[49]"></a>I2C2_ER_IRQHandler</STRONG> (Thumb, 0 bytes, Stack size 0 bytes, startup_gd32h7xx.o(.text))
<BR>[Address Reference Count : 1]<UL><LI> startup_gd32h7xx.o(RESET)
</UL>
<P><STRONG><a name="[48]"></a>I2C2_EV_IRQHandler</STRONG> (Thumb, 0 bytes, Stack size 0 bytes, startup_gd32h7xx.o(.text))
<BR>[Address Reference Count : 1]<UL><LI> startup_gd32h7xx.o(RESET)
</UL>
<P><STRONG><a name="[9f]"></a>I2C2_WKUP_IRQHandler</STRONG> (Thumb, 0 bytes, Stack size 0 bytes, startup_gd32h7xx.o(.text))
<BR>[Address Reference Count : 1]<UL><LI> startup_gd32h7xx.o(RESET)
</UL>
<P><STRONG><a name="[5e]"></a>I2C3_ER_IRQHandler</STRONG> (Thumb, 0 bytes, Stack size 0 bytes, startup_gd32h7xx.o(.text))
<BR>[Address Reference Count : 1]<UL><LI> startup_gd32h7xx.o(RESET)
</UL>
<P><STRONG><a name="[5d]"></a>I2C3_EV_IRQHandler</STRONG> (Thumb, 0 bytes, Stack size 0 bytes, startup_gd32h7xx.o(.text))
<BR>[Address Reference Count : 1]<UL><LI> startup_gd32h7xx.o(RESET)
</UL>
<P><STRONG><a name="[a0]"></a>I2C3_WKUP_IRQHandler</STRONG> (Thumb, 0 bytes, Stack size 0 bytes, startup_gd32h7xx.o(.text))
<BR>[Address Reference Count : 1]<UL><LI> startup_gd32h7xx.o(RESET)
</UL>
<P><STRONG><a name="[5a]"></a>IPA_IRQHandler</STRONG> (Thumb, 0 bytes, Stack size 0 bytes, startup_gd32h7xx.o(.text))
<BR>[Address Reference Count : 1]<UL><LI> startup_gd32h7xx.o(RESET)
</UL>
<P><STRONG><a name="[a1]"></a>LPDTS_IRQHandler</STRONG> (Thumb, 0 bytes, Stack size 0 bytes, startup_gd32h7xx.o(.text))
<BR>[Address Reference Count : 1]<UL><LI> startup_gd32h7xx.o(RESET)
</UL>
<P><STRONG><a name="[a2]"></a>LPDTS_WKUP_IRQHandler</STRONG> (Thumb, 0 bytes, Stack size 0 bytes, startup_gd32h7xx.o(.text))
<BR>[Address Reference Count : 1]<UL><LI> startup_gd32h7xx.o(RESET)
</UL>
<P><STRONG><a name="[69]"></a>MDIO_IRQHandler</STRONG> (Thumb, 0 bytes, Stack size 0 bytes, startup_gd32h7xx.o(.text))
<BR>[Address Reference Count : 1]<UL><LI> startup_gd32h7xx.o(RESET)
</UL>
<P><STRONG><a name="[6a]"></a>MDMA_IRQHandler</STRONG> (Thumb, 0 bytes, Stack size 0 bytes, startup_gd32h7xx.o(.text))
<BR>[Address Reference Count : 1]<UL><LI> startup_gd32h7xx.o(RESET)
</UL>
<P><STRONG><a name="[5c]"></a>OSPI0_IRQHandler</STRONG> (Thumb, 0 bytes, Stack size 0 bytes, startup_gd32h7xx.o(.text))
<BR>[Address Reference Count : 1]<UL><LI> startup_gd32h7xx.o(RESET)
</UL>
<P><STRONG><a name="[71]"></a>OSPI1_IRQHandler</STRONG> (Thumb, 0 bytes, Stack size 0 bytes, startup_gd32h7xx.o(.text))
<BR>[Address Reference Count : 1]<UL><LI> startup_gd32h7xx.o(RESET)
</UL>
<P><STRONG><a name="[70]"></a>RAMECCMU_IRQHandler</STRONG> (Thumb, 0 bytes, Stack size 0 bytes, startup_gd32h7xx.o(.text))
<BR>[Address Reference Count : 1]<UL><LI> startup_gd32h7xx.o(RESET)
</UL>
<P><STRONG><a name="[f]"></a>RCU_IRQHandler</STRONG> (Thumb, 0 bytes, Stack size 0 bytes, startup_gd32h7xx.o(.text))
<BR>[Address Reference Count : 1]<UL><LI> startup_gd32h7xx.o(RESET)
</UL>
<P><STRONG><a name="[5f]"></a>RSPDIF_IRQHandler</STRONG> (Thumb, 0 bytes, Stack size 0 bytes, startup_gd32h7xx.o(.text))
<BR>[Address Reference Count : 1]<UL><LI> startup_gd32h7xx.o(RESET)
</UL>
<P><STRONG><a name="[2f]"></a>RTC_Alarm_IRQHandler</STRONG> (Thumb, 0 bytes, Stack size 0 bytes, startup_gd32h7xx.o(.text))
<BR>[Address Reference Count : 1]<UL><LI> startup_gd32h7xx.o(RESET)
</UL>
<P><STRONG><a name="[d]"></a>RTC_WKUP_IRQHandler</STRONG> (Thumb, 0 bytes, Stack size 0 bytes, startup_gd32h7xx.o(.text))
<BR>[Address Reference Count : 1]<UL><LI> startup_gd32h7xx.o(RESET)
</UL>
<P><STRONG><a name="[72]"></a>RTDEC0_IRQHandler</STRONG> (Thumb, 0 bytes, Stack size 0 bytes, startup_gd32h7xx.o(.text))
<BR>[Address Reference Count : 1]<UL><LI> startup_gd32h7xx.o(RESET)
</UL>
<P><STRONG><a name="[73]"></a>RTDEC1_IRQHandler</STRONG> (Thumb, 0 bytes, Stack size 0 bytes, startup_gd32h7xx.o(.text))
<BR>[Address Reference Count : 1]<UL><LI> startup_gd32h7xx.o(RESET)
</UL>
<P><STRONG><a name="[57]"></a>SAI0_IRQHandler</STRONG> (Thumb, 0 bytes, Stack size 0 bytes, startup_gd32h7xx.o(.text))
<BR>[Address Reference Count : 1]<UL><LI> startup_gd32h7xx.o(RESET)
</UL>
<P><STRONG><a name="[5b]"></a>SAI1_IRQHandler</STRONG> (Thumb, 0 bytes, Stack size 0 bytes, startup_gd32h7xx.o(.text))
<BR>[Address Reference Count : 1]<UL><LI> startup_gd32h7xx.o(RESET)
</UL>
<P><STRONG><a name="[65]"></a>SAI2_IRQHandler</STRONG> (Thumb, 0 bytes, Stack size 0 bytes, startup_gd32h7xx.o(.text))
<BR>[Address Reference Count : 1]<UL><LI> startup_gd32h7xx.o(RESET)
</UL>
<P><STRONG><a name="[36]"></a>SDIO0_IRQHandler</STRONG> (Thumb, 0 bytes, Stack size 0 bytes, startup_gd32h7xx.o(.text))
<BR>[Address Reference Count : 1]<UL><LI> startup_gd32h7xx.o(RESET)
</UL>
<P><STRONG><a name="[6b]"></a>SDIO1_IRQHandler</STRONG> (Thumb, 0 bytes, Stack size 0 bytes, startup_gd32h7xx.o(.text))
<BR>[Address Reference Count : 1]<UL><LI> startup_gd32h7xx.o(RESET)
</UL>
<P><STRONG><a name="[29]"></a>SPI0_IRQHandler</STRONG> (Thumb, 0 bytes, Stack size 0 bytes, startup_gd32h7xx.o(.text))
<BR>[Address Reference Count : 1]<UL><LI> startup_gd32h7xx.o(RESET)
</UL>
<P><STRONG><a name="[2a]"></a>SPI1_IRQHandler</STRONG> (Thumb, 0 bytes, Stack size 0 bytes, startup_gd32h7xx.o(.text))
<BR>[Address Reference Count : 1]<UL><LI> startup_gd32h7xx.o(RESET)
</UL>
<P><STRONG><a name="[38]"></a>SPI2_IRQHandler</STRONG> (Thumb, 0 bytes, Stack size 0 bytes, startup_gd32h7xx.o(.text))
<BR>[Address Reference Count : 1]<UL><LI> startup_gd32h7xx.o(RESET)
</UL>
<P><STRONG><a name="[54]"></a>SPI3_IRQHandler</STRONG> (Thumb, 0 bytes, Stack size 0 bytes, startup_gd32h7xx.o(.text))
<BR>[Address Reference Count : 1]<UL><LI> startup_gd32h7xx.o(RESET)
</UL>
<P><STRONG><a name="[55]"></a>SPI4_IRQHandler</STRONG> (Thumb, 0 bytes, Stack size 0 bytes, startup_gd32h7xx.o(.text))
<BR>[Address Reference Count : 1]<UL><LI> startup_gd32h7xx.o(RESET)
</UL>
<P><STRONG><a name="[56]"></a>SPI5_IRQHandler</STRONG> (Thumb, 0 bytes, Stack size 0 bytes, startup_gd32h7xx.o(.text))
<BR>[Address Reference Count : 1]<UL><LI> startup_gd32h7xx.o(RESET)
</UL>
<P><STRONG><a name="[c]"></a>TAMPER_STAMP_LXTAL_IRQHandler</STRONG> (Thumb, 0 bytes, Stack size 0 bytes, startup_gd32h7xx.o(.text))
<BR>[Address Reference Count : 1]<UL><LI> startup_gd32h7xx.o(RESET)
</UL>
<P><STRONG><a name="[1e]"></a>TIMER0_BRK_IRQHandler</STRONG> (Thumb, 0 bytes, Stack size 0 bytes, startup_gd32h7xx.o(.text))
<BR>[Address Reference Count : 1]<UL><LI> startup_gd32h7xx.o(RESET)
</UL>
<P><STRONG><a name="[21]"></a>TIMER0_Channel_IRQHandler</STRONG> (Thumb, 0 bytes, Stack size 0 bytes, startup_gd32h7xx.o(.text))
<BR>[Address Reference Count : 1]<UL><LI> startup_gd32h7xx.o(RESET)
</UL>
<P><STRONG><a name="[a3]"></a>TIMER0_DEC_IRQHandler</STRONG> (Thumb, 0 bytes, Stack size 0 bytes, startup_gd32h7xx.o(.text))
<BR>[Address Reference Count : 1]<UL><LI> startup_gd32h7xx.o(RESET)
</UL>
<P><STRONG><a name="[20]"></a>TIMER0_TRG_CMT_IRQHandler</STRONG> (Thumb, 0 bytes, Stack size 0 bytes, startup_gd32h7xx.o(.text))
<BR>[Address Reference Count : 1]<UL><LI> startup_gd32h7xx.o(RESET)
</UL>
<P><STRONG><a name="[1f]"></a>TIMER0_UP_IRQHandler</STRONG> (Thumb, 0 bytes, Stack size 0 bytes, startup_gd32h7xx.o(.text))
<BR>[Address Reference Count : 1]<UL><LI> startup_gd32h7xx.o(RESET)
</UL>
<P><STRONG><a name="[66]"></a>TIMER14_IRQHandler</STRONG> (Thumb, 0 bytes, Stack size 0 bytes, startup_gd32h7xx.o(.text))
<BR>[Address Reference Count : 1]<UL><LI> startup_gd32h7xx.o(RESET)
</UL>
<P><STRONG><a name="[67]"></a>TIMER15_IRQHandler</STRONG> (Thumb, 0 bytes, Stack size 0 bytes, startup_gd32h7xx.o(.text))
<BR>[Address Reference Count : 1]<UL><LI> startup_gd32h7xx.o(RESET)
</UL>
<P><STRONG><a name="[68]"></a>TIMER16_IRQHandler</STRONG> (Thumb, 0 bytes, Stack size 0 bytes, startup_gd32h7xx.o(.text))
<BR>[Address Reference Count : 1]<UL><LI> startup_gd32h7xx.o(RESET)
</UL>
<P><STRONG><a name="[a5]"></a>TIMER1_DEC_IRQHandler</STRONG> (Thumb, 0 bytes, Stack size 0 bytes, startup_gd32h7xx.o(.text))
<BR>[Address Reference Count : 1]<UL><LI> startup_gd32h7xx.o(RESET)
</UL>
<P><STRONG><a name="[22]"></a>TIMER1_IRQHandler</STRONG> (Thumb, 0 bytes, Stack size 0 bytes, startup_gd32h7xx.o(.text))
<BR>[Address Reference Count : 1]<UL><LI> startup_gd32h7xx.o(RESET)
</UL>
<P><STRONG><a name="[a9]"></a>TIMER22_DEC_IRQHandler</STRONG> (Thumb, 0 bytes, Stack size 0 bytes, startup_gd32h7xx.o(.text))
<BR>[Address Reference Count : 1]<UL><LI> startup_gd32h7xx.o(RESET)
</UL>
<P><STRONG><a name="[76]"></a>TIMER22_IRQHandler</STRONG> (Thumb, 0 bytes, Stack size 0 bytes, startup_gd32h7xx.o(.text))
<BR>[Address Reference Count : 1]<UL><LI> startup_gd32h7xx.o(RESET)
</UL>
<P><STRONG><a name="[aa]"></a>TIMER23_DEC_IRQHandler</STRONG> (Thumb, 0 bytes, Stack size 0 bytes, startup_gd32h7xx.o(.text))
<BR>[Address Reference Count : 1]<UL><LI> startup_gd32h7xx.o(RESET)
</UL>
<P><STRONG><a name="[77]"></a>TIMER23_IRQHandler</STRONG> (Thumb, 0 bytes, Stack size 0 bytes, startup_gd32h7xx.o(.text))
<BR>[Address Reference Count : 1]<UL><LI> startup_gd32h7xx.o(RESET)
</UL>
<P><STRONG><a name="[a6]"></a>TIMER2_DEC_IRQHandler</STRONG> (Thumb, 0 bytes, Stack size 0 bytes, startup_gd32h7xx.o(.text))
<BR>[Address Reference Count : 1]<UL><LI> startup_gd32h7xx.o(RESET)
</UL>
<P><STRONG><a name="[23]"></a>TIMER2_IRQHandler</STRONG> (Thumb, 0 bytes, Stack size 0 bytes, startup_gd32h7xx.o(.text))
<BR>[Address Reference Count : 1]<UL><LI> startup_gd32h7xx.o(RESET)
</UL>
<P><STRONG><a name="[ab]"></a>TIMER30_DEC_IRQHandler</STRONG> (Thumb, 0 bytes, Stack size 0 bytes, startup_gd32h7xx.o(.text))
<BR>[Address Reference Count : 1]<UL><LI> startup_gd32h7xx.o(RESET)
</UL>
<P><STRONG><a name="[78]"></a>TIMER30_IRQHandler</STRONG> (Thumb, 0 bytes, Stack size 0 bytes, startup_gd32h7xx.o(.text))
<BR>[Address Reference Count : 1]<UL><LI> startup_gd32h7xx.o(RESET)
</UL>
<P><STRONG><a name="[ac]"></a>TIMER31_DEC_IRQHandler</STRONG> (Thumb, 0 bytes, Stack size 0 bytes, startup_gd32h7xx.o(.text))
<BR>[Address Reference Count : 1]<UL><LI> startup_gd32h7xx.o(RESET)
</UL>
<P><STRONG><a name="[79]"></a>TIMER31_IRQHandler</STRONG> (Thumb, 0 bytes, Stack size 0 bytes, startup_gd32h7xx.o(.text))
<BR>[Address Reference Count : 1]<UL><LI> startup_gd32h7xx.o(RESET)
</UL>
<P><STRONG><a name="[a7]"></a>TIMER3_DEC_IRQHandler</STRONG> (Thumb, 0 bytes, Stack size 0 bytes, startup_gd32h7xx.o(.text))
<BR>[Address Reference Count : 1]<UL><LI> startup_gd32h7xx.o(RESET)
</UL>
<P><STRONG><a name="[24]"></a>TIMER3_IRQHandler</STRONG> (Thumb, 0 bytes, Stack size 0 bytes, startup_gd32h7xx.o(.text))
<BR>[Address Reference Count : 1]<UL><LI> startup_gd32h7xx.o(RESET)
</UL>
<P><STRONG><a name="[7a]"></a>TIMER40_IRQHandler</STRONG> (Thumb, 0 bytes, Stack size 0 bytes, startup_gd32h7xx.o(.text))
<BR>[Address Reference Count : 1]<UL><LI> startup_gd32h7xx.o(RESET)
</UL>
<P><STRONG><a name="[7b]"></a>TIMER41_IRQHandler</STRONG> (Thumb, 0 bytes, Stack size 0 bytes, startup_gd32h7xx.o(.text))
<BR>[Address Reference Count : 1]<UL><LI> startup_gd32h7xx.o(RESET)
</UL>
<P><STRONG><a name="[7c]"></a>TIMER42_IRQHandler</STRONG> (Thumb, 0 bytes, Stack size 0 bytes, startup_gd32h7xx.o(.text))
<BR>[Address Reference Count : 1]<UL><LI> startup_gd32h7xx.o(RESET)
</UL>
<P><STRONG><a name="[7d]"></a>TIMER43_IRQHandler</STRONG> (Thumb, 0 bytes, Stack size 0 bytes, startup_gd32h7xx.o(.text))
<BR>[Address Reference Count : 1]<UL><LI> startup_gd32h7xx.o(RESET)
</UL>
<P><STRONG><a name="[7e]"></a>TIMER44_IRQHandler</STRONG> (Thumb, 0 bytes, Stack size 0 bytes, startup_gd32h7xx.o(.text))
<BR>[Address Reference Count : 1]<UL><LI> startup_gd32h7xx.o(RESET)
</UL>
<P><STRONG><a name="[a8]"></a>TIMER4_DEC_IRQHandler</STRONG> (Thumb, 0 bytes, Stack size 0 bytes, startup_gd32h7xx.o(.text))
<BR>[Address Reference Count : 1]<UL><LI> startup_gd32h7xx.o(RESET)
</UL>
<P><STRONG><a name="[37]"></a>TIMER4_IRQHandler</STRONG> (Thumb, 0 bytes, Stack size 0 bytes, startup_gd32h7xx.o(.text))
<BR>[Address Reference Count : 1]<UL><LI> startup_gd32h7xx.o(RESET)
</UL>
<P><STRONG><a name="[7f]"></a>TIMER50_IRQHandler</STRONG> (Thumb, 0 bytes, Stack size 0 bytes, startup_gd32h7xx.o(.text))
<BR>[Address Reference Count : 1]<UL><LI> startup_gd32h7xx.o(RESET)
</UL>
<P><STRONG><a name="[80]"></a>TIMER51_IRQHandler</STRONG> (Thumb, 0 bytes, Stack size 0 bytes, startup_gd32h7xx.o(.text))
<BR>[Address Reference Count : 1]<UL><LI> startup_gd32h7xx.o(RESET)
</UL>
<P><STRONG><a name="[3b]"></a>TIMER5_DAC_UDR_IRQHandler</STRONG> (Thumb, 0 bytes, Stack size 0 bytes, startup_gd32h7xx.o(.text))
<BR>[Address Reference Count : 1]<UL><LI> startup_gd32h7xx.o(RESET)
</UL>
<P><STRONG><a name="[3c]"></a>TIMER6_IRQHandler</STRONG> (Thumb, 0 bytes, Stack size 0 bytes, startup_gd32h7xx.o(.text))
<BR>[Address Reference Count : 1]<UL><LI> startup_gd32h7xx.o(RESET)
</UL>
<P><STRONG><a name="[30]"></a>TIMER7_BRK_IRQHandler</STRONG> (Thumb, 0 bytes, Stack size 0 bytes, startup_gd32h7xx.o(.text))
<BR>[Address Reference Count : 1]<UL><LI> startup_gd32h7xx.o(RESET)
</UL>
<P><STRONG><a name="[33]"></a>TIMER7_Channel_IRQHandler</STRONG> (Thumb, 0 bytes, Stack size 0 bytes, startup_gd32h7xx.o(.text))
<BR>[Address Reference Count : 1]<UL><LI> startup_gd32h7xx.o(RESET)
</UL>
<P><STRONG><a name="[a4]"></a>TIMER7_DEC_IRQHandler</STRONG> (Thumb, 0 bytes, Stack size 0 bytes, startup_gd32h7xx.o(.text))
<BR>[Address Reference Count : 1]<UL><LI> startup_gd32h7xx.o(RESET)
</UL>
<P><STRONG><a name="[32]"></a>TIMER7_TRG_CMT_IRQHandler</STRONG> (Thumb, 0 bytes, Stack size 0 bytes, startup_gd32h7xx.o(.text))
<BR>[Address Reference Count : 1]<UL><LI> startup_gd32h7xx.o(RESET)
</UL>
<P><STRONG><a name="[31]"></a>TIMER7_UP_IRQHandler</STRONG> (Thumb, 0 bytes, Stack size 0 bytes, startup_gd32h7xx.o(.text))
<BR>[Address Reference Count : 1]<UL><LI> startup_gd32h7xx.o(RESET)
</UL>
<P><STRONG><a name="[59]"></a>TLI_ER_IRQHandler</STRONG> (Thumb, 0 bytes, Stack size 0 bytes, startup_gd32h7xx.o(.text))
<BR>[Address Reference Count : 1]<UL><LI> startup_gd32h7xx.o(RESET)
</UL>
<P><STRONG><a name="[58]"></a>TLI_IRQHandler</STRONG> (Thumb, 0 bytes, Stack size 0 bytes, startup_gd32h7xx.o(.text))
<BR>[Address Reference Count : 1]<UL><LI> startup_gd32h7xx.o(RESET)
</UL>
<P><STRONG><a name="[75]"></a>TMU_IRQHandler</STRONG> (Thumb, 0 bytes, Stack size 0 bytes, startup_gd32h7xx.o(.text))
<BR>[Address Reference Count : 1]<UL><LI> startup_gd32h7xx.o(RESET)
</UL>
<P><STRONG><a name="[3a]"></a>UART4_IRQHandler</STRONG> (Thumb, 0 bytes, Stack size 0 bytes, startup_gd32h7xx.o(.text))
<BR>[Address Reference Count : 1]<UL><LI> startup_gd32h7xx.o(RESET)
</UL>
<P><STRONG><a name="[52]"></a>UART6_IRQHandler</STRONG> (Thumb, 0 bytes, Stack size 0 bytes, startup_gd32h7xx.o(.text))
<BR>[Address Reference Count : 1]<UL><LI> startup_gd32h7xx.o(RESET)
</UL>
<P><STRONG><a name="[53]"></a>UART7_IRQHandler</STRONG> (Thumb, 0 bytes, Stack size 0 bytes, startup_gd32h7xx.o(.text))
<BR>[Address Reference Count : 1]<UL><LI> startup_gd32h7xx.o(RESET)
</UL>
<P><STRONG><a name="[2b]"></a>USART0_IRQHandler</STRONG> (Thumb, 0 bytes, Stack size 0 bytes, startup_gd32h7xx.o(.text))
<BR>[Address Reference Count : 1]<UL><LI> startup_gd32h7xx.o(RESET)
</UL>
<P><STRONG><a name="[2c]"></a>USART1_IRQHandler</STRONG> (Thumb, 0 bytes, Stack size 0 bytes, startup_gd32h7xx.o(.text))
<BR>[Address Reference Count : 1]<UL><LI> startup_gd32h7xx.o(RESET)
</UL>
<P><STRONG><a name="[2d]"></a>USART2_IRQHandler</STRONG> (Thumb, 0 bytes, Stack size 0 bytes, startup_gd32h7xx.o(.text))
<BR>[Address Reference Count : 1]<UL><LI> startup_gd32h7xx.o(RESET)
</UL>
<P><STRONG><a name="[47]"></a>USART5_IRQHandler</STRONG> (Thumb, 0 bytes, Stack size 0 bytes, startup_gd32h7xx.o(.text))
<BR>[Address Reference Count : 1]<UL><LI> startup_gd32h7xx.o(RESET)
</UL>
<P><STRONG><a name="[4b]"></a>USBHS0_EP1_IN_IRQHandler</STRONG> (Thumb, 0 bytes, Stack size 0 bytes, startup_gd32h7xx.o(.text))
<BR>[Address Reference Count : 1]<UL><LI> startup_gd32h7xx.o(RESET)
</UL>
<P><STRONG><a name="[4a]"></a>USBHS0_EP1_OUT_IRQHandler</STRONG> (Thumb, 0 bytes, Stack size 0 bytes, startup_gd32h7xx.o(.text))
<BR>[Address Reference Count : 1]<UL><LI> startup_gd32h7xx.o(RESET)
</UL>
<P><STRONG><a name="[4d]"></a>USBHS0_IRQHandler</STRONG> (Thumb, 0 bytes, Stack size 0 bytes, startup_gd32h7xx.o(.text))
<BR>[Address Reference Count : 1]<UL><LI> startup_gd32h7xx.o(RESET)
</UL>
<P><STRONG><a name="[4c]"></a>USBHS0_WKUP_IRQHandler</STRONG> (Thumb, 0 bytes, Stack size 0 bytes, startup_gd32h7xx.o(.text))
<BR>[Address Reference Count : 1]<UL><LI> startup_gd32h7xx.o(RESET)
</UL>
<P><STRONG><a name="[82]"></a>USBHS1_EP1_IN_IRQHandler</STRONG> (Thumb, 0 bytes, Stack size 0 bytes, startup_gd32h7xx.o(.text))
<BR>[Address Reference Count : 1]<UL><LI> startup_gd32h7xx.o(RESET)
</UL>
<P><STRONG><a name="[81]"></a>USBHS1_EP1_OUT_IRQHandler</STRONG> (Thumb, 0 bytes, Stack size 0 bytes, startup_gd32h7xx.o(.text))
<BR>[Address Reference Count : 1]<UL><LI> startup_gd32h7xx.o(RESET)
</UL>
<P><STRONG><a name="[84]"></a>USBHS1_IRQHandler</STRONG> (Thumb, 0 bytes, Stack size 0 bytes, startup_gd32h7xx.o(.text))
<BR>[Address Reference Count : 1]<UL><LI> startup_gd32h7xx.o(RESET)
</UL>
<P><STRONG><a name="[83]"></a>USBHS1_WKUP_IRQHandler</STRONG> (Thumb, 0 bytes, Stack size 0 bytes, startup_gd32h7xx.o(.text))
<BR>[Address Reference Count : 1]<UL><LI> startup_gd32h7xx.o(RESET)
</UL>
<P><STRONG><a name="[b]"></a>VAVD_LVD_VOVD_IRQHandler</STRONG> (Thumb, 0 bytes, Stack size 0 bytes, startup_gd32h7xx.o(.text))
<BR>[Address Reference Count : 1]<UL><LI> startup_gd32h7xx.o(RESET)
</UL>
<P><STRONG><a name="[a]"></a>WWDGT_IRQHandler</STRONG> (Thumb, 0 bytes, Stack size 0 bytes, startup_gd32h7xx.o(.text))
<BR>[Address Reference Count : 1]<UL><LI> startup_gd32h7xx.o(RESET)
</UL>
<P><STRONG><a name="[d2]"></a>__aeabi_memcpy</STRONG> (Thumb, 36 bytes, Stack size 0 bytes, memcpya.o(.text))
<BR><BR>[Called By]<UL><LI><a href="#[39]">&gt;&gt;</a>&nbsp;&nbsp;&nbsp;UART3_IRQHandler
</UL>

<P><STRONG><a name="[f2]"></a>__aeabi_memcpy4</STRONG> (Thumb, 0 bytes, Stack size 0 bytes, memcpya.o(.text), UNUSED)

<P><STRONG><a name="[f3]"></a>__aeabi_memcpy8</STRONG> (Thumb, 0 bytes, Stack size 0 bytes, memcpya.o(.text), UNUSED)

<P><STRONG><a name="[f4]"></a>__aeabi_uidiv</STRONG> (Thumb, 0 bytes, Stack size 12 bytes, uidiv.o(.text), UNUSED)

<P><STRONG><a name="[d7]"></a>__aeabi_uidivmod</STRONG> (Thumb, 44 bytes, Stack size 12 bytes, uidiv.o(.text), UNUSED)
<BR><BR>[Called By]<UL><LI><a href="#[d6]">&gt;&gt;</a>&nbsp;&nbsp;&nbsp;_printf_core
</UL>

<P><STRONG><a name="[b2]"></a>__scatterload</STRONG> (Thumb, 28 bytes, Stack size 0 bytes, init.o(.text))
<BR><BR>[Calls]<UL><LI><a href="#[b3]">&gt;&gt;</a>&nbsp;&nbsp;&nbsp;__main_after_scatterload
</UL>
<BR>[Called By]<UL><LI><a href="#[b1]">&gt;&gt;</a>&nbsp;&nbsp;&nbsp;_main_scatterload
</UL>

<P><STRONG><a name="[f5]"></a>__scatterload_rt2</STRONG> (Thumb, 0 bytes, Stack size 0 bytes, init.o(.text), UNUSED)

<P><STRONG><a name="[4]"></a>BusFault_Handler</STRONG> (Thumb, 4 bytes, Stack size 0 bytes, gd32h7xx_it.o(i.BusFault_Handler))
<BR>[Address Reference Count : 1]<UL><LI> startup_gd32h7xx.o(RESET)
</UL>
<P><STRONG><a name="[7]"></a>DebugMon_Handler</STRONG> (Thumb, 2 bytes, Stack size 0 bytes, gd32h7xx_it.o(i.DebugMon_Handler))
<BR>[Address Reference Count : 1]<UL><LI> startup_gd32h7xx.o(RESET)
</UL>
<P><STRONG><a name="[2]"></a>HardFault_Handler</STRONG> (Thumb, 4 bytes, Stack size 0 bytes, gd32h7xx_it.o(i.HardFault_Handler))
<BR>[Address Reference Count : 1]<UL><LI> startup_gd32h7xx.o(RESET)
</UL>
<P><STRONG><a name="[b4]"></a>I2C_Start</STRONG> (Thumb, 84 bytes, Stack size 8 bytes, oled.o(i.I2C_Start))
<BR><BR>[Stack]<UL><LI>Max Depth = 28<LI>Call Chain = I2C_Start &rArr; gpio_output_options_set
</UL>
<BR>[Calls]<UL><LI><a href="#[b7]">&gt;&gt;</a>&nbsp;&nbsp;&nbsp;gpio_bit_set
<LI><a href="#[b9]">&gt;&gt;</a>&nbsp;&nbsp;&nbsp;gpio_bit_reset
<LI><a href="#[b8]">&gt;&gt;</a>&nbsp;&nbsp;&nbsp;IIC_delay
<LI><a href="#[b6]">&gt;&gt;</a>&nbsp;&nbsp;&nbsp;gpio_output_options_set
<LI><a href="#[b5]">&gt;&gt;</a>&nbsp;&nbsp;&nbsp;gpio_mode_set
</UL>
<BR>[Called By]<UL><LI><a href="#[c2]">&gt;&gt;</a>&nbsp;&nbsp;&nbsp;OLED_WR_Byte
</UL>

<P><STRONG><a name="[ba]"></a>I2C_Stop</STRONG> (Thumb, 66 bytes, Stack size 8 bytes, oled.o(i.I2C_Stop))
<BR><BR>[Stack]<UL><LI>Max Depth = 28<LI>Call Chain = I2C_Stop &rArr; gpio_output_options_set
</UL>
<BR>[Calls]<UL><LI><a href="#[b7]">&gt;&gt;</a>&nbsp;&nbsp;&nbsp;gpio_bit_set
<LI><a href="#[b9]">&gt;&gt;</a>&nbsp;&nbsp;&nbsp;gpio_bit_reset
<LI><a href="#[b8]">&gt;&gt;</a>&nbsp;&nbsp;&nbsp;IIC_delay
<LI><a href="#[b6]">&gt;&gt;</a>&nbsp;&nbsp;&nbsp;gpio_output_options_set
<LI><a href="#[b5]">&gt;&gt;</a>&nbsp;&nbsp;&nbsp;gpio_mode_set
</UL>
<BR>[Called By]<UL><LI><a href="#[c2]">&gt;&gt;</a>&nbsp;&nbsp;&nbsp;OLED_WR_Byte
<LI><a href="#[bb]">&gt;&gt;</a>&nbsp;&nbsp;&nbsp;I2C_WaitAck
</UL>

<P><STRONG><a name="[bb]"></a>I2C_WaitAck</STRONG> (Thumb, 116 bytes, Stack size 8 bytes, oled.o(i.I2C_WaitAck))
<BR><BR>[Stack]<UL><LI>Max Depth = 36<LI>Call Chain = I2C_WaitAck &rArr; I2C_Stop &rArr; gpio_output_options_set
</UL>
<BR>[Calls]<UL><LI><a href="#[b7]">&gt;&gt;</a>&nbsp;&nbsp;&nbsp;gpio_bit_set
<LI><a href="#[b9]">&gt;&gt;</a>&nbsp;&nbsp;&nbsp;gpio_bit_reset
<LI><a href="#[b8]">&gt;&gt;</a>&nbsp;&nbsp;&nbsp;IIC_delay
<LI><a href="#[ba]">&gt;&gt;</a>&nbsp;&nbsp;&nbsp;I2C_Stop
<LI><a href="#[b6]">&gt;&gt;</a>&nbsp;&nbsp;&nbsp;gpio_output_options_set
<LI><a href="#[b5]">&gt;&gt;</a>&nbsp;&nbsp;&nbsp;gpio_mode_set
<LI><a href="#[bc]">&gt;&gt;</a>&nbsp;&nbsp;&nbsp;gpio_input_bit_get
</UL>
<BR>[Called By]<UL><LI><a href="#[c2]">&gt;&gt;</a>&nbsp;&nbsp;&nbsp;OLED_WR_Byte
</UL>

<P><STRONG><a name="[b8]"></a>IIC_delay</STRONG> (Thumb, 26 bytes, Stack size 8 bytes, oled.o(i.IIC_delay))
<BR><BR>[Stack]<UL><LI>Max Depth = 8<LI>Call Chain = IIC_delay
</UL>
<BR>[Called By]<UL><LI><a href="#[c7]">&gt;&gt;</a>&nbsp;&nbsp;&nbsp;Send_Byte
<LI><a href="#[bb]">&gt;&gt;</a>&nbsp;&nbsp;&nbsp;I2C_WaitAck
<LI><a href="#[ba]">&gt;&gt;</a>&nbsp;&nbsp;&nbsp;I2C_Stop
<LI><a href="#[b4]">&gt;&gt;</a>&nbsp;&nbsp;&nbsp;I2C_Start
</UL>

<P><STRONG><a name="[3]"></a>MemManage_Handler</STRONG> (Thumb, 4 bytes, Stack size 0 bytes, gd32h7xx_it.o(i.MemManage_Handler))
<BR>[Address Reference Count : 1]<UL><LI> startup_gd32h7xx.o(RESET)
</UL>
<P><STRONG><a name="[1]"></a>NMI_Handler</STRONG> (Thumb, 2 bytes, Stack size 0 bytes, gd32h7xx_it.o(i.NMI_Handler))
<BR>[Address Reference Count : 1]<UL><LI> startup_gd32h7xx.o(RESET)
</UL>
<P><STRONG><a name="[bd]"></a>OLED_Clear</STRONG> (Thumb, 42 bytes, Stack size 16 bytes, oled.o(i.OLED_Clear))
<BR><BR>[Stack]<UL><LI>Max Depth = 84<LI>Call Chain = OLED_Clear &rArr; OLED_Refresh &rArr; OLED_WR_Byte &rArr; I2C_WaitAck &rArr; I2C_Stop &rArr; gpio_output_options_set
</UL>
<BR>[Calls]<UL><LI><a href="#[be]">&gt;&gt;</a>&nbsp;&nbsp;&nbsp;OLED_Refresh
</UL>
<BR>[Called By]<UL><LI><a href="#[bf]">&gt;&gt;</a>&nbsp;&nbsp;&nbsp;OLED_Init
</UL>

<P><STRONG><a name="[c5]"></a>OLED_ClearPoint</STRONG> (Thumb, 90 bytes, Stack size 16 bytes, oled.o(i.OLED_ClearPoint))
<BR><BR>[Stack]<UL><LI>Max Depth = 16<LI>Call Chain = OLED_ClearPoint
</UL>
<BR>[Called By]<UL><LI><a href="#[c3]">&gt;&gt;</a>&nbsp;&nbsp;&nbsp;OLED_ShowChar
</UL>

<P><STRONG><a name="[c4]"></a>OLED_DrawPoint</STRONG> (Thumb, 54 bytes, Stack size 16 bytes, oled.o(i.OLED_DrawPoint))
<BR><BR>[Stack]<UL><LI>Max Depth = 16<LI>Call Chain = OLED_DrawPoint
</UL>
<BR>[Called By]<UL><LI><a href="#[c3]">&gt;&gt;</a>&nbsp;&nbsp;&nbsp;OLED_ShowChar
</UL>

<P><STRONG><a name="[bf]"></a>OLED_Init</STRONG> (Thumb, 324 bytes, Stack size 8 bytes, oled.o(i.OLED_Init))
<BR><BR>[Stack]<UL><LI>Max Depth = 92<LI>Call Chain = OLED_Init &rArr; OLED_Clear &rArr; OLED_Refresh &rArr; OLED_WR_Byte &rArr; I2C_WaitAck &rArr; I2C_Stop &rArr; gpio_output_options_set
</UL>
<BR>[Calls]<UL><LI><a href="#[b7]">&gt;&gt;</a>&nbsp;&nbsp;&nbsp;gpio_bit_set
<LI><a href="#[c2]">&gt;&gt;</a>&nbsp;&nbsp;&nbsp;OLED_WR_Byte
<LI><a href="#[bd]">&gt;&gt;</a>&nbsp;&nbsp;&nbsp;OLED_Clear
<LI><a href="#[c0]">&gt;&gt;</a>&nbsp;&nbsp;&nbsp;rcu_periph_clock_enable
<LI><a href="#[b6]">&gt;&gt;</a>&nbsp;&nbsp;&nbsp;gpio_output_options_set
<LI><a href="#[b5]">&gt;&gt;</a>&nbsp;&nbsp;&nbsp;gpio_mode_set
<LI><a href="#[c1]">&gt;&gt;</a>&nbsp;&nbsp;&nbsp;delay_1ms
</UL>
<BR>[Called By]<UL><LI><a href="#[cb]">&gt;&gt;</a>&nbsp;&nbsp;&nbsp;System_Init
</UL>

<P><STRONG><a name="[be]"></a>OLED_Refresh</STRONG> (Thumb, 70 bytes, Stack size 16 bytes, oled.o(i.OLED_Refresh))
<BR><BR>[Stack]<UL><LI>Max Depth = 68<LI>Call Chain = OLED_Refresh &rArr; OLED_WR_Byte &rArr; I2C_WaitAck &rArr; I2C_Stop &rArr; gpio_output_options_set
</UL>
<BR>[Calls]<UL><LI><a href="#[c2]">&gt;&gt;</a>&nbsp;&nbsp;&nbsp;OLED_WR_Byte
</UL>
<BR>[Called By]<UL><LI><a href="#[bd]">&gt;&gt;</a>&nbsp;&nbsp;&nbsp;OLED_Clear
<LI><a href="#[d3]">&gt;&gt;</a>&nbsp;&nbsp;&nbsp;UsrFunction
</UL>

<P><STRONG><a name="[c3]"></a>OLED_ShowChar</STRONG> (Thumb, 240 bytes, Stack size 56 bytes, oled.o(i.OLED_ShowChar))
<BR><BR>[Stack]<UL><LI>Max Depth = 72<LI>Call Chain = OLED_ShowChar &rArr; OLED_DrawPoint
</UL>
<BR>[Calls]<UL><LI><a href="#[c4]">&gt;&gt;</a>&nbsp;&nbsp;&nbsp;OLED_DrawPoint
<LI><a href="#[c5]">&gt;&gt;</a>&nbsp;&nbsp;&nbsp;OLED_ClearPoint
</UL>
<BR>[Called By]<UL><LI><a href="#[c6]">&gt;&gt;</a>&nbsp;&nbsp;&nbsp;OLED_ShowString
</UL>

<P><STRONG><a name="[c6]"></a>OLED_ShowString</STRONG> (Thumb, 66 bytes, Stack size 20 bytes, oled.o(i.OLED_ShowString))
<BR><BR>[Stack]<UL><LI>Max Depth = 92<LI>Call Chain = OLED_ShowString &rArr; OLED_ShowChar &rArr; OLED_DrawPoint
</UL>
<BR>[Calls]<UL><LI><a href="#[c3]">&gt;&gt;</a>&nbsp;&nbsp;&nbsp;OLED_ShowChar
</UL>
<BR>[Called By]<UL><LI><a href="#[d3]">&gt;&gt;</a>&nbsp;&nbsp;&nbsp;UsrFunction
</UL>

<P><STRONG><a name="[c2]"></a>OLED_WR_Byte</STRONG> (Thumb, 56 bytes, Stack size 16 bytes, oled.o(i.OLED_WR_Byte))
<BR><BR>[Stack]<UL><LI>Max Depth = 52<LI>Call Chain = OLED_WR_Byte &rArr; I2C_WaitAck &rArr; I2C_Stop &rArr; gpio_output_options_set
</UL>
<BR>[Calls]<UL><LI><a href="#[c7]">&gt;&gt;</a>&nbsp;&nbsp;&nbsp;Send_Byte
<LI><a href="#[bb]">&gt;&gt;</a>&nbsp;&nbsp;&nbsp;I2C_WaitAck
<LI><a href="#[ba]">&gt;&gt;</a>&nbsp;&nbsp;&nbsp;I2C_Stop
<LI><a href="#[b4]">&gt;&gt;</a>&nbsp;&nbsp;&nbsp;I2C_Start
</UL>
<BR>[Called By]<UL><LI><a href="#[be]">&gt;&gt;</a>&nbsp;&nbsp;&nbsp;OLED_Refresh
<LI><a href="#[bf]">&gt;&gt;</a>&nbsp;&nbsp;&nbsp;OLED_Init
</UL>

<P><STRONG><a name="[8]"></a>PendSV_Handler</STRONG> (Thumb, 2 bytes, Stack size 0 bytes, gd32h7xx_it.o(i.PendSV_Handler))
<BR>[Address Reference Count : 1]<UL><LI> startup_gd32h7xx.o(RESET)
</UL>
<P><STRONG><a name="[6]"></a>SVC_Handler</STRONG> (Thumb, 2 bytes, Stack size 0 bytes, gd32h7xx_it.o(i.SVC_Handler))
<BR>[Address Reference Count : 1]<UL><LI> startup_gd32h7xx.o(RESET)
</UL>
<P><STRONG><a name="[c7]"></a>Send_Byte</STRONG> (Thumb, 88 bytes, Stack size 16 bytes, oled.o(i.Send_Byte))
<BR><BR>[Stack]<UL><LI>Max Depth = 24<LI>Call Chain = Send_Byte &rArr; IIC_delay
</UL>
<BR>[Calls]<UL><LI><a href="#[b7]">&gt;&gt;</a>&nbsp;&nbsp;&nbsp;gpio_bit_set
<LI><a href="#[b9]">&gt;&gt;</a>&nbsp;&nbsp;&nbsp;gpio_bit_reset
<LI><a href="#[b8]">&gt;&gt;</a>&nbsp;&nbsp;&nbsp;IIC_delay
</UL>
<BR>[Called By]<UL><LI><a href="#[c2]">&gt;&gt;</a>&nbsp;&nbsp;&nbsp;OLED_WR_Byte
</UL>

<P><STRONG><a name="[9]"></a>SysTick_Handler</STRONG> (Thumb, 8 bytes, Stack size 8 bytes, gd32h7xx_it.o(i.SysTick_Handler))
<BR><BR>[Stack]<UL><LI>Max Depth = 8<LI>Call Chain = SysTick_Handler
</UL>
<BR>[Calls]<UL><LI><a href="#[c8]">&gt;&gt;</a>&nbsp;&nbsp;&nbsp;delay_decrement
</UL>
<BR>[Address Reference Count : 1]<UL><LI> startup_gd32h7xx.o(RESET)
</UL>
<P><STRONG><a name="[ae]"></a>SystemInit</STRONG> (Thumb, 522 bytes, Stack size 8 bytes, system_gd32h7xx.o(i.SystemInit))
<BR><BR>[Stack]<UL><LI>Max Depth = 16<LI>Call Chain = SystemInit &rArr; system_clock_config
</UL>
<BR>[Calls]<UL><LI><a href="#[ca]">&gt;&gt;</a>&nbsp;&nbsp;&nbsp;nvic_vector_table_set
<LI><a href="#[c9]">&gt;&gt;</a>&nbsp;&nbsp;&nbsp;system_clock_config
</UL>
<BR>[Address Reference Count : 1]<UL><LI> startup_gd32h7xx.o(.text)
</UL>
<P><STRONG><a name="[cb]"></a>System_Init</STRONG> (Thumb, 20 bytes, Stack size 8 bytes, function.o(i.System_Init))
<BR><BR>[Stack]<UL><LI>Max Depth = 280<LI>Call Chain = System_Init &rArr; my_usart_init &rArr; usart_baudrate_set &rArr; rcu_clock_freq_get &rArr; rcu_pll_clock_freq_cal
</UL>
<BR>[Calls]<UL><LI><a href="#[bf]">&gt;&gt;</a>&nbsp;&nbsp;&nbsp;OLED_Init
<LI><a href="#[ce]">&gt;&gt;</a>&nbsp;&nbsp;&nbsp;my_usart_init
<LI><a href="#[cd]">&gt;&gt;</a>&nbsp;&nbsp;&nbsp;systick_config
<LI><a href="#[cc]">&gt;&gt;</a>&nbsp;&nbsp;&nbsp;cache_enable
</UL>
<BR>[Called By]<UL><LI><a href="#[ad]">&gt;&gt;</a>&nbsp;&nbsp;&nbsp;main
</UL>

<P><STRONG><a name="[39]"></a>UART3_IRQHandler</STRONG> (Thumb, 94 bytes, Stack size 8 bytes, usart.o(i.UART3_IRQHandler))
<BR><BR>[Stack]<UL><LI>Max Depth = 24<LI>Call Chain = UART3_IRQHandler &rArr; usart_interrupt_flag_get
</UL>
<BR>[Calls]<UL><LI><a href="#[cf]">&gt;&gt;</a>&nbsp;&nbsp;&nbsp;usart_interrupt_flag_get
<LI><a href="#[d1]">&gt;&gt;</a>&nbsp;&nbsp;&nbsp;usart_interrupt_flag_clear
<LI><a href="#[d0]">&gt;&gt;</a>&nbsp;&nbsp;&nbsp;usart_data_receive
<LI><a href="#[d2]">&gt;&gt;</a>&nbsp;&nbsp;&nbsp;__aeabi_memcpy
</UL>
<BR>[Address Reference Count : 1]<UL><LI> startup_gd32h7xx.o(RESET)
</UL>
<P><STRONG><a name="[5]"></a>UsageFault_Handler</STRONG> (Thumb, 4 bytes, Stack size 0 bytes, gd32h7xx_it.o(i.UsageFault_Handler))
<BR>[Address Reference Count : 1]<UL><LI> startup_gd32h7xx.o(RESET)
</UL>
<P><STRONG><a name="[d3]"></a>UsrFunction</STRONG> (Thumb, 70 bytes, Stack size 8 bytes, function.o(i.UsrFunction))
<BR><BR>[Stack]<UL><LI>Max Depth = 100<LI>Call Chain = UsrFunction &rArr; OLED_ShowString &rArr; OLED_ShowChar &rArr; OLED_DrawPoint
</UL>
<BR>[Calls]<UL><LI><a href="#[c6]">&gt;&gt;</a>&nbsp;&nbsp;&nbsp;OLED_ShowString
<LI><a href="#[be]">&gt;&gt;</a>&nbsp;&nbsp;&nbsp;OLED_Refresh
<LI><a href="#[c1]">&gt;&gt;</a>&nbsp;&nbsp;&nbsp;delay_1ms
<LI><a href="#[d4]">&gt;&gt;</a>&nbsp;&nbsp;&nbsp;__2sprintf
</UL>
<BR>[Called By]<UL><LI><a href="#[ad]">&gt;&gt;</a>&nbsp;&nbsp;&nbsp;main
</UL>

<P><STRONG><a name="[d5]"></a>__0sprintf$1</STRONG> (Thumb, 34 bytes, Stack size 24 bytes, printf1.o(i.__0sprintf$1), UNUSED)
<BR><BR>[Calls]<UL><LI><a href="#[b0]">&gt;&gt;</a>&nbsp;&nbsp;&nbsp;_sputc
<LI><a href="#[d6]">&gt;&gt;</a>&nbsp;&nbsp;&nbsp;_printf_core
</UL>

<P><STRONG><a name="[f6]"></a>__1sprintf$1</STRONG> (Thumb, 0 bytes, Stack size 24 bytes, printf1.o(i.__0sprintf$1), UNUSED)

<P><STRONG><a name="[d4]"></a>__2sprintf</STRONG> (Thumb, 0 bytes, Stack size 24 bytes, printf1.o(i.__0sprintf$1))
<BR><BR>[Stack]<UL><LI>Max Depth = 24<LI>Call Chain = __2sprintf
</UL>
<BR>[Called By]<UL><LI><a href="#[d3]">&gt;&gt;</a>&nbsp;&nbsp;&nbsp;UsrFunction
</UL>

<P><STRONG><a name="[f7]"></a>__scatterload_copy</STRONG> (Thumb, 14 bytes, Stack size unknown bytes, handlers.o(i.__scatterload_copy), UNUSED)

<P><STRONG><a name="[f8]"></a>__scatterload_null</STRONG> (Thumb, 2 bytes, Stack size unknown bytes, handlers.o(i.__scatterload_null), UNUSED)

<P><STRONG><a name="[f9]"></a>__scatterload_zeroinit</STRONG> (Thumb, 14 bytes, Stack size unknown bytes, handlers.o(i.__scatterload_zeroinit), UNUSED)

<P><STRONG><a name="[c1]"></a>delay_1ms</STRONG> (Thumb, 16 bytes, Stack size 0 bytes, systick.o(i.delay_1ms))
<BR><BR>[Called By]<UL><LI><a href="#[bf]">&gt;&gt;</a>&nbsp;&nbsp;&nbsp;OLED_Init
<LI><a href="#[d3]">&gt;&gt;</a>&nbsp;&nbsp;&nbsp;UsrFunction
</UL>

<P><STRONG><a name="[c8]"></a>delay_decrement</STRONG> (Thumb, 18 bytes, Stack size 0 bytes, systick.o(i.delay_decrement))
<BR><BR>[Called By]<UL><LI><a href="#[9]">&gt;&gt;</a>&nbsp;&nbsp;&nbsp;SysTick_Handler
</UL>

<P><STRONG><a name="[da]"></a>gpio_af_set</STRONG> (Thumb, 94 bytes, Stack size 20 bytes, gd32h7xx_gpio.o(i.gpio_af_set))
<BR><BR>[Stack]<UL><LI>Max Depth = 20<LI>Call Chain = gpio_af_set
</UL>
<BR>[Called By]<UL><LI><a href="#[ce]">&gt;&gt;</a>&nbsp;&nbsp;&nbsp;my_usart_init
</UL>

<P><STRONG><a name="[b9]"></a>gpio_bit_reset</STRONG> (Thumb, 4 bytes, Stack size 0 bytes, gd32h7xx_gpio.o(i.gpio_bit_reset))
<BR><BR>[Called By]<UL><LI><a href="#[c7]">&gt;&gt;</a>&nbsp;&nbsp;&nbsp;Send_Byte
<LI><a href="#[bb]">&gt;&gt;</a>&nbsp;&nbsp;&nbsp;I2C_WaitAck
<LI><a href="#[ba]">&gt;&gt;</a>&nbsp;&nbsp;&nbsp;I2C_Stop
<LI><a href="#[b4]">&gt;&gt;</a>&nbsp;&nbsp;&nbsp;I2C_Start
</UL>

<P><STRONG><a name="[b7]"></a>gpio_bit_set</STRONG> (Thumb, 4 bytes, Stack size 0 bytes, gd32h7xx_gpio.o(i.gpio_bit_set))
<BR><BR>[Called By]<UL><LI><a href="#[c7]">&gt;&gt;</a>&nbsp;&nbsp;&nbsp;Send_Byte
<LI><a href="#[bf]">&gt;&gt;</a>&nbsp;&nbsp;&nbsp;OLED_Init
<LI><a href="#[bb]">&gt;&gt;</a>&nbsp;&nbsp;&nbsp;I2C_WaitAck
<LI><a href="#[ba]">&gt;&gt;</a>&nbsp;&nbsp;&nbsp;I2C_Stop
<LI><a href="#[b4]">&gt;&gt;</a>&nbsp;&nbsp;&nbsp;I2C_Start
</UL>

<P><STRONG><a name="[bc]"></a>gpio_input_bit_get</STRONG> (Thumb, 16 bytes, Stack size 0 bytes, gd32h7xx_gpio.o(i.gpio_input_bit_get))
<BR><BR>[Called By]<UL><LI><a href="#[bb]">&gt;&gt;</a>&nbsp;&nbsp;&nbsp;I2C_WaitAck
</UL>

<P><STRONG><a name="[b5]"></a>gpio_mode_set</STRONG> (Thumb, 78 bytes, Stack size 20 bytes, gd32h7xx_gpio.o(i.gpio_mode_set))
<BR><BR>[Stack]<UL><LI>Max Depth = 20<LI>Call Chain = gpio_mode_set
</UL>
<BR>[Called By]<UL><LI><a href="#[bf]">&gt;&gt;</a>&nbsp;&nbsp;&nbsp;OLED_Init
<LI><a href="#[bb]">&gt;&gt;</a>&nbsp;&nbsp;&nbsp;I2C_WaitAck
<LI><a href="#[ba]">&gt;&gt;</a>&nbsp;&nbsp;&nbsp;I2C_Stop
<LI><a href="#[b4]">&gt;&gt;</a>&nbsp;&nbsp;&nbsp;I2C_Start
<LI><a href="#[ce]">&gt;&gt;</a>&nbsp;&nbsp;&nbsp;my_usart_init
</UL>

<P><STRONG><a name="[b6]"></a>gpio_output_options_set</STRONG> (Thumb, 66 bytes, Stack size 20 bytes, gd32h7xx_gpio.o(i.gpio_output_options_set))
<BR><BR>[Stack]<UL><LI>Max Depth = 20<LI>Call Chain = gpio_output_options_set
</UL>
<BR>[Called By]<UL><LI><a href="#[bf]">&gt;&gt;</a>&nbsp;&nbsp;&nbsp;OLED_Init
<LI><a href="#[bb]">&gt;&gt;</a>&nbsp;&nbsp;&nbsp;I2C_WaitAck
<LI><a href="#[ba]">&gt;&gt;</a>&nbsp;&nbsp;&nbsp;I2C_Stop
<LI><a href="#[b4]">&gt;&gt;</a>&nbsp;&nbsp;&nbsp;I2C_Start
<LI><a href="#[ce]">&gt;&gt;</a>&nbsp;&nbsp;&nbsp;my_usart_init
</UL>

<P><STRONG><a name="[ad]"></a>main</STRONG> (Thumb, 14 bytes, Stack size 8 bytes, main.o(i.main))
<BR><BR>[Stack]<UL><LI>Max Depth = 288<LI>Call Chain = main &rArr; System_Init &rArr; my_usart_init &rArr; usart_baudrate_set &rArr; rcu_clock_freq_get &rArr; rcu_pll_clock_freq_cal
</UL>
<BR>[Calls]<UL><LI><a href="#[d3]">&gt;&gt;</a>&nbsp;&nbsp;&nbsp;UsrFunction
<LI><a href="#[cb]">&gt;&gt;</a>&nbsp;&nbsp;&nbsp;System_Init
</UL>
<BR>[Address Reference Count : 1]<UL><LI> entry9a.o(.ARM.Collect$$$$0000000B)
</UL>
<P><STRONG><a name="[ce]"></a>my_usart_init</STRONG> (Thumb, 200 bytes, Stack size 8 bytes, usart.o(i.my_usart_init))
<BR><BR>[Stack]<UL><LI>Max Depth = 272<LI>Call Chain = my_usart_init &rArr; usart_baudrate_set &rArr; rcu_clock_freq_get &rArr; rcu_pll_clock_freq_cal
</UL>
<BR>[Calls]<UL><LI><a href="#[dc]">&gt;&gt;</a>&nbsp;&nbsp;&nbsp;usart_word_length_set
<LI><a href="#[e1]">&gt;&gt;</a>&nbsp;&nbsp;&nbsp;usart_transmit_config
<LI><a href="#[dd]">&gt;&gt;</a>&nbsp;&nbsp;&nbsp;usart_stop_bit_set
<LI><a href="#[e0]">&gt;&gt;</a>&nbsp;&nbsp;&nbsp;usart_receive_config
<LI><a href="#[de]">&gt;&gt;</a>&nbsp;&nbsp;&nbsp;usart_parity_config
<LI><a href="#[d1]">&gt;&gt;</a>&nbsp;&nbsp;&nbsp;usart_interrupt_flag_clear
<LI><a href="#[e3]">&gt;&gt;</a>&nbsp;&nbsp;&nbsp;usart_interrupt_enable
<LI><a href="#[e2]">&gt;&gt;</a>&nbsp;&nbsp;&nbsp;usart_enable
<LI><a href="#[db]">&gt;&gt;</a>&nbsp;&nbsp;&nbsp;usart_deinit
<LI><a href="#[df]">&gt;&gt;</a>&nbsp;&nbsp;&nbsp;usart_baudrate_set
<LI><a href="#[c0]">&gt;&gt;</a>&nbsp;&nbsp;&nbsp;rcu_periph_clock_enable
<LI><a href="#[d8]">&gt;&gt;</a>&nbsp;&nbsp;&nbsp;nvic_priority_group_set
<LI><a href="#[d9]">&gt;&gt;</a>&nbsp;&nbsp;&nbsp;nvic_irq_enable
<LI><a href="#[b6]">&gt;&gt;</a>&nbsp;&nbsp;&nbsp;gpio_output_options_set
<LI><a href="#[b5]">&gt;&gt;</a>&nbsp;&nbsp;&nbsp;gpio_mode_set
<LI><a href="#[da]">&gt;&gt;</a>&nbsp;&nbsp;&nbsp;gpio_af_set
</UL>
<BR>[Called By]<UL><LI><a href="#[cb]">&gt;&gt;</a>&nbsp;&nbsp;&nbsp;System_Init
</UL>

<P><STRONG><a name="[d9]"></a>nvic_irq_enable</STRONG> (Thumb, 166 bytes, Stack size 24 bytes, gd32h7xx_misc.o(i.nvic_irq_enable))
<BR><BR>[Stack]<UL><LI>Max Depth = 24<LI>Call Chain = nvic_irq_enable
</UL>
<BR>[Calls]<UL><LI><a href="#[d8]">&gt;&gt;</a>&nbsp;&nbsp;&nbsp;nvic_priority_group_set
</UL>
<BR>[Called By]<UL><LI><a href="#[ce]">&gt;&gt;</a>&nbsp;&nbsp;&nbsp;my_usart_init
</UL>

<P><STRONG><a name="[d8]"></a>nvic_priority_group_set</STRONG> (Thumb, 10 bytes, Stack size 0 bytes, gd32h7xx_misc.o(i.nvic_priority_group_set))
<BR><BR>[Called By]<UL><LI><a href="#[d9]">&gt;&gt;</a>&nbsp;&nbsp;&nbsp;nvic_irq_enable
<LI><a href="#[ce]">&gt;&gt;</a>&nbsp;&nbsp;&nbsp;my_usart_init
</UL>

<P><STRONG><a name="[ca]"></a>nvic_vector_table_set</STRONG> (Thumb, 16 bytes, Stack size 0 bytes, gd32h7xx_misc.o(i.nvic_vector_table_set))
<BR><BR>[Called By]<UL><LI><a href="#[ae]">&gt;&gt;</a>&nbsp;&nbsp;&nbsp;SystemInit
</UL>

<P><STRONG><a name="[e4]"></a>rcu_clock_freq_get</STRONG> (Thumb, 2126 bytes, Stack size 224 bytes, gd32h7xx_rcu.o(i.rcu_clock_freq_get))
<BR><BR>[Stack]<UL><LI>Max Depth = 232<LI>Call Chain = rcu_clock_freq_get &rArr; rcu_pll_clock_freq_cal
</UL>
<BR>[Calls]<UL><LI><a href="#[e6]">&gt;&gt;</a>&nbsp;&nbsp;&nbsp;rcu_pll_clock_freq_cal
<LI><a href="#[e5]">&gt;&gt;</a>&nbsp;&nbsp;&nbsp;rcu_irc64mdiv_freq_get
</UL>
<BR>[Called By]<UL><LI><a href="#[df]">&gt;&gt;</a>&nbsp;&nbsp;&nbsp;usart_baudrate_set
</UL>

<P><STRONG><a name="[e5]"></a>rcu_irc64mdiv_freq_get</STRONG> (Thumb, 70 bytes, Stack size 0 bytes, gd32h7xx_rcu.o(i.rcu_irc64mdiv_freq_get))
<BR><BR>[Called By]<UL><LI><a href="#[e4]">&gt;&gt;</a>&nbsp;&nbsp;&nbsp;rcu_clock_freq_get
</UL>

<P><STRONG><a name="[c0]"></a>rcu_periph_clock_enable</STRONG> (Thumb, 32 bytes, Stack size 0 bytes, gd32h7xx_rcu.o(i.rcu_periph_clock_enable))
<BR><BR>[Called By]<UL><LI><a href="#[bf]">&gt;&gt;</a>&nbsp;&nbsp;&nbsp;OLED_Init
<LI><a href="#[ce]">&gt;&gt;</a>&nbsp;&nbsp;&nbsp;my_usart_init
</UL>

<P><STRONG><a name="[ea]"></a>rcu_periph_reset_disable</STRONG> (Thumb, 32 bytes, Stack size 0 bytes, gd32h7xx_rcu.o(i.rcu_periph_reset_disable))
<BR><BR>[Called By]<UL><LI><a href="#[db]">&gt;&gt;</a>&nbsp;&nbsp;&nbsp;usart_deinit
</UL>

<P><STRONG><a name="[e9]"></a>rcu_periph_reset_enable</STRONG> (Thumb, 32 bytes, Stack size 0 bytes, gd32h7xx_rcu.o(i.rcu_periph_reset_enable))
<BR><BR>[Called By]<UL><LI><a href="#[db]">&gt;&gt;</a>&nbsp;&nbsp;&nbsp;usart_deinit
</UL>

<P><STRONG><a name="[cd]"></a>systick_config</STRONG> (Thumb, 74 bytes, Stack size 8 bytes, systick.o(i.systick_config))
<BR><BR>[Stack]<UL><LI>Max Depth = 16<LI>Call Chain = systick_config &rArr; __NVIC_SetPriority
</UL>
<BR>[Calls]<UL><LI><a href="#[e8]">&gt;&gt;</a>&nbsp;&nbsp;&nbsp;__NVIC_SetPriority
</UL>
<BR>[Called By]<UL><LI><a href="#[cb]">&gt;&gt;</a>&nbsp;&nbsp;&nbsp;System_Init
</UL>

<P><STRONG><a name="[df]"></a>usart_baudrate_set</STRONG> (Thumb, 224 bytes, Stack size 32 bytes, gd32h7xx_usart.o(i.usart_baudrate_set))
<BR><BR>[Stack]<UL><LI>Max Depth = 264<LI>Call Chain = usart_baudrate_set &rArr; rcu_clock_freq_get &rArr; rcu_pll_clock_freq_cal
</UL>
<BR>[Calls]<UL><LI><a href="#[e4]">&gt;&gt;</a>&nbsp;&nbsp;&nbsp;rcu_clock_freq_get
</UL>
<BR>[Called By]<UL><LI><a href="#[ce]">&gt;&gt;</a>&nbsp;&nbsp;&nbsp;my_usart_init
</UL>

<P><STRONG><a name="[d0]"></a>usart_data_receive</STRONG> (Thumb, 10 bytes, Stack size 0 bytes, gd32h7xx_usart.o(i.usart_data_receive))
<BR><BR>[Called By]<UL><LI><a href="#[39]">&gt;&gt;</a>&nbsp;&nbsp;&nbsp;UART3_IRQHandler
</UL>

<P><STRONG><a name="[db]"></a>usart_deinit</STRONG> (Thumb, 210 bytes, Stack size 8 bytes, gd32h7xx_usart.o(i.usart_deinit))
<BR><BR>[Stack]<UL><LI>Max Depth = 8<LI>Call Chain = usart_deinit
</UL>
<BR>[Calls]<UL><LI><a href="#[e9]">&gt;&gt;</a>&nbsp;&nbsp;&nbsp;rcu_periph_reset_enable
<LI><a href="#[ea]">&gt;&gt;</a>&nbsp;&nbsp;&nbsp;rcu_periph_reset_disable
</UL>
<BR>[Called By]<UL><LI><a href="#[ce]">&gt;&gt;</a>&nbsp;&nbsp;&nbsp;my_usart_init
</UL>

<P><STRONG><a name="[e2]"></a>usart_enable</STRONG> (Thumb, 10 bytes, Stack size 0 bytes, gd32h7xx_usart.o(i.usart_enable))
<BR><BR>[Called By]<UL><LI><a href="#[ce]">&gt;&gt;</a>&nbsp;&nbsp;&nbsp;my_usart_init
</UL>

<P><STRONG><a name="[e3]"></a>usart_interrupt_enable</STRONG> (Thumb, 26 bytes, Stack size 8 bytes, gd32h7xx_usart.o(i.usart_interrupt_enable))
<BR><BR>[Stack]<UL><LI>Max Depth = 8<LI>Call Chain = usart_interrupt_enable
</UL>
<BR>[Called By]<UL><LI><a href="#[ce]">&gt;&gt;</a>&nbsp;&nbsp;&nbsp;my_usart_init
</UL>

<P><STRONG><a name="[d1]"></a>usart_interrupt_flag_clear</STRONG> (Thumb, 78 bytes, Stack size 8 bytes, gd32h7xx_usart.o(i.usart_interrupt_flag_clear))
<BR><BR>[Stack]<UL><LI>Max Depth = 8<LI>Call Chain = usart_interrupt_flag_clear
</UL>
<BR>[Called By]<UL><LI><a href="#[ce]">&gt;&gt;</a>&nbsp;&nbsp;&nbsp;my_usart_init
<LI><a href="#[39]">&gt;&gt;</a>&nbsp;&nbsp;&nbsp;UART3_IRQHandler
</UL>

<P><STRONG><a name="[cf]"></a>usart_interrupt_flag_get</STRONG> (Thumb, 56 bytes, Stack size 16 bytes, gd32h7xx_usart.o(i.usart_interrupt_flag_get))
<BR><BR>[Stack]<UL><LI>Max Depth = 16<LI>Call Chain = usart_interrupt_flag_get
</UL>
<BR>[Called By]<UL><LI><a href="#[39]">&gt;&gt;</a>&nbsp;&nbsp;&nbsp;UART3_IRQHandler
</UL>

<P><STRONG><a name="[de]"></a>usart_parity_config</STRONG> (Thumb, 24 bytes, Stack size 0 bytes, gd32h7xx_usart.o(i.usart_parity_config))
<BR><BR>[Called By]<UL><LI><a href="#[ce]">&gt;&gt;</a>&nbsp;&nbsp;&nbsp;my_usart_init
</UL>

<P><STRONG><a name="[e0]"></a>usart_receive_config</STRONG> (Thumb, 16 bytes, Stack size 0 bytes, gd32h7xx_usart.o(i.usart_receive_config))
<BR><BR>[Called By]<UL><LI><a href="#[ce]">&gt;&gt;</a>&nbsp;&nbsp;&nbsp;my_usart_init
</UL>

<P><STRONG><a name="[dd]"></a>usart_stop_bit_set</STRONG> (Thumb, 24 bytes, Stack size 0 bytes, gd32h7xx_usart.o(i.usart_stop_bit_set))
<BR><BR>[Called By]<UL><LI><a href="#[ce]">&gt;&gt;</a>&nbsp;&nbsp;&nbsp;my_usart_init
</UL>

<P><STRONG><a name="[e1]"></a>usart_transmit_config</STRONG> (Thumb, 16 bytes, Stack size 0 bytes, gd32h7xx_usart.o(i.usart_transmit_config))
<BR><BR>[Called By]<UL><LI><a href="#[ce]">&gt;&gt;</a>&nbsp;&nbsp;&nbsp;my_usart_init
</UL>

<P><STRONG><a name="[dc]"></a>usart_word_length_set</STRONG> (Thumb, 24 bytes, Stack size 0 bytes, gd32h7xx_usart.o(i.usart_word_length_set))
<BR><BR>[Called By]<UL><LI><a href="#[ce]">&gt;&gt;</a>&nbsp;&nbsp;&nbsp;my_usart_init
</UL>
<P>
<H3>
Local Symbols
</H3>
<P><STRONG><a name="[e8]"></a>__NVIC_SetPriority</STRONG> (Thumb, 32 bytes, Stack size 8 bytes, systick.o(i.__NVIC_SetPriority))
<BR><BR>[Stack]<UL><LI>Max Depth = 8<LI>Call Chain = __NVIC_SetPriority
</UL>
<BR>[Called By]<UL><LI><a href="#[cd]">&gt;&gt;</a>&nbsp;&nbsp;&nbsp;systick_config
</UL>

<P><STRONG><a name="[cc]"></a>cache_enable</STRONG> (Thumb, 174 bytes, Stack size 8 bytes, function.o(i.cache_enable))
<BR><BR>[Stack]<UL><LI>Max Depth = 8<LI>Call Chain = cache_enable
</UL>
<BR>[Called By]<UL><LI><a href="#[cb]">&gt;&gt;</a>&nbsp;&nbsp;&nbsp;System_Init
</UL>

<P><STRONG><a name="[e7]"></a>system_clock_600m_hxtal</STRONG> (Thumb, 294 bytes, Stack size 0 bytes, system_gd32h7xx.o(i.system_clock_600m_hxtal))
<BR><BR>[Called By]<UL><LI><a href="#[c9]">&gt;&gt;</a>&nbsp;&nbsp;&nbsp;system_clock_config
</UL>

<P><STRONG><a name="[c9]"></a>system_clock_config</STRONG> (Thumb, 8 bytes, Stack size 8 bytes, system_gd32h7xx.o(i.system_clock_config))
<BR><BR>[Stack]<UL><LI>Max Depth = 8<LI>Call Chain = system_clock_config
</UL>
<BR>[Calls]<UL><LI><a href="#[e7]">&gt;&gt;</a>&nbsp;&nbsp;&nbsp;system_clock_600m_hxtal
</UL>
<BR>[Called By]<UL><LI><a href="#[ae]">&gt;&gt;</a>&nbsp;&nbsp;&nbsp;SystemInit
</UL>

<P><STRONG><a name="[e6]"></a>rcu_pll_clock_freq_cal</STRONG> (Thumb, 86 bytes, Stack size 8 bytes, gd32h7xx_rcu.o(i.rcu_pll_clock_freq_cal))
<BR><BR>[Stack]<UL><LI>Max Depth = 8<LI>Call Chain = rcu_pll_clock_freq_cal
</UL>
<BR>[Called By]<UL><LI><a href="#[e4]">&gt;&gt;</a>&nbsp;&nbsp;&nbsp;rcu_clock_freq_get
</UL>

<P><STRONG><a name="[d6]"></a>_printf_core</STRONG> (Thumb, 336 bytes, Stack size 88 bytes, printf1.o(i._printf_core), UNUSED)
<BR><BR>[Calls]<UL><LI><a href="#[d7]">&gt;&gt;</a>&nbsp;&nbsp;&nbsp;__aeabi_uidivmod
</UL>
<BR>[Called By]<UL><LI><a href="#[d5]">&gt;&gt;</a>&nbsp;&nbsp;&nbsp;__0sprintf$1
</UL>

<P><STRONG><a name="[b0]"></a>_sputc</STRONG> (Thumb, 10 bytes, Stack size 0 bytes, printf1.o(i._sputc))
<BR><BR>[Called By]<UL><LI><a href="#[d5]">&gt;&gt;</a>&nbsp;&nbsp;&nbsp;__0sprintf$1
</UL>
<BR>[Address Reference Count : 1]<UL><LI> printf1.o(i.__0sprintf$1)
</UL><P>
<H3>
Undefined Global Symbols
</H3><HR></body></html>
