Component: ARM Compiler 5.06 update 7 (build 960) Tool: armlink [4d3601]

==============================================================================

Section Cross References

    main.o(i.main) refers to function.o(i.System_Init) for System_Init
    main.o(i.main) refers to function.o(i.UsrFunction) for UsrFunction
    gd32h7xx_it.o(i.SysTick_Handler) refers to systick.o(i.delay_decrement) for delay_decrement
    systick.o(i.delay_1ms) refers to systick.o(.data) for delay
    systick.o(i.delay_decrement) refers to systick.o(.data) for delay
    systick.o(i.systick_config) refers to systick.o(i.__NVIC_SetPriority) for __NVIC_SetPriority
    systick.o(i.systick_config) refers to system_gd32h7xx.o(.data) for SystemCoreClock
    usart.o(i.UART3_IRQHandler) refers to gd32h7xx_usart.o(i.usart_interrupt_flag_get) for usart_interrupt_flag_get
    usart.o(i.UART3_IRQHandler) refers to gd32h7xx_usart.o(i.usart_data_receive) for usart_data_receive
    usart.o(i.UART3_IRQHandler) refers to gd32h7xx_usart.o(i.usart_interrupt_flag_clear) for usart_interrupt_flag_clear
    usart.o(i.UART3_IRQHandler) refers to memcpya.o(.text) for __aeabi_memcpy
    usart.o(i.UART3_IRQHandler) refers to usart.o(.data) for recv_len
    usart.o(i.UART3_IRQHandler) refers to usart.o(.bss) for recv_buf
    usart.o(i.fputc) refers to gd32h7xx_usart.o(i.usart_data_transmit) for usart_data_transmit
    usart.o(i.fputc) refers to gd32h7xx_usart.o(i.usart_flag_get) for usart_flag_get
    usart.o(i.my_usart_init) refers to gd32h7xx_misc.o(i.nvic_priority_group_set) for nvic_priority_group_set
    usart.o(i.my_usart_init) refers to gd32h7xx_misc.o(i.nvic_irq_enable) for nvic_irq_enable
    usart.o(i.my_usart_init) refers to gd32h7xx_rcu.o(i.rcu_periph_clock_enable) for rcu_periph_clock_enable
    usart.o(i.my_usart_init) refers to gd32h7xx_gpio.o(i.gpio_af_set) for gpio_af_set
    usart.o(i.my_usart_init) refers to gd32h7xx_gpio.o(i.gpio_mode_set) for gpio_mode_set
    usart.o(i.my_usart_init) refers to gd32h7xx_gpio.o(i.gpio_output_options_set) for gpio_output_options_set
    usart.o(i.my_usart_init) refers to gd32h7xx_usart.o(i.usart_deinit) for usart_deinit
    usart.o(i.my_usart_init) refers to gd32h7xx_usart.o(i.usart_word_length_set) for usart_word_length_set
    usart.o(i.my_usart_init) refers to gd32h7xx_usart.o(i.usart_stop_bit_set) for usart_stop_bit_set
    usart.o(i.my_usart_init) refers to gd32h7xx_usart.o(i.usart_parity_config) for usart_parity_config
    usart.o(i.my_usart_init) refers to gd32h7xx_usart.o(i.usart_baudrate_set) for usart_baudrate_set
    usart.o(i.my_usart_init) refers to gd32h7xx_usart.o(i.usart_receive_config) for usart_receive_config
    usart.o(i.my_usart_init) refers to gd32h7xx_usart.o(i.usart_transmit_config) for usart_transmit_config
    usart.o(i.my_usart_init) refers to gd32h7xx_usart.o(i.usart_enable) for usart_enable
    usart.o(i.my_usart_init) refers to gd32h7xx_usart.o(i.usart_interrupt_enable) for usart_interrupt_enable
    usart.o(i.my_usart_init) refers to gd32h7xx_usart.o(i.usart_interrupt_flag_clear) for usart_interrupt_flag_clear
    oled.o(i.I2C_Start) refers to gd32h7xx_gpio.o(i.gpio_mode_set) for gpio_mode_set
    oled.o(i.I2C_Start) refers to gd32h7xx_gpio.o(i.gpio_output_options_set) for gpio_output_options_set
    oled.o(i.I2C_Start) refers to gd32h7xx_gpio.o(i.gpio_bit_set) for gpio_bit_set
    oled.o(i.I2C_Start) refers to oled.o(i.IIC_delay) for IIC_delay
    oled.o(i.I2C_Start) refers to gd32h7xx_gpio.o(i.gpio_bit_reset) for gpio_bit_reset
    oled.o(i.I2C_Stop) refers to gd32h7xx_gpio.o(i.gpio_mode_set) for gpio_mode_set
    oled.o(i.I2C_Stop) refers to gd32h7xx_gpio.o(i.gpio_output_options_set) for gpio_output_options_set
    oled.o(i.I2C_Stop) refers to gd32h7xx_gpio.o(i.gpio_bit_reset) for gpio_bit_reset
    oled.o(i.I2C_Stop) refers to gd32h7xx_gpio.o(i.gpio_bit_set) for gpio_bit_set
    oled.o(i.I2C_Stop) refers to oled.o(i.IIC_delay) for IIC_delay
    oled.o(i.I2C_WaitAck) refers to gd32h7xx_gpio.o(i.gpio_bit_set) for gpio_bit_set
    oled.o(i.I2C_WaitAck) refers to oled.o(i.IIC_delay) for IIC_delay
    oled.o(i.I2C_WaitAck) refers to gd32h7xx_gpio.o(i.gpio_mode_set) for gpio_mode_set
    oled.o(i.I2C_WaitAck) refers to oled.o(i.I2C_Stop) for I2C_Stop
    oled.o(i.I2C_WaitAck) refers to gd32h7xx_gpio.o(i.gpio_input_bit_get) for gpio_input_bit_get
    oled.o(i.I2C_WaitAck) refers to gd32h7xx_gpio.o(i.gpio_bit_reset) for gpio_bit_reset
    oled.o(i.I2C_WaitAck) refers to gd32h7xx_gpio.o(i.gpio_output_options_set) for gpio_output_options_set
    oled.o(i.OLED_Clear) refers to oled.o(i.OLED_Refresh) for OLED_Refresh
    oled.o(i.OLED_Clear) refers to oled.o(.bss) for OLED_GRAM
    oled.o(i.OLED_ClearPoint) refers to oled.o(.bss) for OLED_GRAM
    oled.o(i.OLED_ColorTurn) refers to oled.o(i.OLED_WR_Byte) for OLED_WR_Byte
    oled.o(i.OLED_DisPlay_Off) refers to oled.o(i.OLED_WR_Byte) for OLED_WR_Byte
    oled.o(i.OLED_DisPlay_On) refers to oled.o(i.OLED_WR_Byte) for OLED_WR_Byte
[...]
    Removing gd32h7xx_timer.o(i.timer_channel_input_struct_para_init), (16 bytes).
    Removing gd32h7xx_timer.o(i.timer_channel_output_clear_config), (178 bytes).
    Removing gd32h7xx_timer.o(i.timer_channel_output_config), (688 bytes).
    Removing gd32h7xx_timer.o(i.timer_channel_output_mode_config), (188 bytes).
    Removing gd32h7xx_timer.o(i.timer_channel_output_polarity_config), (182 bytes).
    Removing gd32h7xx_timer.o(i.timer_channel_output_pulse_value_config), (74 bytes).
    Removing gd32h7xx_timer.o(i.timer_channel_output_shadow_config), (178 bytes).
    Removing gd32h7xx_timer.o(i.timer_channel_output_state_config), (182 bytes).
    Removing gd32h7xx_timer.o(i.timer_channel_output_struct_para_init), (16 bytes).
    Removing gd32h7xx_timer.o(i.timer_commutation_control_shadow_register_config), (34 bytes).
    Removing gd32h7xx_timer.o(i.timer_counter_alignment), (16 bytes).
    Removing gd32h7xx_timer.o(i.timer_counter_down_direction), (10 bytes).
    Removing gd32h7xx_timer.o(i.timer_counter_read), (76 bytes).
    Removing gd32h7xx_timer.o(i.timer_counter_up_direction), (10 bytes).
    Removing gd32h7xx_timer.o(i.timer_counter_value_config), (72 bytes).
    Removing gd32h7xx_timer.o(i.timer_decoder_disconnection_detection_config), (24 bytes).
    Removing gd32h7xx_timer.o(i.timer_decoder_jump_detection_config), (24 bytes).
    Removing gd32h7xx_timer.o(i.timer_deinit), (616 bytes).
    Removing gd32h7xx_timer.o(i.timer_delayable_single_pulse_mode_config), (274 bytes).
    Removing gd32h7xx_timer.o(i.timer_disable), (10 bytes).
    Removing gd32h7xx_timer.o(i.timer_dma_disable), (8 bytes).
    Removing gd32h7xx_timer.o(i.timer_dma_enable), (8 bytes).
    Removing gd32h7xx_timer.o(i.timer_dma_transfer_config), (28 bytes).
    Removing gd32h7xx_timer.o(i.timer_enable), (10 bytes).
    Removing gd32h7xx_timer.o(i.timer_event_software_generate), (8 bytes).
    Removing gd32h7xx_timer.o(i.timer_external_clock_mode0_config), (40 bytes).
    Removing gd32h7xx_timer.o(i.timer_external_clock_mode1_config), (32 bytes).
    Removing gd32h7xx_timer.o(i.timer_external_clock_mode1_disable), (10 bytes).
    Removing gd32h7xx_timer.o(i.timer_external_trigger_as_external_clock_config), (676 bytes).
    Removing gd32h7xx_timer.o(i.timer_external_trigger_config), (30 bytes).
    Removing gd32h7xx_timer.o(i.timer_flag_clear), (6 bytes).
    Removing gd32h7xx_timer.o(i.timer_flag_get), (16 bytes).
    Removing gd32h7xx_timer.o(i.timer_free_complementary_struct_para_init), (12 bytes).
    Removing gd32h7xx_timer.o(i.timer_hall_mode_config), (26 bytes).
    Removing gd32h7xx_timer.o(i.timer_init), (364 bytes).
    Removing gd32h7xx_timer.o(i.timer_input_capture_config), (924 bytes).
    Removing gd32h7xx_timer.o(i.timer_input_pwm_capture_config), (364 bytes).
    Removing gd32h7xx_timer.o(i.timer_input_trigger_source_select), (804 bytes).
    Removing gd32h7xx_timer.o(i.timer_internal_clock_config), (14 bytes).
    Removing gd32h7xx_timer.o(i.timer_internal_trigger_as_external_clock_config), (24 bytes).
    Removing gd32h7xx_timer.o(i.timer_interrupt_disable), (8 bytes).
    Removing gd32h7xx_timer.o(i.timer_interrupt_enable), (8 bytes).
    Removing gd32h7xx_timer.o(i.timer_interrupt_flag_clear), (6 bytes).
    Removing gd32h7xx_timer.o(i.timer_interrupt_flag_get), (52 bytes).
    Removing gd32h7xx_timer.o(i.timer_master_output0_trigger_source_select), (14 bytes).
    Removing gd32h7xx_timer.o(i.timer_master_output1_trigger_source_select), (14 bytes).
    Removing gd32h7xx_timer.o(i.timer_master_slave_mode_config), (26 bytes).
    Removing gd32h7xx_timer.o(i.timer_multi_mode_channel_mode_config), (42 bytes).
    Removing gd32h7xx_timer.o(i.timer_multi_mode_channel_output_config), (288 bytes).
    Removing gd32h7xx_timer.o(i.timer_multi_mode_channel_output_parameter_struct_init), (14 bytes).
    Removing gd32h7xx_timer.o(i.timer_non_quadrature_decoder_mode_config), (56 bytes).
    Removing gd32h7xx_timer.o(i.timer_output_match_pulse_select), (70 bytes).
    Removing gd32h7xx_timer.o(i.timer_output_value_selection_config), (34 bytes).
    Removing gd32h7xx_timer.o(i.timer_prescaler_config), (16 bytes).
    Removing gd32h7xx_timer.o(i.timer_prescaler_read), (10 bytes).
    Removing gd32h7xx_timer.o(i.timer_primary_output_config), (24 bytes).
    Removing gd32h7xx_timer.o(i.timer_quadrature_decoder_mode_config), (68 bytes).
    Removing gd32h7xx_timer.o(i.timer_repetition_value_config), (38 bytes).
    Removing gd32h7xx_timer.o(i.timer_runtime_repetition_value_read), (8 bytes).
    Removing gd32h7xx_timer.o(i.timer_single_pulse_mode_config), (26 bytes).
    Removing gd32h7xx_timer.o(i.timer_slave_mode_select), (1196 bytes).
    Removing gd32h7xx_timer.o(i.timer_struct_para_init), (20 bytes).
    Removing gd32h7xx_timer.o(i.timer_update_event_disable), (10 bytes).
    Removing gd32h7xx_timer.o(i.timer_update_event_enable), (10 bytes).
    Removing gd32h7xx_timer.o(i.timer_update_source_config), (26 bytes).
    Removing gd32h7xx_timer.o(i.timer_upif_backup_config), (24 bytes).
    Removing gd32h7xx_timer.o(i.timer_upifbu_bit_get), (68 bytes).
    Removing gd32h7xx_timer.o(i.timer_watchdog_value_config), (6 bytes).
    Removing gd32h7xx_timer.o(i.timer_watchdog_value_read), (8 bytes).
    Removing gd32h7xx_timer.o(i.timer_write_chxval_register_config), (34 bytes).
    Removing gd32h7xx_tli.o(.rev16_text), (4 bytes).
    Removing gd32h7xx_tli.o(.revsh_text), (4 bytes).
    Removing gd32h7xx_tli.o(.rrx_text), (6 bytes).
    Removing gd32h7xx_tli.o(i.tli_color_key_disable), (10 bytes).
    Removing gd32h7xx_tli.o(i.tli_color_key_enable), (10 bytes).
    Removing gd32h7xx_tli.o(i.tli_color_key_init), (14 bytes).
    Removing gd32h7xx_tli.o(i.tli_current_pos_get), (12 bytes).
    Removing gd32h7xx_tli.o(i.tli_deinit), (20 bytes).
    Removing gd32h7xx_tli.o(i.tli_disable), (20 bytes).
    Removing gd32h7xx_tli.o(i.tli_dither_config), (36 bytes).
    Removing gd32h7xx_tli.o(i.tli_enable), (20 bytes).
    Removing gd32h7xx_tli.o(i.tli_flag_get), (36 bytes).
    Removing gd32h7xx_tli.o(i.tli_init), (160 bytes).
    Removing gd32h7xx_tli.o(i.tli_interrupt_disable), (16 bytes).
    Removing gd32h7xx_tli.o(i.tli_interrupt_enable), (16 bytes).
    Removing gd32h7xx_tli.o(i.tli_interrupt_flag_clear), (16 bytes).
    Removing gd32h7xx_tli.o(i.tli_interrupt_flag_get), (36 bytes).
    Removing gd32h7xx_tli.o(i.tli_layer_disable), (10 bytes).
    Removing gd32h7xx_tli.o(i.tli_layer_enable), (10 bytes).
    Removing gd32h7xx_tli.o(i.tli_layer_init), (148 bytes).
    Removing gd32h7xx_tli.o(i.tli_layer_struct_para_init), (48 bytes).
    Removing gd32h7xx_tli.o(i.tli_layer_window_offset_modify), (228 bytes).
    Removing gd32h7xx_tli.o(i.tli_line_mark_set), (24 bytes).
    Removing gd32h7xx_tli.o(i.tli_lut_disable), (10 bytes).
    Removing gd32h7xx_tli.o(i.tli_lut_enable), (10 bytes).
    Removing gd32h7xx_tli.o(i.tli_lut_init), (24 bytes).
    Removing gd32h7xx_tli.o(i.tli_lut_struct_para_init), (12 bytes).
    Removing gd32h7xx_tli.o(i.tli_reload_config), (36 bytes).
    Removing gd32h7xx_tli.o(i.tli_struct_para_init), (34 bytes).
    Removing gd32h7xx_tmu.o(.rev16_text), (4 bytes).
    Removing gd32h7xx_tmu.o(.revsh_text), (4 bytes).
    Removing gd32h7xx_tmu.o(.rrx_text), (6 bytes).
    Removing gd32h7xx_tmu.o(i.tmu_deinit), (20 bytes).
    Removing gd32h7xx_tmu.o(i.tmu_dma_read_disable), (20 bytes).
    Removing gd32h7xx_tmu.o(i.tmu_dma_read_enable), (20 bytes).
    Removing gd32h7xx_tmu.o(i.tmu_dma_write_disable), (20 bytes).
    Removing gd32h7xx_tmu.o(i.tmu_dma_write_enable), (20 bytes).
    Removing gd32h7xx_tmu.o(i.tmu_init), (48 bytes).
    Removing gd32h7xx_tmu.o(i.tmu_one_q31_read), (12 bytes).
    Removing gd32h7xx_tmu.o(i.tmu_one_q31_write), (12 bytes).
    Removing gd32h7xx_tmu.o(i.tmu_read_interrupt_disable), (20 bytes).
    Removing gd32h7xx_tmu.o(i.tmu_read_interrupt_enable), (20 bytes).
    Removing gd32h7xx_tmu.o(i.tmu_struct_para_init), (26 bytes).
    Removing gd32h7xx_tmu.o(i.tmu_two_q15_read), (16 bytes).
    Removing gd32h7xx_tmu.o(i.tmu_two_q15_write), (16 bytes).
    Removing gd32h7xx_tmu.o(i.tmu_two_q31_read), (20 bytes).
    Removing gd32h7xx_tmu.o(i.tmu_two_q31_write), (12 bytes).
    Removing gd32h7xx_trigsel.o(.rev16_text), (4 bytes).
    Removing gd32h7xx_trigsel.o(.revsh_text), (4 bytes).
    Removing gd32h7xx_trigsel.o(.rrx_text), (6 bytes).
    Removing gd32h7xx_trigsel.o(i.trigsel_deinit), (20 bytes).
    Removing gd32h7xx_trigsel.o(i.trigsel_init), (96 bytes).
    Removing gd32h7xx_trigsel.o(i.trigsel_register_lock_get), (32 bytes).
    Removing gd32h7xx_trigsel.o(i.trigsel_register_lock_set), (36 bytes).
    Removing gd32h7xx_trigsel.o(i.trigsel_trigger_source_get), (40 bytes).
    Removing gd32h7xx_trng.o(.rev16_text), (4 bytes).
    Removing gd32h7xx_trng.o(.revsh_text), (4 bytes).
    Removing gd32h7xx_trng.o(.rrx_text), (6 bytes).
    Removing gd32h7xx_trng.o(i.trng_clockdiv_config), (20 bytes).
    Removing gd32h7xx_trng.o(i.trng_clockerror_detection_disable), (20 bytes).
    Removing gd32h7xx_trng.o(i.trng_clockerror_detection_enable), (20 bytes).
    Removing gd32h7xx_trng.o(i.trng_conditioning_algo_config), (20 bytes).
    Removing gd32h7xx_trng.o(i.trng_conditioning_disable), (20 bytes).
    Removing gd32h7xx_trng.o(i.trng_conditioning_enable), (20 bytes).
    Removing gd32h7xx_trng.o(i.trng_conditioning_input_bitwidth), (20 bytes).
    Removing gd32h7xx_trng.o(i.trng_conditioning_output_bitwidth), (20 bytes).
    Removing gd32h7xx_trng.o(i.trng_conditioning_reset_disable), (20 bytes).
    Removing gd32h7xx_trng.o(i.trng_conditioning_reset_enable), (20 bytes).
    Removing gd32h7xx_trng.o(i.trng_deinit), (20 bytes).
    Removing gd32h7xx_trng.o(i.trng_disable), (20 bytes).
    Removing gd32h7xx_trng.o(i.trng_enable), (20 bytes).
    Removing gd32h7xx_trng.o(i.trng_flag_get), (24 bytes).
    Removing gd32h7xx_trng.o(i.trng_get_true_random_data), (12 bytes).
    Removing gd32h7xx_trng.o(i.trng_hash_init_disable), (20 bytes).
    Removing gd32h7xx_trng.o(i.trng_hash_init_enable), (20 bytes).
    Removing gd32h7xx_trng.o(i.trng_health_tests_config), (44 bytes).
    Removing gd32h7xx_trng.o(i.trng_interrupt_disable), (20 bytes).
    Removing gd32h7xx_trng.o(i.trng_interrupt_enable), (20 bytes).
    Removing gd32h7xx_trng.o(i.trng_interrupt_flag_clear), (16 bytes).
    Removing gd32h7xx_trng.o(i.trng_interrupt_flag_get), (24 bytes).
    Removing gd32h7xx_trng.o(i.trng_lock), (20 bytes).
    Removing gd32h7xx_trng.o(i.trng_mode_config), (20 bytes).
    Removing gd32h7xx_trng.o(i.trng_postprocessing_disable), (20 bytes).
    Removing gd32h7xx_trng.o(i.trng_postprocessing_enable), (20 bytes).
    Removing gd32h7xx_trng.o(i.trng_powermode_config), (20 bytes).
    Removing gd32h7xx_trng.o(i.trng_replace_test_disable), (20 bytes).
    Removing gd32h7xx_trng.o(i.trng_replace_test_enable), (20 bytes).
    Removing gd32h7xx_usart.o(.rev16_text), (4 bytes).
    Removing gd32h7xx_usart.o(.revsh_text), (4 bytes).
    Removing gd32h7xx_usart.o(.rrx_text), (6 bytes).
    Removing gd32h7xx_usart.o(i.usart_address_0_config), (32 bytes).
    Removing gd32h7xx_usart.o(i.usart_address_0_detection_mode_config), (28 bytes).
    Removing gd32h7xx_usart.o(i.usart_address_0_match_mode_disable), (18 bytes).
    Removing gd32h7xx_usart.o(i.usart_address_0_match_mode_enable), (18 bytes).
    Removing gd32h7xx_usart.o(i.usart_address_1_config), (32 bytes).
    Removing gd32h7xx_usart.o(i.usart_address_1_detection_mode_config), (28 bytes).
    Removing gd32h7xx_usart.o(i.usart_address_1_match_mode_disable), (18 bytes).
    Removing gd32h7xx_usart.o(i.usart_address_1_match_mode_enable), (18 bytes).
    Removing gd32h7xx_usart.o(i.usart_block_length_config), (24 bytes).
    Removing gd32h7xx_usart.o(i.usart_clock_disable), (18 bytes).
    Removing gd32h7xx_usart.o(i.usart_clock_enable), (18 bytes).
    Removing gd32h7xx_usart.o(i.usart_command_enable), (8 bytes).
    Removing gd32h7xx_usart.o(i.usart_data_first_config), (28 bytes).
    Removing gd32h7xx_usart.o(i.usart_data_transmit), (8 bytes).
    Removing gd32h7xx_usart.o(i.usart_depolarity_config), (28 bytes).
    Removing gd32h7xx_usart.o(i.usart_disable), (10 bytes).
    Removing gd32h7xx_usart.o(i.usart_dma_receive_config), (16 bytes).
    Removing gd32h7xx_usart.o(i.usart_dma_transmit_config), (16 bytes).
    Removing gd32h7xx_usart.o(i.usart_driver_assertime_config), (32 bytes).
    Removing gd32h7xx_usart.o(i.usart_driver_deassertime_config), (32 bytes).
    Removing gd32h7xx_usart.o(i.usart_fifo_disable), (22 bytes).
    Removing gd32h7xx_usart.o(i.usart_fifo_enable), (22 bytes).
    Removing gd32h7xx_usart.o(i.usart_flag_clear), (80 bytes).
    Removing gd32h7xx_usart.o(i.usart_flag_get), (30 bytes).
    Removing gd32h7xx_usart.o(i.usart_guard_time_config), (32 bytes).
    Removing gd32h7xx_usart.o(i.usart_halfduplex_disable), (18 bytes).
    Removing gd32h7xx_usart.o(i.usart_halfduplex_enable), (18 bytes).
    Removing gd32h7xx_usart.o(i.usart_hardware_flow_coherence_config), (24 bytes).
    Removing gd32h7xx_usart.o(i.usart_hardware_flow_cts_config), (24 bytes).
    Removing gd32h7xx_usart.o(i.usart_hardware_flow_rts_config), (24 bytes).
    Removing gd32h7xx_usart.o(i.usart_interrupt_disable), (26 bytes).
    Removing gd32h7xx_usart.o(i.usart_invert_config), (110 bytes).
    Removing gd32h7xx_usart.o(i.usart_irda_lowpower_config), (28 bytes).
    Removing gd32h7xx_usart.o(i.usart_irda_mode_disable), (18 bytes).
    Removing gd32h7xx_usart.o(i.usart_irda_mode_enable), (18 bytes).
    Removing gd32h7xx_usart.o(i.usart_lin_break_detection_length_config), (28 bytes).
    Removing gd32h7xx_usart.o(i.usart_lin_mode_disable), (18 bytes).
    Removing gd32h7xx_usart.o(i.usart_lin_mode_enable), (18 bytes).
    Removing gd32h7xx_usart.o(i.usart_mute_mode_disable), (10 bytes).
    Removing gd32h7xx_usart.o(i.usart_mute_mode_enable), (10 bytes).
    Removing gd32h7xx_usart.o(i.usart_mute_mode_wakeup_config), (24 bytes).
    Removing gd32h7xx_usart.o(i.usart_overrun_disable), (18 bytes).
    Removing gd32h7xx_usart.o(i.usart_overrun_enable), (18 bytes).
    Removing gd32h7xx_usart.o(i.usart_oversample_config), (24 bytes).
    Removing gd32h7xx_usart.o(i.usart_prescaler_config), (24 bytes).
    Removing gd32h7xx_usart.o(i.usart_receive_fifo_counter_number), (30 bytes).
    Removing gd32h7xx_usart.o(i.usart_receive_fifo_threshold_config), (20 bytes).
    Removing gd32h7xx_usart.o(i.usart_receiver_timeout_disable), (10 bytes).
    Removing gd32h7xx_usart.o(i.usart_receiver_timeout_enable), (10 bytes).
    Removing gd32h7xx_usart.o(i.usart_receiver_timeout_threshold_config), (16 bytes).
    Removing gd32h7xx_usart.o(i.usart_reception_error_dma_disable), (18 bytes).
    Removing gd32h7xx_usart.o(i.usart_reception_error_dma_enable), (18 bytes).
    Removing gd32h7xx_usart.o(i.usart_rs485_driver_disable), (18 bytes).
    Removing gd32h7xx_usart.o(i.usart_rs485_driver_enable), (18 bytes).
    Removing gd32h7xx_usart.o(i.usart_sample_bit_config), (24 bytes).
    Removing gd32h7xx_usart.o(i.usart_smartcard_autoretry_config), (32 bytes).
    Removing gd32h7xx_usart.o(i.usart_smartcard_mode_disable), (18 bytes).
    Removing gd32h7xx_usart.o(i.usart_smartcard_mode_early_nack_disable), (14 bytes).
    Removing gd32h7xx_usart.o(i.usart_smartcard_mode_early_nack_enable), (14 bytes).
    Removing gd32h7xx_usart.o(i.usart_smartcard_mode_enable), (18 bytes).
    Removing gd32h7xx_usart.o(i.usart_smartcard_mode_nack_disable), (18 bytes).
    Removing gd32h7xx_usart.o(i.usart_smartcard_mode_nack_enable), (18 bytes).
    Removing gd32h7xx_usart.o(i.usart_synchronous_clock_config), (50 bytes).
    Removing gd32h7xx_usart.o(i.usart_transmit_fifo_threshold_config), (20 bytes).
    Removing gd32h7xx_usart.o(i.usart_wakeup_disable), (10 bytes).
    Removing gd32h7xx_usart.o(i.usart_wakeup_enable), (10 bytes).
    Removing gd32h7xx_usart.o(i.usart_wakeup_mode_config), (28 bytes).
    Removing gd32h7xx_vref.o(.rev16_text), (4 bytes).
    Removing gd32h7xx_vref.o(.revsh_text), (4 bytes).
    Removing gd32h7xx_vref.o(.rrx_text), (6 bytes).
    Removing gd32h7xx_vref.o(i.vref_calib_value_get), (12 bytes).
    Removing gd32h7xx_vref.o(i.vref_calib_value_set), (16 bytes).
    Removing gd32h7xx_vref.o(i.vref_deinit), (20 bytes).
    Removing gd32h7xx_vref.o(i.vref_disable), (20 bytes).
    Removing gd32h7xx_vref.o(i.vref_enable), (20 bytes).
    Removing gd32h7xx_vref.o(i.vref_high_impedance_mode_disable), (20 bytes).
    Removing gd32h7xx_vref.o(i.vref_high_impedance_mode_enable), (20 bytes).
    Removing gd32h7xx_vref.o(i.vref_status_get), (24 bytes).
    Removing gd32h7xx_vref.o(i.vref_voltage_select), (20 bytes).
    Removing gd32h7xx_wwdgt.o(.rev16_text), (4 bytes).
    Removing gd32h7xx_wwdgt.o(.revsh_text), (4 bytes).
    Removing gd32h7xx_wwdgt.o(.rrx_text), (6 bytes).
    Removing gd32h7xx_wwdgt.o(i.wwdgt_config), (24 bytes).
    Removing gd32h7xx_wwdgt.o(i.wwdgt_counter_update), (16 bytes).
    Removing gd32h7xx_wwdgt.o(i.wwdgt_deinit), (20 bytes).
    Removing gd32h7xx_wwdgt.o(i.wwdgt_enable), (20 bytes).
    Removing gd32h7xx_wwdgt.o(i.wwdgt_flag_clear), (12 bytes).
    Removing gd32h7xx_wwdgt.o(i.wwdgt_flag_get), (24 bytes).
    Removing gd32h7xx_wwdgt.o(i.wwdgt_interrupt_enable), (20 bytes).
    Removing gd32h759i_eval.o(.rev16_text), (4 bytes).
    Removing gd32h759i_eval.o(.revsh_text), (4 bytes).
    Removing gd32h759i_eval.o(.rrx_text), (6 bytes).
    Removing gd32h759i_eval.o(i.gd_eval_com_init), (172 bytes).
    Removing gd32h759i_eval.o(i.gd_eval_key_init), (128 bytes).
    Removing gd32h759i_eval.o(i.gd_eval_key_state_get), (32 bytes).
    Removing gd32h759i_eval.o(i.gd_eval_led_init), (84 bytes).
    Removing gd32h759i_eval.o(i.gd_eval_led_off), (24 bytes).
    Removing gd32h759i_eval.o(i.gd_eval_led_on), (24 bytes).
    Removing gd32h759i_eval.o(i.gd_eval_led_toggle), (24 bytes).
    Removing gd32h759i_eval.o(.constdata), (80 bytes).
    Removing startup_gd32h7xx.o(HEAP), (2048 bytes).
    Removing dadd.o(.text), (334 bytes).
    Removing dmul.o(.text), (228 bytes).
    Removing ddiv.o(.text), (222 bytes).
    Removing dfixul.o(.text), (48 bytes).
    Removing cdrcmple.o(.text), (48 bytes).
    Removing depilogue.o(.text), (186 bytes).

1773 unused section(s) (total 83022 bytes) removed from the image.

==============================================================================

Image Symbol Table

    Local Symbols

    Symbol Name                              Value     Ov Type        Size  Object(Section)

    ../clib/microlib/division.c              0x00000000   Number         0  uidiv.o ABSOLUTE
    ../clib/microlib/division.c              0x00000000   Number         0  uldiv.o ABSOLUTE
    ../clib/microlib/init/entry.s            0x00000000   Number         0  entry2.o ABSOLUTE
    ../clib/microlib/init/entry.s            0x00000000   Number         0  entry9a.o ABSOLUTE
    ../clib/microlib/init/entry.s            0x00000000   Number         0  entry8a.o ABSOLUTE
    ../clib/microlib/init/entry.s            0x00000000   Number         0  entry7b.o ABSOLUTE
    ../clib/microlib/init/entry.s            0x00000000   Number         0  entry7a.o ABSOLUTE
    ../clib/microlib/init/entry.s            0x00000000   Number         0  entry5.o ABSOLUTE
    ../clib/microlib/init/entry.s            0x00000000   Number         0  entry9b.o ABSOLUTE
    ../clib/microlib/init/entry.s            0x00000000   Number         0  entry.o ABSOLUTE
    ../clib/microlib/init/entry.s            0x00000000   Number         0  entry12b.o ABSOLUTE
    ../clib/microlib/init/entry.s            0x00000000   Number         0  entry12a.o ABSOLUTE
    ../clib/microlib/init/entry.s            0x00000000   Number         0  entry11b.o ABSOLUTE
    ../clib/microlib/init/entry.s            0x00000000   Number         0  entry11a.o ABSOLUTE
    ../clib/microlib/init/entry.s            0x00000000   Number         0  entry10b.o ABSOLUTE
    ../clib/microlib/init/entry.s            0x00000000   Number         0  entry8b.o ABSOLUTE
    ../clib/microlib/init/entry.s            0x00000000   Number         0  entry10a.o ABSOLUTE
    ../clib/microlib/longlong.c              0x00000000   Number         0  llsshr.o ABSOLUTE
    ../clib/microlib/longlong.c              0x00000000   Number         0  llushr.o ABSOLUTE
    ../clib/microlib/longlong.c              0x00000000   Number         0  llshl.o ABSOLUTE
    ../clib/microlib/printf/printf.c         0x00000000   Number         0  printfa.o ABSOLUTE
    ../clib/microlib/printf/printf.c         0x00000000   Number         0  printf7.o ABSOLUTE
    ../clib/microlib/printf/printf.c         0x00000000   Number         0  printf6.o ABSOLUTE
    ../clib/microlib/printf/printf.c         0x00000000   Number         0  printf4.o ABSOLUTE
    ../clib/microlib/printf/printf.c         0x00000000   Number         0  printf3.o ABSOLUTE
    ../clib/microlib/printf/printf.c         0x00000000   Number         0  printf2.o ABSOLUTE
    ../clib/microlib/printf/printf.c         0x00000000   Number         0  printf5.o ABSOLUTE
    ../clib/microlib/printf/printf.c         0x00000000   Number         0  printf1.o ABSOLUTE
    ../clib/microlib/printf/printf.c         0x00000000   Number         0  printf0.o ABSOLUTE
    ../clib/microlib/printf/printf.c         0x00000000   Number         0  printf8.o ABSOLUTE
    ../clib/microlib/printf/printf.c         0x00000000   Number         0  printfb.o ABSOLUTE
    ../clib/microlib/printf/stubs.s          0x00000000   Number         0  stubs.o ABSOLUTE
    ../clib/microlib/stdio/streams.c         0x00000000   Number         0  stdout.o ABSOLUTE
    ../clib/microlib/string/memcpy.c         0x00000000   Number         0  memcpyb.o ABSOLUTE
    ../clib/microlib/string/memcpy.c         0x00000000   Number         0  memcpya.o ABSOLUTE
    ../clib/microlib/stubs.s                 0x00000000   Number         0  iusefp.o ABSOLUTE
    ../fplib/microlib/fpadd.c                0x00000000   Number         0  dadd.o ABSOLUTE
    ../fplib/microlib/fpdiv.c                0x00000000   Number         0  ddiv.o ABSOLUTE
    ../fplib/microlib/fpepilogue.c           0x00000000   Number         0  depilogue.o ABSOLUTE
    ../fplib/microlib/fpfix.c                0x00000000   Number         0  dfixul.o ABSOLUTE
    ../fplib/microlib/fpmul.c                0x00000000   Number         0  dmul.o ABSOLUTE
    ..\CMSIS\GD\GD32H7xx\Source\ARM\startup_gd32h7xx.s 0x00000000   Number         0  startup_gd32h7xx.o ABSOLUTE
    ..\CMSIS\GD\GD32H7xx\Source\system_gd32h7xx.c 0x00000000   Number         0  system_gd32h7xx.o ABSOLUTE
    ..\Function\Function.c                   0x00000000   Number         0  function.o ABSOLUTE
    ..\HardWare\OLED\OLED.c                  0x00000000   Number         0  oled.o ABSOLUTE
    ..\HardWare\USART\usart.c                0x00000000   Number         0  usart.o ABSOLUTE
    ..\Library\GD32H7xx_standard_peripheral\Source\gd32h7xx_adc.c 0x00000000   Number         0  gd32h7xx_adc.o ABSOLUTE
    ..\Library\GD32H7xx_standard_peripheral\Source\gd32h7xx_can.c 0x00000000   Number         0  gd32h7xx_can.o ABSOLUTE
    ..\Library\GD32H7xx_standard_peripheral\Source\gd32h7xx_cau.c 0x00000000   Number         0  gd32h7xx_cau.o ABSOLUTE
    ..\Library\GD32H7xx_standard_peripheral\Source\gd32h7xx_cau_aes.c 0x00000000   Number         0  gd32h7xx_cau_aes.o ABSOLUTE
    ..\Library\GD32H7xx_standard_peripheral\Source\gd32h7xx_cau_des.c 0x00000000   Number         0  gd32h7xx_cau_des.o ABSOLUTE
    ..\Library\GD32H7xx_standard_peripheral\Source\gd32h7xx_cau_tdes.c 0x00000000   Number         0  gd32h7xx_cau_tdes.o ABSOLUTE
    ..\Library\GD32H7xx_standard_peripheral\Source\gd32h7xx_cmp.c 0x00000000   Number         0  gd32h7xx_cmp.o ABSOLUTE
    ..\Library\GD32H7xx_standard_peripheral\Source\gd32h7xx_cpdm.c 0x00000000   Number         0  gd32h7xx_cpdm.o ABSOLUTE
    ..\Library\GD32H7xx_standard_peripheral\Source\gd32h7xx_crc.c 0x00000000   Number         0  gd32h7xx_crc.o ABSOLUTE
    ..\Library\GD32H7xx_standard_peripheral\Source\gd32h7xx_ctc.c 0x00000000   Number         0  gd32h7xx_ctc.o ABSOLUTE
    ..\Library\GD32H7xx_standard_peripheral\Source\gd32h7xx_dac.c 0x00000000   Number         0  gd32h7xx_dac.o ABSOLUTE
    ..\Library\GD32H7xx_standard_peripheral\Source\gd32h7xx_dbg.c 0x00000000   Number         0  gd32h7xx_dbg.o ABSOLUTE
    ..\Library\GD32H7xx_standard_peripheral\Source\gd32h7xx_dci.c 0x00000000   Number         0  gd32h7xx_dci.o ABSOLUTE
    ..\Library\GD32H7xx_standard_peripheral\Source\gd32h7xx_dma.c 0x00000000   Number         0  gd32h7xx_dma.o ABSOLUTE
    ..\Library\GD32H7xx_standard_peripheral\Source\gd32h7xx_edout.c 0x00000000   Number         0  gd32h7xx_edout.o ABSOLUTE
    ..\Library\GD32H7xx_standard_peripheral\Source\gd32h7xx_efuse.c 0x00000000   Number         0  gd32h7xx_efuse.o ABSOLUTE
    ..\Library\GD32H7xx_standard_peripheral\Source\gd32h7xx_exmc.c 0x00000000   Number         0  gd32h7xx_exmc.o ABSOLUTE
    ..\Library\GD32H7xx_standard_peripheral\Source\gd32h7xx_exti.c 0x00000000   Number         0  gd32h7xx_exti.o ABSOLUTE
    ..\Library\GD32H7xx_standard_peripheral\Source\gd32h7xx_fac.c 0x00000000   Number         0  gd32h7xx_fac.o ABSOLUTE
    ..\Library\GD32H7xx_standard_peripheral\Source\gd32h7xx_fmc.c 0x00000000   Number         0  gd32h7xx_fmc.o ABSOLUTE
    ..\Library\GD32H7xx_standard_peripheral\Source\gd32h7xx_fwdgt.c 0x00000000   Number         0  gd32h7xx_fwdgt.o ABSOLUTE
    ..\Library\GD32H7xx_standard_peripheral\Source\gd32h7xx_gpio.c 0x00000000   Number         0  gd32h7xx_gpio.o ABSOLUTE
    ..\Library\GD32H7xx_standard_peripheral\Source\gd32h7xx_hau.c 0x00000000   Number         0  gd32h7xx_hau.o ABSOLUTE
    ..\Library\GD32H7xx_standard_peripheral\Source\gd32h7xx_hau_sha_md5.c 0x00000000   Number         0  gd32h7xx_hau_sha_md5.o ABSOLUTE
    ..\Library\GD32H7xx_standard_peripheral\Source\gd32h7xx_hpdf.c 0x00000000   Number         0  gd32h7xx_hpdf.o ABSOLUTE
    ..\Library\GD32H7xx_standard_peripheral\Source\gd32h7xx_hwsem.c 0x00000000   Number         0  gd32h7xx_hwsem.o ABSOLUTE
    ..\Library\GD32H7xx_standard_peripheral\Source\gd32h7xx_i2c.c 0x00000000   Number         0  gd32h7xx_i2c.o ABSOLUTE
    ..\Library\GD32H7xx_standard_peripheral\Source\gd32h7xx_ipa.c 0x00000000   Number         0  gd32h7xx_ipa.o ABSOLUTE
    ..\Library\GD32H7xx_standard_peripheral\Source\gd32h7xx_lpdts.c 0x00000000   Number         0  gd32h7xx_lpdts.o ABSOLUTE
    ..\Library\GD32H7xx_standard_peripheral\Source\gd32h7xx_mdio.c 0x00000000   Number         0  gd32h7xx_mdio.o ABSOLUTE
    ..\Library\GD32H7xx_standard_peripheral\Source\gd32h7xx_mdma.c 0x00000000   Number         0  gd32h7xx_mdma.o ABSOLUTE
    ..\Library\GD32H7xx_standard_peripheral\Source\gd32h7xx_misc.c 0x00000000   Number         0  gd32h7xx_misc.o ABSOLUTE
    ..\Library\GD32H7xx_standard_peripheral\Source\gd32h7xx_ospi.c 0x00000000   Number         0  gd32h7xx_ospi.o ABSOLUTE
    ..\Library\GD32H7xx_standard_peripheral\Source\gd32h7xx_ospim.c 0x00000000   Number         0  gd32h7xx_ospim.o ABSOLUTE
    ..\Library\GD32H7xx_standard_peripheral\Source\gd32h7xx_pmu.c 0x00000000   Number         0  gd32h7xx_pmu.o ABSOLUTE
    ..\Library\GD32H7xx_standard_peripheral\Source\gd32h7xx_rameccmu.c 0x00000000   Number         0  gd32h7xx_rameccmu.o ABSOLUTE
    ..\Library\GD32H7xx_standard_peripheral\Source\gd32h7xx_rcu.c 0x00000000   Number         0  gd32h7xx_rcu.o ABSOLUTE
    ..\Library\GD32H7xx_standard_peripheral\Source\gd32h7xx_rspdif.c 0x00000000   Number         0  gd32h7xx_rspdif.o ABSOLUTE
    ..\Library\GD32H7xx_standard_peripheral\Source\gd32h7xx_rtc.c 0x00000000   Number         0  gd32h7xx_rtc.o ABSOLUTE
    ..\Library\GD32H7xx_standard_peripheral\Source\gd32h7xx_rtdec.c 0x00000000   Number         0  gd32h7xx_rtdec.o ABSOLUTE
    ..\Library\GD32H7xx_standard_peripheral\Source\gd32h7xx_sai.c 0x00000000   Number         0  gd32h7xx_sai.o ABSOLUTE
    ..\Library\GD32H7xx_standard_peripheral\Source\gd32h7xx_sdio.c 0x00000000   Number         0  gd32h7xx_sdio.o ABSOLUTE
    ..\Library\GD32H7xx_standard_peripheral\Source\gd32h7xx_spi.c 0x00000000   Number         0  gd32h7xx_spi.o ABSOLUTE
    ..\Library\GD32H7xx_standard_peripheral\Source\gd32h7xx_syscfg.c 0x00000000   Number         0  gd32h7xx_syscfg.o ABSOLUTE
    ..\Library\GD32H7xx_standard_peripheral\Source\gd32h7xx_timer.c 0x00000000   Number         0  gd32h7xx_timer.o ABSOLUTE
    ..\Library\GD32H7xx_standard_peripheral\Source\gd32h7xx_tli.c 0x00000000   Number         0  gd32h7xx_tli.o ABSOLUTE
    ..\Library\GD32H7xx_standard_peripheral\Source\gd32h7xx_tmu.c 0x00000000   Number         0  gd32h7xx_tmu.o ABSOLUTE
    ..\Library\GD32H7xx_standard_peripheral\Source\gd32h7xx_trigsel.c 0x00000000   Number         0  gd32h7xx_trigsel.o ABSOLUTE
    ..\Library\GD32H7xx_standard_peripheral\Source\gd32h7xx_trng.c 0x00000000   Number         0  gd32h7xx_trng.o ABSOLUTE
    ..\Library\GD32H7xx_standard_peripheral\Source\gd32h7xx_usart.c 0x00000000   Number         0  gd32h7xx_usart.o ABSOLUTE
    ..\Library\GD32H7xx_standard_peripheral\Source\gd32h7xx_vref.c 0x00000000   Number         0  gd32h7xx_vref.o ABSOLUTE
    ..\Library\GD32H7xx_standard_peripheral\Source\gd32h7xx_wwdgt.c 0x00000000   Number         0  gd32h7xx_wwdgt.o ABSOLUTE
    ..\Library\Utilites\gd32h759i_eval.c     0x00000000   Number         0  gd32h759i_eval.o ABSOLUTE
    ..\User\gd32h7xx_it.c                    0x00000000   Number         0  gd32h7xx_it.o ABSOLUTE
    ..\User\main.c                           0x00000000   Number         0  main.o ABSOLUTE
    ..\User\systick.c                        0x00000000   Number         0  systick.o ABSOLUTE
    ..\\CMSIS\\GD\\GD32H7xx\\Source\\system_gd32h7xx.c 0x00000000   Number         0  system_gd32h7xx.o ABSOLUTE
    ..\\Function\\Function.c                 0x00000000   Number         0  function.o ABSOLUTE
    ..\\HardWare\\OLED\\OLED.c               0x00000000   Number         0  oled.o ABSOLUTE
    ..\\HardWare\\USART\\usart.c             0x00000000   Number         0  usart.o ABSOLUTE
    ..\\Library\\GD32H7xx_standard_peripheral\\Source\\gd32h7xx_adc.c 0x00000000   Number         0  gd32h7xx_adc.o ABSOLUTE
    ..\\Library\\GD32H7xx_standard_peripheral\\Source\\gd32h7xx_can.c 0x00000000   Number         0  gd32h7xx_can.o ABSOLUTE
    ..\\Library\\GD32H7xx_standard_peripheral\\Source\\gd32h7xx_cau.c 0x00000000   Number         0  gd32h7xx_cau.o ABSOLUTE
    ..\\Library\\GD32H7xx_standard_peripheral\\Source\\gd32h7xx_cau_aes.c 0x00000000   Number         0  gd32h7xx_cau_aes.o ABSOLUTE
    ..\\Library\\GD32H7xx_standard_peripheral\\Source\\gd32h7xx_cau_des.c 0x00000000   Number         0  gd32h7xx_cau_des.o ABSOLUTE
    ..\\Library\\GD32H7xx_standard_peripheral\\Source\\gd32h7xx_cau_tdes.c 0x00000000   Number         0  gd32h7xx_cau_tdes.o ABSOLUTE
    ..\\Library\\GD32H7xx_standard_peripheral\\Source\\gd32h7xx_cmp.c 0x00000000   Number         0  gd32h7xx_cmp.o ABSOLUTE
    ..\\Library\\GD32H7xx_standard_peripheral\\Source\\gd32h7xx_cpdm.c 0x00000000   Number         0  gd32h7xx_cpdm.o ABSOLUTE
    ..\\Library\\GD32H7xx_standard_peripheral\\Source\\gd32h7xx_crc.c 0x00000000   Number         0  gd32h7xx_crc.o ABSOLUTE
    ..\\Library\\GD32H7xx_standard_peripheral\\Source\\gd32h7xx_ctc.c 0x00000000   Number         0  gd32h7xx_ctc.o ABSOLUTE
    ..\\Library\\GD32H7xx_standard_peripheral\\Source\\gd32h7xx_dac.c 0x00000000   Number         0  gd32h7xx_dac.o ABSOLUTE
    ..\\Library\\GD32H7xx_standard_peripheral\\Source\\gd32h7xx_dbg.c 0x00000000   Number         0  gd32h7xx_dbg.o ABSOLUTE
    ..\\Library\\GD32H7xx_standard_peripheral\\Source\\gd32h7xx_dci.c 0x00000000   Number         0  gd32h7xx_dci.o ABSOLUTE
    ..\\Library\\GD32H7xx_standard_peripheral\\Source\\gd32h7xx_dma.c 0x00000000   Number         0  gd32h7xx_dma.o ABSOLUTE
    ..\\Library\\GD32H7xx_standard_peripheral\\Source\\gd32h7xx_edout.c 0x00000000   Number         0  gd32h7xx_edout.o ABSOLUTE
    ..\\Library\\GD32H7xx_standard_peripheral\\Source\\gd32h7xx_efuse.c 0x00000000   Number         0  gd32h7xx_efuse.o ABSOLUTE
    ..\\Library\\GD32H7xx_standard_peripheral\\Source\\gd32h7xx_exmc.c 0x00000000   Number         0  gd32h7xx_exmc.o ABSOLUTE
    ..\\Library\\GD32H7xx_standard_peripheral\\Source\\gd32h7xx_exti.c 0x00000000   Number         0  gd32h7xx_exti.o ABSOLUTE
    ..\\Library\\GD32H7xx_standard_peripheral\\Source\\gd32h7xx_fac.c 0x00000000   Number         0  gd32h7xx_fac.o ABSOLUTE
    ..\\Library\\GD32H7xx_standard_peripheral\\Source\\gd32h7xx_fmc.c 0x00000000   Number         0  gd32h7xx_fmc.o ABSOLUTE
    ..\\Library\\GD32H7xx_standard_peripheral\\Source\\gd32h7xx_fwdgt.c 0x00000000   Number         0  gd32h7xx_fwdgt.o ABSOLUTE
    ..\\Library\\GD32H7xx_standard_peripheral\\Source\\gd32h7xx_gpio.c 0x00000000   Number         0  gd32h7xx_gpio.o ABSOLUTE
    ..\\Library\\GD32H7xx_standard_peripheral\\Source\\gd32h7xx_hau.c 0x00000000   Number         0  gd32h7xx_hau.o ABSOLUTE
    ..\\Library\\GD32H7xx_standard_peripheral\\Source\\gd32h7xx_hau_sha_md5.c 0x00000000   Number         0  gd32h7xx_hau_sha_md5.o ABSOLUTE
    ..\\Library\\GD32H7xx_standard_peripheral\\Source\\gd32h7xx_hpdf.c 0x00000000   Number         0  gd32h7xx_hpdf.o ABSOLUTE
    ..\\Library\\GD32H7xx_standard_peripheral\\Source\\gd32h7xx_hwsem.c 0x00000000   Number         0  gd32h7xx_hwsem.o ABSOLUTE
    ..\\Library\\GD32H7xx_standard_peripheral\\Source\\gd32h7xx_i2c.c 0x00000000   Number         0  gd32h7xx_i2c.o ABSOLUTE
    ..\\Library\\GD32H7xx_standard_peripheral\\Source\\gd32h7xx_ipa.c 0x00000000   Number         0  gd32h7xx_ipa.o ABSOLUTE
    ..\\Library\\GD32H7xx_standard_peripheral\\Source\\gd32h7xx_lpdts.c 0x00000000   Number         0  gd32h7xx_lpdts.o ABSOLUTE
    ..\\Library\\GD32H7xx_standard_peripheral\\Source\\gd32h7xx_mdio.c 0x00000000   Number         0  gd32h7xx_mdio.o ABSOLUTE
    ..\\Library\\GD32H7xx_standard_peripheral\\Source\\gd32h7xx_mdma.c 0x00000000   Number         0  gd32h7xx_mdma.o ABSOLUTE
    ..\\Library\\GD32H7xx_standard_peripheral\\Source\\gd32h7xx_misc.c 0x00000000   Number         0  gd32h7xx_misc.o ABSOLUTE
    ..\\Library\\GD32H7xx_standard_peripheral\\Source\\gd32h7xx_ospi.c 0x00000000   Number         0  gd32h7xx_ospi.o ABSOLUTE
    ..\\Library\\GD32H7xx_standard_peripheral\\Source\\gd32h7xx_ospim.c 0x00000000   Number         0  gd32h7xx_ospim.o ABSOLUTE
    ..\\Library\\GD32H7xx_standard_peripheral\\Source\\gd32h7xx_pmu.c 0x00000000   Number         0  gd32h7xx_pmu.o ABSOLUTE
    ..\\Library\\GD32H7xx_standard_peripheral\\Source\\gd32h7xx_rameccmu.c 0x00000000   Number         0  gd32h7xx_rameccmu.o ABSOLUTE
    ..\\Library\\GD32H7xx_standard_peripheral\\Source\\gd32h7xx_rcu.c 0x00000000   Number         0  gd32h7xx_rcu.o ABSOLUTE
    ..\\Library\\GD32H7xx_standard_peripheral\\Source\\gd32h7xx_rspdif.c 0x00000000   Number         0  gd32h7xx_rspdif.o ABSOLUTE
    ..\\Library\\GD32H7xx_standard_peripheral\\Source\\gd32h7xx_rtc.c 0x00000000   Number         0  gd32h7xx_rtc.o ABSOLUTE
    ..\\Library\\GD32H7xx_standard_peripheral\\Source\\gd32h7xx_rtdec.c 0x00000000   Number         0  gd32h7xx_rtdec.o ABSOLUTE
    ..\\Library\\GD32H7xx_standard_peripheral\\Source\\gd32h7xx_sai.c 0x00000000   Number         0  gd32h7xx_sai.o ABSOLUTE
    ..\\Library\\GD32H7xx_standard_peripheral\\Source\\gd32h7xx_sdio.c 0x00000000   Number         0  gd32h7xx_sdio.o ABSOLUTE
    ..\\Library\\GD32H7xx_standard_peripheral\\Source\\gd32h7xx_spi.c 0x00000000   Number         0  gd32h7xx_spi.o ABSOLUTE
    ..\\Library\\GD32H7xx_standard_peripheral\\Source\\gd32h7xx_syscfg.c 0x00000000   Number         0  gd32h7xx_syscfg.o ABSOLUTE
    ..\\Library\\GD32H7xx_standard_peripheral\\Source\\gd32h7xx_timer.c 0x00000000   Number         0  gd32h7xx_timer.o ABSOLUTE
    ..\\Library\\GD32H7xx_standard_peripheral\\Source\\gd32h7xx_tli.c 0x00000000   Number         0  gd32h7xx_tli.o ABSOLUTE
    ..\\Library\\GD32H7xx_standard_peripheral\\Source\\gd32h7xx_tmu.c 0x00000000   Number         0  gd32h7xx_tmu.o ABSOLUTE
    ..\\Library\\GD32H7xx_standard_peripheral\\Source\\gd32h7xx_trigsel.c 0x00000000   Number         0  gd32h7xx_trigsel.o ABSOLUTE
    ..\\Library\\GD32H7xx_standard_peripheral\\Source\\gd32h7xx_trng.c 0x00000000   Number         0  gd32h7xx_trng.o ABSOLUTE
    ..\\Library\\GD32H7xx_standard_peripheral\\Source\\gd32h7xx_usart.c 0x00000000   Number         0  gd32h7xx_usart.o ABSOLUTE
    ..\\Library\\GD32H7xx_standard_peripheral\\Source\\gd32h7xx_vref.c 0x00000000   Number         0  gd32h7xx_vref.o ABSOLUTE
    ..\\Library\\GD32H7xx_standard_peripheral\\Source\\gd32h7xx_wwdgt.c 0x00000000   Number         0  gd32h7xx_wwdgt.o ABSOLUTE
    ..\\Library\\Utilites\\gd32h759i_eval.c  0x00000000   Number         0  gd32h759i_eval.o ABSOLUTE
    ..\\User\\gd32h7xx_it.c                  0x00000000   Number         0  gd32h7xx_it.o ABSOLUTE
    ..\\User\\main.c                         0x00000000   Number         0  main.o ABSOLUTE
    ..\\User\\systick.c                      0x00000000   Number         0  systick.o ABSOLUTE
    cdrcmple.s                               0x00000000   Number         0  cdrcmple.o ABSOLUTE
    dc.s                                     0x00000000   Number         0  dc.o ABSOLUTE
    handlers.s                               0x00000000   Number         0  handlers.o ABSOLUTE
    init.s                                   0x00000000   Number         0  init.o ABSOLUTE
    RESET                                    0x08000000   Section      932  startup_gd32h7xx.o(RESET)
    .ARM.Collect$$$$00000000                 0x080003a4   Section        0  entry.o(.ARM.Collect$$$$00000000)
    .ARM.Collect$$$$00000001                 0x080003a4   Section        4  entry2.o(.ARM.Collect$$$$00000001)
    .ARM.Collect$$$$00000004                 0x080003a8   Section        4  entry5.o(.ARM.Collect$$$$00000004)
    .ARM.Collect$$$$00000008                 0x080003ac   Section        0  entry7b.o(.ARM.Collect$$$$00000008)
    .ARM.Collect$$$$0000000A                 0x080003ac   Section        0  entry8b.o(.ARM.Collect$$$$0000000A)
    .ARM.Collect$$$$0000000B                 0x080003ac   Section        8  entry9a.o(.ARM.Collect$$$$0000000B)
    .ARM.Collect$$$$0000000E                 0x080003b4   Section        4  entry12b.o(.ARM.Collect$$$$0000000E)
    .ARM.Collect$$$$0000000F                 0x080003b8   Section        0  entry10a.o(.ARM.Collect$$$$0000000F)
    .ARM.Collect$$$$00000011                 0x080003b8   Section        0  entry11a.o(.ARM.Collect$$$$00000011)
    .ARM.Collect$$$$00002712                 0x080003b8   Section        4  entry2.o(.ARM.Collect$$$$00002712)
    __lit__00000000                          0x080003b8   Data           4  entry2.o(.ARM.Collect$$$$00002712)
    .text                                    0x080003bc   Section       60  startup_gd32h7xx.o(.text)
    $v0                                      0x080003bc   Number         0  startup_gd32h7xx.o(.text)
    .text                                    0x080003f8   Section        0  memcpya.o(.text)
    .text                                    0x0800041c   Section        0  uidiv.o(.text)
    .text                                    0x08000448   Section       36  init.o(.text)
    i.BusFault_Handler                       0x0800046c   Section        0  gd32h7xx_it.o(i.BusFault_Handler)
    i.DebugMon_Handler                       0x08000470   Section        0  gd32h7xx_it.o(i.DebugMon_Handler)
    i.HardFault_Handler                      0x08000472   Section        0  gd32h7xx_it.o(i.HardFault_Handler)
    i.I2C_Start                              0x08000478   Section        0  oled.o(i.I2C_Start)
    i.I2C_Stop                               0x080004d0   Section        0  oled.o(i.I2C_Stop)
    i.I2C_WaitAck                            0x08000518   Section        0  oled.o(i.I2C_WaitAck)
    i.IIC_delay                              0x08000590   Section        0  oled.o(i.IIC_delay)
    i.MemManage_Handler                      0x080005aa   Section        0  gd32h7xx_it.o(i.MemManage_Handler)
    i.NMI_Handler                            0x080005ae   Section        0  gd32h7xx_it.o(i.NMI_Handler)
    i.OLED_Clear                             0x080005b0   Section        0  oled.o(i.OLED_Clear)
    i.OLED_ClearPoint                        0x080005e0   Section        0  oled.o(i.OLED_ClearPoint)
    i.OLED_DrawPoint                         0x08000640   Section        0  oled.o(i.OLED_DrawPoint)
    i.OLED_Init                              0x0800067c   Section        0  oled.o(i.OLED_Init)
    i.OLED_Refresh                           0x080007c4   Section        0  oled.o(i.OLED_Refresh)
    i.OLED_ShowChar                          0x08000810   Section        0  oled.o(i.OLED_ShowChar)
    i.OLED_ShowString                        0x0800090c   Section        0  oled.o(i.OLED_ShowString)
    i.OLED_WR_Byte                           0x0800094e   Section        0  oled.o(i.OLED_WR_Byte)
    i.PendSV_Handler                         0x08000986   Section        0  gd32h7xx_it.o(i.PendSV_Handler)
    i.SVC_Handler                            0x08000988   Section        0  gd32h7xx_it.o(i.SVC_Handler)
    i.Send_Byte                              0x0800098c   Section        0  oled.o(i.Send_Byte)
    i.SysTick_Handler                        0x080009e8   Section        0  gd32h7xx_it.o(i.SysTick_Handler)
    i.SystemInit                             0x080009f0   Section        0  system_gd32h7xx.o(i.SystemInit)
    i.System_Init                            0x08000c38   Section        0  function.o(i.System_Init)
    i.UART3_IRQHandler                       0x08000c4c   Section        0  usart.o(i.UART3_IRQHandler)
    i.UsageFault_Handler                     0x08000ccc   Section        0  gd32h7xx_it.o(i.UsageFault_Handler)
    i.UsrFunction                            0x08000cd0   Section        0  function.o(i.UsrFunction)
    i.__0sprintf$1                           0x08000d3c   Section        0  printf1.o(i.__0sprintf$1)
    i.__NVIC_SetPriority                     0x08000d64   Section        0  systick.o(i.__NVIC_SetPriority)
    __NVIC_SetPriority                       0x08000d65   Thumb Code    32  systick.o(i.__NVIC_SetPriority)
    i.__scatterload_copy                     0x08000d8c   Section       14  handlers.o(i.__scatterload_copy)
    i.__scatterload_null                     0x08000d9a   Section        2  handlers.o(i.__scatterload_null)
    i.__scatterload_zeroinit                 0x08000d9c   Section       14  handlers.o(i.__scatterload_zeroinit)
    i._printf_core                           0x08000dac   Section        0  printf1.o(i._printf_core)
    _printf_core                             0x08000dad   Thumb Code   336  printf1.o(i._printf_core)
    i._sputc                                 0x08000f00   Section        0  printf1.o(i._sputc)
    _sputc                                   0x08000f01   Thumb Code    10  printf1.o(i._sputc)
    i.cache_enable                           0x08000f0c   Section        0  function.o(i.cache_enable)
    cache_enable                             0x08000f0d   Thumb Code   174  function.o(i.cache_enable)
    i.delay_1ms                              0x08000fc4   Section        0  systick.o(i.delay_1ms)
    i.delay_decrement                        0x08000fd8   Section        0  systick.o(i.delay_decrement)
    i.gpio_af_set                            0x08000ff0   Section        0  gd32h7xx_gpio.o(i.gpio_af_set)
    i.gpio_bit_reset                         0x0800104e   Section        0  gd32h7xx_gpio.o(i.gpio_bit_reset)
    i.gpio_bit_set                           0x08001052   Section        0  gd32h7xx_gpio.o(i.gpio_bit_set)
    i.gpio_input_bit_get                     0x08001056   Section        0  gd32h7xx_gpio.o(i.gpio_input_bit_get)
    i.gpio_mode_set                          0x08001066   Section        0  gd32h7xx_gpio.o(i.gpio_mode_set)
    i.gpio_output_options_set                0x080010b4   Section        0  gd32h7xx_gpio.o(i.gpio_output_options_set)
    i.main                                   0x080010f6   Section        0  main.o(i.main)
    i.my_usart_init                          0x08001104   Section        0  usart.o(i.my_usart_init)
    i.nvic_irq_enable                        0x080011dc   Section        0  gd32h7xx_misc.o(i.nvic_irq_enable)
    i.nvic_priority_group_set                0x0800128c   Section        0  gd32h7xx_misc.o(i.nvic_priority_group_set)
    i.nvic_vector_table_set                  0x080012a0   Section        0  gd32h7xx_misc.o(i.nvic_vector_table_set)
    i.rcu_clock_freq_get                     0x080012b8   Section        0  gd32h7xx_rcu.o(i.rcu_clock_freq_get)
    i.rcu_irc64mdiv_freq_get                 0x08001b14   Section        0  gd32h7xx_rcu.o(i.rcu_irc64mdiv_freq_get)
    i.rcu_periph_clock_enable                0x08001b70   Section        0  gd32h7xx_rcu.o(i.rcu_periph_clock_enable)
    i.rcu_periph_reset_disable               0x08001b94   Section        0  gd32h7xx_rcu.o(i.rcu_periph_reset_disable)
    i.rcu_periph_reset_enable                0x08001bb8   Section        0  gd32h7xx_rcu.o(i.rcu_periph_reset_enable)
    i.rcu_pll_clock_freq_cal                 0x08001bdc   Section        0  gd32h7xx_rcu.o(i.rcu_pll_clock_freq_cal)
    rcu_pll_clock_freq_cal                   0x08001bdd   Thumb Code    86  gd32h7xx_rcu.o(i.rcu_pll_clock_freq_cal)
    i.system_clock_600m_hxtal                0x08001c38   Section        0  system_gd32h7xx.o(i.system_clock_600m_hxtal)
    system_clock_600m_hxtal                  0x08001c39   Thumb Code   294  system_gd32h7xx.o(i.system_clock_600m_hxtal)
    i.system_clock_config                    0x08001d74   Section        0  system_gd32h7xx.o(i.system_clock_config)
    system_clock_config                      0x08001d75   Thumb Code     8  system_gd32h7xx.o(i.system_clock_config)
    i.systick_config                         0x08001d7c   Section        0  systick.o(i.systick_config)
    i.usart_baudrate_set                     0x08001dcc   Section        0  gd32h7xx_usart.o(i.usart_baudrate_set)
    i.usart_data_receive                     0x08001eb4   Section        0  gd32h7xx_usart.o(i.usart_data_receive)
    i.usart_deinit                           0x08001ec0   Section        0  gd32h7xx_usart.o(i.usart_deinit)
    i.usart_enable                           0x08001f9c   Section        0  gd32h7xx_usart.o(i.usart_enable)
    i.usart_interrupt_enable                 0x08001fa6   Section        0  gd32h7xx_usart.o(i.usart_interrupt_enable)
    i.usart_interrupt_flag_clear             0x08001fc0   Section        0  gd32h7xx_usart.o(i.usart_interrupt_flag_clear)
    i.usart_interrupt_flag_get               0x0800201c   Section        0  gd32h7xx_usart.o(i.usart_interrupt_flag_get)
    i.usart_parity_config                    0x08002054   Section        0  gd32h7xx_usart.o(i.usart_parity_config)
    i.usart_receive_config                   0x0800206c   Section        0  gd32h7xx_usart.o(i.usart_receive_config)
    i.usart_stop_bit_set                     0x0800207c   Section        0  gd32h7xx_usart.o(i.usart_stop_bit_set)
    i.usart_transmit_config                  0x08002094   Section        0  gd32h7xx_usart.o(i.usart_transmit_config)
    i.usart_word_length_set                  0x080020a4   Section        0  gd32h7xx_usart.o(i.usart_word_length_set)
    .constdata                               0x080020bc   Section     8152  oled.o(.constdata)
    .data                                    0x24000000   Section        4  systick.o(.data)
    delay                                    0x24000000   Data           4  systick.o(.data)
    .data                                    0x24000004   Section        3  usart.o(.data)
    .data                                    0x24000008   Section        4  system_gd32h7xx.o(.data)
    .bss                                     0x2400000c   Section      256  usart.o(.bss)
    .bss                                     0x2400010c   Section      576  oled.o(.bss)
    STACK                                    0x24000350   Section     4096  startup_gd32h7xx.o(STACK)

    Global Symbols

    Symbol Name                              Value     Ov Type        Size  Object(Section)

    BuildAttributes$$THM_ISAv4$E$P$D$K$B$S$7EM$VFPv5_D16$PE$PLD8$A:L22UL41UL21$X:L11$S22US41US21$IEEE1$IW$USESV6$~STKCKD$USESV7$~SHL$OSPACE$ROPI$EBA8$MICROLIB$REQ8$PRES8$EABIv2 0x00000000   Number         0  anon$$obj.o ABSOLUTE
    __ARM_use_no_argv                        0x00000000   Number         0  main.o ABSOLUTE
    _printf_a                                0x00000000   Number         0  stubs.o ABSOLUTE
    _printf_c                                0x00000000   Number         0  stubs.o ABSOLUTE
    _printf_charcount                        0x00000000   Number         0  stubs.o ABSOLUTE
    _printf_d                                0x00000000   Number         0  stubs.o ABSOLUTE
    _printf_e                                0x00000000   Number         0  stubs.o ABSOLUTE
    _printf_f                                0x00000000   Number         0  stubs.o ABSOLUTE
    _printf_flags                            0x00000000   Number         0  stubs.o ABSOLUTE
    _printf_fp_dec                           0x00000000   Number         0  stubs.o ABSOLUTE
    _printf_fp_hex                           0x00000000   Number         0  stubs.o ABSOLUTE
    _printf_g                                0x00000000   Number         0  stubs.o ABSOLUTE
    _printf_i                                0x00000000   Number         0  stubs.o ABSOLUTE
    _printf_int_dec                          0x00000000   Number         0  stubs.o ABSOLUTE
    _printf_l                                0x00000000   Number         0  stubs.o ABSOLUTE
    _printf_lc                               0x00000000   Number         0  stubs.o ABSOLUTE
    _printf_ll                               0x00000000   Number         0  stubs.o ABSOLUTE
    _printf_lld                              0x00000000   Number         0  stubs.o ABSOLUTE
    _printf_lli                              0x00000000   Number         0  stubs.o ABSOLUTE
    _printf_llo                              0x00000000   Number         0  stubs.o ABSOLUTE
    _printf_llu                              0x00000000   Number         0  stubs.o ABSOLUTE
    _printf_llx                              0x00000000   Number         0  stubs.o ABSOLUTE
    _printf_longlong_dec                     0x00000000   Number         0  stubs.o ABSOLUTE
    _printf_longlong_hex                     0x00000000   Number         0  stubs.o ABSOLUTE
    _printf_longlong_oct                     0x00000000   Number         0  stubs.o ABSOLUTE
    _printf_ls                               0x00000000   Number         0  stubs.o ABSOLUTE
    _printf_mbtowc                           0x00000000   Number         0  stubs.o ABSOLUTE
    _printf_n                                0x00000000   Number         0  stubs.o ABSOLUTE
    _printf_o                                0x00000000   Number         0  stubs.o ABSOLUTE
    _printf_p                                0x00000000   Number         0  stubs.o ABSOLUTE
    _printf_percent                          0x00000000   Number         0  stubs.o ABSOLUTE
    _printf_pre_padding                      0x00000000   Number         0  stubs.o ABSOLUTE
    _printf_return_value                     0x00000000   Number         0  stubs.o ABSOLUTE
    _printf_s                                0x00000000   Number         0  stubs.o ABSOLUTE
    _printf_sizespec                         0x00000000   Number         0  stubs.o ABSOLUTE
    _printf_str                              0x00000000   Number         0  stubs.o ABSOLUTE
    _printf_truncate_signed                  0x00000000   Number         0  stubs.o ABSOLUTE
    _printf_truncate_unsigned                0x00000000   Number         0  stubs.o ABSOLUTE
    _printf_u                                0x00000000   Number         0  stubs.o ABSOLUTE
    _printf_wc                               0x00000000   Number         0  stubs.o ABSOLUTE
    _printf_wctomb                           0x00000000   Number         0  stubs.o ABSOLUTE
    _printf_widthprec                        0x00000000   Number         0  stubs.o ABSOLUTE
    _printf_x                                0x00000000   Number         0  stubs.o ABSOLUTE
    __arm_fini_                               - Undefined Weak Reference
    __cpp_initialize__aeabi_                  - Undefined Weak Reference
    __cxa_finalize                            - Undefined Weak Reference
    __decompress                              - Undefined Weak Reference
    _clock_init                               - Undefined Weak Reference
    _microlib_exit                            - Undefined Weak Reference
    __Vectors_Size                           0x000003a4   Number         0  startup_gd32h7xx.o ABSOLUTE
    __Vectors                                0x08000000   Data           4  startup_gd32h7xx.o(RESET)
    __Vectors_End                            0x080003a4   Data           0  startup_gd32h7xx.o(RESET)
    __main                                   0x080003a5   Thumb Code     0  entry.o(.ARM.Collect$$$$00000000)
    _main_stk                                0x080003a5   Thumb Code     0  entry2.o(.ARM.Collect$$$$00000001)
    _main_scatterload                        0x080003a9   Thumb Code     0  entry5.o(.ARM.Collect$$$$00000004)
    __main_after_scatterload                 0x080003ad   Thumb Code     0  entry5.o(.ARM.Collect$$$$00000004)
    _main_clock                              0x080003ad   Thumb Code     0  entry7b.o(.ARM.Collect$$$$00000008)
    _main_cpp_init                           0x080003ad   Thumb Code     0  entry8b.o(.ARM.Collect$$$$0000000A)
    _main_init                               0x080003ad   Thumb Code     0  entry9a.o(.ARM.Collect$$$$0000000B)
    __rt_lib_shutdown_fini                   0x080003b5   Thumb Code     0  entry12b.o(.ARM.Collect$$$$0000000E)
    __rt_final_cpp                           0x080003b9   Thumb Code     0  entry10a.o(.ARM.Collect$$$$0000000F)
    __rt_final_exit                          0x080003b9   Thumb Code     0  entry11a.o(.ARM.Collect$$$$00000011)
    Reset_Handler                            0x080003bd   Thumb Code    26  startup_gd32h7xx.o(.text)
    ADC0_1_IRQHandler                        0x080003e9   Thumb Code     0  startup_gd32h7xx.o(.text)
    ADC2_IRQHandler                          0x080003e9   Thumb Code     0  startup_gd32h7xx.o(.text)
    CAN0_Busoff_IRQHandler                   0x080003e9   Thumb Code     0  startup_gd32h7xx.o(.text)
    CAN0_Error_IRQHandler                    0x080003e9   Thumb Code     0  startup_gd32h7xx.o(.text)
    CAN0_FastError_IRQHandler                0x080003e9   Thumb Code     0  startup_gd32h7xx.o(.text)
    CAN0_Message_IRQHandler                  0x080003e9   Thumb Code     0  startup_gd32h7xx.o(.text)
    CAN0_REC_IRQHandler                      0x080003e9   Thumb Code     0  startup_gd32h7xx.o(.text)
    CAN0_TEC_IRQHandler                      0x080003e9   Thumb Code     0  startup_gd32h7xx.o(.text)
    CAN0_WKUP_IRQHandler                     0x080003e9   Thumb Code     0  startup_gd32h7xx.o(.text)
    CAN1_Busoff_IRQHandler                   0x080003e9   Thumb Code     0  startup_gd32h7xx.o(.text)
    CAN1_Error_IRQHandler                    0x080003e9   Thumb Code     0  startup_gd32h7xx.o(.text)
    CAN1_FastError_IRQHandler                0x080003e9   Thumb Code     0  startup_gd32h7xx.o(.text)
    CAN1_Message_IRQHandler                  0x080003e9   Thumb Code     0  startup_gd32h7xx.o(.text)
    CAN1_REC_IRQHandler                      0x080003e9   Thumb Code     0  startup_gd32h7xx.o(.text)
    CAN1_TEC_IRQHandler                      0x080003e9   Thumb Code     0  startup_gd32h7xx.o(.text)
    CAN1_WKUP_IRQHandler                     0x080003e9   Thumb Code     0  startup_gd32h7xx.o(.text)
    CAN2_Busoff_IRQHandler                   0x080003e9   Thumb Code     0  startup_gd32h7xx.o(.text)
    CAN2_Error_IRQHandler                    0x080003e9   Thumb Code     0  startup_gd32h7xx.o(.text)
    CAN2_FastError_IRQHandler                0x080003e9   Thumb Code     0  startup_gd32h7xx.o(.text)
    CAN2_Message_IRQHandler                  0x080003e9   Thumb Code     0  startup_gd32h7xx.o(.text)
    CAN2_REC_IRQHandler                      0x080003e9   Thumb Code     0  startup_gd32h7xx.o(.text)
    CAN2_TEC_IRQHandler                      0x080003e9   Thumb Code     0  startup_gd32h7xx.o(.text)
    CAN2_WKUP_IRQHandler                     0x080003e9   Thumb Code     0  startup_gd32h7xx.o(.text)
    CAU_IRQHandler                           0x080003e9   Thumb Code     0  startup_gd32h7xx.o(.text)
    CMP0_1_IRQHandler                        0x080003e9   Thumb Code     0  startup_gd32h7xx.o(.text)
    CTC_IRQHandler                           0x080003e9   Thumb Code     0  startup_gd32h7xx.o(.text)
    DCI_IRQHandler                           0x080003e9   Thumb Code     0  startup_gd32h7xx.o(.text)
    DMA0_Channel0_IRQHandler                 0x080003e9   Thumb Code     0  startup_gd32h7xx.o(.text)
    DMA0_Channel1_IRQHandler                 0x080003e9   Thumb Code     0  startup_gd32h7xx.o(.text)
    DMA0_Channel2_IRQHandler                 0x080003e9   Thumb Code     0  startup_gd32h7xx.o(.text)
    DMA0_Channel3_IRQHandler                 0x080003e9   Thumb Code     0  startup_gd32h7xx.o(.text)
    DMA0_Channel4_IRQHandler                 0x080003e9   Thumb Code     0  startup_gd32h7xx.o(.text)
    DMA0_Channel5_IRQHandler                 0x080003e9   Thumb Code     0  startup_gd32h7xx.o(.text)
    DMA0_Channel6_IRQHandler                 0x080003e9   Thumb Code     0  startup_gd32h7xx.o(.text)
    DMA0_Channel7_IRQHandler                 0x080003e9   Thumb Code     0  startup_gd32h7xx.o(.text)
    DMA1_Channel0_IRQHandler                 0x080003e9   Thumb Code     0  startup_gd32h7xx.o(.text)
    DMA1_Channel1_IRQHandler                 0x080003e9   Thumb Code     0  startup_gd32h7xx.o(.text)
    DMA1_Channel2_IRQHandler                 0x080003e9   Thumb Code     0  startup_gd32h7xx.o(.text)
    DMA1_Channel3_IRQHandler                 0x080003e9   Thumb Code     0  startup_gd32h7xx.o(.text)
    DMA1_Channel4_IRQHandler                 0x080003e9   Thumb Code     0  startup_gd32h7xx.o(.text)
    DMA1_Channel5_IRQHandler                 0x080003e9   Thumb Code     0  startup_gd32h7xx.o(.text)
    DMA1_Channel6_IRQHandler                 0x080003e9   Thumb Code     0  startup_gd32h7xx.o(.text)
    DMA1_Channel7_IRQHandler                 0x080003e9   Thumb Code     0  startup_gd32h7xx.o(.text)
    DMAMUX_OVR_IRQHandler                    0x080003e9   Thumb Code     0  startup_gd32h7xx.o(.text)
    EFUSE_IRQHandler                         0x080003e9   Thumb Code     0  startup_gd32h7xx.o(.text)
    ENET0_IRQHandler                         0x080003e9   Thumb Code     0  startup_gd32h7xx.o(.text)
    ENET0_WKUP_IRQHandler                    0x080003e9   Thumb Code     0  startup_gd32h7xx.o(.text)
    ENET1_IRQHandler                         0x080003e9   Thumb Code     0  startup_gd32h7xx.o(.text)
    ENET1_WKUP_IRQHandler                    0x080003e9   Thumb Code     0  startup_gd32h7xx.o(.text)
    EXMC_IRQHandler                          0x080003e9   Thumb Code     0  startup_gd32h7xx.o(.text)
    EXTI0_IRQHandler                         0x080003e9   Thumb Code     0  startup_gd32h7xx.o(.text)
    EXTI10_15_IRQHandler                     0x080003e9   Thumb Code     0  startup_gd32h7xx.o(.text)
    EXTI1_IRQHandler                         0x080003e9   Thumb Code     0  startup_gd32h7xx.o(.text)
    EXTI2_IRQHandler                         0x080003e9   Thumb Code     0  startup_gd32h7xx.o(.text)
    EXTI3_IRQHandler                         0x080003e9   Thumb Code     0  startup_gd32h7xx.o(.text)
    EXTI4_IRQHandler                         0x080003e9   Thumb Code     0  startup_gd32h7xx.o(.text)
    EXTI5_9_IRQHandler                       0x080003e9   Thumb Code     0  startup_gd32h7xx.o(.text)
    FAC_IRQHandler                           0x080003e9   Thumb Code     0  startup_gd32h7xx.o(.text)
    FMC_IRQHandler                           0x080003e9   Thumb Code     0  startup_gd32h7xx.o(.text)
    FPU_IRQHandler                           0x080003e9   Thumb Code     0  startup_gd32h7xx.o(.text)
    HAU_TRNG_IRQHandler                      0x080003e9   Thumb Code     0  startup_gd32h7xx.o(.text)
    HPDF_INT0_IRQHandler                     0x080003e9   Thumb Code     0  startup_gd32h7xx.o(.text)
    HPDF_INT1_IRQHandler                     0x080003e9   Thumb Code     0  startup_gd32h7xx.o(.text)
    HPDF_INT2_IRQHandler                     0x080003e9   Thumb Code     0  startup_gd32h7xx.o(.text)
    HPDF_INT3_IRQHandler                     0x080003e9   Thumb Code     0  startup_gd32h7xx.o(.text)
    HWSEM_IRQHandler                         0x080003e9   Thumb Code     0  startup_gd32h7xx.o(.text)
    I2C0_ER_IRQHandler                       0x080003e9   Thumb Code     0  startup_gd32h7xx.o(.text)
    I2C0_EV_IRQHandler                       0x080003e9   Thumb Code     0  startup_gd32h7xx.o(.text)
    I2C0_WKUP_IRQHandler                     0x080003e9   Thumb Code     0  startup_gd32h7xx.o(.text)
    I2C1_ER_IRQHandler                       0x080003e9   Thumb Code     0  startup_gd32h7xx.o(.text)
    I2C1_EV_IRQHandler                       0x080003e9   Thumb Code     0  startup_gd32h7xx.o(.text)
    I2C1_WKUP_IRQHandler                     0x080003e9   Thumb Code     0  startup_gd32h7xx.o(.text)
    I2C2_ER_IRQHandler                       0x080003e9   Thumb Code     0  startup_gd32h7xx.o(.text)
    I2C2_EV_IRQHandler                       0x080003e9   Thumb Code     0  startup_gd32h7xx.o(.text)
    I2C2_WKUP_IRQHandler                     0x080003e9   Thumb Code     0  startup_gd32h7xx.o(.text)
    I2C3_ER_IRQHandler                       0x080003e9   Thumb Code     0  startup_gd32h7xx.o(.text)
    I2C3_EV_IRQHandler                       0x080003e9   Thumb Code     0  startup_gd32h7xx.o(.text)
    I2C3_WKUP_IRQHandler                     0x080003e9   Thumb Code     0  startup_gd32h7xx.o(.text)
    IPA_IRQHandler                           0x080003e9   Thumb Code     0  startup_gd32h7xx.o(.text)
    LPDTS_IRQHandler                         0x080003e9   Thumb Code     0  startup_gd32h7xx.o(.text)
    LPDTS_WKUP_IRQHandler                    0x080003e9   Thumb Code     0  startup_gd32h7xx.o(.text)
    MDIO_IRQHandler                          0x080003e9   Thumb Code     0  startup_gd32h7xx.o(.text)
    MDMA_IRQHandler                          0x080003e9   Thumb Code     0  startup_gd32h7xx.o(.text)
    OSPI0_IRQHandler                         0x080003e9   Thumb Code     0  startup_gd32h7xx.o(.text)
    OSPI1_IRQHandler                         0x080003e9   Thumb Code     0  startup_gd32h7xx.o(.text)
    RAMECCMU_IRQHandler                      0x080003e9   Thumb Code     0  startup_gd32h7xx.o(.text)
    RCU_IRQHandler                           0x080003e9   Thumb Code     0  startup_gd32h7xx.o(.text)
    RSPDIF_IRQHandler                        0x080003e9   Thumb Code     0  startup_gd32h7xx.o(.text)
    RTC_Alarm_IRQHandler                     0x080003e9   Thumb Code     0  startup_gd32h7xx.o(.text)
    RTC_WKUP_IRQHandler                      0x080003e9   Thumb Code     0  startup_gd32h7xx.o(.text)
    RTDEC0_IRQHandler                        0x080003e9   Thumb Code     0  startup_gd32h7xx.o(.text)
    RTDEC1_IRQHandler                        0x080003e9   Thumb Code     0  startup_gd32h7xx.o(.text)
    SAI0_IRQHandler                          0x080003e9   Thumb Code     0  startup_gd32h7xx.o(.text)
    SAI1_IRQHandler                          0x080003e9   Thumb Code     0  startup_gd32h7xx.o(.text)
    SAI2_IRQHandler                          0x080003e9   Thumb Code     0  startup_gd32h7xx.o(.text)
    SDIO0_IRQHandler                         0x080003e9   Thumb Code     0  startup_gd32h7xx.o(.text)
    SDIO1_IRQHandler                         0x080003e9   Thumb Code     0  startup_gd32h7xx.o(.text)
    SPI0_IRQHandler                          0x080003e9   Thumb Code     0  startup_gd32h7xx.o(.text)
    SPI1_IRQHandler                          0x080003e9   Thumb Code     0  startup_gd32h7xx.o(.text)
    SPI2_IRQHandler                          0x080003e9   Thumb Code     0  startup_gd32h7xx.o(.text)
    SPI3_IRQHandler                          0x080003e9   Thumb Code     0  startup_gd32h7xx.o(.text)
    SPI4_IRQHandler                          0x080003e9   Thumb Code     0  startup_gd32h7xx.o(.text)
    SPI5_IRQHandler                          0x080003e9   Thumb Code     0  startup_gd32h7xx.o(.text)
    TAMPER_STAMP_LXTAL_IRQHandler            0x080003e9   Thumb Code     0  startup_gd32h7xx.o(.text)
    TIMER0_BRK_IRQHandler                    0x080003e9   Thumb Code     0  startup_gd32h7xx.o(.text)
    TIMER0_Channel_IRQHandler                0x080003e9   Thumb Code     0  startup_gd32h7xx.o(.text)
    TIMER0_DEC_IRQHandler                    0x080003e9   Thumb Code     0  startup_gd32h7xx.o(.text)
    TIMER0_TRG_CMT_IRQHandler                0x080003e9   Thumb Code     0  startup_gd32h7xx.o(.text)
    TIMER0_UP_IRQHandler                     0x080003e9   Thumb Code     0  startup_gd32h7xx.o(.text)
    TIMER14_IRQHandler                       0x080003e9   Thumb Code     0  startup_gd32h7xx.o(.text)
    TIMER15_IRQHandler                       0x080003e9   Thumb Code     0  startup_gd32h7xx.o(.text)
    TIMER16_IRQHandler                       0x080003e9   Thumb Code     0  startup_gd32h7xx.o(.text)
    TIMER1_DEC_IRQHandler                    0x080003e9   Thumb Code     0  startup_gd32h7xx.o(.text)
    TIMER1_IRQHandler                        0x080003e9   Thumb Code     0  startup_gd32h7xx.o(.text)
    TIMER22_DEC_IRQHandler                   0x080003e9   Thumb Code     0  startup_gd32h7xx.o(.text)
    TIMER22_IRQHandler                       0x080003e9   Thumb Code     0  startup_gd32h7xx.o(.text)
    TIMER23_DEC_IRQHandler                   0x080003e9   Thumb Code     0  startup_gd32h7xx.o(.text)
    TIMER23_IRQHandler                       0x080003e9   Thumb Code     0  startup_gd32h7xx.o(.text)
    TIMER2_DEC_IRQHandler                    0x080003e9   Thumb Code     0  startup_gd32h7xx.o(.text)
    TIMER2_IRQHandler                        0x080003e9   Thumb Code     0  startup_gd32h7xx.o(.text)
    TIMER30_DEC_IRQHandler                   0x080003e9   Thumb Code     0  startup_gd32h7xx.o(.text)
    TIMER30_IRQHandler                       0x080003e9   Thumb Code     0  startup_gd32h7xx.o(.text)
    TIMER31_DEC_IRQHandler                   0x080003e9   Thumb Code     0  startup_gd32h7xx.o(.text)
    TIMER31_IRQHandler                       0x080003e9   Thumb Code     0  startup_gd32h7xx.o(.text)
    TIMER3_DEC_IRQHandler                    0x080003e9   Thumb Code     0  startup_gd32h7xx.o(.text)
    TIMER3_IRQHandler                        0x080003e9   Thumb Code     0  startup_gd32h7xx.o(.text)
    TIMER40_IRQHandler                       0x080003e9   Thumb Code     0  startup_gd32h7xx.o(.text)
    TIMER41_IRQHandler                       0x080003e9   Thumb Code     0  startup_gd32h7xx.o(.text)
    TIMER42_IRQHandler                       0x080003e9   Thumb Code     0  startup_gd32h7xx.o(.text)
    TIMER43_IRQHandler                       0x080003e9   Thumb Code     0  startup_gd32h7xx.o(.text)
    TIMER44_IRQHandler                       0x080003e9   Thumb Code     0  startup_gd32h7xx.o(.text)
    TIMER4_DEC_IRQHandler                    0x080003e9   Thumb Code     0  startup_gd32h7xx.o(.text)
    TIMER4_IRQHandler                        0x080003e9   Thumb Code     0  startup_gd32h7xx.o(.text)
    TIMER50_IRQHandler                       0x080003e9   Thumb Code     0  startup_gd32h7xx.o(.text)
    TIMER51_IRQHandler                       0x080003e9   Thumb Code     0  startup_gd32h7xx.o(.text)
    TIMER5_DAC_UDR_IRQHandler                0x080003e9   Thumb Code     0  startup_gd32h7xx.o(.text)
    TIMER6_IRQHandler                        0x080003e9   Thumb Code     0  startup_gd32h7xx.o(.text)
    TIMER7_BRK_IRQHandler                    0x080003e9   Thumb Code     0  startup_gd32h7xx.o(.text)
    TIMER7_Channel_IRQHandler                0x080003e9   Thumb Code     0  startup_gd32h7xx.o(.text)
    TIMER7_DEC_IRQHandler                    0x080003e9   Thumb Code     0  startup_gd32h7xx.o(.text)
    TIMER7_TRG_CMT_IRQHandler                0x080003e9   Thumb Code     0  startup_gd32h7xx.o(.text)
    TIMER7_UP_IRQHandler                     0x080003e9   Thumb Code     0  startup_gd32h7xx.o(.text)
    TLI_ER_IRQHandler                        0x080003e9   Thumb Code     0  startup_gd32h7xx.o(.text)
    TLI_IRQHandler                           0x080003e9   Thumb Code     0  startup_gd32h7xx.o(.text)
    TMU_IRQHandler                           0x080003e9   Thumb Code     0  startup_gd32h7xx.o(.text)
    UART4_IRQHandler                         0x080003e9   Thumb Code     0  startup_gd32h7xx.o(.text)
    UART6_IRQHandler                         0x080003e9   Thumb Code     0  startup_gd32h7xx.o(.text)
    UART7_IRQHandler                         0x080003e9   Thumb Code     0  startup_gd32h7xx.o(.text)
    USART0_IRQHandler                        0x080003e9   Thumb Code     0  startup_gd32h7xx.o(.text)
    USART1_IRQHandler                        0x080003e9   Thumb Code     0  startup_gd32h7xx.o(.text)
    USART2_IRQHandler                        0x080003e9   Thumb Code     0  startup_gd32h7xx.o(.text)
    USART5_IRQHandler                        0x080003e9   Thumb Code     0  startup_gd32h7xx.o(.text)
    USBHS0_EP1_IN_IRQHandler                 0x080003e9   Thumb Code     0  startup_gd32h7xx.o(.text)
    USBHS0_EP1_OUT_IRQHandler                0x080003e9   Thumb Code     0  startup_gd32h7xx.o(.text)
    USBHS0_IRQHandler                        0x080003e9   Thumb Code     0  startup_gd32h7xx.o(.text)
    USBHS0_WKUP_IRQHandler                   0x080003e9   Thumb Code     0  startup_gd32h7xx.o(.text)
    USBHS1_EP1_IN_IRQHandler                 0x080003e9   Thumb Code     0  startup_gd32h7xx.o(.text)
    USBHS1_EP1_OUT_IRQHandler                0x080003e9   Thumb Code     0  startup_gd32h7xx.o(.text)
    USBHS1_IRQHandler                        0x080003e9   Thumb Code     0  startup_gd32h7xx.o(.text)
    USBHS1_WKUP_IRQHandler                   0x080003e9   Thumb Code     0  startup_gd32h7xx.o(.text)
    VAVD_LVD_VOVD_IRQHandler                 0x080003e9   Thumb Code     0  startup_gd32h7xx.o(.text)
    WWDGT_IRQHandler                         0x080003e9   Thumb Code     0  startup_gd32h7xx.o(.text)
    __aeabi_memcpy                           0x080003f9   Thumb Code    36  memcpya.o(.text)
    __aeabi_memcpy4                          0x080003f9   Thumb Code     0  memcpya.o(.text)
    __aeabi_memcpy8                          0x080003f9   Thumb Code     0  memcpya.o(.text)
    __aeabi_uidiv                            0x0800041d   Thumb Code     0  uidiv.o(.text)
    __aeabi_uidivmod                         0x0800041d   Thumb Code    44  uidiv.o(.text)
    __scatterload                            0x08000449   Thumb Code    28  init.o(.text)
    __scatterload_rt2                        0x08000449   Thumb Code     0  init.o(.text)
    BusFault_Handler                         0x0800046d   Thumb Code     4  gd32h7xx_it.o(i.BusFault_Handler)
    DebugMon_Handler                         0x08000471   Thumb Code     2  gd32h7xx_it.o(i.DebugMon_Handler)
    HardFault_Handler                        0x08000473   Thumb Code     4  gd32h7xx_it.o(i.HardFault_Handler)
    I2C_Start                                0x08000479   Thumb Code    84  oled.o(i.I2C_Start)
    I2C_Stop                                 0x080004d1   Thumb Code    66  oled.o(i.I2C_Stop)
    I2C_WaitAck                              0x08000519   Thumb Code   116  oled.o(i.I2C_WaitAck)
    IIC_delay                                0x08000591   Thumb Code    26  oled.o(i.IIC_delay)
    MemManage_Handler                        0x080005ab   Thumb Code     4  gd32h7xx_it.o(i.MemManage_Handler)
    NMI_Handler                              0x080005af   Thumb Code     2  gd32h7xx_it.o(i.NMI_Handler)
    OLED_Clear                               0x080005b1   Thumb Code    42  oled.o(i.OLED_Clear)
    OLED_ClearPoint                          0x080005e1   Thumb Code    90  oled.o(i.OLED_ClearPoint)
    OLED_DrawPoint                           0x08000641   Thumb Code    54  oled.o(i.OLED_DrawPoint)
    OLED_Init                                0x0800067d   Thumb Code   324  oled.o(i.OLED_Init)
    OLED_Refresh                             0x080007c5   Thumb Code    70  oled.o(i.OLED_Refresh)
    OLED_ShowChar                            0x08000811   Thumb Code   240  oled.o(i.OLED_ShowChar)
    OLED_ShowString                          0x0800090d   Thumb Code    66  oled.o(i.OLED_ShowString)
    OLED_WR_Byte                             0x0800094f   Thumb Code    56  oled.o(i.OLED_WR_Byte)
    PendSV_Handler                           0x08000987   Thumb Code     2  gd32h7xx_it.o(i.PendSV_Handler)
    SVC_Handler                              0x08000989   Thumb Code     2  gd32h7xx_it.o(i.SVC_Handler)
    Send_Byte                                0x0800098d   Thumb Code    88  oled.o(i.Send_Byte)
    SysTick_Handler                          0x080009e9   Thumb Code     8  gd32h7xx_it.o(i.SysTick_Handler)
    SystemInit                               0x080009f1   Thumb Code   522  system_gd32h7xx.o(i.SystemInit)
    System_Init                              0x08000c39   Thumb Code    20  function.o(i.System_Init)
    UART3_IRQHandler                         0x08000c4d   Thumb Code    94  usart.o(i.UART3_IRQHandler)
    UsageFault_Handler                       0x08000ccd   Thumb Code     4  gd32h7xx_it.o(i.UsageFault_Handler)
    UsrFunction                              0x08000cd1   Thumb Code    70  function.o(i.UsrFunction)
    __0sprintf$1                             0x08000d3d   Thumb Code    34  printf1.o(i.__0sprintf$1)
    __1sprintf$1                             0x08000d3d   Thumb Code     0  printf1.o(i.__0sprintf$1)
    __2sprintf                               0x08000d3d   Thumb Code     0  printf1.o(i.__0sprintf$1)
    __scatterload_copy                       0x08000d8d   Thumb Code    14  handlers.o(i.__scatterload_copy)
    __scatterload_null                       0x08000d9b   Thumb Code     2  handlers.o(i.__scatterload_null)
    __scatterload_zeroinit                   0x08000d9d   Thumb Code    14  handlers.o(i.__scatterload_zeroinit)
    delay_1ms                                0x08000fc5   Thumb Code    16  systick.o(i.delay_1ms)
    delay_decrement                          0x08000fd9   Thumb Code    18  systick.o(i.delay_decrement)
    gpio_af_set                              0x08000ff1   Thumb Code    94  gd32h7xx_gpio.o(i.gpio_af_set)
    gpio_bit_reset                           0x0800104f   Thumb Code     4  gd32h7xx_gpio.o(i.gpio_bit_reset)
    gpio_bit_set                             0x08001053   Thumb Code     4  gd32h7xx_gpio.o(i.gpio_bit_set)
    gpio_input_bit_get                       0x08001057   Thumb Code    16  gd32h7xx_gpio.o(i.gpio_input_bit_get)
    gpio_mode_set                            0x08001067   Thumb Code    78  gd32h7xx_gpio.o(i.gpio_mode_set)
    gpio_output_options_set                  0x080010b5   Thumb Code    66  gd32h7xx_gpio.o(i.gpio_output_options_set)
    main                                     0x080010f7   Thumb Code    14  main.o(i.main)
    my_usart_init                            0x08001105   Thumb Code   200  usart.o(i.my_usart_init)
    nvic_irq_enable                          0x080011dd   Thumb Code   166  gd32h7xx_misc.o(i.nvic_irq_enable)
    nvic_priority_group_set                  0x0800128d   Thumb Code    10  gd32h7xx_misc.o(i.nvic_priority_group_set)
    nvic_vector_table_set                    0x080012a1   Thumb Code    16  gd32h7xx_misc.o(i.nvic_vector_table_set)
    rcu_clock_freq_get                       0x080012b9   Thumb Code  2126  gd32h7xx_rcu.o(i.rcu_clock_freq_get)
    rcu_irc64mdiv_freq_get                   0x08001b15   Thumb Code    70  gd32h7xx_rcu.o(i.rcu_irc64mdiv_freq_get)
    rcu_periph_clock_enable                  0x08001b71   Thumb Code    32  gd32h7xx_rcu.o(i.rcu_periph_clock_enable)
    rcu_periph_reset_disable                 0x08001b95   Thumb Code    32  gd32h7xx_rcu.o(i.rcu_periph_reset_disable)
    rcu_periph_reset_enable                  0x08001bb9   Thumb Code    32  gd32h7xx_rcu.o(i.rcu_periph_reset_enable)
    systick_config                           0x08001d7d   Thumb Code    74  systick.o(i.systick_config)
    usart_baudrate_set                       0x08001dcd   Thumb Code   224  gd32h7xx_usart.o(i.usart_baudrate_set)
    usart_data_receive                       0x08001eb5   Thumb Code    10  gd32h7xx_usart.o(i.usart_data_receive)
    usart_deinit                             0x08001ec1   Thumb Code   210  gd32h7xx_usart.o(i.usart_deinit)
    usart_enable                             0x08001f9d   Thumb Code    10  gd32h7xx_usart.o(i.usart_enable)
    usart_interrupt_enable                   0x08001fa7   Thumb Code    26  gd32h7xx_usart.o(i.usart_interrupt_enable)
    usart_interrupt_flag_clear               0x08001fc1   Thumb Code    78  gd32h7xx_usart.o(i.usart_interrupt_flag_clear)
    usart_interrupt_flag_get                 0x0800201d   Thumb Code    56  gd32h7xx_usart.o(i.usart_interrupt_flag_get)
    usart_parity_config                      0x08002055   Thumb Code    24  gd32h7xx_usart.o(i.usart_parity_config)
    usart_receive_config                     0x0800206d   Thumb Code    16  gd32h7xx_usart.o(i.usart_receive_config)
    usart_stop_bit_set                       0x0800207d   Thumb Code    24  gd32h7xx_usart.o(i.usart_stop_bit_set)
    usart_transmit_config                    0x08002095   Thumb Code    16  gd32h7xx_usart.o(i.usart_transmit_config)
    usart_word_length_set                    0x080020a5   Thumb Code    24  gd32h7xx_usart.o(i.usart_word_length_set)
    F6x8                                     0x080020bc   Data         552  oled.o(.constdata)
    F8X16                                    0x080022e4   Data        1520  oled.o(.constdata)
    asc2_1206                                0x080028d4   Data        1140  oled.o(.constdata)
    asc2_1608                                0x08002d48   Data        1520  oled.o(.constdata)
    asc2_2412                                0x08003338   Data        3420  oled.o(.constdata)
    Region$$Table$$Base                      0x08004094   Number         0  anon$$obj.o(Region$$Table)
    Region$$Table$$Limit                     0x080040b4   Number         0  anon$$obj.o(Region$$Table)
    Image$$RW_IRAM1$$RW$$Base                0x24000000   Number         0  anon$$obj.o ABSOLUTE
    recv_len                                 0x24000004   Data           1  usart.o(.data)
    recv_real_len                            0x24000005   Data           1  usart.o(.data)
    recv_flag                                0x24000006   Data           1  usart.o(.data)
    SystemCoreClock                          0x24000008   Data           4  system_gd32h7xx.o(.data)
    recv_buf                                 0x2400000c   Data         128  usart.o(.bss)
    recv_real_buf                            0x2400008c   Data         128  usart.o(.bss)
    OLED_GRAM                                0x2400010c   Data         576  oled.o(.bss)
    __initial_sp                             0x24001350   Data           0  startup_gd32h7xx.o(STACK)



==============================================================================

Memory Map of the image

  Image Entry point : 0x080003a5

  Load Region LR_IROM1 (Base: 0x08000000, Size: 0x000040c0, Max: 0x003c0000, ABSOLUTE)

    Execution Region RW_IRAM2 (Exec base: 0x00000000, Load base: 0x080040c0, Size: 0x00000000, Max: 0x00010000, ABSOLUTE)

    **** No section assigned to this execution region ****


    Execution Region ER_IROM1 (Exec base: 0x08000000, Load base: 0x08000000, Size: 0x000040b4, Max: 0x003c0000, ABSOLUTE)

    Exec Addr    Load Addr    Size         Type   Attr      Idx    E Section Name        Object

    0x08000000   0x08000000   0x000003a4   Data   RO        11352    RESET               startup_gd32h7xx.o
    0x080003a4   0x080003a4   0x00000000   Code   RO        11357  * .ARM.Collect$$$$00000000  mc_w.l(entry.o)
    0x080003a4   0x080003a4   0x00000004   Code   RO        11625    .ARM.Collect$$$$00000001  mc_w.l(entry2.o)
    0x080003a8   0x080003a8   0x00000004   Code   RO        11628    .ARM.Collect$$$$00000004  mc_w.l(entry5.o)
    0x080003ac   0x080003ac   0x00000000   Code   RO        11630    .ARM.Collect$$$$00000008  mc_w.l(entry7b.o)
    0x080003ac   0x080003ac   0x00000000   Code   RO        11632    .ARM.Collect$$$$0000000A  mc_w.l(entry8b.o)
    0x080003ac   0x080003ac   0x00000008   Code   RO        11633    .ARM.Collect$$$$0000000B  mc_w.l(entry9a.o)
    0x080003b4   0x080003b4   0x00000004   Code   RO        11640    .ARM.Collect$$$$0000000E  mc_w.l(entry12b.o)
    0x080003b8   0x080003b8   0x00000000   Code   RO        11635    .ARM.Collect$$$$0000000F  mc_w.l(entry10a.o)
    0x080003b8   0x080003b8   0x00000000   Code   RO        11637    .ARM.Collect$$$$00000011  mc_w.l(entry11a.o)
    0x080003b8   0x080003b8   0x00000004   Code   RO        11626    .ARM.Collect$$$$00002712  mc_w.l(entry2.o)
    0x080003bc   0x080003bc   0x0000003c   Code   RO        11353    .text               startup_gd32h7xx.o
    0x080003f8   0x080003f8   0x00000024   Code   RO        11360    .text               mc_w.l(memcpya.o)
    0x0800041c   0x0800041c   0x0000002c   Code   RO        11642    .text               mc_w.l(uidiv.o)
    0x08000448   0x08000448   0x00000024   Code   RO        11657    .text               mc_w.l(init.o)
    0x0800046c   0x0800046c   0x00000004   Code   RO          229    i.BusFault_Handler  gd32h7xx_it.o
    0x08000470   0x08000470   0x00000002   Code   RO          230    i.DebugMon_Handler  gd32h7xx_it.o
    0x08000472   0x08000472   0x00000004   Code   RO          231    i.HardFault_Handler  gd32h7xx_it.o
    0x08000476   0x08000476   0x00000002   PAD
    0x08000478   0x08000478   0x00000058   Code   RO          567    i.I2C_Start         oled.o
    0x080004d0   0x080004d0   0x00000048   Code   RO          568    i.I2C_Stop          oled.o
    0x08000518   0x08000518   0x00000078   Code   RO          569    i.I2C_WaitAck       oled.o
    0x08000590   0x08000590   0x0000001a   Code   RO          570    i.IIC_delay         oled.o
    0x080005aa   0x080005aa   0x00000004   Code   RO          232    i.MemManage_Handler  gd32h7xx_it.o
    0x080005ae   0x080005ae   0x00000002   Code   RO          233    i.NMI_Handler       gd32h7xx_it.o
    0x080005b0   0x080005b0   0x00000030   Code   RO          571    i.OLED_Clear        oled.o
    0x080005e0   0x080005e0   0x00000060   Code   RO          572    i.OLED_ClearPoint   oled.o
    0x08000640   0x08000640   0x0000003c   Code   RO          579    i.OLED_DrawPoint    oled.o
    0x0800067c   0x0800067c   0x00000148   Code   RO          580    i.OLED_Init         oled.o
    0x080007c4   0x080007c4   0x0000004c   Code   RO          582    i.OLED_Refresh      oled.o
    0x08000810   0x08000810   0x000000fc   Code   RO          584    i.OLED_ShowChar     oled.o
    0x0800090c   0x0800090c   0x00000042   Code   RO          588    i.OLED_ShowString   oled.o
    0x0800094e   0x0800094e   0x00000038   Code   RO          590    i.OLED_WR_Byte      oled.o
    0x08000986   0x08000986   0x00000002   Code   RO          234    i.PendSV_Handler    gd32h7xx_it.o
    0x08000988   0x08000988   0x00000002   Code   RO          235    i.SVC_Handler       gd32h7xx_it.o
    0x0800098a   0x0800098a   0x00000002   PAD
    0x0800098c   0x0800098c   0x0000005c   Code   RO          591    i.Send_Byte         oled.o
    0x080009e8   0x080009e8   0x00000008   Code   RO          236    i.SysTick_Handler   gd32h7xx_it.o
    0x080009f0   0x080009f0   0x00000248   Code   RO          788    i.SystemInit        system_gd32h7xx.o
    0x08000c38   0x08000c38   0x00000014   Code   RO          746    i.System_Init       function.o
    0x08000c4c   0x08000c4c   0x00000080   Code   RO          518    i.UART3_IRQHandler  usart.o
    0x08000ccc   0x08000ccc   0x00000004   Code   RO          237    i.UsageFault_Handler  gd32h7xx_it.o
    0x08000cd0   0x08000cd0   0x0000006c   Code   RO          747    i.UsrFunction       function.o
    0x08000d3c   0x08000d3c   0x00000028   Code   RO        11411    i.__0sprintf$1      mc_w.l(printf1.o)
    0x08000d64   0x08000d64   0x00000028   Code   RO          471    i.__NVIC_SetPriority  systick.o
    0x08000d8c   0x08000d8c   0x0000000e   Code   RO        11669    i.__scatterload_copy  mc_w.l(handlers.o)
    0x08000d9a   0x08000d9a   0x00000002   Code   RO        11670    i.__scatterload_null  mc_w.l(handlers.o)
    0x08000d9c   0x08000d9c   0x0000000e   Code   RO        11671    i.__scatterload_zeroinit  mc_w.l(handlers.o)
    0x08000daa   0x08000daa   0x00000002   PAD
    0x08000dac   0x08000dac   0x00000154   Code   RO        11416    i._printf_core      mc_w.l(printf1.o)
    0x08000f00   0x08000f00   0x0000000a   Code   RO        11418    i._sputc            mc_w.l(printf1.o)
    0x08000f0a   0x08000f0a   0x00000002   PAD
    0x08000f0c   0x08000f0c   0x000000b8   Code   RO          748    i.cache_enable      function.o
    0x08000fc4   0x08000fc4   0x00000014   Code   RO          472    i.delay_1ms         systick.o
    0x08000fd8   0x08000fd8   0x00000018   Code   RO          473    i.delay_decrement   systick.o
    0x08000ff0   0x08000ff0   0x0000005e   Code   RO         4278    i.gpio_af_set       gd32h7xx_gpio.o
    0x0800104e   0x0800104e   0x00000004   Code   RO         4279    i.gpio_bit_reset    gd32h7xx_gpio.o
    0x08001052   0x08001052   0x00000004   Code   RO         4280    i.gpio_bit_set      gd32h7xx_gpio.o
    0x08001056   0x08001056   0x00000010   Code   RO         4284    i.gpio_input_bit_get  gd32h7xx_gpio.o
    0x08001066   0x08001066   0x0000004e   Code   RO         4287    i.gpio_mode_set     gd32h7xx_gpio.o
    0x080010b4   0x080010b4   0x00000042   Code   RO         4289    i.gpio_output_options_set  gd32h7xx_gpio.o
    0x080010f6   0x080010f6   0x0000000e   Code   RO            4    i.main              main.o
    0x08001104   0x08001104   0x000000d8   Code   RO          520    i.my_usart_init     usart.o
    0x080011dc   0x080011dc   0x000000b0   Code   RO         6361    i.nvic_irq_enable   gd32h7xx_misc.o
    0x0800128c   0x0800128c   0x00000014   Code   RO         6362    i.nvic_priority_group_set  gd32h7xx_misc.o
    0x080012a0   0x080012a0   0x00000018   Code   RO         6363    i.nvic_vector_table_set  gd32h7xx_misc.o
    0x080012b8   0x080012b8   0x0000085c   Code   RO         7329    i.rcu_clock_freq_get  gd32h7xx_rcu.o
    0x08001b14   0x08001b14   0x0000005c   Code   RO         7344    i.rcu_irc64mdiv_freq_get  gd32h7xx_rcu.o
    0x08001b70   0x08001b70   0x00000024   Code   RO         7356    i.rcu_periph_clock_enable  gd32h7xx_rcu.o
    0x08001b94   0x08001b94   0x00000024   Code   RO         7359    i.rcu_periph_reset_disable  gd32h7xx_rcu.o
    0x08001bb8   0x08001bb8   0x00000024   Code   RO         7360    i.rcu_periph_reset_enable  gd32h7xx_rcu.o
    0x08001bdc   0x08001bdc   0x0000005c   Code   RO         7365    i.rcu_pll_clock_freq_cal  gd32h7xx_rcu.o
    0x08001c38   0x08001c38   0x0000013c   Code   RO          790    i.system_clock_600m_hxtal  system_gd32h7xx.o
    0x08001d74   0x08001d74   0x00000008   Code   RO          791    i.system_clock_config  system_gd32h7xx.o
    0x08001d7c   0x08001d7c   0x00000050   Code   RO          474    i.systick_config    systick.o
    0x08001dcc   0x08001dcc   0x000000e8   Code   RO        10672    i.usart_baudrate_set  gd32h7xx_usart.o
    0x08001eb4   0x08001eb4   0x0000000a   Code   RO        10678    i.usart_data_receive  gd32h7xx_usart.o
    0x08001ebe   0x08001ebe   0x00000002   PAD
    0x08001ec0   0x08001ec0   0x000000dc   Code   RO        10680    i.usart_deinit      gd32h7xx_usart.o
    0x08001f9c   0x08001f9c   0x0000000a   Code   RO        10687    i.usart_enable      gd32h7xx_usart.o
    0x08001fa6   0x08001fa6   0x0000001a   Code   RO        10699    i.usart_interrupt_enable  gd32h7xx_usart.o
    0x08001fc0   0x08001fc0   0x0000005c   Code   RO        10700    i.usart_interrupt_flag_clear  gd32h7xx_usart.o
    0x0800201c   0x0800201c   0x00000038   Code   RO        10701    i.usart_interrupt_flag_get  gd32h7xx_usart.o
    0x08002054   0x08002054   0x00000018   Code   RO        10715    i.usart_parity_config  gd32h7xx_usart.o
    0x0800206c   0x0800206c   0x00000010   Code   RO        10717    i.usart_receive_config  gd32h7xx_usart.o
    0x0800207c   0x0800207c   0x00000018   Code   RO        10735    i.usart_stop_bit_set  gd32h7xx_usart.o
    0x08002094   0x08002094   0x00000010   Code   RO        10737    i.usart_transmit_config  gd32h7xx_usart.o
    0x080020a4   0x080020a4   0x00000018   Code   RO        10742    i.usart_word_length_set  gd32h7xx_usart.o
    0x080020bc   0x080020bc   0x00001fd8   Data   RO          593    .constdata          oled.o
    0x08004094   0x08004094   0x00000020   Data   RO        11667    Region$$Table       anon$$obj.o


    Execution Region RW_IRAM1 (Exec base: 0x24000000, Load base: 0x080040b4, Size: 0x00001350, Max: 0x000d0000, ABSOLUTE)

    Exec Addr    Load Addr    Size         Type   Attr      Idx    E Section Name        Object

    0x24000000   0x080040b4   0x00000004   Data   RW          475    .data               systick.o
    0x24000004   0x080040b8   0x00000003   Data   RW          522    .data               usart.o
    0x24000007   0x080040bb   0x00000001   PAD
    0x24000008   0x080040bc   0x00000004   Data   RW          792    .data               system_gd32h7xx.o
    0x2400000c        -       0x00000100   Zero   RW          521    .bss                usart.o
    0x2400010c        -       0x00000240   Zero   RW          592    .bss                oled.o
    0x2400034c   0x080040c0   0x00000004   PAD
    0x24000350        -       0x00001000   Zero   RW        11350    STACK               startup_gd32h7xx.o


==============================================================================

Image component sizes


      Code (inc. data)   RO Data    RW Data    ZI Data      Debug   Object Name

       312         48          0          0          0       3180   function.o
       262          0          0          0          0       4465   gd32h7xx_gpio.o
        32          0          0          0          0      73906   gd32h7xx_it.o
       220         28          0          0          0       2144   gd32h7xx_misc.o
      2432        120          0          0          0       7625   gd32h7xx_rcu.o
       750         32          0          0          0       8359   gd32h7xx_usart.o
        14          0          0          0          0       5027   main.o
      1380         58       8152          0        576       9630   oled.o
        60         14        932          0       4096        880   startup_gd32h7xx.o
       908         84          0          4          0       3831   system_gd32h7xx.o
       164         24          0          4          0      37482   systick.o
       344         50          0          3        256       1821   usart.o

    ----------------------------------------------------------------------
      6884        458       9116         12       4932     158350   Object Totals
         0          0         32          0          0          0   (incl. Generated)
         6          0          0          1          4          0   (incl. Padding)

    ----------------------------------------------------------------------

      Code (inc. data)   RO Data    RW Data    ZI Data      Debug   Library Member Name

         0          0          0          0          0          0   entry.o
         0          0          0          0          0          0   entry10a.o
         0          0          0          0          0          0   entry11a.o
         4          0          0          0          0          0   entry12b.o
         8          4          0          0          0          0   entry2.o
         4          0          0          0          0          0   entry5.o
         0          0          0          0          0          0   entry7b.o
         0          0          0          0          0          0   entry8b.o
         8          4          0          0          0          0   entry9a.o
        30          0          0          0          0          0   handlers.o
        36          8          0          0          0         68   init.o
        36          0          0          0          0         68   memcpya.o
       390         10          0          0          0        252   printf1.o
        44          0          0          0          0         80   uidiv.o

    ----------------------------------------------------------------------
       564         26          0          0          0        468   Library Totals
         4          0          0          0          0          0   (incl. Padding)

    ----------------------------------------------------------------------

      Code (inc. data)   RO Data    RW Data    ZI Data      Debug   Library Name

       560         26          0          0          0        468   mc_w.l

    ----------------------------------------------------------------------
       564         26          0          0          0        468   Library Totals

    ----------------------------------------------------------------------

==============================================================================


      Code (inc. data)   RO Data    RW Data    ZI Data      Debug   

      7448        484       9116         12       4932     153266   Grand Totals
      7448        484       9116         12       4932     153266   ELF Image Totals
      7448        484       9116         12          0          0   ROM Totals

==============================================================================

    Total RO  Size (Code + RO Data)                16564 (  16.18kB)
    Total RW  Size (RW Data + ZI Data)              4944 (   4.83kB)
    Total ROM Size (Code + RO Data + RW Data)      16576 (  16.19kB)

==============================================================================

