Component: ARM Compiler 5.06 update 7 (build 960) Tool: armlink [4d3601]

==============================================================================

Section Cross References

    main.o(i.main) refers to function.o(i.System_Init) for System_Init
    main.o(i.main) refers to function.o(i.UsrFunction) for UsrFunction
    systick.o(i.delay_1ms) refers to systick.o(.data) for delay
    systick.o(i.delay_decrement) refers to systick.o(.data) for delay
    systick.o(i.systick_config) refers to systick.o(i.__NVIC_SetPriority) for __NVIC_SetPriority
    systick.o(i.systick_config) refers to system_gd32h7xx.o(.data) for SystemCoreClock
    gd32h7xx_it.o(i.SysTick_Handler) refers to systick.o(i.delay_decrement) for delay_decrement
    led.o(i.LED_Init) refers to gd32h7xx_rcu.o(i.rcu_periph_clock_enable) for rcu_periph_clock_enable
    led.o(i.LED_Init) refers to gd32h7xx_gpio.o(i.gpio_mode_set) for gpio_mode_set
    led.o(i.LED_Init) refers to gd32h7xx_gpio.o(i.gpio_output_options_set) for gpio_output_options_set
    led.o(i.LED_Init) refers to gd32h7xx_gpio.o(i.gpio_bit_reset) for gpio_bit_reset
    i2c.o(i.I2C_Respond) refers to gd32h7xx_gpio.o(i.gpio_bit_reset) for gpio_bit_reset
    i2c.o(i.I2C_Respond) refers to gd32h7xx_gpio.o(i.gpio_bit_set) for gpio_bit_set
    i2c.o(i.I2C_Respond) refers to i2c.o(i.IIC_delay) for IIC_delay
    i2c.o(i.I2C_Respond) refers to oled.o(i.IIC_delay) for IIC_delay
    i2c.o(i.I2C_Start) refers to gd32h7xx_gpio.o(i.gpio_bit_set) for gpio_bit_set
    i2c.o(i.I2C_Start) refers to i2c.o(i.IIC_delay) for IIC_delay
    i2c.o(i.I2C_Start) refers to oled.o(i.IIC_delay) for IIC_delay
    i2c.o(i.I2C_Start) refers to gd32h7xx_gpio.o(i.gpio_bit_reset) for gpio_bit_reset
    i2c.o(i.I2C_Stop) refers to gd32h7xx_gpio.o(i.gpio_bit_reset) for gpio_bit_reset
    i2c.o(i.I2C_Stop) refers to i2c.o(i.IIC_delay) for IIC_delay
    i2c.o(i.I2C_Stop) refers to oled.o(i.IIC_delay) for IIC_delay
    i2c.o(i.I2C_Stop) refers to gd32h7xx_gpio.o(i.gpio_bit_set) for gpio_bit_set
    i2c.o(i.my_I2C_Init) refers to gd32h7xx_rcu.o(i.rcu_periph_clock_enable) for rcu_periph_clock_enable
    i2c.o(i.my_I2C_Init) refers to gd32h7xx_gpio.o(i.gpio_mode_set) for gpio_mode_set
    i2c.o(i.my_I2C_Init) refers to gd32h7xx_gpio.o(i.gpio_output_options_set) for gpio_output_options_set
    i2c.o(i.my_I2C_Init) refers to gd32h7xx_gpio.o(i.gpio_bit_set) for gpio_bit_set
    i2c.o(i.my_I2C_Init) refers to i2c.o(i.IIC_delay) for IIC_delay
    i2c.o(i.my_I2C_Init) refers to oled.o(i.IIC_delay) for IIC_delay
    i2c.o(i.my_I2C_Read_Byte) refers to gd32h7xx_gpio.o(i.gpio_bit_set) for gpio_bit_set
    i2c.o(i.my_I2C_Read_Byte) refers to gd32h7xx_gpio.o(i.gpio_bit_reset) for gpio_bit_reset
    i2c.o(i.my_I2C_Read_Byte) refers to i2c.o(i.IIC_delay) for IIC_delay
    i2c.o(i.my_I2C_Read_Byte) refers to oled.o(i.IIC_delay) for IIC_delay
    i2c.o(i.my_I2C_Read_Byte) refers to gd32h7xx_gpio.o(i.gpio_input_bit_get) for gpio_input_bit_get
    i2c.o(i.my_I2C_Send_Byte) refers to gd32h7xx_gpio.o(i.gpio_bit_reset) for gpio_bit_reset
    i2c.o(i.my_I2C_Send_Byte) refers to i2c.o(i.IIC_delay) for IIC_delay
    i2c.o(i.my_I2C_Send_Byte) refers to oled.o(i.IIC_delay) for IIC_delay
    i2c.o(i.my_I2C_Send_Byte) refers to gd32h7xx_gpio.o(i.gpio_bit_set) for gpio_bit_set
    i2c.o(i.my_I2C_Send_Byte) refers to gd32h7xx_gpio.o(i.gpio_input_bit_get) for gpio_input_bit_get
    key.o(i.my_key_init) refers to gd32h7xx_rcu.o(i.rcu_periph_clock_enable) for rcu_periph_clock_enable
    key.o(i.my_key_init) refers to gd32h7xx_gpio.o(i.gpio_mode_set) for gpio_mode_set
    key.o(i.my_key_scan) refers to gd32h7xx_gpio.o(i.gpio_input_bit_get) for gpio_input_bit_get
    key.o(i.my_key_scan) refers to systick.o(i.delay_1ms) for delay_1ms
    oled.o(i.I2C_Start) refers to gd32h7xx_gpio.o(i.gpio_mode_set) for gpio_mode_set
    oled.o(i.I2C_Start) refers to gd32h7xx_gpio.o(i.gpio_output_options_set) for gpio_output_options_set
    oled.o(i.I2C_Start) refers to gd32h7xx_gpio.o(i.gpio_bit_set) for gpio_bit_set
    oled.o(i.I2C_Start) refers to i2c.o(i.IIC_delay) for IIC_delay
    oled.o(i.I2C_Start) refers to oled.o(i.IIC_delay) for IIC_delay
    oled.o(i.I2C_Start) refers to gd32h7xx_gpio.o(i.gpio_bit_reset) for gpio_bit_reset
    oled.o(i.I2C_Stop) refers to gd32h7xx_gpio.o(i.gpio_mode_set) for gpio_mode_set
    oled.o(i.I2C_Stop) refers to gd32h7xx_gpio.o(i.gpio_output_options_set) for gpio_output_options_set
    oled.o(i.I2C_Stop) refers to gd32h7xx_gpio.o(i.gpio_bit_reset) for gpio_bit_reset
    oled.o(i.I2C_Stop) refers to gd32h7xx_gpio.o(i.gpio_bit_set) for gpio_bit_set
    oled.o(i.I2C_Stop) refers to i2c.o(i.IIC_delay) for IIC_delay
    oled.o(i.I2C_Stop) refers to oled.o(i.IIC_delay) for IIC_delay
    oled.o(i.I2C_WaitAck) refers to gd32h7xx_gpio.o(i.gpio_bit_set) for gpio_bit_set
    oled.o(i.I2C_WaitAck) refers to i2c.o(i.IIC_delay) for IIC_delay
    oled.o(i.I2C_WaitAck) refers to oled.o(i.IIC_delay) for IIC_delay
    oled.o(i.I2C_WaitAck) refers to gd32h7xx_gpio.o(i.gpio_mode_set) for gpio_mode_set
    oled.o(i.I2C_WaitAck) refers to i2c.o(i.I2C_Stop) for I2C_Stop
    oled.o(i.I2C_WaitAck) refers to oled.o(i.I2C_Stop) for I2C_Stop
    oled.o(i.I2C_WaitAck) refers to gd32h7xx_gpio.o(i.gpio_input_bit_get) for gpio_input_bit_get
    oled.o(i.I2C_WaitAck) refers to gd32h7xx_gpio.o(i.gpio_bit_reset) for gpio_bit_reset
    oled.o(i.I2C_WaitAck) refers to gd32h7xx_gpio.o(i.gpio_output_options_set) for gpio_output_options_set
    oled.o(i.OLED_Clear) refers to oled.o(i.OLED_Refresh) for OLED_Refresh
    oled.o(i.OLED_Clear) refers to oled.o(.bss) for OLED_GRAM
    oled.o(i.OLED_ClearPoint) refers to oled.o(.bss) for OLED_GRAM
    oled.o(i.OLED_ColorTurn) refers to oled.o(i.OLED_WR_Byte) for OLED_WR_Byte
    oled.o(i.OLED_DisPlay_Off) refers to oled.o(i.OLED_WR_Byte) for OLED_WR_Byte
    oled.o(i.OLED_DisPlay_On) refers to oled.o(i.OLED_WR_Byte) for OLED_WR_Byte
    oled.o(i.OLED_DisplayTurn) refers to oled.o(i.OLED_WR_Byte) for OLED_WR_Byte
    oled.o(i.OLED_DrawCircle) refers to oled.o(i.OLED_DrawPoint) for OLED_DrawPoint
    oled.o(i.OLED_DrawLine) refers to oled.o(i.OLED_DrawPoint) for OLED_DrawPoint
    oled.o(i.OLED_DrawPoint) refers to oled.o(.bss) for OLED_GRAM
    oled.o(i.OLED_Init) refers to gd32h7xx_rcu.o(i.rcu_periph_clock_enable) for rcu_periph_clock_enable
    oled.o(i.OLED_Init) refers to gd32h7xx_gpio.o(i.gpio_mode_set) for gpio_mode_set
    oled.o(i.OLED_Init) refers to gd32h7xx_gpio.o(i.gpio_output_options_set) for gpio_output_options_set
    oled.o(i.OLED_Init) refers to gd32h7xx_gpio.o(i.gpio_bit_set) for gpio_bit_set
    oled.o(i.OLED_Init) refers to systick.o(i.delay_1ms) for delay_1ms
    oled.o(i.OLED_Init) refers to oled.o(i.OLED_WR_Byte) for OLED_WR_Byte
    oled.o(i.OLED_Init) refers to oled.o(i.OLED_Clear) for OLED_Clear
    oled.o(i.OLED_Refresh) refers to oled.o(i.OLED_WR_Byte) for OLED_WR_Byte
    oled.o(i.OLED_Refresh) refers to oled.o(.bss) for OLED_GRAM
    oled.o(i.OLED_ScrollDisplay) refers to oled.o(i.OLED_ShowChinese) for OLED_ShowChinese
    oled.o(i.OLED_ScrollDisplay) refers to oled.o(i.OLED_Refresh) for OLED_Refresh
    oled.o(i.OLED_ScrollDisplay) refers to oled.o(.bss) for OLED_GRAM
    oled.o(i.OLED_ShowChar) refers to oled.o(i.OLED_DrawPoint) for OLED_DrawPoint
    oled.o(i.OLED_ShowChar) refers to oled.o(i.OLED_ClearPoint) for OLED_ClearPoint
    oled.o(i.OLED_ShowChar) refers to oled.o(.constdata) for asc2_1206
    oled.o(i.OLED_ShowChinese) refers to oled.o(i.OLED_DrawPoint) for OLED_DrawPoint
    oled.o(i.OLED_ShowChinese) refers to oled.o(i.OLED_ClearPoint) for OLED_ClearPoint
    oled.o(i.OLED_ShowChinese) refers to oled.o(.data) for Hzk1
    oled.o(i.OLED_ShowNum) refers to oled.o(i.OLED_Pow) for OLED_Pow
    oled.o(i.OLED_ShowNum) refers to oled.o(i.OLED_ShowChar) for OLED_ShowChar
    oled.o(i.OLED_ShowPicture) refers to oled.o(i.OLED_WR_BP) for OLED_WR_BP
    oled.o(i.OLED_ShowPicture) refers to oled.o(i.OLED_WR_Byte) for OLED_WR_Byte
    oled.o(i.OLED_ShowString) refers to oled.o(i.OLED_ShowChar) for OLED_ShowChar
    oled.o(i.OLED_WR_BP) refers to oled.o(i.OLED_WR_Byte) for OLED_WR_Byte
    oled.o(i.OLED_WR_Byte) refers to i2c.o(i.I2C_Start) for I2C_Start
    oled.o(i.OLED_WR_Byte) refers to oled.o(i.I2C_Start) for I2C_Start
    oled.o(i.OLED_WR_Byte) refers to oled.o(i.Send_Byte) for Send_Byte
    oled.o(i.OLED_WR_Byte) refers to oled.o(i.I2C_WaitAck) for I2C_WaitAck
    oled.o(i.OLED_WR_Byte) refers to i2c.o(i.I2C_Stop) for I2C_Stop
    oled.o(i.OLED_WR_Byte) refers to oled.o(i.I2C_Stop) for I2C_Stop
    oled.o(i.Send_Byte) refers to gd32h7xx_gpio.o(i.gpio_bit_reset) for gpio_bit_reset
    oled.o(i.Send_Byte) refers to gd32h7xx_gpio.o(i.gpio_bit_set) for gpio_bit_set
    oled.o(i.Send_Byte) refers to i2c.o(i.IIC_delay) for IIC_delay
    oled.o(i.Send_Byte) refers to oled.o(i.IIC_delay) for IIC_delay
    function.o(i.System_Init) refers to function.o(i.cache_enable) for cache_enable
    function.o(i.System_Init) refers to systick.o(i.systick_config) for systick_config
    function.o(i.UsrFunction) refers to oled.o(i.OLED_Init) for OLED_Init
    function.o(i.UsrFunction) refers to oled.o(i.OLED_ShowString) for OLED_ShowString
    system_gd32h7xx.o(i.SystemCoreClockUpdate) refers to system_gd32h7xx.o(.data) for SystemCoreClock
    system_gd32h7xx.o(i.SystemInit) refers to system_gd32h7xx.o(i.system_clock_config) for system_clock_config
    system_gd32h7xx.o(i.SystemInit) refers to gd32h7xx_misc.o(i.nvic_vector_table_set) for nvic_vector_table_set
    system_gd32h7xx.o(i.system_clock_config) refers to system_gd32h7xx.o(i.system_clock_600m_hxtal) for system_clock_600m_hxtal
    gd32h7xx_adc.o(i.adc_deinit) refers to gd32h7xx_rcu.o(i.rcu_periph_reset_enable) for rcu_periph_reset_enable
    gd32h7xx_adc.o(i.adc_deinit) refers to gd32h7xx_rcu.o(i.rcu_periph_reset_disable) for rcu_periph_reset_disable
    gd32h7xx_can.o(i.can_deinit) refers to gd32h7xx_rcu.o(i.rcu_periph_reset_enable) for rcu_periph_reset_enable
    gd32h7xx_can.o(i.can_deinit) refers to gd32h7xx_rcu.o(i.rcu_periph_reset_disable) for rcu_periph_reset_disable
    gd32h7xx_can.o(i.can_init) refers to gd32h7xx_can.o(i.can_software_reset) for can_software_reset
    gd32h7xx_can.o(i.can_interrupt_disable) refers to gd32h7xx_can.o(i.can_operation_mode_get) for can_operation_mode_get
    gd32h7xx_can.o(i.can_interrupt_disable) refers to gd32h7xx_can.o(i.can_operation_mode_enter) for can_operation_mode_enter
    gd32h7xx_can.o(i.can_interrupt_enable) refers to gd32h7xx_can.o(i.can_operation_mode_get) for can_operation_mode_get
    gd32h7xx_can.o(i.can_interrupt_enable) refers to gd32h7xx_can.o(i.can_operation_mode_enter) for can_operation_mode_enter
    gd32h7xx_can.o(i.can_mailbox_code_get) refers to gd32h7xx_can.o(i.can_ram_address_get) for can_ram_address_get
    gd32h7xx_can.o(i.can_mailbox_config) refers to gd32h7xx_can.o(i.can_ram_address_get) for can_ram_address_get
    gd32h7xx_can.o(i.can_mailbox_config) refers to gd32h7xx_can.o(i.can_dlc_value_compute) for can_dlc_value_compute
    gd32h7xx_can.o(i.can_mailbox_config) refers to gd32h7xx_can.o(i.can_data_to_big_endian_swap) for can_data_to_big_endian_swap
    gd32h7xx_can.o(i.can_mailbox_receive_data_read) refers to gd32h7xx_can.o(i.can_ram_address_get) for can_ram_address_get
    gd32h7xx_can.o(i.can_mailbox_receive_data_read) refers to gd32h7xx_can.o(i.can_payload_size_compute) for can_payload_size_compute
    gd32h7xx_can.o(i.can_mailbox_receive_data_read) refers to gd32h7xx_can.o(i.can_data_to_little_endian_swap) for can_data_to_little_endian_swap
    gd32h7xx_can.o(i.can_mailbox_receive_inactive) refers to gd32h7xx_can.o(i.can_ram_address_get) for can_ram_address_get
    gd32h7xx_can.o(i.can_mailbox_receive_lock) refers to gd32h7xx_can.o(i.can_ram_address_get) for can_ram_address_get
    gd32h7xx_can.o(i.can_mailbox_transmit_abort) refers to gd32h7xx_can.o(i.can_ram_address_get) for can_ram_address_get
    gd32h7xx_can.o(i.can_mailbox_transmit_inactive) refers to gd32h7xx_can.o(i.can_ram_address_get) for can_ram_address_get
    gd32h7xx_can.o(i.can_payload_size_compute) refers to gd32h7xx_can.o(.constdata) for dlc_to_databytes
    gd32h7xx_can.o(i.can_pn_mode_data_read) refers to gd32h7xx_can.o(i.can_data_to_little_endian_swap) for can_data_to_little_endian_swap
    gd32h7xx_can.o(i.can_rx_fifo_read) refers to gd32h7xx_can.o(i.can_data_to_little_endian_swap) for can_data_to_little_endian_swap
    gd32h7xx_cau.o(i.cau_context_restore) refers to gd32h7xx_cau.o(i.cau_fifo_flush) for cau_fifo_flush
    gd32h7xx_cau.o(i.cau_context_restore) refers to gd32h7xx_cau.o(i.cau_init) for cau_init
    gd32h7xx_cau.o(i.cau_context_restore) refers to gd32h7xx_cau.o(i.cau_enable) for cau_enable
    gd32h7xx_cau.o(i.cau_context_restore) refers to gd32h7xx_cau.o(i.cau_flag_get) for cau_flag_get
    gd32h7xx_cau.o(i.cau_deinit) refers to gd32h7xx_rcu.o(i.rcu_periph_reset_enable) for rcu_periph_reset_enable
    gd32h7xx_cau.o(i.cau_deinit) refers to gd32h7xx_rcu.o(i.rcu_periph_reset_disable) for rcu_periph_reset_disable
    gd32h7xx_cau_aes.o(i.cau_aes_calculate) refers to gd32h7xx_cau.o(i.cau_enable_state_get) for cau_enable_state_get
    gd32h7xx_cau_aes.o(i.cau_aes_calculate) refers to gd32h7xx_cau.o(i.cau_flag_get) for cau_flag_get
    gd32h7xx_cau_aes.o(i.cau_aes_calculate) refers to memcpya.o(.text) for __aeabi_memcpy4
    gd32h7xx_cau_aes.o(i.cau_aes_calculate) refers to gd32h7xx_cau.o(i.cau_data_write) for cau_data_write
    gd32h7xx_cau_aes.o(i.cau_aes_calculate) refers to gd32h7xx_cau.o(i.cau_data_read) for cau_data_read
    gd32h7xx_cau_aes.o(i.cau_aes_cbc) refers to gd32h7xx_cau.o(i.cau_key_struct_para_init) for cau_key_struct_para_init
    gd32h7xx_cau_aes.o(i.cau_aes_cbc) refers to gd32h7xx_cau_aes.o(i.cau_aes_key_config) for cau_aes_key_config
    gd32h7xx_cau_aes.o(i.cau_aes_cbc) refers to gd32h7xx_cau.o(i.cau_key_init) for cau_key_init
    gd32h7xx_cau_aes.o(i.cau_aes_cbc) refers to gd32h7xx_cau.o(i.cau_fifo_flush) for cau_fifo_flush
    gd32h7xx_cau_aes.o(i.cau_aes_cbc) refers to gd32h7xx_cau.o(i.cau_init) for cau_init
    gd32h7xx_cau_aes.o(i.cau_aes_cbc) refers to gd32h7xx_cau.o(i.cau_enable) for cau_enable
    gd32h7xx_cau_aes.o(i.cau_aes_cbc) refers to gd32h7xx_cau.o(i.cau_flag_get) for cau_flag_get
    gd32h7xx_cau_aes.o(i.cau_aes_cbc) refers to gd32h7xx_cau.o(i.cau_iv_init) for cau_iv_init
    gd32h7xx_cau_aes.o(i.cau_aes_cbc) refers to gd32h7xx_cau_aes.o(i.cau_aes_calculate) for cau_aes_calculate
    gd32h7xx_cau_aes.o(i.cau_aes_cbc) refers to gd32h7xx_cau.o(i.cau_disable) for cau_disable
    gd32h7xx_cau_aes.o(i.cau_aes_ccm) refers to gd32h7xx_cau.o(i.cau_fifo_flush) for cau_fifo_flush
    gd32h7xx_cau_aes.o(i.cau_aes_ccm) refers to gd32h7xx_cau.o(i.cau_disable) for cau_disable
    gd32h7xx_cau_aes.o(i.cau_aes_ccm) refers to gd32h7xx_cau.o(i.cau_key_struct_para_init) for cau_key_struct_para_init
    gd32h7xx_cau_aes.o(i.cau_aes_ccm) refers to gd32h7xx_cau.o(i.cau_init) for cau_init
    gd32h7xx_cau_aes.o(i.cau_aes_ccm) refers to gd32h7xx_cau.o(i.cau_phase_config) for cau_phase_config
    gd32h7xx_cau_aes.o(i.cau_aes_ccm) refers to gd32h7xx_cau_aes.o(i.cau_aes_key_config) for cau_aes_key_config
    gd32h7xx_cau_aes.o(i.cau_aes_ccm) refers to gd32h7xx_cau.o(i.cau_key_init) for cau_key_init
    gd32h7xx_cau_aes.o(i.cau_aes_ccm) refers to gd32h7xx_cau.o(i.cau_iv_init) for cau_iv_init
    gd32h7xx_cau_aes.o(i.cau_aes_ccm) refers to gd32h7xx_cau.o(i.cau_enable) for cau_enable
    gd32h7xx_cau_aes.o(i.cau_aes_ccm) refers to gd32h7xx_cau.o(i.cau_data_write) for cau_data_write
    gd32h7xx_cau_aes.o(i.cau_aes_ccm) refers to gd32h7xx_cau.o(i.cau_enable_state_get) for cau_enable_state_get
    gd32h7xx_cau_aes.o(i.cau_aes_ccm) refers to gd32h7xx_cau_aes.o(i.cau_fill_data) for cau_fill_data
    gd32h7xx_cau_aes.o(i.cau_aes_ccm) refers to gd32h7xx_cau_aes.o(i.cau_aes_calculate) for cau_aes_calculate
    gd32h7xx_cau_aes.o(i.cau_aes_ccm) refers to gd32h7xx_cau.o(i.cau_flag_get) for cau_flag_get
    gd32h7xx_cau_aes.o(i.cau_aes_ccm) refers to gd32h7xx_cau.o(i.cau_data_read) for cau_data_read
    gd32h7xx_cau_aes.o(i.cau_aes_cfb) refers to gd32h7xx_cau.o(i.cau_key_struct_para_init) for cau_key_struct_para_init
    gd32h7xx_cau_aes.o(i.cau_aes_cfb) refers to gd32h7xx_cau.o(i.cau_init) for cau_init
    gd32h7xx_cau_aes.o(i.cau_aes_cfb) refers to gd32h7xx_cau_aes.o(i.cau_aes_key_config) for cau_aes_key_config
    gd32h7xx_cau_aes.o(i.cau_aes_cfb) refers to gd32h7xx_cau.o(i.cau_key_init) for cau_key_init
    gd32h7xx_cau_aes.o(i.cau_aes_cfb) refers to gd32h7xx_cau.o(i.cau_iv_init) for cau_iv_init
    gd32h7xx_cau_aes.o(i.cau_aes_cfb) refers to gd32h7xx_cau.o(i.cau_fifo_flush) for cau_fifo_flush
    gd32h7xx_cau_aes.o(i.cau_aes_cfb) refers to gd32h7xx_cau.o(i.cau_enable) for cau_enable
    gd32h7xx_cau_aes.o(i.cau_aes_cfb) refers to gd32h7xx_cau_aes.o(i.cau_aes_calculate) for cau_aes_calculate
    gd32h7xx_cau_aes.o(i.cau_aes_cfb) refers to gd32h7xx_cau.o(i.cau_disable) for cau_disable
    gd32h7xx_cau_aes.o(i.cau_aes_ctr) refers to gd32h7xx_cau.o(i.cau_key_struct_para_init) for cau_key_struct_para_init
    gd32h7xx_cau_aes.o(i.cau_aes_ctr) refers to gd32h7xx_cau.o(i.cau_init) for cau_init
    gd32h7xx_cau_aes.o(i.cau_aes_ctr) refers to gd32h7xx_cau_aes.o(i.cau_aes_key_config) for cau_aes_key_config
    gd32h7xx_cau_aes.o(i.cau_aes_ctr) refers to gd32h7xx_cau.o(i.cau_key_init) for cau_key_init
    gd32h7xx_cau_aes.o(i.cau_aes_ctr) refers to gd32h7xx_cau.o(i.cau_iv_init) for cau_iv_init
    gd32h7xx_cau_aes.o(i.cau_aes_ctr) refers to gd32h7xx_cau.o(i.cau_fifo_flush) for cau_fifo_flush
    gd32h7xx_cau_aes.o(i.cau_aes_ctr) refers to gd32h7xx_cau.o(i.cau_enable) for cau_enable
    gd32h7xx_cau_aes.o(i.cau_aes_ctr) refers to gd32h7xx_cau_aes.o(i.cau_aes_calculate) for cau_aes_calculate
    gd32h7xx_cau_aes.o(i.cau_aes_ctr) refers to gd32h7xx_cau.o(i.cau_disable) for cau_disable
    gd32h7xx_cau_aes.o(i.cau_aes_ecb) refers to gd32h7xx_cau.o(i.cau_key_struct_para_init) for cau_key_struct_para_init
    gd32h7xx_cau_aes.o(i.cau_aes_ecb) refers to gd32h7xx_cau_aes.o(i.cau_aes_key_config) for cau_aes_key_config
    gd32h7xx_cau_aes.o(i.cau_aes_ecb) refers to gd32h7xx_cau.o(i.cau_key_init) for cau_key_init
    gd32h7xx_cau_aes.o(i.cau_aes_ecb) refers to gd32h7xx_cau.o(i.cau_fifo_flush) for cau_fifo_flush
    gd32h7xx_cau_aes.o(i.cau_aes_ecb) refers to gd32h7xx_cau.o(i.cau_init) for cau_init
    gd32h7xx_cau_aes.o(i.cau_aes_ecb) refers to gd32h7xx_cau.o(i.cau_enable) for cau_enable
    gd32h7xx_cau_aes.o(i.cau_aes_ecb) refers to gd32h7xx_cau.o(i.cau_flag_get) for cau_flag_get
    gd32h7xx_cau_aes.o(i.cau_aes_ecb) refers to gd32h7xx_cau_aes.o(i.cau_aes_calculate) for cau_aes_calculate
    gd32h7xx_cau_aes.o(i.cau_aes_ecb) refers to gd32h7xx_cau.o(i.cau_disable) for cau_disable
    gd32h7xx_cau_aes.o(i.cau_aes_gcm) refers to gd32h7xx_cau.o(i.cau_key_struct_para_init) for cau_key_struct_para_init
    gd32h7xx_cau_aes.o(i.cau_aes_gcm) refers to gd32h7xx_cau.o(i.cau_init) for cau_init
    gd32h7xx_cau_aes.o(i.cau_aes_gcm) refers to gd32h7xx_cau_aes.o(i.cau_aes_key_config) for cau_aes_key_config
    gd32h7xx_cau_aes.o(i.cau_aes_gcm) refers to gd32h7xx_cau.o(i.cau_key_init) for cau_key_init
    gd32h7xx_cau_aes.o(i.cau_aes_gcm) refers to gd32h7xx_cau.o(i.cau_iv_init) for cau_iv_init
    gd32h7xx_cau_aes.o(i.cau_aes_gcm) refers to gd32h7xx_cau.o(i.cau_phase_config) for cau_phase_config
    gd32h7xx_cau_aes.o(i.cau_aes_gcm) refers to gd32h7xx_cau.o(i.cau_enable) for cau_enable
    gd32h7xx_cau_aes.o(i.cau_aes_gcm) refers to gd32h7xx_cau.o(i.cau_enable_state_get) for cau_enable_state_get
    gd32h7xx_cau_aes.o(i.cau_aes_gcm) refers to gd32h7xx_cau.o(i.cau_fifo_flush) for cau_fifo_flush
    gd32h7xx_cau_aes.o(i.cau_aes_gcm) refers to gd32h7xx_cau_aes.o(i.cau_fill_data) for cau_fill_data
    gd32h7xx_cau_aes.o(i.cau_aes_gcm) refers to gd32h7xx_cau_aes.o(i.cau_aes_calculate) for cau_aes_calculate
    gd32h7xx_cau_aes.o(i.cau_aes_gcm) refers to gd32h7xx_cau.o(i.cau_data_write) for cau_data_write
    gd32h7xx_cau_aes.o(i.cau_aes_gcm) refers to gd32h7xx_cau.o(i.cau_flag_get) for cau_flag_get
    gd32h7xx_cau_aes.o(i.cau_aes_gcm) refers to gd32h7xx_cau.o(i.cau_data_read) for cau_data_read
    gd32h7xx_cau_aes.o(i.cau_aes_gcm) refers to gd32h7xx_cau.o(i.cau_disable) for cau_disable
    gd32h7xx_cau_aes.o(i.cau_aes_key_config) refers to gd32h7xx_cau.o(i.cau_aes_keysize_config) for cau_aes_keysize_config
    gd32h7xx_cau_aes.o(i.cau_aes_ofb) refers to gd32h7xx_cau.o(i.cau_key_struct_para_init) for cau_key_struct_para_init
    gd32h7xx_cau_aes.o(i.cau_aes_ofb) refers to gd32h7xx_cau.o(i.cau_init) for cau_init
    gd32h7xx_cau_aes.o(i.cau_aes_ofb) refers to gd32h7xx_cau_aes.o(i.cau_aes_key_config) for cau_aes_key_config
    gd32h7xx_cau_aes.o(i.cau_aes_ofb) refers to gd32h7xx_cau.o(i.cau_key_init) for cau_key_init
    gd32h7xx_cau_aes.o(i.cau_aes_ofb) refers to gd32h7xx_cau.o(i.cau_iv_init) for cau_iv_init
    gd32h7xx_cau_aes.o(i.cau_aes_ofb) refers to gd32h7xx_cau.o(i.cau_fifo_flush) for cau_fifo_flush
    gd32h7xx_cau_aes.o(i.cau_aes_ofb) refers to gd32h7xx_cau.o(i.cau_enable) for cau_enable
    gd32h7xx_cau_aes.o(i.cau_aes_ofb) refers to gd32h7xx_cau_aes.o(i.cau_aes_calculate) for cau_aes_calculate
    gd32h7xx_cau_aes.o(i.cau_aes_ofb) refers to gd32h7xx_cau.o(i.cau_disable) for cau_disable
    gd32h7xx_cau_aes.o(i.cau_fill_data) refers to gd32h7xx_cau.o(i.cau_enable_state_get) for cau_enable_state_get
    gd32h7xx_cau_aes.o(i.cau_fill_data) refers to gd32h7xx_cau.o(i.cau_flag_get) for cau_flag_get
    gd32h7xx_cau_aes.o(i.cau_fill_data) refers to memcpya.o(.text) for __aeabi_memcpy4
    gd32h7xx_cau_aes.o(i.cau_fill_data) refers to gd32h7xx_cau.o(i.cau_data_write) for cau_data_write
    gd32h7xx_cau_des.o(i.cau_des_calculate) refers to gd32h7xx_cau.o(i.cau_enable_state_get) for cau_enable_state_get
    gd32h7xx_cau_des.o(i.cau_des_calculate) refers to gd32h7xx_cau.o(i.cau_data_write) for cau_data_write
    gd32h7xx_cau_des.o(i.cau_des_calculate) refers to gd32h7xx_cau.o(i.cau_flag_get) for cau_flag_get
    gd32h7xx_cau_des.o(i.cau_des_calculate) refers to gd32h7xx_cau.o(i.cau_data_read) for cau_data_read
    gd32h7xx_cau_des.o(i.cau_des_cbc) refers to gd32h7xx_cau.o(i.cau_key_struct_para_init) for cau_key_struct_para_init
    gd32h7xx_cau_des.o(i.cau_des_cbc) refers to gd32h7xx_cau.o(i.cau_init) for cau_init
    gd32h7xx_cau_des.o(i.cau_des_cbc) refers to gd32h7xx_cau.o(i.cau_key_init) for cau_key_init
    gd32h7xx_cau_des.o(i.cau_des_cbc) refers to gd32h7xx_cau.o(i.cau_iv_init) for cau_iv_init
    gd32h7xx_cau_des.o(i.cau_des_cbc) refers to gd32h7xx_cau.o(i.cau_fifo_flush) for cau_fifo_flush
    gd32h7xx_cau_des.o(i.cau_des_cbc) refers to gd32h7xx_cau.o(i.cau_enable) for cau_enable
    gd32h7xx_cau_des.o(i.cau_des_cbc) refers to gd32h7xx_cau_des.o(i.cau_des_calculate) for cau_des_calculate
    gd32h7xx_cau_des.o(i.cau_des_cbc) refers to gd32h7xx_cau.o(i.cau_disable) for cau_disable
    gd32h7xx_cau_des.o(i.cau_des_ecb) refers to gd32h7xx_cau.o(i.cau_key_struct_para_init) for cau_key_struct_para_init
    gd32h7xx_cau_des.o(i.cau_des_ecb) refers to gd32h7xx_cau.o(i.cau_init) for cau_init
    gd32h7xx_cau_des.o(i.cau_des_ecb) refers to gd32h7xx_cau.o(i.cau_key_init) for cau_key_init
    gd32h7xx_cau_des.o(i.cau_des_ecb) refers to gd32h7xx_cau.o(i.cau_fifo_flush) for cau_fifo_flush
    gd32h7xx_cau_des.o(i.cau_des_ecb) refers to gd32h7xx_cau.o(i.cau_enable) for cau_enable
    gd32h7xx_cau_des.o(i.cau_des_ecb) refers to gd32h7xx_cau_des.o(i.cau_des_calculate) for cau_des_calculate
    gd32h7xx_cau_des.o(i.cau_des_ecb) refers to gd32h7xx_cau.o(i.cau_disable) for cau_disable
    gd32h7xx_cau_tdes.o(i.cau_tdes_calculate) refers to gd32h7xx_cau.o(i.cau_enable_state_get) for cau_enable_state_get
    gd32h7xx_cau_tdes.o(i.cau_tdes_calculate) refers to gd32h7xx_cau.o(i.cau_data_write) for cau_data_write
    gd32h7xx_cau_tdes.o(i.cau_tdes_calculate) refers to gd32h7xx_cau.o(i.cau_flag_get) for cau_flag_get
    gd32h7xx_cau_tdes.o(i.cau_tdes_calculate) refers to gd32h7xx_cau.o(i.cau_data_read) for cau_data_read
    gd32h7xx_cau_tdes.o(i.cau_tdes_cbc) refers to gd32h7xx_cau.o(i.cau_key_struct_para_init) for cau_key_struct_para_init
    gd32h7xx_cau_tdes.o(i.cau_tdes_cbc) refers to gd32h7xx_cau.o(i.cau_init) for cau_init
    gd32h7xx_cau_tdes.o(i.cau_tdes_cbc) refers to gd32h7xx_cau.o(i.cau_key_init) for cau_key_init
    gd32h7xx_cau_tdes.o(i.cau_tdes_cbc) refers to gd32h7xx_cau.o(i.cau_iv_init) for cau_iv_init
    gd32h7xx_cau_tdes.o(i.cau_tdes_cbc) refers to gd32h7xx_cau.o(i.cau_fifo_flush) for cau_fifo_flush
    gd32h7xx_cau_tdes.o(i.cau_tdes_cbc) refers to gd32h7xx_cau.o(i.cau_enable) for cau_enable
    gd32h7xx_cau_tdes.o(i.cau_tdes_cbc) refers to gd32h7xx_cau_tdes.o(i.cau_tdes_calculate) for cau_tdes_calculate
    gd32h7xx_cau_tdes.o(i.cau_tdes_cbc) refers to gd32h7xx_cau.o(i.cau_disable) for cau_disable
    gd32h7xx_cau_tdes.o(i.cau_tdes_ecb) refers to gd32h7xx_cau.o(i.cau_key_struct_para_init) for cau_key_struct_para_init
    gd32h7xx_cau_tdes.o(i.cau_tdes_ecb) refers to gd32h7xx_cau.o(i.cau_init) for cau_init
    gd32h7xx_cau_tdes.o(i.cau_tdes_ecb) refers to gd32h7xx_cau.o(i.cau_key_init) for cau_key_init
    gd32h7xx_cau_tdes.o(i.cau_tdes_ecb) refers to gd32h7xx_cau.o(i.cau_fifo_flush) for cau_fifo_flush
    gd32h7xx_cau_tdes.o(i.cau_tdes_ecb) refers to gd32h7xx_cau.o(i.cau_enable) for cau_enable
    gd32h7xx_cau_tdes.o(i.cau_tdes_ecb) refers to gd32h7xx_cau_tdes.o(i.cau_tdes_calculate) for cau_tdes_calculate
    gd32h7xx_cau_tdes.o(i.cau_tdes_ecb) refers to gd32h7xx_cau.o(i.cau_disable) for cau_disable
    gd32h7xx_ctc.o(i.ctc_deinit) refers to gd32h7xx_rcu.o(i.rcu_periph_reset_enable) for rcu_periph_reset_enable
    gd32h7xx_ctc.o(i.ctc_deinit) refers to gd32h7xx_rcu.o(i.rcu_periph_reset_disable) for rcu_periph_reset_disable
    gd32h7xx_dac.o(i.dac_deinit) refers to gd32h7xx_rcu.o(i.rcu_periph_reset_enable) for rcu_periph_reset_enable
    gd32h7xx_dac.o(i.dac_deinit) refers to gd32h7xx_rcu.o(i.rcu_periph_reset_disable) for rcu_periph_reset_disable
    gd32h7xx_dci.o(i.dci_deinit) refers to gd32h7xx_rcu.o(i.rcu_periph_reset_enable) for rcu_periph_reset_enable
    gd32h7xx_dci.o(i.dci_deinit) refers to gd32h7xx_rcu.o(i.rcu_periph_reset_disable) for rcu_periph_reset_disable
    gd32h7xx_edout.o(i.edout_deinit) refers to gd32h7xx_rcu.o(i.rcu_periph_reset_enable) for rcu_periph_reset_enable
    gd32h7xx_edout.o(i.edout_deinit) refers to gd32h7xx_rcu.o(i.rcu_periph_reset_disable) for rcu_periph_reset_disable
    gd32h7xx_efuse.o(i.efuse_aes_key_write) refers to gd32h7xx_efuse.o(i.efuse_write) for efuse_write
    gd32h7xx_efuse.o(i.efuse_dp_write) refers to gd32h7xx_efuse.o(i.efuse_write) for efuse_write
    gd32h7xx_efuse.o(i.efuse_mcu_reserved_write) refers to gd32h7xx_efuse.o(i.efuse_write) for efuse_write
    gd32h7xx_efuse.o(i.efuse_read) refers to gd32h7xx_efuse.o(i.efuse_flag_clear) for efuse_flag_clear
    gd32h7xx_efuse.o(i.efuse_read) refers to gd32h7xx_efuse.o(i.efuse_ready_wait) for efuse_ready_wait
    gd32h7xx_efuse.o(i.efuse_user_control_write) refers to gd32h7xx_efuse.o(i.efuse_write) for efuse_write
    gd32h7xx_efuse.o(i.efuse_user_data_write) refers to gd32h7xx_efuse.o(i.efuse_write) for efuse_write
    gd32h7xx_efuse.o(i.efuse_write) refers to gd32h7xx_efuse.o(i.efuse_flag_clear) for efuse_flag_clear
    gd32h7xx_efuse.o(i.efuse_write) refers to gd32h7xx_efuse.o(i.efuse_ready_wait) for efuse_ready_wait
    gd32h7xx_efuse.o(i.efuse_write) refers to gd32h7xx_efuse.o(.data) for para_start_efaddr
    gd32h7xx_fac.o(i.fac_deinit) refers to gd32h7xx_rcu.o(i.rcu_periph_reset_enable) for rcu_periph_reset_enable
    gd32h7xx_fac.o(i.fac_deinit) refers to gd32h7xx_rcu.o(i.rcu_periph_reset_disable) for rcu_periph_reset_disable
    gd32h7xx_fac.o(i.fac_finish_calculate) refers to gd32h7xx_fac.o(i.fac_interrupt_disable) for fac_interrupt_disable
    gd32h7xx_fac.o(i.fac_finish_calculate) refers to gd32h7xx_fac.o(i.fac_dma_disable) for fac_dma_disable
    gd32h7xx_fac.o(i.fac_fixed_buffer_preload) refers to gd32h7xx_fac.o(i.fac_fixed_data_preload) for fac_fixed_data_preload
    gd32h7xx_fac.o(i.fac_float_buffer_preload) refers to gd32h7xx_fac.o(i.fac_float_data_preload) for fac_float_data_preload
    gd32h7xx_fmc.o(i.fmc_aes_iv_config) refers to gd32h7xx_fmc.o(i.fmc_ready_wait) for fmc_ready_wait
    gd32h7xx_fmc.o(i.fmc_aes_iv_config) refers to gd32h7xx_fmc.o(i.fmc_unlock) for fmc_unlock
    gd32h7xx_fmc.o(i.fmc_aes_iv_config) refers to gd32h7xx_fmc.o(i.fmc_lock) for fmc_lock
    gd32h7xx_fmc.o(i.fmc_check_programming_area_disable) refers to gd32h7xx_fmc.o(i.fmc_ready_wait) for fmc_ready_wait
    gd32h7xx_fmc.o(i.fmc_check_programming_area_disable) refers to gd32h7xx_fmc.o(i.fmc_unlock) for fmc_unlock
    gd32h7xx_fmc.o(i.fmc_check_programming_area_disable) refers to gd32h7xx_fmc.o(i.fmc_lock) for fmc_lock
    gd32h7xx_fmc.o(i.fmc_check_programming_area_enable) refers to gd32h7xx_fmc.o(i.fmc_ready_wait) for fmc_ready_wait
    gd32h7xx_fmc.o(i.fmc_check_programming_area_enable) refers to gd32h7xx_fmc.o(i.fmc_unlock) for fmc_unlock
    gd32h7xx_fmc.o(i.fmc_check_programming_area_enable) refers to gd32h7xx_fmc.o(i.fmc_lock) for fmc_lock
    gd32h7xx_fmc.o(i.fmc_doubleword_program) refers to gd32h7xx_fmc.o(i.fmc_ready_wait) for fmc_ready_wait
    gd32h7xx_fmc.o(i.fmc_flash_ecc_get) refers to gd32h7xx_fmc.o(i.fmc_flag_get) for fmc_flag_get
    gd32h7xx_fmc.o(i.fmc_no_rtdec_config) refers to gd32h7xx_fmc.o(i.fmc_ready_wait) for fmc_ready_wait
    gd32h7xx_fmc.o(i.fmc_no_rtdec_config) refers to gd32h7xx_fmc.o(i.fmc_unlock) for fmc_unlock
    gd32h7xx_fmc.o(i.fmc_no_rtdec_config) refers to gd32h7xx_fmc.o(i.fmc_lock) for fmc_lock
    gd32h7xx_fmc.o(i.fmc_protection_removed_mass_erase) refers to gd32h7xx_fmc.o(i.fmc_ready_wait) for fmc_ready_wait
    gd32h7xx_fmc.o(i.fmc_protection_removed_mass_erase) refers to gd32h7xx_fmc.o(i.ob_dcrp_area_config) for ob_dcrp_area_config
    gd32h7xx_fmc.o(i.fmc_protection_removed_mass_erase) refers to gd32h7xx_fmc.o(i.ob_secure_area_config) for ob_secure_area_config
    gd32h7xx_fmc.o(i.fmc_protection_removed_mass_erase) refers to gd32h7xx_fmc.o(i.ob_write_protection_disable) for ob_write_protection_disable
    gd32h7xx_fmc.o(i.fmc_ready_wait) refers to gd32h7xx_fmc.o(i.fmc_state_get) for fmc_state_get
    gd32h7xx_fmc.o(i.fmc_sector_erase) refers to gd32h7xx_fmc.o(i.fmc_ready_wait) for fmc_ready_wait
    gd32h7xx_fmc.o(i.fmc_typical_mass_erase) refers to gd32h7xx_fmc.o(i.fmc_ready_wait) for fmc_ready_wait
    gd32h7xx_fmc.o(i.fmc_word_program) refers to gd32h7xx_fmc.o(i.fmc_ready_wait) for fmc_ready_wait
    gd32h7xx_fmc.o(i.ob_boot_address_config) refers to gd32h7xx_fmc.o(i.fmc_ready_wait) for fmc_ready_wait
    gd32h7xx_fmc.o(i.ob_bor_threshold_config) refers to gd32h7xx_fmc.o(i.fmc_ready_wait) for fmc_ready_wait
    gd32h7xx_fmc.o(i.ob_data_program) refers to gd32h7xx_fmc.o(i.fmc_ready_wait) for fmc_ready_wait
    gd32h7xx_fmc.o(i.ob_dcrp_area_config) refers to gd32h7xx_fmc.o(i.fmc_ready_wait) for fmc_ready_wait
    gd32h7xx_fmc.o(i.ob_factory_value_config) refers to gd32h7xx_fmc.o(i.fmc_ready_wait) for fmc_ready_wait
    gd32h7xx_fmc.o(i.ob_factory_value_config) refers to gd32h7xx_fmc.o(i.ob_start) for ob_start
    gd32h7xx_fmc.o(i.ob_iospeed_optimize_config) refers to gd32h7xx_fmc.o(i.fmc_ready_wait) for fmc_ready_wait
    gd32h7xx_fmc.o(i.ob_low_power_config) refers to gd32h7xx_fmc.o(i.fmc_ready_wait) for fmc_ready_wait
    gd32h7xx_fmc.o(i.ob_secure_access_mode_disable) refers to gd32h7xx_fmc.o(i.fmc_ready_wait) for fmc_ready_wait
    gd32h7xx_fmc.o(i.ob_secure_access_mode_enable) refers to gd32h7xx_fmc.o(i.fmc_ready_wait) for fmc_ready_wait
    gd32h7xx_fmc.o(i.ob_secure_area_config) refers to gd32h7xx_fmc.o(i.fmc_ready_wait) for fmc_ready_wait
    gd32h7xx_fmc.o(i.ob_security_protection_config) refers to gd32h7xx_fmc.o(i.fmc_ready_wait) for fmc_ready_wait
    gd32h7xx_fmc.o(i.ob_start) refers to gd32h7xx_fmc.o(i.fmc_ready_wait) for fmc_ready_wait
    gd32h7xx_fmc.o(i.ob_tcm_ecc_config) refers to gd32h7xx_fmc.o(i.fmc_ready_wait) for fmc_ready_wait
    gd32h7xx_fmc.o(i.ob_tcm_shared_ram_config) refers to gd32h7xx_fmc.o(i.fmc_ready_wait) for fmc_ready_wait
    gd32h7xx_fmc.o(i.ob_write_protection_disable) refers to gd32h7xx_fmc.o(i.fmc_ready_wait) for fmc_ready_wait
    gd32h7xx_fmc.o(i.ob_write_protection_enable) refers to gd32h7xx_fmc.o(i.fmc_ready_wait) for fmc_ready_wait
    gd32h7xx_gpio.o(i.gpio_deinit) refers to gd32h7xx_rcu.o(i.rcu_periph_reset_enable) for rcu_periph_reset_enable
    gd32h7xx_gpio.o(i.gpio_deinit) refers to gd32h7xx_rcu.o(i.rcu_periph_reset_disable) for rcu_periph_reset_disable
    gd32h7xx_hau.o(i.hau_context_save) refers to gd32h7xx_hau.o(i.hau_context_struct_para_init) for hau_context_struct_para_init
    gd32h7xx_hau.o(i.hau_deinit) refers to gd32h7xx_rcu.o(i.rcu_periph_reset_enable) for rcu_periph_reset_enable
    gd32h7xx_hau.o(i.hau_deinit) refers to gd32h7xx_rcu.o(i.rcu_periph_reset_disable) for rcu_periph_reset_disable
    gd32h7xx_hau_sha_md5.o(i.hau_hash_calculate) refers to gd32h7xx_hau.o(i.hau_deinit) for hau_deinit
    gd32h7xx_hau_sha_md5.o(i.hau_hash_calculate) refers to gd32h7xx_hau.o(i.hau_init) for hau_init
    gd32h7xx_hau_sha_md5.o(i.hau_hash_calculate) refers to gd32h7xx_hau.o(i.hau_last_word_validbits_num_config) for hau_last_word_validbits_num_config
    gd32h7xx_hau_sha_md5.o(i.hau_hash_calculate) refers to gd32h7xx_hau.o(i.hau_data_write) for hau_data_write
    gd32h7xx_hau_sha_md5.o(i.hau_hash_calculate) refers to gd32h7xx_hau.o(i.hau_digest_calculation_enable) for hau_digest_calculation_enable
    gd32h7xx_hau_sha_md5.o(i.hau_hash_calculate) refers to gd32h7xx_hau.o(i.hau_flag_get) for hau_flag_get
    gd32h7xx_hau_sha_md5.o(i.hau_hash_calculate) refers to gd32h7xx_hau_sha_md5.o(i.hau_sha_md5_digest_read) for hau_sha_md5_digest_read
    gd32h7xx_hau_sha_md5.o(i.hau_hash_md5) refers to gd32h7xx_hau_sha_md5.o(i.hau_hash_calculate) for hau_hash_calculate
    gd32h7xx_hau_sha_md5.o(i.hau_hash_sha_1) refers to gd32h7xx_hau_sha_md5.o(i.hau_hash_calculate) for hau_hash_calculate
    gd32h7xx_hau_sha_md5.o(i.hau_hash_sha_224) refers to gd32h7xx_hau_sha_md5.o(i.hau_hash_calculate) for hau_hash_calculate
    gd32h7xx_hau_sha_md5.o(i.hau_hash_sha_256) refers to gd32h7xx_hau_sha_md5.o(i.hau_hash_calculate) for hau_hash_calculate
    gd32h7xx_hau_sha_md5.o(i.hau_hmac_calculate) refers to gd32h7xx_hau.o(i.hau_deinit) for hau_deinit
    gd32h7xx_hau_sha_md5.o(i.hau_hmac_calculate) refers to gd32h7xx_hau.o(i.hau_init) for hau_init
    gd32h7xx_hau_sha_md5.o(i.hau_hmac_calculate) refers to gd32h7xx_hau.o(i.hau_last_word_validbits_num_config) for hau_last_word_validbits_num_config
    gd32h7xx_hau_sha_md5.o(i.hau_hmac_calculate) refers to gd32h7xx_hau.o(i.hau_data_write) for hau_data_write
    gd32h7xx_hau_sha_md5.o(i.hau_hmac_calculate) refers to gd32h7xx_hau.o(i.hau_digest_calculation_enable) for hau_digest_calculation_enable
    gd32h7xx_hau_sha_md5.o(i.hau_hmac_calculate) refers to gd32h7xx_hau.o(i.hau_flag_get) for hau_flag_get
    gd32h7xx_hau_sha_md5.o(i.hau_hmac_calculate) refers to gd32h7xx_hau_sha_md5.o(i.hau_sha_md5_digest_read) for hau_sha_md5_digest_read
    gd32h7xx_hau_sha_md5.o(i.hau_hmac_md5) refers to gd32h7xx_hau_sha_md5.o(i.hau_hmac_calculate) for hau_hmac_calculate
    gd32h7xx_hau_sha_md5.o(i.hau_hmac_sha_1) refers to gd32h7xx_hau_sha_md5.o(i.hau_hmac_calculate) for hau_hmac_calculate
    gd32h7xx_hau_sha_md5.o(i.hau_hmac_sha_224) refers to gd32h7xx_hau_sha_md5.o(i.hau_hmac_calculate) for hau_hmac_calculate
    gd32h7xx_hau_sha_md5.o(i.hau_hmac_sha_256) refers to gd32h7xx_hau_sha_md5.o(i.hau_hmac_calculate) for hau_hmac_calculate
    gd32h7xx_hau_sha_md5.o(i.hau_sha_md5_digest_read) refers to gd32h7xx_hau.o(i.hau_digest_read) for hau_digest_read
    gd32h7xx_hpdf.o(i.hpdf_deinit) refers to gd32h7xx_rcu.o(i.rcu_periph_reset_enable) for rcu_periph_reset_enable
    gd32h7xx_hpdf.o(i.hpdf_deinit) refers to gd32h7xx_rcu.o(i.rcu_periph_reset_disable) for rcu_periph_reset_disable
    gd32h7xx_hwsem.o(i.hwsem_lock_set) refers to gd32h7xx_hwsem.o(i.hwsem_master_id_get) for hwsem_master_id_get
    gd32h7xx_hwsem.o(i.hwsem_lock_set) refers to gd32h7xx_hwsem.o(i.hwsem_process_id_get) for hwsem_process_id_get
    gd32h7xx_hwsem.o(i.hwsem_unlock_all) refers to gd32h7xx_hwsem.o(i.hwsem_key_get) for hwsem_key_get
    gd32h7xx_i2c.o(i.i2c_deinit) refers to gd32h7xx_rcu.o(i.rcu_periph_reset_enable) for rcu_periph_reset_enable
    gd32h7xx_i2c.o(i.i2c_deinit) refers to gd32h7xx_rcu.o(i.rcu_periph_reset_disable) for rcu_periph_reset_disable
    gd32h7xx_ipa.o(i.ipa_deinit) refers to gd32h7xx_rcu.o(i.rcu_periph_reset_enable) for rcu_periph_reset_enable
    gd32h7xx_ipa.o(i.ipa_deinit) refers to gd32h7xx_rcu.o(i.rcu_periph_reset_disable) for rcu_periph_reset_disable
    gd32h7xx_lpdts.o(i.lpdts_deinit) refers to gd32h7xx_rcu.o(i.rcu_periph_reset_enable) for rcu_periph_reset_enable
    gd32h7xx_lpdts.o(i.lpdts_deinit) refers to gd32h7xx_rcu.o(i.rcu_periph_reset_disable) for rcu_periph_reset_disable
    gd32h7xx_lpdts.o(i.lpdts_temperature_get) refers to gd32h7xx_rcu.o(i.rcu_clock_freq_get) for rcu_clock_freq_get
    gd32h7xx_mdio.o(i.mdio_deinit) refers to gd32h7xx_rcu.o(i.rcu_periph_reset_enable) for rcu_periph_reset_enable
    gd32h7xx_mdio.o(i.mdio_deinit) refers to gd32h7xx_rcu.o(i.rcu_periph_reset_disable) for rcu_periph_reset_disable
    gd32h7xx_mdio.o(i.mdio_init) refers to gd32h7xx_mdio.o(i.mdio_phy_pin_read) for mdio_phy_pin_read
    gd32h7xx_mdma.o(i.mdma_deinit) refers to gd32h7xx_rcu.o(i.rcu_periph_reset_enable) for rcu_periph_reset_enable
    gd32h7xx_mdma.o(i.mdma_deinit) refers to gd32h7xx_rcu.o(i.rcu_periph_reset_disable) for rcu_periph_reset_disable
    gd32h7xx_mdma.o(i.mdma_init) refers to gd32h7xx_mdma.o(i.mdma_channel_disable) for mdma_channel_disable
    gd32h7xx_misc.o(i.nvic_irq_enable) refers to gd32h7xx_misc.o(i.nvic_priority_group_set) for nvic_priority_group_set
    gd32h7xx_ospi.o(i.ospi_command_config) refers to gd32h7xx_ospi.o(i.ospi_config) for ospi_config
    gd32h7xx_ospi.o(i.ospi_deinit) refers to gd32h7xx_rcu.o(i.rcu_periph_reset_enable) for rcu_periph_reset_enable
    gd32h7xx_ospi.o(i.ospi_deinit) refers to gd32h7xx_rcu.o(i.rcu_periph_reset_disable) for rcu_periph_reset_disable
    gd32h7xx_ospim.o(i.ospim_deinit) refers to gd32h7xx_rcu.o(i.rcu_periph_reset_enable) for rcu_periph_reset_enable
    gd32h7xx_ospim.o(i.ospim_deinit) refers to gd32h7xx_rcu.o(i.rcu_periph_reset_disable) for rcu_periph_reset_disable
    gd32h7xx_pmu.o(i.pmu_deinit) refers to gd32h7xx_rcu.o(i.rcu_periph_reset_enable) for rcu_periph_reset_enable
    gd32h7xx_pmu.o(i.pmu_deinit) refers to gd32h7xx_rcu.o(i.rcu_periph_reset_disable) for rcu_periph_reset_disable
    gd32h7xx_rcu.o(i.rcu_clock_freq_get) refers to gd32h7xx_rcu.o(i.rcu_irc64mdiv_freq_get) for rcu_irc64mdiv_freq_get
    gd32h7xx_rcu.o(i.rcu_clock_freq_get) refers to gd32h7xx_rcu.o(i.rcu_pll_clock_freq_cal) for rcu_pll_clock_freq_cal
    gd32h7xx_rcu.o(i.rcu_osci_stab_wait) refers to gd32h7xx_rcu.o(i.rcu_flag_get) for rcu_flag_get
    gd32h7xx_rspdif.o(i.rspdif_deinit) refers to gd32h7xx_rcu.o(i.rcu_periph_reset_enable) for rcu_periph_reset_enable
    gd32h7xx_rspdif.o(i.rspdif_deinit) refers to gd32h7xx_rcu.o(i.rcu_periph_reset_disable) for rcu_periph_reset_disable
    gd32h7xx_rtc.o(i.rtc_deinit) refers to gd32h7xx_rtc.o(i.rtc_init_mode_enter) for rtc_init_mode_enter
    gd32h7xx_rtc.o(i.rtc_deinit) refers to gd32h7xx_rtc.o(i.rtc_register_sync_wait) for rtc_register_sync_wait
    gd32h7xx_rtc.o(i.rtc_init) refers to gd32h7xx_rtc.o(i.rtc_init_mode_enter) for rtc_init_mode_enter
    gd32h7xx_rtc.o(i.rtc_init) refers to gd32h7xx_rtc.o(i.rtc_init_mode_exit) for rtc_init_mode_exit
    gd32h7xx_rtc.o(i.rtc_init) refers to gd32h7xx_rtc.o(i.rtc_register_sync_wait) for rtc_register_sync_wait
    gd32h7xx_rtc.o(i.rtc_output_pin_select) refers to gd32h7xx_rtc.o(i.rtc_init_mode_enter) for rtc_init_mode_enter
    gd32h7xx_rtc.o(i.rtc_output_pin_select) refers to gd32h7xx_rtc.o(i.rtc_init_mode_exit) for rtc_init_mode_exit
    gd32h7xx_rtc.o(i.rtc_refclock_detection_disable) refers to gd32h7xx_rtc.o(i.rtc_init_mode_enter) for rtc_init_mode_enter
    gd32h7xx_rtc.o(i.rtc_refclock_detection_disable) refers to gd32h7xx_rtc.o(i.rtc_init_mode_exit) for rtc_init_mode_exit
    gd32h7xx_rtc.o(i.rtc_refclock_detection_enable) refers to gd32h7xx_rtc.o(i.rtc_init_mode_enter) for rtc_init_mode_enter
    gd32h7xx_rtc.o(i.rtc_refclock_detection_enable) refers to gd32h7xx_rtc.o(i.rtc_init_mode_exit) for rtc_init_mode_exit
    gd32h7xx_rtc.o(i.rtc_second_adjust) refers to gd32h7xx_rtc.o(i.rtc_register_sync_wait) for rtc_register_sync_wait
    gd32h7xx_rtdec.o(i.rtdec_deinit) refers to gd32h7xx_rcu.o(i.rcu_periph_reset_enable) for rcu_periph_reset_enable
    gd32h7xx_rtdec.o(i.rtdec_deinit) refers to gd32h7xx_rcu.o(i.rcu_periph_reset_disable) for rcu_periph_reset_disable
    gd32h7xx_sai.o(i.sai_deinit) refers to gd32h7xx_rcu.o(i.rcu_periph_reset_enable) for rcu_periph_reset_enable
    gd32h7xx_sai.o(i.sai_deinit) refers to gd32h7xx_rcu.o(i.rcu_periph_reset_disable) for rcu_periph_reset_disable
    gd32h7xx_sdio.o(i.sdio_deinit) refers to gd32h7xx_rcu.o(i.rcu_periph_reset_enable) for rcu_periph_reset_enable
    gd32h7xx_sdio.o(i.sdio_deinit) refers to gd32h7xx_rcu.o(i.rcu_periph_reset_disable) for rcu_periph_reset_disable
    gd32h7xx_spi.o(i.i2s_psc_config) refers to memcpya.o(.text) for __aeabi_memcpy4
    gd32h7xx_spi.o(i.i2s_psc_config) refers to gd32h7xx_rcu.o(i.rcu_clock_freq_get) for rcu_clock_freq_get
    gd32h7xx_spi.o(i.i2s_psc_config) refers to gd32h7xx_spi.o(.constdata) for .constdata
    gd32h7xx_spi.o(i.spi_i2s_deinit) refers to gd32h7xx_rcu.o(i.rcu_periph_reset_enable) for rcu_periph_reset_enable
    gd32h7xx_spi.o(i.spi_i2s_deinit) refers to gd32h7xx_rcu.o(i.rcu_periph_reset_disable) for rcu_periph_reset_disable
    gd32h7xx_syscfg.o(i.syscfg_deinit) refers to gd32h7xx_rcu.o(i.rcu_periph_reset_enable) for rcu_periph_reset_enable
    gd32h7xx_syscfg.o(i.syscfg_deinit) refers to gd32h7xx_rcu.o(i.rcu_periph_reset_disable) for rcu_periph_reset_disable
    gd32h7xx_timer.o(i.timer_deinit) refers to gd32h7xx_rcu.o(i.rcu_periph_reset_enable) for rcu_periph_reset_enable
    gd32h7xx_timer.o(i.timer_deinit) refers to gd32h7xx_rcu.o(i.rcu_periph_reset_disable) for rcu_periph_reset_disable
    gd32h7xx_timer.o(i.timer_delayable_single_pulse_mode_config) refers to gd32h7xx_timer.o(i.timer_single_pulse_mode_config) for timer_single_pulse_mode_config
    gd32h7xx_timer.o(i.timer_delayable_single_pulse_mode_config) refers to gd32h7xx_timer.o(i.timer_channel_output_mode_config) for timer_channel_output_mode_config
    gd32h7xx_timer.o(i.timer_delayable_single_pulse_mode_config) refers to gd32h7xx_timer.o(i.timer_slave_mode_select) for timer_slave_mode_select
    gd32h7xx_timer.o(i.timer_delayable_single_pulse_mode_config) refers to gd32h7xx_timer.o(i.timer_autoreload_value_read) for timer_autoreload_value_read
    gd32h7xx_timer.o(i.timer_external_clock_mode0_config) refers to gd32h7xx_timer.o(i.timer_external_trigger_config) for timer_external_trigger_config
    gd32h7xx_timer.o(i.timer_external_clock_mode0_config) refers to gd32h7xx_timer.o(i.timer_slave_mode_select) for timer_slave_mode_select
    gd32h7xx_timer.o(i.timer_external_clock_mode0_config) refers to gd32h7xx_timer.o(i.timer_input_trigger_source_select) for timer_input_trigger_source_select
    gd32h7xx_timer.o(i.timer_external_clock_mode1_config) refers to gd32h7xx_timer.o(i.timer_external_trigger_config) for timer_external_trigger_config
    gd32h7xx_timer.o(i.timer_external_trigger_as_external_clock_config) refers to gd32h7xx_timer.o(i.timer_slave_mode_select) for timer_slave_mode_select
    gd32h7xx_timer.o(i.timer_external_trigger_as_external_clock_config) refers to gd32h7xx_timer.o(i.timer_input_trigger_source_select) for timer_input_trigger_source_select
    gd32h7xx_timer.o(i.timer_input_capture_config) refers to gd32h7xx_timer.o(i.timer_channel_input_capture_prescaler_config) for timer_channel_input_capture_prescaler_config
    gd32h7xx_timer.o(i.timer_input_pwm_capture_config) refers to gd32h7xx_timer.o(i.timer_channel_input_capture_prescaler_config) for timer_channel_input_capture_prescaler_config
    gd32h7xx_timer.o(i.timer_internal_clock_config) refers to gd32h7xx_timer.o(i.timer_slave_mode_select) for timer_slave_mode_select
    gd32h7xx_timer.o(i.timer_internal_trigger_as_external_clock_config) refers to gd32h7xx_timer.o(i.timer_slave_mode_select) for timer_slave_mode_select
    gd32h7xx_timer.o(i.timer_internal_trigger_as_external_clock_config) refers to gd32h7xx_timer.o(i.timer_input_trigger_source_select) for timer_input_trigger_source_select
    gd32h7xx_timer.o(i.timer_non_quadrature_decoder_mode_config) refers to gd32h7xx_timer.o(i.timer_slave_mode_select) for timer_slave_mode_select
    gd32h7xx_timer.o(i.timer_quadrature_decoder_mode_config) refers to gd32h7xx_timer.o(i.timer_slave_mode_select) for timer_slave_mode_select
    gd32h7xx_tli.o(i.tli_deinit) refers to gd32h7xx_rcu.o(i.rcu_periph_reset_enable) for rcu_periph_reset_enable
    gd32h7xx_tli.o(i.tli_deinit) refers to gd32h7xx_rcu.o(i.rcu_periph_reset_disable) for rcu_periph_reset_disable
    gd32h7xx_tmu.o(i.tmu_deinit) refers to gd32h7xx_rcu.o(i.rcu_periph_reset_enable) for rcu_periph_reset_enable
    gd32h7xx_tmu.o(i.tmu_deinit) refers to gd32h7xx_rcu.o(i.rcu_periph_reset_disable) for rcu_periph_reset_disable
    gd32h7xx_trigsel.o(i.trigsel_deinit) refers to gd32h7xx_rcu.o(i.rcu_periph_reset_enable) for rcu_periph_reset_enable
    gd32h7xx_trigsel.o(i.trigsel_deinit) refers to gd32h7xx_rcu.o(i.rcu_periph_reset_disable) for rcu_periph_reset_disable
    gd32h7xx_trigsel.o(i.trigsel_init) refers to gd32h7xx_trigsel.o(i.trigsel_register_lock_get) for trigsel_register_lock_get
    gd32h7xx_trng.o(i.trng_deinit) refers to gd32h7xx_rcu.o(i.rcu_periph_reset_enable) for rcu_periph_reset_enable
    gd32h7xx_trng.o(i.trng_deinit) refers to gd32h7xx_rcu.o(i.rcu_periph_reset_disable) for rcu_periph_reset_disable
    gd32h7xx_usart.o(i.usart_baudrate_set) refers to gd32h7xx_rcu.o(i.rcu_clock_freq_get) for rcu_clock_freq_get
    gd32h7xx_usart.o(i.usart_deinit) refers to gd32h7xx_rcu.o(i.rcu_periph_reset_enable) for rcu_periph_reset_enable
    gd32h7xx_usart.o(i.usart_deinit) refers to gd32h7xx_rcu.o(i.rcu_periph_reset_disable) for rcu_periph_reset_disable
    gd32h7xx_vref.o(i.vref_deinit) refers to gd32h7xx_rcu.o(i.rcu_periph_reset_enable) for rcu_periph_reset_enable
    gd32h7xx_vref.o(i.vref_deinit) refers to gd32h7xx_rcu.o(i.rcu_periph_reset_disable) for rcu_periph_reset_disable
    gd32h7xx_wwdgt.o(i.wwdgt_deinit) refers to gd32h7xx_rcu.o(i.rcu_periph_reset_enable) for rcu_periph_reset_enable
    gd32h7xx_wwdgt.o(i.wwdgt_deinit) refers to gd32h7xx_rcu.o(i.rcu_periph_reset_disable) for rcu_periph_reset_disable
    gd32h759i_eval.o(i.gd_eval_com_init) refers to gd32h7xx_rcu.o(i.rcu_periph_clock_enable) for rcu_periph_clock_enable
    gd32h759i_eval.o(i.gd_eval_com_init) refers to gd32h7xx_gpio.o(i.gpio_af_set) for gpio_af_set
    gd32h759i_eval.o(i.gd_eval_com_init) refers to gd32h7xx_gpio.o(i.gpio_mode_set) for gpio_mode_set
    gd32h759i_eval.o(i.gd_eval_com_init) refers to gd32h7xx_gpio.o(i.gpio_output_options_set) for gpio_output_options_set
    gd32h759i_eval.o(i.gd_eval_com_init) refers to gd32h7xx_usart.o(i.usart_deinit) for usart_deinit
    gd32h759i_eval.o(i.gd_eval_com_init) refers to gd32h7xx_usart.o(i.usart_baudrate_set) for usart_baudrate_set
    gd32h759i_eval.o(i.gd_eval_com_init) refers to gd32h7xx_usart.o(i.usart_receive_config) for usart_receive_config
    gd32h759i_eval.o(i.gd_eval_com_init) refers to gd32h7xx_usart.o(i.usart_transmit_config) for usart_transmit_config
    gd32h759i_eval.o(i.gd_eval_com_init) refers to gd32h7xx_usart.o(i.usart_enable) for usart_enable
    gd32h759i_eval.o(i.gd_eval_com_init) refers to gd32h759i_eval.o(.constdata) for COM_CLK
    gd32h759i_eval.o(i.gd_eval_key_init) refers to gd32h7xx_rcu.o(i.rcu_periph_clock_enable) for rcu_periph_clock_enable
    gd32h759i_eval.o(i.gd_eval_key_init) refers to gd32h7xx_gpio.o(i.gpio_mode_set) for gpio_mode_set
    gd32h759i_eval.o(i.gd_eval_key_init) refers to gd32h7xx_misc.o(i.nvic_irq_enable) for nvic_irq_enable
    gd32h759i_eval.o(i.gd_eval_key_init) refers to gd32h7xx_syscfg.o(i.syscfg_exti_line_config) for syscfg_exti_line_config
    gd32h759i_eval.o(i.gd_eval_key_init) refers to gd32h7xx_exti.o(i.exti_init) for exti_init
    gd32h759i_eval.o(i.gd_eval_key_init) refers to gd32h7xx_exti.o(i.exti_interrupt_flag_clear) for exti_interrupt_flag_clear
    gd32h759i_eval.o(i.gd_eval_key_init) refers to gd32h759i_eval.o(.constdata) for KEY_CLK
    gd32h759i_eval.o(i.gd_eval_key_state_get) refers to gd32h7xx_gpio.o(i.gpio_input_bit_get) for gpio_input_bit_get
    gd32h759i_eval.o(i.gd_eval_key_state_get) refers to gd32h759i_eval.o(.constdata) for KEY_PIN
    gd32h759i_eval.o(i.gd_eval_led_init) refers to gd32h7xx_rcu.o(i.rcu_periph_clock_enable) for rcu_periph_clock_enable
    gd32h759i_eval.o(i.gd_eval_led_init) refers to gd32h7xx_gpio.o(i.gpio_mode_set) for gpio_mode_set
    gd32h759i_eval.o(i.gd_eval_led_init) refers to gd32h7xx_gpio.o(i.gpio_output_options_set) for gpio_output_options_set
    gd32h759i_eval.o(i.gd_eval_led_init) refers to gd32h759i_eval.o(.constdata) for GPIO_CLK
    gd32h759i_eval.o(i.gd_eval_led_off) refers to gd32h759i_eval.o(.constdata) for GPIO_PIN
    gd32h759i_eval.o(i.gd_eval_led_on) refers to gd32h759i_eval.o(.constdata) for GPIO_PIN
    gd32h759i_eval.o(i.gd_eval_led_toggle) refers to gd32h759i_eval.o(.constdata) for GPIO_PIN
    startup_gd32h7xx.o(RESET) refers to startup_gd32h7xx.o(STACK) for __initial_sp
    startup_gd32h7xx.o(RESET) refers to startup_gd32h7xx.o(.text) for Reset_Handler
    startup_gd32h7xx.o(RESET) refers to gd32h7xx_it.o(i.NMI_Handler) for NMI_Handler
    startup_gd32h7xx.o(RESET) refers to gd32h7xx_it.o(i.HardFault_Handler) for HardFault_Handler
    startup_gd32h7xx.o(RESET) refers to gd32h7xx_it.o(i.MemManage_Handler) for MemManage_Handler
    startup_gd32h7xx.o(RESET) refers to gd32h7xx_it.o(i.BusFault_Handler) for BusFault_Handler
    startup_gd32h7xx.o(RESET) refers to gd32h7xx_it.o(i.UsageFault_Handler) for UsageFault_Handler
    startup_gd32h7xx.o(RESET) refers to gd32h7xx_it.o(i.SVC_Handler) for SVC_Handler
    startup_gd32h7xx.o(RESET) refers to gd32h7xx_it.o(i.DebugMon_Handler) for DebugMon_Handler
    startup_gd32h7xx.o(RESET) refers to gd32h7xx_it.o(i.PendSV_Handler) for PendSV_Handler
    startup_gd32h7xx.o(RESET) refers to gd32h7xx_it.o(i.SysTick_Handler) for SysTick_Handler
    startup_gd32h7xx.o(.text) refers to system_gd32h7xx.o(i.SystemInit) for SystemInit
    startup_gd32h7xx.o(.text) refers to entry.o(.ARM.Collect$$$$00000000) for __main
    entry.o(.ARM.Collect$$$$00000000) refers (Special) to entry10a.o(.ARM.Collect$$$$0000000F) for __rt_final_cpp
    entry.o(.ARM.Collect$$$$00000000) refers (Special) to entry11a.o(.ARM.Collect$$$$00000011) for __rt_final_exit
    entry.o(.ARM.Collect$$$$00000000) refers (Special) to entry12b.o(.ARM.Collect$$$$0000000E) for __rt_lib_shutdown_fini
    entry.o(.ARM.Collect$$$$00000000) refers (Special) to entry7b.o(.ARM.Collect$$$$00000008) for _main_clock
    entry.o(.ARM.Collect$$$$00000000) refers (Special) to entry8b.o(.ARM.Collect$$$$0000000A) for _main_cpp_init
    entry.o(.ARM.Collect$$$$00000000) refers (Special) to entry9a.o(.ARM.Collect$$$$0000000B) for _main_init
    entry.o(.ARM.Collect$$$$00000000) refers (Special) to entry5.o(.ARM.Collect$$$$00000004) for _main_scatterload
    entry.o(.ARM.Collect$$$$00000000) refers (Special) to entry2.o(.ARM.Collect$$$$00000001) for _main_stk
    entry2.o(.ARM.Collect$$$$00000001) refers to entry2.o(.ARM.Collect$$$$00002712) for __lit__00000000
    entry2.o(.ARM.Collect$$$$00002712) refers to startup_gd32h7xx.o(STACK) for __initial_sp
    entry2.o(__vectab_stack_and_reset_area) refers to startup_gd32h7xx.o(STACK) for __initial_sp
    entry2.o(__vectab_stack_and_reset_area) refers to entry.o(.ARM.Collect$$$$00000000) for __main
    entry5.o(.ARM.Collect$$$$00000004) refers to init.o(.text) for __scatterload
    entry9a.o(.ARM.Collect$$$$0000000B) refers to main.o(i.main) for main
    entry9b.o(.ARM.Collect$$$$0000000C) refers to main.o(i.main) for main
    init.o(.text) refers to entry5.o(.ARM.Collect$$$$00000004) for __main_after_scatterload

