Component: ARM Compiler 5.06 update 7 (build 960) Tool: armlink [4d3601]

==============================================================================

Section Cross References

    main.o(i.main) refers to function.o(i.System_Init) for System_Init
    main.o(i.main) refers to function.o(i.UsrFunction) for UsrFunction
    systick.o(i.delay_1ms) refers to systick.o(.data) for delay
    systick.o(i.delay_decrement) refers to systick.o(.data) for delay
    systick.o(i.systick_config) refers to systick.o(i.__NVIC_SetPriority) for __NVIC_SetPriority
    systick.o(i.systick_config) refers to system_gd32h7xx.o(.data) for SystemCoreClock
    gd32h7xx_it.o(i.SysTick_Handler) refers to systick.o(i.delay_decrement) for delay_decrement
    led.o(i.LED_Init) refers to gd32h7xx_rcu.o(i.rcu_periph_clock_enable) for rcu_periph_clock_enable
    led.o(i.LED_Init) refers to gd32h7xx_gpio.o(i.gpio_mode_set) for gpio_mode_set
    led.o(i.LED_Init) refers to gd32h7xx_gpio.o(i.gpio_output_options_set) for gpio_output_options_set
    led.o(i.LED_Init) refers to gd32h7xx_gpio.o(i.gpio_bit_set) for gpio_bit_set
    key.o(i.key_read_level) refers to gd32h7xx_gpio.o(i.gpio_input_bit_get) for gpio_input_bit_get
    key.o(i.key_read_pressed) refers to key.o(i.key_read_level) for key_read_level
    key.o(i.key_read_pressed) refers to systick.o(i.delay_1ms) for delay_1ms
    key.o(i.my_key_init) refers to gd32h7xx_rcu.o(i.rcu_periph_clock_enable) for rcu_periph_clock_enable
    key.o(i.my_key_init) refers to gd32h7xx_gpio.o(i.gpio_mode_set) for gpio_mode_set
    key.o(i.my_key_scan) refers to key.o(i.key_read_pressed) for key_read_pressed
    key.o(i.my_key_scan) refers to key.o(.data) for key1_last
    key.o(i.my_key_state) refers to key.o(i.key_read_level) for key_read_level
    oled.o(i.I2C_Start1) refers to gd32h7xx_gpio.o(i.gpio_mode_set) for gpio_mode_set
    oled.o(i.I2C_Start1) refers to gd32h7xx_gpio.o(i.gpio_output_options_set) for gpio_output_options_set
    oled.o(i.I2C_Start1) refers to gd32h7xx_gpio.o(i.gpio_bit_set) for gpio_bit_set
    oled.o(i.I2C_Start1) refers to oled.o(i.IIC_delay) for IIC_delay
    oled.o(i.I2C_Start1) refers to gd32h7xx_gpio.o(i.gpio_bit_reset) for gpio_bit_reset
    oled.o(i.I2C_Stop1) refers to gd32h7xx_gpio.o(i.gpio_mode_set) for gpio_mode_set
    oled.o(i.I2C_Stop1) refers to gd32h7xx_gpio.o(i.gpio_output_options_set) for gpio_output_options_set
    oled.o(i.I2C_Stop1) refers to gd32h7xx_gpio.o(i.gpio_bit_reset) for gpio_bit_reset
    oled.o(i.I2C_Stop1) refers to gd32h7xx_gpio.o(i.gpio_bit_set) for gpio_bit_set
    oled.o(i.I2C_Stop1) refers to oled.o(i.IIC_delay) for IIC_delay
    oled.o(i.I2C_WaitAck) refers to gd32h7xx_gpio.o(i.gpio_bit_set) for gpio_bit_set
    oled.o(i.I2C_WaitAck) refers to oled.o(i.IIC_delay) for IIC_delay
    oled.o(i.I2C_WaitAck) refers to gd32h7xx_gpio.o(i.gpio_mode_set) for gpio_mode_set
    oled.o(i.I2C_WaitAck) refers to oled.o(i.I2C_Stop1) for I2C_Stop1
    oled.o(i.I2C_WaitAck) refers to gd32h7xx_gpio.o(i.gpio_input_bit_get) for gpio_input_bit_get
    oled.o(i.I2C_WaitAck) refers to gd32h7xx_gpio.o(i.gpio_bit_reset) for gpio_bit_reset
    oled.o(i.I2C_WaitAck) refers to gd32h7xx_gpio.o(i.gpio_output_options_set) for gpio_output_options_set
    oled.o(i.OLED_Clear) refers to oled.o(i.OLED_Refresh) for OLED_Refresh
    oled.o(i.OLED_Clear) refers to oled.o(.bss) for OLED_GRAM
    oled.o(i.OLED_ClearPoint) refers to oled.o(.bss) for OLED_GRAM
    oled.o(i.OLED_ColorTurn) refers to oled.o(i.OLED_WR_Byte) for OLED_WR_Byte
    oled.o(i.OLED_DisPlay_Off) refers to oled.o(i.OLED_WR_Byte) for OLED_WR_Byte
    oled.o(i.OLED_DisPlay_On) refers to oled.o(i.OLED_WR_Byte) for OLED_WR_Byte
    oled.o(i.OLED_DisplayTurn) refers to oled.o(i.OLED_WR_Byte) for OLED_WR_Byte
    oled.o(i.OLED_DrawCircle) refers to oled.o(i.OLED_DrawPoint) for OLED_DrawPoint
    oled.o(i.OLED_DrawLine) refers to oled.o(i.OLED_DrawPoint) for OLED_DrawPoint
    oled.o(i.OLED_DrawPoint) refers to oled.o(.bss) for OLED_GRAM
    oled.o(i.OLED_Init) refers to gd32h7xx_rcu.o(i.rcu_periph_clock_enable) for rcu_periph_clock_enable
    oled.o(i.OLED_Init) refers to gd32h7xx_gpio.o(i.gpio_mode_set) for gpio_mode_set
    oled.o(i.OLED_Init) refers to gd32h7xx_gpio.o(i.gpio_output_options_set) for gpio_output_options_set
    oled.o(i.OLED_Init) refers to gd32h7xx_gpio.o(i.gpio_bit_set) for gpio_bit_set
    oled.o(i.OLED_Init) refers to oled.o(i.OLED_WR_Byte) for OLED_WR_Byte
    oled.o(i.OLED_Init) refers to oled.o(i.OLED_Clear) for OLED_Clear
    oled.o(i.OLED_Refresh) refers to oled.o(i.OLED_WR_Byte) for OLED_WR_Byte
    oled.o(i.OLED_Refresh) refers to oled.o(.bss) for OLED_GRAM
    oled.o(i.OLED_ScrollDisplay) refers to oled.o(i.OLED_ShowChinese) for OLED_ShowChinese
    oled.o(i.OLED_ScrollDisplay) refers to oled.o(i.OLED_Refresh) for OLED_Refresh
    oled.o(i.OLED_ScrollDisplay) refers to oled.o(.bss) for OLED_GRAM
    oled.o(i.OLED_ShowChar) refers to oled.o(i.OLED_DrawPoint) for OLED_DrawPoint
[...]
    Removing gd32h7xx_trng.o(i.trng_clockerror_detection_enable), (20 bytes).
    Removing gd32h7xx_trng.o(i.trng_conditioning_algo_config), (20 bytes).
    Removing gd32h7xx_trng.o(i.trng_conditioning_disable), (20 bytes).
    Removing gd32h7xx_trng.o(i.trng_conditioning_enable), (20 bytes).
    Removing gd32h7xx_trng.o(i.trng_conditioning_input_bitwidth), (20 bytes).
    Removing gd32h7xx_trng.o(i.trng_conditioning_output_bitwidth), (20 bytes).
    Removing gd32h7xx_trng.o(i.trng_conditioning_reset_disable), (20 bytes).
    Removing gd32h7xx_trng.o(i.trng_conditioning_reset_enable), (20 bytes).
    Removing gd32h7xx_trng.o(i.trng_deinit), (20 bytes).
    Removing gd32h7xx_trng.o(i.trng_disable), (20 bytes).
    Removing gd32h7xx_trng.o(i.trng_enable), (20 bytes).
    Removing gd32h7xx_trng.o(i.trng_flag_get), (24 bytes).
    Removing gd32h7xx_trng.o(i.trng_get_true_random_data), (12 bytes).
    Removing gd32h7xx_trng.o(i.trng_hash_init_disable), (20 bytes).
    Removing gd32h7xx_trng.o(i.trng_hash_init_enable), (20 bytes).
    Removing gd32h7xx_trng.o(i.trng_health_tests_config), (44 bytes).
    Removing gd32h7xx_trng.o(i.trng_interrupt_disable), (20 bytes).
    Removing gd32h7xx_trng.o(i.trng_interrupt_enable), (20 bytes).
    Removing gd32h7xx_trng.o(i.trng_interrupt_flag_clear), (16 bytes).
    Removing gd32h7xx_trng.o(i.trng_interrupt_flag_get), (24 bytes).
    Removing gd32h7xx_trng.o(i.trng_lock), (20 bytes).
    Removing gd32h7xx_trng.o(i.trng_mode_config), (20 bytes).
    Removing gd32h7xx_trng.o(i.trng_postprocessing_disable), (20 bytes).
    Removing gd32h7xx_trng.o(i.trng_postprocessing_enable), (20 bytes).
    Removing gd32h7xx_trng.o(i.trng_powermode_config), (20 bytes).
    Removing gd32h7xx_trng.o(i.trng_replace_test_disable), (20 bytes).
    Removing gd32h7xx_trng.o(i.trng_replace_test_enable), (20 bytes).
    Removing gd32h7xx_usart.o(.rev16_text), (4 bytes).
    Removing gd32h7xx_usart.o(.revsh_text), (4 bytes).
    Removing gd32h7xx_usart.o(.rrx_text), (6 bytes).
    Removing gd32h7xx_usart.o(i.usart_address_0_config), (32 bytes).
    Removing gd32h7xx_usart.o(i.usart_address_0_detection_mode_config), (28 bytes).
    Removing gd32h7xx_usart.o(i.usart_address_0_match_mode_disable), (18 bytes).
    Removing gd32h7xx_usart.o(i.usart_address_0_match_mode_enable), (18 bytes).
    Removing gd32h7xx_usart.o(i.usart_address_1_config), (32 bytes).
    Removing gd32h7xx_usart.o(i.usart_address_1_detection_mode_config), (28 bytes).
    Removing gd32h7xx_usart.o(i.usart_address_1_match_mode_disable), (18 bytes).
    Removing gd32h7xx_usart.o(i.usart_address_1_match_mode_enable), (18 bytes).
    Removing gd32h7xx_usart.o(i.usart_block_length_config), (24 bytes).
    Removing gd32h7xx_usart.o(i.usart_clock_disable), (18 bytes).
    Removing gd32h7xx_usart.o(i.usart_clock_enable), (18 bytes).
    Removing gd32h7xx_usart.o(i.usart_command_enable), (8 bytes).
    Removing gd32h7xx_usart.o(i.usart_data_first_config), (28 bytes).
    Removing gd32h7xx_usart.o(i.usart_data_transmit), (8 bytes).
    Removing gd32h7xx_usart.o(i.usart_depolarity_config), (28 bytes).
    Removing gd32h7xx_usart.o(i.usart_disable), (10 bytes).
    Removing gd32h7xx_usart.o(i.usart_dma_receive_config), (16 bytes).
    Removing gd32h7xx_usart.o(i.usart_dma_transmit_config), (16 bytes).
    Removing gd32h7xx_usart.o(i.usart_driver_assertime_config), (32 bytes).
    Removing gd32h7xx_usart.o(i.usart_driver_deassertime_config), (32 bytes).
    Removing gd32h7xx_usart.o(i.usart_fifo_disable), (22 bytes).
    Removing gd32h7xx_usart.o(i.usart_fifo_enable), (22 bytes).
    Removing gd32h7xx_usart.o(i.usart_flag_clear), (80 bytes).
    Removing gd32h7xx_usart.o(i.usart_flag_get), (30 bytes).
    Removing gd32h7xx_usart.o(i.usart_guard_time_config), (32 bytes).
    Removing gd32h7xx_usart.o(i.usart_halfduplex_disable), (18 bytes).
    Removing gd32h7xx_usart.o(i.usart_halfduplex_enable), (18 bytes).
    Removing gd32h7xx_usart.o(i.usart_hardware_flow_coherence_config), (24 bytes).
    Removing gd32h7xx_usart.o(i.usart_hardware_flow_cts_config), (24 bytes).
    Removing gd32h7xx_usart.o(i.usart_hardware_flow_rts_config), (24 bytes).
    Removing gd32h7xx_usart.o(i.usart_interrupt_disable), (26 bytes).
    Removing gd32h7xx_usart.o(i.usart_invert_config), (110 bytes).
    Removing gd32h7xx_usart.o(i.usart_irda_lowpower_config), (28 bytes).
    Removing gd32h7xx_usart.o(i.usart_irda_mode_disable), (18 bytes).
    Removing gd32h7xx_usart.o(i.usart_irda_mode_enable), (18 bytes).
    Removing gd32h7xx_usart.o(i.usart_lin_break_detection_length_config), (28 bytes).
    Removing gd32h7xx_usart.o(i.usart_lin_mode_disable), (18 bytes).
    Removing gd32h7xx_usart.o(i.usart_lin_mode_enable), (18 bytes).
    Removing gd32h7xx_usart.o(i.usart_mute_mode_disable), (10 bytes).
    Removing gd32h7xx_usart.o(i.usart_mute_mode_enable), (10 bytes).
    Removing gd32h7xx_usart.o(i.usart_mute_mode_wakeup_config), (24 bytes).
    Removing gd32h7xx_usart.o(i.usart_overrun_disable), (18 bytes).
    Removing gd32h7xx_usart.o(i.usart_overrun_enable), (18 bytes).
    Removing gd32h7xx_usart.o(i.usart_oversample_config), (24 bytes).
    Removing gd32h7xx_usart.o(i.usart_prescaler_config), (24 bytes).
    Removing gd32h7xx_usart.o(i.usart_receive_fifo_counter_number), (30 bytes).
    Removing gd32h7xx_usart.o(i.usart_receive_fifo_threshold_config), (20 bytes).
    Removing gd32h7xx_usart.o(i.usart_receiver_timeout_disable), (10 bytes).
    Removing gd32h7xx_usart.o(i.usart_receiver_timeout_enable), (10 bytes).
    Removing gd32h7xx_usart.o(i.usart_receiver_timeout_threshold_config), (16 bytes).
    Removing gd32h7xx_usart.o(i.usart_reception_error_dma_disable), (18 bytes).
    Removing gd32h7xx_usart.o(i.usart_reception_error_dma_enable), (18 bytes).
    Removing gd32h7xx_usart.o(i.usart_rs485_driver_disable), (18 bytes).
    Removing gd32h7xx_usart.o(i.usart_rs485_driver_enable), (18 bytes).
    Removing gd32h7xx_usart.o(i.usart_sample_bit_config), (24 bytes).
    Removing gd32h7xx_usart.o(i.usart_smartcard_autoretry_config), (32 bytes).
    Removing gd32h7xx_usart.o(i.usart_smartcard_mode_disable), (18 bytes).
    Removing gd32h7xx_usart.o(i.usart_smartcard_mode_early_nack_disable), (14 bytes).
    Removing gd32h7xx_usart.o(i.usart_smartcard_mode_early_nack_enable), (14 bytes).
    Removing gd32h7xx_usart.o(i.usart_smartcard_mode_enable), (18 bytes).
    Removing gd32h7xx_usart.o(i.usart_smartcard_mode_nack_disable), (18 bytes).
    Removing gd32h7xx_usart.o(i.usart_smartcard_mode_nack_enable), (18 bytes).
    Removing gd32h7xx_usart.o(i.usart_synchronous_clock_config), (50 bytes).
    Removing gd32h7xx_usart.o(i.usart_transmit_fifo_threshold_config), (20 bytes).
    Removing gd32h7xx_usart.o(i.usart_wakeup_disable), (10 bytes).
    Removing gd32h7xx_usart.o(i.usart_wakeup_enable), (10 bytes).
    Removing gd32h7xx_usart.o(i.usart_wakeup_mode_config), (28 bytes).
    Removing gd32h7xx_vref.o(.rev16_text), (4 bytes).
    Removing gd32h7xx_vref.o(.revsh_text), (4 bytes).
    Removing gd32h7xx_vref.o(.rrx_text), (6 bytes).
    Removing gd32h7xx_vref.o(i.vref_calib_value_get), (12 bytes).
    Removing gd32h7xx_vref.o(i.vref_calib_value_set), (16 bytes).
    Removing gd32h7xx_vref.o(i.vref_deinit), (20 bytes).
    Removing gd32h7xx_vref.o(i.vref_disable), (20 bytes).
    Removing gd32h7xx_vref.o(i.vref_enable), (20 bytes).
    Removing gd32h7xx_vref.o(i.vref_high_impedance_mode_disable), (20 bytes).
    Removing gd32h7xx_vref.o(i.vref_high_impedance_mode_enable), (20 bytes).
    Removing gd32h7xx_vref.o(i.vref_status_get), (24 bytes).
    Removing gd32h7xx_vref.o(i.vref_voltage_select), (20 bytes).
    Removing gd32h7xx_wwdgt.o(.rev16_text), (4 bytes).
    Removing gd32h7xx_wwdgt.o(.revsh_text), (4 bytes).
    Removing gd32h7xx_wwdgt.o(.rrx_text), (6 bytes).
    Removing gd32h7xx_wwdgt.o(i.wwdgt_config), (24 bytes).
    Removing gd32h7xx_wwdgt.o(i.wwdgt_counter_update), (16 bytes).
    Removing gd32h7xx_wwdgt.o(i.wwdgt_deinit), (20 bytes).
    Removing gd32h7xx_wwdgt.o(i.wwdgt_enable), (20 bytes).
    Removing gd32h7xx_wwdgt.o(i.wwdgt_flag_clear), (12 bytes).
    Removing gd32h7xx_wwdgt.o(i.wwdgt_flag_get), (24 bytes).
    Removing gd32h7xx_wwdgt.o(i.wwdgt_interrupt_enable), (20 bytes).
    Removing gd32h759i_eval.o(.rev16_text), (4 bytes).
    Removing gd32h759i_eval.o(.revsh_text), (4 bytes).
    Removing gd32h759i_eval.o(.rrx_text), (6 bytes).
    Removing gd32h759i_eval.o(i.gd_eval_com_init), (172 bytes).
    Removing gd32h759i_eval.o(i.gd_eval_key_init), (128 bytes).
    Removing gd32h759i_eval.o(i.gd_eval_key_state_get), (32 bytes).
    Removing gd32h759i_eval.o(i.gd_eval_led_init), (84 bytes).
    Removing gd32h759i_eval.o(i.gd_eval_led_off), (24 bytes).
    Removing gd32h759i_eval.o(i.gd_eval_led_on), (24 bytes).
    Removing gd32h759i_eval.o(i.gd_eval_led_toggle), (24 bytes).
    Removing gd32h759i_eval.o(.constdata), (80 bytes).
    Removing startup_gd32h7xx.o(HEAP), (2048 bytes).
    Removing game.o(.rev16_text), (4 bytes).
    Removing game.o(.revsh_text), (4 bytes).
    Removing game.o(.rrx_text), (6 bytes).
    Removing ui.o(.rev16_text), (4 bytes).
    Removing ui.o(.revsh_text), (4 bytes).
    Removing ui.o(.rrx_text), (6 bytes).
    Removing ui.o(i.UI_HideCursorNoRefresh), (110 bytes).
    Removing ui.o(i.UI_ShowStaticScreen), (24 bytes).

1790 unused section(s) (total 82684 bytes) removed from the image.

==============================================================================

Image Symbol Table

    Local Symbols

    Symbol Name                              Value     Ov Type        Size  Object(Section)

    ../clib/microlib/init/entry.s            0x00000000   Number         0  entry12a.o ABSOLUTE
    ../clib/microlib/init/entry.s            0x00000000   Number         0  entry2.o ABSOLUTE
    ../clib/microlib/init/entry.s            0x00000000   Number         0  entry.o ABSOLUTE
    ../clib/microlib/init/entry.s            0x00000000   Number         0  entry12b.o ABSOLUTE
    ../clib/microlib/init/entry.s            0x00000000   Number         0  entry7b.o ABSOLUTE
    ../clib/microlib/init/entry.s            0x00000000   Number         0  entry11b.o ABSOLUTE
    ../clib/microlib/init/entry.s            0x00000000   Number         0  entry11a.o ABSOLUTE
    ../clib/microlib/init/entry.s            0x00000000   Number         0  entry10b.o ABSOLUTE
    ../clib/microlib/init/entry.s            0x00000000   Number         0  entry10a.o ABSOLUTE
    ../clib/microlib/init/entry.s            0x00000000   Number         0  entry9b.o ABSOLUTE
    ../clib/microlib/init/entry.s            0x00000000   Number         0  entry9a.o ABSOLUTE
    ../clib/microlib/init/entry.s            0x00000000   Number         0  entry8b.o ABSOLUTE
    ../clib/microlib/init/entry.s            0x00000000   Number         0  entry8a.o ABSOLUTE
    ../clib/microlib/init/entry.s            0x00000000   Number         0  entry7a.o ABSOLUTE
    ../clib/microlib/init/entry.s            0x00000000   Number         0  entry5.o ABSOLUTE
    ../clib/microlib/string/memcpy.c         0x00000000   Number         0  memcpya.o ABSOLUTE
    ../clib/microlib/string/memcpy.c         0x00000000   Number         0  memcpyb.o ABSOLUTE
    ..\App\ai.c                              0x00000000   Number         0  ai.o ABSOLUTE
    ..\App\game.c                            0x00000000   Number         0  game.o ABSOLUTE
    ..\App\ui.c                              0x00000000   Number         0  ui.o ABSOLUTE
    ..\CMSIS\GD\GD32H7xx\Source\ARM\startup_gd32h7xx.s 0x00000000   Number         0  startup_gd32h7xx.o ABSOLUTE
    ..\CMSIS\GD\GD32H7xx\Source\system_gd32h7xx.c 0x00000000   Number         0  system_gd32h7xx.o ABSOLUTE
    ..\Function\Function.c                   0x00000000   Number         0  function.o ABSOLUTE
    ..\HardWare\I2C\i2c.c                    0x00000000   Number         0  i2c.o ABSOLUTE
    ..\HardWare\KEY\key.c                    0x00000000   Number         0  key.o ABSOLUTE
    ..\HardWare\LED\LED.c                    0x00000000   Number         0  led.o ABSOLUTE
    ..\HardWare\OLED\OLED.c                  0x00000000   Number         0  oled.o ABSOLUTE
    ..\HardWare\USART\usart.c                0x00000000   Number         0  usart.o ABSOLUTE
    ..\Library\GD32H7xx_standard_peripheral\Source\gd32h7xx_adc.c 0x00000000   Number         0  gd32h7xx_adc.o ABSOLUTE
    ..\Library\GD32H7xx_standard_peripheral\Source\gd32h7xx_can.c 0x00000000   Number         0  gd32h7xx_can.o ABSOLUTE
    ..\Library\GD32H7xx_standard_peripheral\Source\gd32h7xx_cau.c 0x00000000   Number         0  gd32h7xx_cau.o ABSOLUTE
    ..\Library\GD32H7xx_standard_peripheral\Source\gd32h7xx_cau_aes.c 0x00000000   Number         0  gd32h7xx_cau_aes.o ABSOLUTE
    ..\Library\GD32H7xx_standard_peripheral\Source\gd32h7xx_cau_des.c 0x00000000   Number         0  gd32h7xx_cau_des.o ABSOLUTE
    ..\Library\GD32H7xx_standard_peripheral\Source\gd32h7xx_cau_tdes.c 0x00000000   Number         0  gd32h7xx_cau_tdes.o ABSOLUTE
    ..\Library\GD32H7xx_standard_peripheral\Source\gd32h7xx_cmp.c 0x00000000   Number         0  gd32h7xx_cmp.o ABSOLUTE
    ..\Library\GD32H7xx_standard_peripheral\Source\gd32h7xx_cpdm.c 0x00000000   Number         0  gd32h7xx_cpdm.o ABSOLUTE
    ..\Library\GD32H7xx_standard_peripheral\Source\gd32h7xx_crc.c 0x00000000   Number         0  gd32h7xx_crc.o ABSOLUTE
    ..\Library\GD32H7xx_standard_peripheral\Source\gd32h7xx_ctc.c 0x00000000   Number         0  gd32h7xx_ctc.o ABSOLUTE
    ..\Library\GD32H7xx_standard_peripheral\Source\gd32h7xx_dac.c 0x00000000   Number         0  gd32h7xx_dac.o ABSOLUTE
    ..\Library\GD32H7xx_standard_peripheral\Source\gd32h7xx_dbg.c 0x00000000   Number         0  gd32h7xx_dbg.o ABSOLUTE
    ..\Library\GD32H7xx_standard_peripheral\Source\gd32h7xx_dci.c 0x00000000   Number         0  gd32h7xx_dci.o ABSOLUTE
    ..\Library\GD32H7xx_standard_peripheral\Source\gd32h7xx_dma.c 0x00000000   Number         0  gd32h7xx_dma.o ABSOLUTE
    ..\Library\GD32H7xx_standard_peripheral\Source\gd32h7xx_edout.c 0x00000000   Number         0  gd32h7xx_edout.o ABSOLUTE
    ..\Library\GD32H7xx_standard_peripheral\Source\gd32h7xx_efuse.c 0x00000000   Number         0  gd32h7xx_efuse.o ABSOLUTE
    ..\Library\GD32H7xx_standard_peripheral\Source\gd32h7xx_exmc.c 0x00000000   Number         0  gd32h7xx_exmc.o ABSOLUTE
    ..\Library\GD32H7xx_standard_peripheral\Source\gd32h7xx_exti.c 0x00000000   Number         0  gd32h7xx_exti.o ABSOLUTE
    ..\Library\GD32H7xx_standard_peripheral\Source\gd32h7xx_fac.c 0x00000000   Number         0  gd32h7xx_fac.o ABSOLUTE
    ..\Library\GD32H7xx_standard_peripheral\Source\gd32h7xx_fmc.c 0x00000000   Number         0  gd32h7xx_fmc.o ABSOLUTE
    ..\Library\GD32H7xx_standard_peripheral\Source\gd32h7xx_fwdgt.c 0x00000000   Number         0  gd32h7xx_fwdgt.o ABSOLUTE
    ..\Library\GD32H7xx_standard_peripheral\Source\gd32h7xx_gpio.c 0x00000000   Number         0  gd32h7xx_gpio.o ABSOLUTE
    ..\Library\GD32H7xx_standard_peripheral\Source\gd32h7xx_hau.c 0x00000000   Number         0  gd32h7xx_hau.o ABSOLUTE
    ..\Library\GD32H7xx_standard_peripheral\Source\gd32h7xx_hau_sha_md5.c 0x00000000   Number         0  gd32h7xx_hau_sha_md5.o ABSOLUTE
    ..\Library\GD32H7xx_standard_peripheral\Source\gd32h7xx_hpdf.c 0x00000000   Number         0  gd32h7xx_hpdf.o ABSOLUTE
    ..\Library\GD32H7xx_standard_peripheral\Source\gd32h7xx_hwsem.c 0x00000000   Number         0  gd32h7xx_hwsem.o ABSOLUTE
    ..\Library\GD32H7xx_standard_peripheral\Source\gd32h7xx_i2c.c 0x00000000   Number         0  gd32h7xx_i2c.o ABSOLUTE
    ..\Library\GD32H7xx_standard_peripheral\Source\gd32h7xx_ipa.c 0x00000000   Number         0  gd32h7xx_ipa.o ABSOLUTE
    ..\Library\GD32H7xx_standard_peripheral\Source\gd32h7xx_lpdts.c 0x00000000   Number         0  gd32h7xx_lpdts.o ABSOLUTE
    ..\Library\GD32H7xx_standard_peripheral\Source\gd32h7xx_mdio.c 0x00000000   Number         0  gd32h7xx_mdio.o ABSOLUTE
    ..\Library\GD32H7xx_standard_peripheral\Source\gd32h7xx_mdma.c 0x00000000   Number         0  gd32h7xx_mdma.o ABSOLUTE
    ..\Library\GD32H7xx_standard_peripheral\Source\gd32h7xx_misc.c 0x00000000   Number         0  gd32h7xx_misc.o ABSOLUTE
    ..\Library\GD32H7xx_standard_peripheral\Source\gd32h7xx_ospi.c 0x00000000   Number         0  gd32h7xx_ospi.o ABSOLUTE
    ..\Library\GD32H7xx_standard_peripheral\Source\gd32h7xx_ospim.c 0x00000000   Number         0  gd32h7xx_ospim.o ABSOLUTE
    ..\Library\GD32H7xx_standard_peripheral\Source\gd32h7xx_pmu.c 0x00000000   Number         0  gd32h7xx_pmu.o ABSOLUTE
    ..\Library\GD32H7xx_standard_peripheral\Source\gd32h7xx_rameccmu.c 0x00000000   Number         0  gd32h7xx_rameccmu.o ABSOLUTE
    ..\Library\GD32H7xx_standard_peripheral\Source\gd32h7xx_rcu.c 0x00000000   Number         0  gd32h7xx_rcu.o ABSOLUTE
    ..\Library\GD32H7xx_standard_peripheral\Source\gd32h7xx_rspdif.c 0x00000000   Number         0  gd32h7xx_rspdif.o ABSOLUTE
    ..\Library\GD32H7xx_standard_peripheral\Source\gd32h7xx_rtc.c 0x00000000   Number         0  gd32h7xx_rtc.o ABSOLUTE
    ..\Library\GD32H7xx_standard_peripheral\Source\gd32h7xx_rtdec.c 0x00000000   Number         0  gd32h7xx_rtdec.o ABSOLUTE
    ..\Library\GD32H7xx_standard_peripheral\Source\gd32h7xx_sai.c 0x00000000   Number         0  gd32h7xx_sai.o ABSOLUTE
    ..\Library\GD32H7xx_standard_peripheral\Source\gd32h7xx_sdio.c 0x00000000   Number         0  gd32h7xx_sdio.o ABSOLUTE
    ..\Library\GD32H7xx_standard_peripheral\Source\gd32h7xx_spi.c 0x00000000   Number         0  gd32h7xx_spi.o ABSOLUTE
    ..\Library\GD32H7xx_standard_peripheral\Source\gd32h7xx_syscfg.c 0x00000000   Number         0  gd32h7xx_syscfg.o ABSOLUTE
    ..\Library\GD32H7xx_standard_peripheral\Source\gd32h7xx_timer.c 0x00000000   Number         0  gd32h7xx_timer.o ABSOLUTE
    ..\Library\GD32H7xx_standard_peripheral\Source\gd32h7xx_tli.c 0x00000000   Number         0  gd32h7xx_tli.o ABSOLUTE
    ..\Library\GD32H7xx_standard_peripheral\Source\gd32h7xx_tmu.c 0x00000000   Number         0  gd32h7xx_tmu.o ABSOLUTE
    ..\Library\GD32H7xx_standard_peripheral\Source\gd32h7xx_trigsel.c 0x00000000   Number         0  gd32h7xx_trigsel.o ABSOLUTE
    ..\Library\GD32H7xx_standard_peripheral\Source\gd32h7xx_trng.c 0x00000000   Number         0  gd32h7xx_trng.o ABSOLUTE
    ..\Library\GD32H7xx_standard_peripheral\Source\gd32h7xx_usart.c 0x00000000   Number         0  gd32h7xx_usart.o ABSOLUTE
    ..\Library\GD32H7xx_standard_peripheral\Source\gd32h7xx_vref.c 0x00000000   Number         0  gd32h7xx_vref.o ABSOLUTE
    ..\Library\GD32H7xx_standard_peripheral\Source\gd32h7xx_wwdgt.c 0x00000000   Number         0  gd32h7xx_wwdgt.o ABSOLUTE
    ..\Library\Utilites\gd32h759i_eval.c     0x00000000   Number         0  gd32h759i_eval.o ABSOLUTE
    ..\User\gd32h7xx_it.c                    0x00000000   Number         0  gd32h7xx_it.o ABSOLUTE
    ..\User\main.c                           0x00000000   Number         0  main.o ABSOLUTE
    ..\User\systick.c                        0x00000000   Number         0  systick.o ABSOLUTE
    ..\\App\\game.c                          0x00000000   Number         0  game.o ABSOLUTE
    ..\\App\\ui.c                            0x00000000   Number         0  ui.o ABSOLUTE
    ..\\CMSIS\\GD\\GD32H7xx\\Source\\system_gd32h7xx.c 0x00000000   Number         0  system_gd32h7xx.o ABSOLUTE
    ..\\Function\\Function.c                 0x00000000   Number         0  function.o ABSOLUTE
    ..\\HardWare\\I2C\\i2c.c                 0x00000000   Number         0  i2c.o ABSOLUTE
    ..\\HardWare\\KEY\\key.c                 0x00000000   Number         0  key.o ABSOLUTE
    ..\\HardWare\\LED\\LED.c                 0x00000000   Number         0  led.o ABSOLUTE
    ..\\HardWare\\OLED\\OLED.c               0x00000000   Number         0  oled.o ABSOLUTE
    ..\\HardWare\\USART\\usart.c             0x00000000   Number         0  usart.o ABSOLUTE
    ..\\Library\\GD32H7xx_standard_peripheral\\Source\\gd32h7xx_adc.c 0x00000000   Number         0  gd32h7xx_adc.o ABSOLUTE
    ..\\Library\\GD32H7xx_standard_peripheral\\Source\\gd32h7xx_can.c 0x00000000   Number         0  gd32h7xx_can.o ABSOLUTE
    ..\\Library\\GD32H7xx_standard_peripheral\\Source\\gd32h7xx_cau.c 0x00000000   Number         0  gd32h7xx_cau.o ABSOLUTE
    ..\\Library\\GD32H7xx_standard_peripheral\\Source\\gd32h7xx_cau_aes.c 0x00000000   Number         0  gd32h7xx_cau_aes.o ABSOLUTE
    ..\\Library\\GD32H7xx_standard_peripheral\\Source\\gd32h7xx_cau_des.c 0x00000000   Number         0  gd32h7xx_cau_des.o ABSOLUTE
    ..\\Library\\GD32H7xx_standard_peripheral\\Source\\gd32h7xx_cau_tdes.c 0x00000000   Number         0  gd32h7xx_cau_tdes.o ABSOLUTE
    ..\\Library\\GD32H7xx_standard_peripheral\\Source\\gd32h7xx_cmp.c 0x00000000   Number         0  gd32h7xx_cmp.o ABSOLUTE
    ..\\Library\\GD32H7xx_standard_peripheral\\Source\\gd32h7xx_cpdm.c 0x00000000   Number         0  gd32h7xx_cpdm.o ABSOLUTE
    ..\\Library\\GD32H7xx_standard_peripheral\\Source\\gd32h7xx_crc.c 0x00000000   Number         0  gd32h7xx_crc.o ABSOLUTE
    ..\\Library\\GD32H7xx_standard_peripheral\\Source\\gd32h7xx_ctc.c 0x00000000   Number         0  gd32h7xx_ctc.o ABSOLUTE
    ..\\Library\\GD32H7xx_standard_peripheral\\Source\\gd32h7xx_dac.c 0x00000000   Number         0  gd32h7xx_dac.o ABSOLUTE
    ..\\Library\\GD32H7xx_standard_peripheral\\Source\\gd32h7xx_dbg.c 0x00000000   Number         0  gd32h7xx_dbg.o ABSOLUTE
    ..\\Library\\GD32H7xx_standard_peripheral\\Source\\gd32h7xx_dci.c 0x00000000   Number         0  gd32h7xx_dci.o ABSOLUTE
    ..\\Library\\GD32H7xx_standard_peripheral\\Source\\gd32h7xx_dma.c 0x00000000   Number         0  gd32h7xx_dma.o ABSOLUTE
    ..\\Library\\GD32H7xx_standard_peripheral\\Source\\gd32h7xx_edout.c 0x00000000   Number         0  gd32h7xx_edout.o ABSOLUTE
    ..\\Library\\GD32H7xx_standard_peripheral\\Source\\gd32h7xx_efuse.c 0x00000000   Number         0  gd32h7xx_efuse.o ABSOLUTE
    ..\\Library\\GD32H7xx_standard_peripheral\\Source\\gd32h7xx_exmc.c 0x00000000   Number         0  gd32h7xx_exmc.o ABSOLUTE
    ..\\Library\\GD32H7xx_standard_peripheral\\Source\\gd32h7xx_exti.c 0x00000000   Number         0  gd32h7xx_exti.o ABSOLUTE
    ..\\Library\\GD32H7xx_standard_peripheral\\Source\\gd32h7xx_fac.c 0x00000000   Number         0  gd32h7xx_fac.o ABSOLUTE
    ..\\Library\\GD32H7xx_standard_peripheral\\Source\\gd32h7xx_fmc.c 0x00000000   Number         0  gd32h7xx_fmc.o ABSOLUTE
    ..\\Library\\GD32H7xx_standard_peripheral\\Source\\gd32h7xx_fwdgt.c 0x00000000   Number         0  gd32h7xx_fwdgt.o ABSOLUTE
    ..\\Library\\GD32H7xx_standard_peripheral\\Source\\gd32h7xx_gpio.c 0x00000000   Number         0  gd32h7xx_gpio.o ABSOLUTE
    ..\\Library\\GD32H7xx_standard_peripheral\\Source\\gd32h7xx_hau.c 0x00000000   Number         0  gd32h7xx_hau.o ABSOLUTE
    ..\\Library\\GD32H7xx_standard_peripheral\\Source\\gd32h7xx_hau_sha_md5.c 0x00000000   Number         0  gd32h7xx_hau_sha_md5.o ABSOLUTE
    ..\\Library\\GD32H7xx_standard_peripheral\\Source\\gd32h7xx_hpdf.c 0x00000000   Number         0  gd32h7xx_hpdf.o ABSOLUTE
    ..\\Library\\GD32H7xx_standard_peripheral\\Source\\gd32h7xx_hwsem.c 0x00000000   Number         0  gd32h7xx_hwsem.o ABSOLUTE
    ..\\Library\\GD32H7xx_standard_peripheral\\Source\\gd32h7xx_i2c.c 0x00000000   Number         0  gd32h7xx_i2c.o ABSOLUTE
    ..\\Library\\GD32H7xx_standard_peripheral\\Source\\gd32h7xx_ipa.c 0x00000000   Number         0  gd32h7xx_ipa.o ABSOLUTE
    ..\\Library\\GD32H7xx_standard_peripheral\\Source\\gd32h7xx_lpdts.c 0x00000000   Number         0  gd32h7xx_lpdts.o ABSOLUTE
    ..\\Library\\GD32H7xx_standard_peripheral\\Source\\gd32h7xx_mdio.c 0x00000000   Number         0  gd32h7xx_mdio.o ABSOLUTE
    ..\\Library\\GD32H7xx_standard_peripheral\\Source\\gd32h7xx_mdma.c 0x00000000   Number         0  gd32h7xx_mdma.o ABSOLUTE
    ..\\Library\\GD32H7xx_standard_peripheral\\Source\\gd32h7xx_misc.c 0x00000000   Number         0  gd32h7xx_misc.o ABSOLUTE
    ..\\Library\\GD32H7xx_standard_peripheral\\Source\\gd32h7xx_ospi.c 0x00000000   Number         0  gd32h7xx_ospi.o ABSOLUTE
    ..\\Library\\GD32H7xx_standard_peripheral\\Source\\gd32h7xx_ospim.c 0x00000000   Number         0  gd32h7xx_ospim.o ABSOLUTE
    ..\\Library\\GD32H7xx_standard_peripheral\\Source\\gd32h7xx_pmu.c 0x00000000   Number         0  gd32h7xx_pmu.o ABSOLUTE
    ..\\Library\\GD32H7xx_standard_peripheral\\Source\\gd32h7xx_rameccmu.c 0x00000000   Number         0  gd32h7xx_rameccmu.o ABSOLUTE
    ..\\Library\\GD32H7xx_standard_peripheral\\Source\\gd32h7xx_rcu.c 0x00000000   Number         0  gd32h7xx_rcu.o ABSOLUTE
    ..\\Library\\GD32H7xx_standard_peripheral\\Source\\gd32h7xx_rspdif.c 0x00000000   Number         0  gd32h7xx_rspdif.o ABSOLUTE
    ..\\Library\\GD32H7xx_standard_peripheral\\Source\\gd32h7xx_rtc.c 0x00000000   Number         0  gd32h7xx_rtc.o ABSOLUTE
    ..\\Library\\GD32H7xx_standard_peripheral\\Source\\gd32h7xx_rtdec.c 0x00000000   Number         0  gd32h7xx_rtdec.o ABSOLUTE
    ..\\Library\\GD32H7xx_standard_peripheral\\Source\\gd32h7xx_sai.c 0x00000000   Number         0  gd32h7xx_sai.o ABSOLUTE
    ..\\Library\\GD32H7xx_standard_peripheral\\Source\\gd32h7xx_sdio.c 0x00000000   Number         0  gd32h7xx_sdio.o ABSOLUTE
    ..\\Library\\GD32H7xx_standard_peripheral\\Source\\gd32h7xx_spi.c 0x00000000   Number         0  gd32h7xx_spi.o ABSOLUTE
    ..\\Library\\GD32H7xx_standard_peripheral\\Source\\gd32h7xx_syscfg.c 0x00000000   Number         0  gd32h7xx_syscfg.o ABSOLUTE
    ..\\Library\\GD32H7xx_standard_peripheral\\Source\\gd32h7xx_timer.c 0x00000000   Number         0  gd32h7xx_timer.o ABSOLUTE
    ..\\Library\\GD32H7xx_standard_peripheral\\Source\\gd32h7xx_tli.c 0x00000000   Number         0  gd32h7xx_tli.o ABSOLUTE
    ..\\Library\\GD32H7xx_standard_peripheral\\Source\\gd32h7xx_tmu.c 0x00000000   Number         0  gd32h7xx_tmu.o ABSOLUTE
    ..\\Library\\GD32H7xx_standard_peripheral\\Source\\gd32h7xx_trigsel.c 0x00000000   Number         0  gd32h7xx_trigsel.o ABSOLUTE
    ..\\Library\\GD32H7xx_standard_peripheral\\Source\\gd32h7xx_trng.c 0x00000000   Number         0  gd32h7xx_trng.o ABSOLUTE
    ..\\Library\\GD32H7xx_standard_peripheral\\Source\\gd32h7xx_usart.c 0x00000000   Number         0  gd32h7xx_usart.o ABSOLUTE
    ..\\Library\\GD32H7xx_standard_peripheral\\Source\\gd32h7xx_vref.c 0x00000000   Number         0  gd32h7xx_vref.o ABSOLUTE
    ..\\Library\\GD32H7xx_standard_peripheral\\Source\\gd32h7xx_wwdgt.c 0x00000000   Number         0  gd32h7xx_wwdgt.o ABSOLUTE
    ..\\Library\\Utilites\\gd32h759i_eval.c  0x00000000   Number         0  gd32h759i_eval.o ABSOLUTE
    ..\\User\\gd32h7xx_it.c                  0x00000000   Number         0  gd32h7xx_it.o ABSOLUTE
    ..\\User\\main.c                         0x00000000   Number         0  main.o ABSOLUTE
    ..\\User\\systick.c                      0x00000000   Number         0  systick.o ABSOLUTE
    dc.s                                     0x00000000   Number         0  dc.o ABSOLUTE
    handlers.s                               0x00000000   Number         0  handlers.o ABSOLUTE
    init.s                                   0x00000000   Number         0  init.o ABSOLUTE
    RESET                                    0x08000000   Section      932  startup_gd32h7xx.o(RESET)
    .ARM.Collect$$$$00000000                 0x080003a4   Section        0  entry.o(.ARM.Collect$$$$00000000)
    .ARM.Collect$$$$00000001                 0x080003a4   Section        4  entry2.o(.ARM.Collect$$$$00000001)
    .ARM.Collect$$$$00000004                 0x080003a8   Section        4  entry5.o(.ARM.Collect$$$$00000004)
    .ARM.Collect$$$$00000008                 0x080003ac   Section        0  entry7b.o(.ARM.Collect$$$$00000008)
    .ARM.Collect$$$$0000000A                 0x080003ac   Section        0  entry8b.o(.ARM.Collect$$$$0000000A)
    .ARM.Collect$$$$0000000B                 0x080003ac   Section        8  entry9a.o(.ARM.Collect$$$$0000000B)
    .ARM.Collect$$$$0000000E                 0x080003b4   Section        4  entry12b.o(.ARM.Collect$$$$0000000E)
    .ARM.Collect$$$$0000000F                 0x080003b8   Section        0  entry10a.o(.ARM.Collect$$$$0000000F)
    .ARM.Collect$$$$00000011                 0x080003b8   Section        0  entry11a.o(.ARM.Collect$$$$00000011)
    .ARM.Collect$$$$00002712                 0x080003b8   Section        4  entry2.o(.ARM.Collect$$$$00002712)
    __lit__00000000                          0x080003b8   Data           4  entry2.o(.ARM.Collect$$$$00002712)
    .text                                    0x080003bc   Section       60  startup_gd32h7xx.o(.text)
    $v0                                      0x080003bc   Number         0  startup_gd32h7xx.o(.text)
    .text                                    0x080003f8   Section        0  memcpya.o(.text)
    .text                                    0x0800041c   Section       36  init.o(.text)
    i.BusFault_Handler                       0x08000440   Section        0  gd32h7xx_it.o(i.BusFault_Handler)
    i.DebugMon_Handler                       0x08000444   Section        0  gd32h7xx_it.o(i.DebugMon_Handler)
    i.Game_OnGameOverIRQ                     0x08000446   Section        0  game.o(i.Game_OnGameOverIRQ)
    i.Game_PlacePiece                        0x08000448   Section        0  game.o(i.Game_PlacePiece)
    i.Game_Start                             0x08000660   Section        0  game.o(i.Game_Start)
    i.HardFault_Handler                      0x08000674   Section        0  gd32h7xx_it.o(i.HardFault_Handler)
    i.I2C_Start1                             0x08000678   Section        0  oled.o(i.I2C_Start1)
    i.I2C_Stop1                              0x080006d0   Section        0  oled.o(i.I2C_Stop1)
    i.I2C_WaitAck                            0x08000718   Section        0  oled.o(i.I2C_WaitAck)
    i.IIC_delay                              0x08000790   Section        0  oled.o(i.IIC_delay)
    IIC_delay                                0x08000791   Thumb Code    26  oled.o(i.IIC_delay)
    i.LED_Init                               0x080007ac   Section        0  led.o(i.LED_Init)
    i.MemManage_Handler                      0x08000808   Section        0  gd32h7xx_it.o(i.MemManage_Handler)
    i.NMI_Handler                            0x0800080c   Section        0  gd32h7xx_it.o(i.NMI_Handler)
    i.OLED_Clear                             0x08000810   Section        0  oled.o(i.OLED_Clear)
    i.OLED_ClearPoint                        0x08000840   Section        0  oled.o(i.OLED_ClearPoint)
    i.OLED_DrawPoint                         0x080008a0   Section        0  oled.o(i.OLED_DrawPoint)
    i.OLED_Init                              0x080008dc   Section        0  oled.o(i.OLED_Init)
    i.OLED_Pow                               0x08000a1c   Section        0  oled.o(i.OLED_Pow)
    i.OLED_Refresh                           0x08000a34   Section        0  oled.o(i.OLED_Refresh)
    i.OLED_ShowChar                          0x08000a80   Section        0  oled.o(i.OLED_ShowChar)
    i.OLED_ShowNum                           0x08000b7c   Section        0  oled.o(i.OLED_ShowNum)
    i.OLED_ShowString                        0x08000bf0   Section        0  oled.o(i.OLED_ShowString)
    i.OLED_WR_Byte                           0x08000c32   Section        0  oled.o(i.OLED_WR_Byte)
    i.PendSV_Handler                         0x08000c6a   Section        0  gd32h7xx_it.o(i.PendSV_Handler)
    i.SVC_Handler                            0x08000c6c   Section        0  gd32h7xx_it.o(i.SVC_Handler)
    i.Send_Byte                              0x08000c70   Section        0  oled.o(i.Send_Byte)
    i.SysTick_Handler                        0x08000ccc   Section        0  gd32h7xx_it.o(i.SysTick_Handler)
    i.SystemInit                             0x08000cd4   Section        0  system_gd32h7xx.o(i.SystemInit)
    i.System_Init                            0x08000f1c   Section        0  function.o(i.System_Init)
    i.UART3_IRQHandler                       0x08000f30   Section        0  usart.o(i.UART3_IRQHandler)
    i.UI_DrawCursorDot                       0x08000fb0   Section        0  ui.o(i.UI_DrawCursorDot)
    i.UI_DrawPieceAt                         0x080010e8   Section        0  ui.o(i.UI_DrawPieceAt)
    i.UI_DrawWinLine                         0x08001120   Section        0  ui.o(i.UI_DrawWinLine)
    i.UI_RedrawBoard                         0x080011e8   Section        0  ui.o(i.UI_RedrawBoard)
    i.UsageFault_Handler                     0x08001234   Section        0  gd32h7xx_it.o(i.UsageFault_Handler)
    i.UsrFunction                            0x08001238   Section        0  function.o(i.UsrFunction)
    i.__NVIC_SetPriority                     0x08001240   Section        0  systick.o(i.__NVIC_SetPriority)
    __NVIC_SetPriority                       0x08001241   Thumb Code    32  systick.o(i.__NVIC_SetPriority)
    i.__scatterload_copy                     0x08001268   Section       14  handlers.o(i.__scatterload_copy)
    i.__scatterload_null                     0x08001276   Section        2  handlers.o(i.__scatterload_null)
    i.__scatterload_zeroinit                 0x08001278   Section       14  handlers.o(i.__scatterload_zeroinit)
    i.ai_initialize                          0x08001288   Section        0  ai.o(i.ai_initialize)
    i.best_move_for_board                    0x08001298   Section        0  ai.o(i.best_move_for_board)
    i.board_clear                            0x08001320   Section        0  game.o(i.board_clear)
    board_clear                              0x08001321   Thumb Code    20  game.o(i.board_clear)
    i.board_has_empty                        0x08001338   Section        0  game.o(i.board_has_empty)
    board_has_empty                          0x08001339   Thumb Code    26  game.o(i.board_has_empty)
    i.cache_enable                           0x08001358   Section        0  function.o(i.cache_enable)
    cache_enable                             0x08001359   Thumb Code   174  function.o(i.cache_enable)
    i.delay_1ms                              0x08001410   Section        0  systick.o(i.delay_1ms)
    i.delay_decrement                        0x08001424   Section        0  systick.o(i.delay_decrement)
    i.find_first_empty                       0x0800143c   Section        0  game.o(i.find_first_empty)
    find_first_empty                         0x0800143d   Thumb Code    38  game.o(i.find_first_empty)
    i.game_check_winner                      0x08001474   Section        0  game.o(i.game_check_winner)
    game_check_winner                        0x08001475   Thumb Code    86  game.o(i.game_check_winner)
    i.game_sync_leds                         0x080014d4   Section        0  game.o(i.game_sync_leds)
    game_sync_leds                           0x080014d5   Thumb Code    82  game.o(i.game_sync_leds)
    i.game_wait_gameover_ack                 0x08001530   Section        0  game.o(i.game_wait_gameover_ack)
    game_wait_gameover_ack                   0x08001531   Thumb Code    54  game.o(i.game_wait_gameover_ack)
    i.game_wait_key3_release                 0x08001568   Section        0  game.o(i.game_wait_key3_release)
    game_wait_key3_release                   0x08001569   Thumb Code    36  game.o(i.game_wait_key3_release)
    i.gpio_af_set                            0x08001590   Section        0  gd32h7xx_gpio.o(i.gpio_af_set)
    i.gpio_bit_reset                         0x080015ee   Section        0  gd32h7xx_gpio.o(i.gpio_bit_reset)
    i.gpio_bit_set                           0x080015f2   Section        0  gd32h7xx_gpio.o(i.gpio_bit_set)
    i.gpio_input_bit_get                     0x080015f6   Section        0  gd32h7xx_gpio.o(i.gpio_input_bit_get)
    i.gpio_mode_set                          0x08001606   Section        0  gd32h7xx_gpio.o(i.gpio_mode_set)
    i.gpio_output_options_set                0x08001654   Section        0  gd32h7xx_gpio.o(i.gpio_output_options_set)
    i.has_line                               0x08001698   Section        0  ai.o(i.has_line)
    has_line                                 0x08001699   Thumb Code    68  ai.o(i.has_line)
    i.key_read_level                         0x080016e0   Section        0  key.o(i.key_read_level)
    key_read_level                           0x080016e1   Thumb Code    24  key.o(i.key_read_level)
    i.key_read_pressed                       0x080016f8   Section        0  key.o(i.key_read_pressed)
    key_read_pressed                         0x080016f9   Thumb Code    36  key.o(i.key_read_pressed)
    i.main                                   0x0800171c   Section        0  main.o(i.main)
    i.move_down                              0x0800172c   Section        0  game.o(i.move_down)
    move_down                                0x0800172d   Thumb Code    72  game.o(i.move_down)
    i.move_right                             0x08001778   Section        0  game.o(i.move_right)
    move_right                               0x08001779   Thumb Code    72  game.o(i.move_right)
    i.my_key_init                            0x080017c4   Section        0  key.o(i.my_key_init)
    i.my_key_scan                            0x08001814   Section        0  key.o(i.my_key_scan)
    i.my_key_state                           0x080018a0   Section        0  key.o(i.my_key_state)
    i.my_usart_init                          0x080018e4   Section        0  usart.o(i.my_usart_init)
    i.nvic_irq_enable                        0x080019bc   Section        0  gd32h7xx_misc.o(i.nvic_irq_enable)
    i.nvic_priority_group_set                0x08001a6c   Section        0  gd32h7xx_misc.o(i.nvic_priority_group_set)
    i.nvic_vector_table_set                  0x08001a80   Section        0  gd32h7xx_misc.o(i.nvic_vector_table_set)
    i.pick_first_empty_by_order              0x08001a98   Section        0  ai.o(i.pick_first_empty_by_order)
    pick_first_empty_by_order                0x08001a99   Thumb Code    28  ai.o(i.pick_first_empty_by_order)
    i.rcu_clock_freq_get                     0x08001ab8   Section        0  gd32h7xx_rcu.o(i.rcu_clock_freq_get)
    i.rcu_irc64mdiv_freq_get                 0x08002314   Section        0  gd32h7xx_rcu.o(i.rcu_irc64mdiv_freq_get)
    i.rcu_periph_clock_enable                0x08002370   Section        0  gd32h7xx_rcu.o(i.rcu_periph_clock_enable)
    i.rcu_periph_reset_disable               0x08002394   Section        0  gd32h7xx_rcu.o(i.rcu_periph_reset_disable)
    i.rcu_periph_reset_enable                0x080023b8   Section        0  gd32h7xx_rcu.o(i.rcu_periph_reset_enable)
    i.rcu_pll_clock_freq_cal                 0x080023dc   Section        0  gd32h7xx_rcu.o(i.rcu_pll_clock_freq_cal)
    rcu_pll_clock_freq_cal                   0x080023dd   Thumb Code    86  gd32h7xx_rcu.o(i.rcu_pll_clock_freq_cal)
    i.system_clock_600m_hxtal                0x08002438   Section        0  system_gd32h7xx.o(i.system_clock_600m_hxtal)
    system_clock_600m_hxtal                  0x08002439   Thumb Code   294  system_gd32h7xx.o(i.system_clock_600m_hxtal)
    i.system_clock_config                    0x08002574   Section        0  system_gd32h7xx.o(i.system_clock_config)
    system_clock_config                      0x08002575   Thumb Code     8  system_gd32h7xx.o(i.system_clock_config)
    i.systick_config                         0x0800257c   Section        0  systick.o(i.systick_config)
    i.ui_abs_i8                              0x080025cc   Section        0  ui.o(i.ui_abs_i8)
    ui_abs_i8                                0x080025cd   Thumb Code    16  ui.o(i.ui_abs_i8)
    i.ui_cell_center                         0x080025dc   Section        0  ui.o(i.ui_cell_center)
    ui_cell_center                           0x080025dd   Thumb Code   110  ui.o(i.ui_cell_center)
    i.ui_clamp_i16                           0x08002654   Section        0  ui.o(i.ui_clamp_i16)
    ui_clamp_i16                             0x08002655   Thumb Code    22  ui.o(i.ui_clamp_i16)
    i.ui_clear_region                        0x0800266c   Section        0  ui.o(i.ui_clear_region)
    ui_clear_region                          0x0800266d   Thumb Code   114  ui.o(i.ui_clear_region)
    i.ui_draw_board                          0x080026e4   Section        0  ui.o(i.ui_draw_board)
    ui_draw_board                            0x080026e5   Thumb Code   112  ui.o(i.ui_draw_board)
    i.ui_draw_cross                          0x08002754   Section        0  ui.o(i.ui_draw_cross)
    ui_draw_cross                            0x08002755   Thumb Code    62  ui.o(i.ui_draw_cross)
    i.ui_draw_diamond                        0x08002792   Section        0  ui.o(i.ui_draw_diamond)
    ui_draw_diamond                          0x08002793   Thumb Code    96  ui.o(i.ui_draw_diamond)
    i.ui_draw_hline                          0x080027f2   Section        0  ui.o(i.ui_draw_hline)
    ui_draw_hline                            0x080027f3   Thumb Code    34  ui.o(i.ui_draw_hline)
    i.ui_draw_line_gram                      0x08002814   Section        0  ui.o(i.ui_draw_line_gram)
    ui_draw_line_gram                        0x08002815   Thumb Code   172  ui.o(i.ui_draw_line_gram)
    i.ui_draw_parallel_line                  0x080028c0   Section        0  ui.o(i.ui_draw_parallel_line)
    ui_draw_parallel_line                    0x080028c1   Thumb Code   116  ui.o(i.ui_draw_parallel_line)
    i.ui_draw_side_info                      0x08002934   Section        0  ui.o(i.ui_draw_side_info)
    ui_draw_side_info                        0x08002935   Thumb Code    92  ui.o(i.ui_draw_side_info)
    i.ui_draw_vline                          0x08002998   Section        0  ui.o(i.ui_draw_vline)
    ui_draw_vline                            0x08002999   Thumb Code    34  ui.o(i.ui_draw_vline)
    i.ui_get_win_line_points                 0x080029bc   Section        0  ui.o(i.ui_get_win_line_points)
    ui_get_win_line_points                   0x080029bd   Thumb Code   296  ui.o(i.ui_get_win_line_points)
    i.ui_refresh_region                      0x08002ae8   Section        0  ui.o(i.ui_refresh_region)
    ui_refresh_region                        0x08002ae9   Thumb Code    88  ui.o(i.ui_refresh_region)
    i.ui_set_gram_point                      0x08002b44   Section        0  ui.o(i.ui_set_gram_point)
    ui_set_gram_point                        0x08002b45   Thumb Code    66  ui.o(i.ui_set_gram_point)
    i.usart_baudrate_set                     0x08002b8c   Section        0  gd32h7xx_usart.o(i.usart_baudrate_set)
    i.usart_data_receive                     0x08002c74   Section        0  gd32h7xx_usart.o(i.usart_data_receive)
    i.usart_deinit                           0x08002c80   Section        0  gd32h7xx_usart.o(i.usart_deinit)
    i.usart_enable                           0x08002d5c   Section        0  gd32h7xx_usart.o(i.usart_enable)
    i.usart_interrupt_enable                 0x08002d66   Section        0  gd32h7xx_usart.o(i.usart_interrupt_enable)
    i.usart_interrupt_flag_clear             0x08002d80   Section        0  gd32h7xx_usart.o(i.usart_interrupt_flag_clear)
    i.usart_interrupt_flag_get               0x08002ddc   Section        0  gd32h7xx_usart.o(i.usart_interrupt_flag_get)
    i.usart_parity_config                    0x08002e14   Section        0  gd32h7xx_usart.o(i.usart_parity_config)
    i.usart_receive_config                   0x08002e2c   Section        0  gd32h7xx_usart.o(i.usart_receive_config)
    i.usart_stop_bit_set                     0x08002e3c   Section        0  gd32h7xx_usart.o(i.usart_stop_bit_set)
    i.usart_transmit_config                  0x08002e54   Section        0  gd32h7xx_usart.o(i.usart_transmit_config)
    i.usart_word_length_set                  0x08002e64   Section        0  gd32h7xx_usart.o(i.usart_word_length_set)
    .constdata                               0x08002e7c   Section     8152  oled.o(.constdata)
    .constdata                               0x08004e54   Section       33  ai.o(.constdata)
    lines                                    0x08004e54   Data          24  ai.o(.constdata)
    order                                    0x08004e6c   Data           9  ai.o(.constdata)
    .constdata                               0x08004e75   Section       24  game.o(.constdata)
    winLines                                 0x08004e75   Data          24  game.o(.constdata)
    .constdata                               0x08004e8d   Section       16  ui.o(.constdata)
    lineCells                                0x08004e8d   Data          16  ui.o(.constdata)
    .data                                    0x24000000   Section        4  systick.o(.data)
    delay                                    0x24000000   Data           4  systick.o(.data)
    .data                                    0x24000004   Section        3  key.o(.data)
    key1_last                                0x24000004   Data           1  key.o(.data)
    key2_last                                0x24000005   Data           1  key.o(.data)
    key3_last                                0x24000006   Data           1  key.o(.data)
    .data                                    0x24000007   Section        3  usart.o(.data)
    .data                                    0x2400000c   Section        4  system_gd32h7xx.o(.data)
    .data                                    0x24000010   Section        1  ai.o(.data)
    g_ai_ready                               0x24000010   Data           1  ai.o(.data)
    .data                                    0x24000011   Section        2  game.o(.data)
    youScore                                 0x24000011   Data           1  game.o(.data)
    aiScore                                  0x24000012   Data           1  game.o(.data)
    .bss                                     0x24000014   Section      576  oled.o(.bss)
    .bss                                     0x24000254   Section      256  usart.o(.bss)
    .bss                                     0x24000354   Section        9  game.o(.bss)
    board                                    0x24000354   Data           9  game.o(.bss)
    STACK                                    0x24000360   Section     4096  startup_gd32h7xx.o(STACK)

    Global Symbols

    Symbol Name                              Value     Ov Type        Size  Object(Section)

    BuildAttributes$$THM_ISAv4$E$P$D$K$B$S$7EM$VFPv5_D16$PE$PLD8$A:L22UL41UL21$X:L11$S22US41US21$IEEE1$IW$USESV6$~STKCKD$USESV7$~SHL$OSPACE$EBA8$MICROLIB$REQ8$PRES8$EABIv2 0x00000000   Number         0  anon$$obj.o ABSOLUTE
    __ARM_use_no_argv                        0x00000000   Number         0  main.o ABSOLUTE
    __arm_fini_                               - Undefined Weak Reference
    __cpp_initialize__aeabi_                  - Undefined Weak Reference
    __cxa_finalize                            - Undefined Weak Reference
    __decompress                              - Undefined Weak Reference
    _clock_init                               - Undefined Weak Reference
    _microlib_exit                            - Undefined Weak Reference
    __Vectors_Size                           0x000003a4   Number         0  startup_gd32h7xx.o ABSOLUTE
    __Vectors                                0x08000000   Data           4  startup_gd32h7xx.o(RESET)
    __Vectors_End                            0x080003a4   Data           0  startup_gd32h7xx.o(RESET)
    __main                                   0x080003a5   Thumb Code     0  entry.o(.ARM.Collect$$$$00000000)
    _main_stk                                0x080003a5   Thumb Code     0  entry2.o(.ARM.Collect$$$$00000001)
    _main_scatterload                        0x080003a9   Thumb Code     0  entry5.o(.ARM.Collect$$$$00000004)
    __main_after_scatterload                 0x080003ad   Thumb Code     0  entry5.o(.ARM.Collect$$$$00000004)
    _main_clock                              0x080003ad   Thumb Code     0  entry7b.o(.ARM.Collect$$$$00000008)
    _main_cpp_init                           0x080003ad   Thumb Code     0  entry8b.o(.ARM.Collect$$$$0000000A)
    _main_init                               0x080003ad   Thumb Code     0  entry9a.o(.ARM.Collect$$$$0000000B)
    __rt_lib_shutdown_fini                   0x080003b5   Thumb Code     0  entry12b.o(.ARM.Collect$$$$0000000E)
    __rt_final_cpp                           0x080003b9   Thumb Code     0  entry10a.o(.ARM.Collect$$$$0000000F)
    __rt_final_exit                          0x080003b9   Thumb Code     0  entry11a.o(.ARM.Collect$$$$00000011)
    Reset_Handler                            0x080003bd   Thumb Code    26  startup_gd32h7xx.o(.text)
    ADC0_1_IRQHandler                        0x080003e9   Thumb Code     0  startup_gd32h7xx.o(.text)
    ADC2_IRQHandler                          0x080003e9   Thumb Code     0  startup_gd32h7xx.o(.text)
    CAN0_Busoff_IRQHandler                   0x080003e9   Thumb Code     0  startup_gd32h7xx.o(.text)
    CAN0_Error_IRQHandler                    0x080003e9   Thumb Code     0  startup_gd32h7xx.o(.text)
    CAN0_FastError_IRQHandler                0x080003e9   Thumb Code     0  startup_gd32h7xx.o(.text)
    CAN0_Message_IRQHandler                  0x080003e9   Thumb Code     0  startup_gd32h7xx.o(.text)
    CAN0_REC_IRQHandler                      0x080003e9   Thumb Code     0  startup_gd32h7xx.o(.text)
    CAN0_TEC_IRQHandler                      0x080003e9   Thumb Code     0  startup_gd32h7xx.o(.text)
    CAN0_WKUP_IRQHandler                     0x080003e9   Thumb Code     0  startup_gd32h7xx.o(.text)
    CAN1_Busoff_IRQHandler                   0x080003e9   Thumb Code     0  startup_gd32h7xx.o(.text)
    CAN1_Error_IRQHandler                    0x080003e9   Thumb Code     0  startup_gd32h7xx.o(.text)
    CAN1_FastError_IRQHandler                0x080003e9   Thumb Code     0  startup_gd32h7xx.o(.text)
    CAN1_Message_IRQHandler                  0x080003e9   Thumb Code     0  startup_gd32h7xx.o(.text)
    CAN1_REC_IRQHandler                      0x080003e9   Thumb Code     0  startup_gd32h7xx.o(.text)
    CAN1_TEC_IRQHandler                      0x080003e9   Thumb Code     0  startup_gd32h7xx.o(.text)
    CAN1_WKUP_IRQHandler                     0x080003e9   Thumb Code     0  startup_gd32h7xx.o(.text)
    CAN2_Busoff_IRQHandler                   0x080003e9   Thumb Code     0  startup_gd32h7xx.o(.text)
    CAN2_Error_IRQHandler                    0x080003e9   Thumb Code     0  startup_gd32h7xx.o(.text)
    CAN2_FastError_IRQHandler                0x080003e9   Thumb Code     0  startup_gd32h7xx.o(.text)
    CAN2_Message_IRQHandler                  0x080003e9   Thumb Code     0  startup_gd32h7xx.o(.text)
    CAN2_REC_IRQHandler                      0x080003e9   Thumb Code     0  startup_gd32h7xx.o(.text)
    CAN2_TEC_IRQHandler                      0x080003e9   Thumb Code     0  startup_gd32h7xx.o(.text)
    CAN2_WKUP_IRQHandler                     0x080003e9   Thumb Code     0  startup_gd32h7xx.o(.text)
    CAU_IRQHandler                           0x080003e9   Thumb Code     0  startup_gd32h7xx.o(.text)
    CMP0_1_IRQHandler                        0x080003e9   Thumb Code     0  startup_gd32h7xx.o(.text)
    CTC_IRQHandler                           0x080003e9   Thumb Code     0  startup_gd32h7xx.o(.text)
    DCI_IRQHandler                           0x080003e9   Thumb Code     0  startup_gd32h7xx.o(.text)
    DMA0_Channel0_IRQHandler                 0x080003e9   Thumb Code     0  startup_gd32h7xx.o(.text)
    DMA0_Channel1_IRQHandler                 0x080003e9   Thumb Code     0  startup_gd32h7xx.o(.text)
    DMA0_Channel2_IRQHandler                 0x080003e9   Thumb Code     0  startup_gd32h7xx.o(.text)
    DMA0_Channel3_IRQHandler                 0x080003e9   Thumb Code     0  startup_gd32h7xx.o(.text)
    DMA0_Channel4_IRQHandler                 0x080003e9   Thumb Code     0  startup_gd32h7xx.o(.text)
    DMA0_Channel5_IRQHandler                 0x080003e9   Thumb Code     0  startup_gd32h7xx.o(.text)
    DMA0_Channel6_IRQHandler                 0x080003e9   Thumb Code     0  startup_gd32h7xx.o(.text)
    DMA0_Channel7_IRQHandler                 0x080003e9   Thumb Code     0  startup_gd32h7xx.o(.text)
    DMA1_Channel0_IRQHandler                 0x080003e9   Thumb Code     0  startup_gd32h7xx.o(.text)
    DMA1_Channel1_IRQHandler                 0x080003e9   Thumb Code     0  startup_gd32h7xx.o(.text)
    DMA1_Channel2_IRQHandler                 0x080003e9   Thumb Code     0  startup_gd32h7xx.o(.text)
    DMA1_Channel3_IRQHandler                 0x080003e9   Thumb Code     0  startup_gd32h7xx.o(.text)
    DMA1_Channel4_IRQHandler                 0x080003e9   Thumb Code     0  startup_gd32h7xx.o(.text)
    DMA1_Channel5_IRQHandler                 0x080003e9   Thumb Code     0  startup_gd32h7xx.o(.text)
    DMA1_Channel6_IRQHandler                 0x080003e9   Thumb Code     0  startup_gd32h7xx.o(.text)
    DMA1_Channel7_IRQHandler                 0x080003e9   Thumb Code     0  startup_gd32h7xx.o(.text)
    DMAMUX_OVR_IRQHandler                    0x080003e9   Thumb Code     0  startup_gd32h7xx.o(.text)
    EFUSE_IRQHandler                         0x080003e9   Thumb Code     0  startup_gd32h7xx.o(.text)
    ENET0_IRQHandler                         0x080003e9   Thumb Code     0  startup_gd32h7xx.o(.text)
    ENET0_WKUP_IRQHandler                    0x080003e9   Thumb Code     0  startup_gd32h7xx.o(.text)
    ENET1_IRQHandler                         0x080003e9   Thumb Code     0  startup_gd32h7xx.o(.text)
    ENET1_WKUP_IRQHandler                    0x080003e9   Thumb Code     0  startup_gd32h7xx.o(.text)
    EXMC_IRQHandler                          0x080003e9   Thumb Code     0  startup_gd32h7xx.o(.text)
    EXTI0_IRQHandler                         0x080003e9   Thumb Code     0  startup_gd32h7xx.o(.text)
    EXTI10_15_IRQHandler                     0x080003e9   Thumb Code     0  startup_gd32h7xx.o(.text)
    EXTI1_IRQHandler                         0x080003e9   Thumb Code     0  startup_gd32h7xx.o(.text)
    EXTI2_IRQHandler                         0x080003e9   Thumb Code     0  startup_gd32h7xx.o(.text)
    EXTI3_IRQHandler                         0x080003e9   Thumb Code     0  startup_gd32h7xx.o(.text)
    EXTI4_IRQHandler                         0x080003e9   Thumb Code     0  startup_gd32h7xx.o(.text)
    EXTI5_9_IRQHandler                       0x080003e9   Thumb Code     0  startup_gd32h7xx.o(.text)
    FAC_IRQHandler                           0x080003e9   Thumb Code     0  startup_gd32h7xx.o(.text)
    FMC_IRQHandler                           0x080003e9   Thumb Code     0  startup_gd32h7xx.o(.text)
    FPU_IRQHandler                           0x080003e9   Thumb Code     0  startup_gd32h7xx.o(.text)
    HAU_TRNG_IRQHandler                      0x080003e9   Thumb Code     0  startup_gd32h7xx.o(.text)
    HPDF_INT0_IRQHandler                     0x080003e9   Thumb Code     0  startup_gd32h7xx.o(.text)
    HPDF_INT1_IRQHandler                     0x080003e9   Thumb Code     0  startup_gd32h7xx.o(.text)
    HPDF_INT2_IRQHandler                     0x080003e9   Thumb Code     0  startup_gd32h7xx.o(.text)
    HPDF_INT3_IRQHandler                     0x080003e9   Thumb Code     0  startup_gd32h7xx.o(.text)
    HWSEM_IRQHandler                         0x080003e9   Thumb Code     0  startup_gd32h7xx.o(.text)
    I2C0_ER_IRQHandler                       0x080003e9   Thumb Code     0  startup_gd32h7xx.o(.text)
    I2C0_EV_IRQHandler                       0x080003e9   Thumb Code     0  startup_gd32h7xx.o(.text)
    I2C0_WKUP_IRQHandler                     0x080003e9   Thumb Code     0  startup_gd32h7xx.o(.text)
    I2C1_ER_IRQHandler                       0x080003e9   Thumb Code     0  startup_gd32h7xx.o(.text)
    I2C1_EV_IRQHandler                       0x080003e9   Thumb Code     0  startup_gd32h7xx.o(.text)
    I2C1_WKUP_IRQHandler                     0x080003e9   Thumb Code     0  startup_gd32h7xx.o(.text)
    I2C2_ER_IRQHandler                       0x080003e9   Thumb Code     0  startup_gd32h7xx.o(.text)
    I2C2_EV_IRQHandler                       0x080003e9   Thumb Code     0  startup_gd32h7xx.o(.text)
    I2C2_WKUP_IRQHandler                     0x080003e9   Thumb Code     0  startup_gd32h7xx.o(.text)
    I2C3_ER_IRQHandler                       0x080003e9   Thumb Code     0  startup_gd32h7xx.o(.text)
    I2C3_EV_IRQHandler                       0x080003e9   Thumb Code     0  startup_gd32h7xx.o(.text)
    I2C3_WKUP_IRQHandler                     0x080003e9   Thumb Code     0  startup_gd32h7xx.o(.text)
    IPA_IRQHandler                           0x080003e9   Thumb Code     0  startup_gd32h7xx.o(.text)
    LPDTS_IRQHandler                         0x080003e9   Thumb Code     0  startup_gd32h7xx.o(.text)
    LPDTS_WKUP_IRQHandler                    0x080003e9   Thumb Code     0  startup_gd32h7xx.o(.text)
    MDIO_IRQHandler                          0x080003e9   Thumb Code     0  startup_gd32h7xx.o(.text)
    MDMA_IRQHandler                          0x080003e9   Thumb Code     0  startup_gd32h7xx.o(.text)
    OSPI0_IRQHandler                         0x080003e9   Thumb Code     0  startup_gd32h7xx.o(.text)
    OSPI1_IRQHandler                         0x080003e9   Thumb Code     0  startup_gd32h7xx.o(.text)
    RAMECCMU_IRQHandler                      0x080003e9   Thumb Code     0  startup_gd32h7xx.o(.text)
    RCU_IRQHandler                           0x080003e9   Thumb Code     0  startup_gd32h7xx.o(.text)
    RSPDIF_IRQHandler                        0x080003e9   Thumb Code     0  startup_gd32h7xx.o(.text)
    RTC_Alarm_IRQHandler                     0x080003e9   Thumb Code     0  startup_gd32h7xx.o(.text)
    RTC_WKUP_IRQHandler                      0x080003e9   Thumb Code     0  startup_gd32h7xx.o(.text)
    RTDEC0_IRQHandler                        0x080003e9   Thumb Code     0  startup_gd32h7xx.o(.text)
    RTDEC1_IRQHandler                        0x080003e9   Thumb Code     0  startup_gd32h7xx.o(.text)
    SAI0_IRQHandler                          0x080003e9   Thumb Code     0  startup_gd32h7xx.o(.text)
    SAI1_IRQHandler                          0x080003e9   Thumb Code     0  startup_gd32h7xx.o(.text)
    SAI2_IRQHandler                          0x080003e9   Thumb Code     0  startup_gd32h7xx.o(.text)
    SDIO0_IRQHandler                         0x080003e9   Thumb Code     0  startup_gd32h7xx.o(.text)
    SDIO1_IRQHandler                         0x080003e9   Thumb Code     0  startup_gd32h7xx.o(.text)
    SPI0_IRQHandler                          0x080003e9   Thumb Code     0  startup_gd32h7xx.o(.text)
    SPI1_IRQHandler                          0x080003e9   Thumb Code     0  startup_gd32h7xx.o(.text)
    SPI2_IRQHandler                          0x080003e9   Thumb Code     0  startup_gd32h7xx.o(.text)
    SPI3_IRQHandler                          0x080003e9   Thumb Code     0  startup_gd32h7xx.o(.text)
    SPI4_IRQHandler                          0x080003e9   Thumb Code     0  startup_gd32h7xx.o(.text)
    SPI5_IRQHandler                          0x080003e9   Thumb Code     0  startup_gd32h7xx.o(.text)
    TAMPER_STAMP_LXTAL_IRQHandler            0x080003e9   Thumb Code     0  startup_gd32h7xx.o(.text)
    TIMER0_BRK_IRQHandler                    0x080003e9   Thumb Code     0  startup_gd32h7xx.o(.text)
    TIMER0_Channel_IRQHandler                0x080003e9   Thumb Code     0  startup_gd32h7xx.o(.text)
    TIMER0_DEC_IRQHandler                    0x080003e9   Thumb Code     0  startup_gd32h7xx.o(.text)
    TIMER0_TRG_CMT_IRQHandler                0x080003e9   Thumb Code     0  startup_gd32h7xx.o(.text)
    TIMER0_UP_IRQHandler                     0x080003e9   Thumb Code     0  startup_gd32h7xx.o(.text)
    TIMER14_IRQHandler                       0x080003e9   Thumb Code     0  startup_gd32h7xx.o(.text)
    TIMER15_IRQHandler                       0x080003e9   Thumb Code     0  startup_gd32h7xx.o(.text)
    TIMER16_IRQHandler                       0x080003e9   Thumb Code     0  startup_gd32h7xx.o(.text)
    TIMER1_DEC_IRQHandler                    0x080003e9   Thumb Code     0  startup_gd32h7xx.o(.text)
    TIMER1_IRQHandler                        0x080003e9   Thumb Code     0  startup_gd32h7xx.o(.text)
    TIMER22_DEC_IRQHandler                   0x080003e9   Thumb Code     0  startup_gd32h7xx.o(.text)
    TIMER22_IRQHandler                       0x080003e9   Thumb Code     0  startup_gd32h7xx.o(.text)
    TIMER23_DEC_IRQHandler                   0x080003e9   Thumb Code     0  startup_gd32h7xx.o(.text)
    TIMER23_IRQHandler                       0x080003e9   Thumb Code     0  startup_gd32h7xx.o(.text)
    TIMER2_DEC_IRQHandler                    0x080003e9   Thumb Code     0  startup_gd32h7xx.o(.text)
    TIMER2_IRQHandler                        0x080003e9   Thumb Code     0  startup_gd32h7xx.o(.text)
    TIMER30_DEC_IRQHandler                   0x080003e9   Thumb Code     0  startup_gd32h7xx.o(.text)
    TIMER30_IRQHandler                       0x080003e9   Thumb Code     0  startup_gd32h7xx.o(.text)
    TIMER31_DEC_IRQHandler                   0x080003e9   Thumb Code     0  startup_gd32h7xx.o(.text)
    TIMER31_IRQHandler                       0x080003e9   Thumb Code     0  startup_gd32h7xx.o(.text)
    TIMER3_DEC_IRQHandler                    0x080003e9   Thumb Code     0  startup_gd32h7xx.o(.text)
    TIMER3_IRQHandler                        0x080003e9   Thumb Code     0  startup_gd32h7xx.o(.text)
    TIMER40_IRQHandler                       0x080003e9   Thumb Code     0  startup_gd32h7xx.o(.text)
    TIMER41_IRQHandler                       0x080003e9   Thumb Code     0  startup_gd32h7xx.o(.text)
    TIMER42_IRQHandler                       0x080003e9   Thumb Code     0  startup_gd32h7xx.o(.text)
    TIMER43_IRQHandler                       0x080003e9   Thumb Code     0  startup_gd32h7xx.o(.text)
    TIMER44_IRQHandler                       0x080003e9   Thumb Code     0  startup_gd32h7xx.o(.text)
    TIMER4_DEC_IRQHandler                    0x080003e9   Thumb Code     0  startup_gd32h7xx.o(.text)
    TIMER4_IRQHandler                        0x080003e9   Thumb Code     0  startup_gd32h7xx.o(.text)
    TIMER50_IRQHandler                       0x080003e9   Thumb Code     0  startup_gd32h7xx.o(.text)
    TIMER51_IRQHandler                       0x080003e9   Thumb Code     0  startup_gd32h7xx.o(.text)
    TIMER5_DAC_UDR_IRQHandler                0x080003e9   Thumb Code     0  startup_gd32h7xx.o(.text)
    TIMER6_IRQHandler                        0x080003e9   Thumb Code     0  startup_gd32h7xx.o(.text)
    TIMER7_BRK_IRQHandler                    0x080003e9   Thumb Code     0  startup_gd32h7xx.o(.text)
    TIMER7_Channel_IRQHandler                0x080003e9   Thumb Code     0  startup_gd32h7xx.o(.text)
    TIMER7_DEC_IRQHandler                    0x080003e9   Thumb Code     0  startup_gd32h7xx.o(.text)
    TIMER7_TRG_CMT_IRQHandler                0x080003e9   Thumb Code     0  startup_gd32h7xx.o(.text)
    TIMER7_UP_IRQHandler                     0x080003e9   Thumb Code     0  startup_gd32h7xx.o(.text)
    TLI_ER_IRQHandler                        0x080003e9   Thumb Code     0  startup_gd32h7xx.o(.text)
    TLI_IRQHandler                           0x080003e9   Thumb Code     0  startup_gd32h7xx.o(.text)
    TMU_IRQHandler                           0x080003e9   Thumb Code     0  startup_gd32h7xx.o(.text)
    UART4_IRQHandler                         0x080003e9   Thumb Code     0  startup_gd32h7xx.o(.text)
    UART6_IRQHandler                         0x080003e9   Thumb Code     0  startup_gd32h7xx.o(.text)
    UART7_IRQHandler                         0x080003e9   Thumb Code     0  startup_gd32h7xx.o(.text)
    USART0_IRQHandler                        0x080003e9   Thumb Code     0  startup_gd32h7xx.o(.text)
    USART1_IRQHandler                        0x080003e9   Thumb Code     0  startup_gd32h7xx.o(.text)
    USART2_IRQHandler                        0x080003e9   Thumb Code     0  startup_gd32h7xx.o(.text)
    USART5_IRQHandler                        0x080003e9   Thumb Code     0  startup_gd32h7xx.o(.text)
    USBHS0_EP1_IN_IRQHandler                 0x080003e9   Thumb Code     0  startup_gd32h7xx.o(.text)
    USBHS0_EP1_OUT_IRQHandler                0x080003e9   Thumb Code     0  startup_gd32h7xx.o(.text)
    USBHS0_IRQHandler                        0x080003e9   Thumb Code     0  startup_gd32h7xx.o(.text)
    USBHS0_WKUP_IRQHandler                   0x080003e9   Thumb Code     0  startup_gd32h7xx.o(.text)
    USBHS1_EP1_IN_IRQHandler                 0x080003e9   Thumb Code     0  startup_gd32h7xx.o(.text)
    USBHS1_EP1_OUT_IRQHandler                0x080003e9   Thumb Code     0  startup_gd32h7xx.o(.text)
    USBHS1_IRQHandler                        0x080003e9   Thumb Code     0  startup_gd32h7xx.o(.text)
    USBHS1_WKUP_IRQHandler                   0x080003e9   Thumb Code     0  startup_gd32h7xx.o(.text)
    VAVD_LVD_VOVD_IRQHandler                 0x080003e9   Thumb Code     0  startup_gd32h7xx.o(.text)
    WWDGT_IRQHandler                         0x080003e9   Thumb Code     0  startup_gd32h7xx.o(.text)
    __aeabi_memcpy                           0x080003f9   Thumb Code    36  memcpya.o(.text)
    __aeabi_memcpy4                          0x080003f9   Thumb Code     0  memcpya.o(.text)
    __aeabi_memcpy8                          0x080003f9   Thumb Code     0  memcpya.o(.text)
    __scatterload                            0x0800041d   Thumb Code    28  init.o(.text)
    __scatterload_rt2                        0x0800041d   Thumb Code     0  init.o(.text)
    BusFault_Handler                         0x08000441   Thumb Code     4  gd32h7xx_it.o(i.BusFault_Handler)
    DebugMon_Handler                         0x08000445   Thumb Code     2  gd32h7xx_it.o(i.DebugMon_Handler)
    Game_OnGameOverIRQ                       0x08000447   Thumb Code     2  game.o(i.Game_OnGameOverIRQ)
    Game_PlacePiece                          0x08000449   Thumb Code   524  game.o(i.Game_PlacePiece)
    Game_Start                               0x08000661   Thumb Code    20  game.o(i.Game_Start)
    HardFault_Handler                        0x08000675   Thumb Code     4  gd32h7xx_it.o(i.HardFault_Handler)
    I2C_Start1                               0x08000679   Thumb Code    84  oled.o(i.I2C_Start1)
    I2C_Stop1                                0x080006d1   Thumb Code    66  oled.o(i.I2C_Stop1)
    I2C_WaitAck                              0x08000719   Thumb Code   116  oled.o(i.I2C_WaitAck)
    LED_Init                                 0x080007ad   Thumb Code    84  led.o(i.LED_Init)
    MemManage_Handler                        0x08000809   Thumb Code     4  gd32h7xx_it.o(i.MemManage_Handler)
    NMI_Handler                              0x0800080d   Thumb Code     2  gd32h7xx_it.o(i.NMI_Handler)
    OLED_Clear                               0x08000811   Thumb Code    42  oled.o(i.OLED_Clear)
    OLED_ClearPoint                          0x08000841   Thumb Code    90  oled.o(i.OLED_ClearPoint)
    OLED_DrawPoint                           0x080008a1   Thumb Code    54  oled.o(i.OLED_DrawPoint)
    OLED_Init                                0x080008dd   Thumb Code   316  oled.o(i.OLED_Init)
    OLED_Pow                                 0x08000a1d   Thumb Code    22  oled.o(i.OLED_Pow)
    OLED_Refresh                             0x08000a35   Thumb Code    70  oled.o(i.OLED_Refresh)
    OLED_ShowChar                            0x08000a81   Thumb Code   240  oled.o(i.OLED_ShowChar)
    OLED_ShowNum                             0x08000b7d   Thumb Code   116  oled.o(i.OLED_ShowNum)
    OLED_ShowString                          0x08000bf1   Thumb Code    66  oled.o(i.OLED_ShowString)
    OLED_WR_Byte                             0x08000c33   Thumb Code    56  oled.o(i.OLED_WR_Byte)
    PendSV_Handler                           0x08000c6b   Thumb Code     2  gd32h7xx_it.o(i.PendSV_Handler)
    SVC_Handler                              0x08000c6d   Thumb Code     2  gd32h7xx_it.o(i.SVC_Handler)
    Send_Byte                                0x08000c71   Thumb Code    88  oled.o(i.Send_Byte)
    SysTick_Handler                          0x08000ccd   Thumb Code     8  gd32h7xx_it.o(i.SysTick_Handler)
    SystemInit                               0x08000cd5   Thumb Code   522  system_gd32h7xx.o(i.SystemInit)
    System_Init                              0x08000f1d   Thumb Code    20  function.o(i.System_Init)
    UART3_IRQHandler                         0x08000f31   Thumb Code    94  usart.o(i.UART3_IRQHandler)
    UI_DrawCursorDot                         0x08000fb1   Thumb Code   312  ui.o(i.UI_DrawCursorDot)
    UI_DrawPieceAt                           0x080010e9   Thumb Code    56  ui.o(i.UI_DrawPieceAt)
    UI_DrawWinLine                           0x08001121   Thumb Code   200  ui.o(i.UI_DrawWinLine)
    UI_RedrawBoard                           0x080011e9   Thumb Code    76  ui.o(i.UI_RedrawBoard)
    UsageFault_Handler                       0x08001235   Thumb Code     4  gd32h7xx_it.o(i.UsageFault_Handler)
    UsrFunction                              0x08001239   Thumb Code     8  function.o(i.UsrFunction)
    __scatterload_copy                       0x08001269   Thumb Code    14  handlers.o(i.__scatterload_copy)
    __scatterload_null                       0x08001277   Thumb Code     2  handlers.o(i.__scatterload_null)
    __scatterload_zeroinit                   0x08001279   Thumb Code    14  handlers.o(i.__scatterload_zeroinit)
    ai_initialize                            0x08001289   Thumb Code    10  ai.o(i.ai_initialize)
    best_move_for_board                      0x08001299   Thumb Code   132  ai.o(i.best_move_for_board)
    delay_1ms                                0x08001411   Thumb Code    16  systick.o(i.delay_1ms)
    delay_decrement                          0x08001425   Thumb Code    18  systick.o(i.delay_decrement)
    gpio_af_set                              0x08001591   Thumb Code    94  gd32h7xx_gpio.o(i.gpio_af_set)
    gpio_bit_reset                           0x080015ef   Thumb Code     4  gd32h7xx_gpio.o(i.gpio_bit_reset)
    gpio_bit_set                             0x080015f3   Thumb Code     4  gd32h7xx_gpio.o(i.gpio_bit_set)
    gpio_input_bit_get                       0x080015f7   Thumb Code    16  gd32h7xx_gpio.o(i.gpio_input_bit_get)
    gpio_mode_set                            0x08001607   Thumb Code    78  gd32h7xx_gpio.o(i.gpio_mode_set)
    gpio_output_options_set                  0x08001655   Thumb Code    66  gd32h7xx_gpio.o(i.gpio_output_options_set)
    main                                     0x0800171d   Thumb Code    14  main.o(i.main)
    my_key_init                              0x080017c5   Thumb Code    68  key.o(i.my_key_init)
    my_key_scan                              0x08001815   Thumb Code   116  key.o(i.my_key_scan)
    my_key_state                             0x080018a1   Thumb Code    54  key.o(i.my_key_state)
    my_usart_init                            0x080018e5   Thumb Code   200  usart.o(i.my_usart_init)
    nvic_irq_enable                          0x080019bd   Thumb Code   166  gd32h7xx_misc.o(i.nvic_irq_enable)
    nvic_priority_group_set                  0x08001a6d   Thumb Code    10  gd32h7xx_misc.o(i.nvic_priority_group_set)
    nvic_vector_table_set                    0x08001a81   Thumb Code    16  gd32h7xx_misc.o(i.nvic_vector_table_set)
    rcu_clock_freq_get                       0x08001ab9   Thumb Code  2126  gd32h7xx_rcu.o(i.rcu_clock_freq_get)
    rcu_irc64mdiv_freq_get                   0x08002315   Thumb Code    70  gd32h7xx_rcu.o(i.rcu_irc64mdiv_freq_get)
    rcu_periph_clock_enable                  0x08002371   Thumb Code    32  gd32h7xx_rcu.o(i.rcu_periph_clock_enable)
    rcu_periph_reset_disable                 0x08002395   Thumb Code    32  gd32h7xx_rcu.o(i.rcu_periph_reset_disable)
    rcu_periph_reset_enable                  0x080023b9   Thumb Code    32  gd32h7xx_rcu.o(i.rcu_periph_reset_enable)
    systick_config                           0x0800257d   Thumb Code    74  systick.o(i.systick_config)
    usart_baudrate_set                       0x08002b8d   Thumb Code   224  gd32h7xx_usart.o(i.usart_baudrate_set)
    usart_data_receive                       0x08002c75   Thumb Code    10  gd32h7xx_usart.o(i.usart_data_receive)
    usart_deinit                             0x08002c81   Thumb Code   210  gd32h7xx_usart.o(i.usart_deinit)
    usart_enable                             0x08002d5d   Thumb Code    10  gd32h7xx_usart.o(i.usart_enable)
    usart_interrupt_enable                   0x08002d67   Thumb Code    26  gd32h7xx_usart.o(i.usart_interrupt_enable)
    usart_interrupt_flag_clear               0x08002d81   Thumb Code    78  gd32h7xx_usart.o(i.usart_interrupt_flag_clear)
    usart_interrupt_flag_get                 0x08002ddd   Thumb Code    56  gd32h7xx_usart.o(i.usart_interrupt_flag_get)
    usart_parity_config                      0x08002e15   Thumb Code    24  gd32h7xx_usart.o(i.usart_parity_config)
    usart_receive_config                     0x08002e2d   Thumb Code    16  gd32h7xx_usart.o(i.usart_receive_config)
    usart_stop_bit_set                       0x08002e3d   Thumb Code    24  gd32h7xx_usart.o(i.usart_stop_bit_set)
    usart_transmit_config                    0x08002e55   Thumb Code    16  gd32h7xx_usart.o(i.usart_transmit_config)
    usart_word_length_set                    0x08002e65   Thumb Code    24  gd32h7xx_usart.o(i.usart_word_length_set)
    F6x8                                     0x08002e7c   Data         552  oled.o(.constdata)
    F8X16                                    0x080030a4   Data        1520  oled.o(.constdata)
    asc2_1206                                0x08003694   Data        1140  oled.o(.constdata)
    asc2_1608                                0x08003b08   Data        1520  oled.o(.constdata)
    asc2_2412                                0x080040f8   Data        3420  oled.o(.constdata)
    Region$$Table$$Base                      0x08004ea0   Number         0  anon$$obj.o(Region$$Table)
    Region$$Table$$Limit                     0x08004ec0   Number         0  anon$$obj.o(Region$$Table)
    Image$$RW_IRAM1$$RW$$Base                0x24000000   Number         0  anon$$obj.o ABSOLUTE
    recv_len                                 0x24000007   Data           1  usart.o(.data)
    recv_real_len                            0x24000008   Data           1  usart.o(.data)
    recv_flag                                0x24000009   Data           1  usart.o(.data)
    SystemCoreClock                          0x2400000c   Data           4  system_gd32h7xx.o(.data)
    OLED_GRAM                                0x24000014   Data         576  oled.o(.bss)
    recv_buf                                 0x24000254   Data         128  usart.o(.bss)
    recv_real_buf                            0x240002d4   Data         128  usart.o(.bss)
    __initial_sp                             0x24001360   Data           0  startup_gd32h7xx.o(STACK)



==============================================================================

Memory Map of the image

  Image Entry point : 0x080003a5

  Load Region LR_IROM1 (Base: 0x08000000, Size: 0x00004ed4, Max: 0x003c0000, ABSOLUTE)

    Execution Region RW_IRAM2 (Exec base: 0x00000000, Load base: 0x08004ed4, Size: 0x00000000, Max: 0x00010000, ABSOLUTE)

    **** No section assigned to this execution region ****


    Execution Region ER_IROM1 (Exec base: 0x08000000, Load base: 0x08000000, Size: 0x00004ec0, Max: 0x003c0000, ABSOLUTE)

    Exec Addr    Load Addr    Size         Type   Attr      Idx    E Section Name        Object

    0x08000000   0x08000000   0x000003a4   Data   RO        11324    RESET               startup_gd32h7xx.o
    0x080003a4   0x080003a4   0x00000000   Code   RO        11588  * .ARM.Collect$$$$00000000  mc_w.l(entry.o)
    0x080003a4   0x080003a4   0x00000004   Code   RO        11595    .ARM.Collect$$$$00000001  mc_w.l(entry2.o)
    0x080003a8   0x080003a8   0x00000004   Code   RO        11598    .ARM.Collect$$$$00000004  mc_w.l(entry5.o)
    0x080003ac   0x080003ac   0x00000000   Code   RO        11600    .ARM.Collect$$$$00000008  mc_w.l(entry7b.o)
    0x080003ac   0x080003ac   0x00000000   Code   RO        11602    .ARM.Collect$$$$0000000A  mc_w.l(entry8b.o)
    0x080003ac   0x080003ac   0x00000008   Code   RO        11603    .ARM.Collect$$$$0000000B  mc_w.l(entry9a.o)
    0x080003b4   0x080003b4   0x00000004   Code   RO        11610    .ARM.Collect$$$$0000000E  mc_w.l(entry12b.o)
    0x080003b8   0x080003b8   0x00000000   Code   RO        11605    .ARM.Collect$$$$0000000F  mc_w.l(entry10a.o)
    0x080003b8   0x080003b8   0x00000000   Code   RO        11607    .ARM.Collect$$$$00000011  mc_w.l(entry11a.o)
    0x080003b8   0x080003b8   0x00000004   Code   RO        11596    .ARM.Collect$$$$00002712  mc_w.l(entry2.o)
    0x080003bc   0x080003bc   0x0000003c   Code   RO        11325    .text               startup_gd32h7xx.o
    0x080003f8   0x080003f8   0x00000024   Code   RO        11591    .text               mc_w.l(memcpya.o)
    0x0800041c   0x0800041c   0x00000024   Code   RO        11611    .text               mc_w.l(init.o)
    0x08000440   0x08000440   0x00000004   Code   RO          276    i.BusFault_Handler  gd32h7xx_it.o
    0x08000444   0x08000444   0x00000002   Code   RO          277    i.DebugMon_Handler  gd32h7xx_it.o
    0x08000446   0x08000446   0x00000002   Code   RO        11366    i.Game_OnGameOverIRQ  game.o
    0x08000448   0x08000448   0x00000218   Code   RO        11367    i.Game_PlacePiece   game.o
    0x08000660   0x08000660   0x00000014   Code   RO        11368    i.Game_Start        game.o
    0x08000674   0x08000674   0x00000004   Code   RO          278    i.HardFault_Handler  gd32h7xx_it.o
    0x08000678   0x08000678   0x00000058   Code   RO          429    i.I2C_Start1        oled.o
    0x080006d0   0x080006d0   0x00000048   Code   RO          430    i.I2C_Stop1         oled.o
    0x08000718   0x08000718   0x00000078   Code   RO          431    i.I2C_WaitAck       oled.o
    0x08000790   0x08000790   0x0000001a   Code   RO          432    i.IIC_delay         oled.o
    0x080007aa   0x080007aa   0x00000002   PAD
    0x080007ac   0x080007ac   0x0000005c   Code   RO          351    i.LED_Init          led.o
    0x08000808   0x08000808   0x00000004   Code   RO          279    i.MemManage_Handler  gd32h7xx_it.o
    0x0800080c   0x0800080c   0x00000002   Code   RO          280    i.NMI_Handler       gd32h7xx_it.o
    0x0800080e   0x0800080e   0x00000002   PAD
    0x08000810   0x08000810   0x00000030   Code   RO          433    i.OLED_Clear        oled.o
    0x08000840   0x08000840   0x00000060   Code   RO          434    i.OLED_ClearPoint   oled.o
    0x080008a0   0x080008a0   0x0000003c   Code   RO          441    i.OLED_DrawPoint    oled.o
    0x080008dc   0x080008dc   0x00000140   Code   RO          442    i.OLED_Init         oled.o
    0x08000a1c   0x08000a1c   0x00000016   Code   RO          443    i.OLED_Pow          oled.o
    0x08000a32   0x08000a32   0x00000002   PAD
    0x08000a34   0x08000a34   0x0000004c   Code   RO          444    i.OLED_Refresh      oled.o
    0x08000a80   0x08000a80   0x000000fc   Code   RO          446    i.OLED_ShowChar     oled.o
    0x08000b7c   0x08000b7c   0x00000074   Code   RO          448    i.OLED_ShowNum      oled.o
    0x08000bf0   0x08000bf0   0x00000042   Code   RO          450    i.OLED_ShowString   oled.o
    0x08000c32   0x08000c32   0x00000038   Code   RO          452    i.OLED_WR_Byte      oled.o
    0x08000c6a   0x08000c6a   0x00000002   Code   RO          281    i.PendSV_Handler    gd32h7xx_it.o
    0x08000c6c   0x08000c6c   0x00000002   Code   RO          282    i.SVC_Handler       gd32h7xx_it.o
    0x08000c6e   0x08000c6e   0x00000002   PAD
    0x08000c70   0x08000c70   0x0000005c   Code   RO          453    i.Send_Byte         oled.o
    0x08000ccc   0x08000ccc   0x00000008   Code   RO          283    i.SysTick_Handler   gd32h7xx_it.o
    0x08000cd4   0x08000cd4   0x00000248   Code   RO          760    i.SystemInit        system_gd32h7xx.o
    0x08000f1c   0x08000f1c   0x00000014   Code   RO          718    i.System_Init       function.o
    0x08000f30   0x08000f30   0x00000080   Code   RO          607    i.UART3_IRQHandler  usart.o
    0x08000fb0   0x08000fb0   0x00000138   Code   RO        11461    i.UI_DrawCursorDot  ui.o
    0x080010e8   0x080010e8   0x00000038   Code   RO        11462    i.UI_DrawPieceAt    ui.o
    0x08001120   0x08001120   0x000000c8   Code   RO        11463    i.UI_DrawWinLine    ui.o
    0x080011e8   0x080011e8   0x0000004c   Code   RO        11465    i.UI_RedrawBoard    ui.o
    0x08001234   0x08001234   0x00000004   Code   RO          284    i.UsageFault_Handler  gd32h7xx_it.o
    0x08001238   0x08001238   0x00000008   Code   RO          719    i.UsrFunction       function.o
    0x08001240   0x08001240   0x00000028   Code   RO          229    i.__NVIC_SetPriority  systick.o
    0x08001268   0x08001268   0x0000000e   Code   RO        11615    i.__scatterload_copy  mc_w.l(handlers.o)
    0x08001276   0x08001276   0x00000002   Code   RO        11616    i.__scatterload_null  mc_w.l(handlers.o)
    0x08001278   0x08001278   0x0000000e   Code   RO        11617    i.__scatterload_zeroinit  mc_w.l(handlers.o)
    0x08001286   0x08001286   0x00000002   PAD
    0x08001288   0x08001288   0x00000010   Code   RO        11329    i.ai_initialize     ai.o
    0x08001298   0x08001298   0x00000088   Code   RO        11330    i.best_move_for_board  ai.o
    0x08001320   0x08001320   0x00000018   Code   RO        11369    i.board_clear       game.o
    0x08001338   0x08001338   0x00000020   Code   RO        11370    i.board_has_empty   game.o
    0x08001358   0x08001358   0x000000b8   Code   RO          720    i.cache_enable      function.o
    0x08001410   0x08001410   0x00000014   Code   RO          230    i.delay_1ms         systick.o
    0x08001424   0x08001424   0x00000018   Code   RO          231    i.delay_decrement   systick.o
    0x0800143c   0x0800143c   0x00000038   Code   RO        11371    i.find_first_empty  game.o
    0x08001474   0x08001474   0x00000060   Code   RO        11372    i.game_check_winner  game.o
    0x080014d4   0x080014d4   0x0000005c   Code   RO        11373    i.game_sync_leds    game.o
    0x08001530   0x08001530   0x00000036   Code   RO        11374    i.game_wait_gameover_ack  game.o
    0x08001566   0x08001566   0x00000002   PAD
    0x08001568   0x08001568   0x00000028   Code   RO        11375    i.game_wait_key3_release  game.o
    0x08001590   0x08001590   0x0000005e   Code   RO         4250    i.gpio_af_set       gd32h7xx_gpio.o
    0x080015ee   0x080015ee   0x00000004   Code   RO         4251    i.gpio_bit_reset    gd32h7xx_gpio.o
    0x080015f2   0x080015f2   0x00000004   Code   RO         4252    i.gpio_bit_set      gd32h7xx_gpio.o
    0x080015f6   0x080015f6   0x00000010   Code   RO         4256    i.gpio_input_bit_get  gd32h7xx_gpio.o
    0x08001606   0x08001606   0x0000004e   Code   RO         4259    i.gpio_mode_set     gd32h7xx_gpio.o
    0x08001654   0x08001654   0x00000042   Code   RO         4261    i.gpio_output_options_set  gd32h7xx_gpio.o
    0x08001696   0x08001696   0x00000002   PAD
    0x08001698   0x08001698   0x00000048   Code   RO        11331    i.has_line          ai.o
    0x080016e0   0x080016e0   0x00000018   Code   RO          378    i.key_read_level    key.o
    0x080016f8   0x080016f8   0x00000024   Code   RO          379    i.key_read_pressed  key.o
    0x0800171c   0x0800171c   0x0000000e   Code   RO            4    i.main              main.o
    0x0800172a   0x0800172a   0x00000002   PAD
    0x0800172c   0x0800172c   0x0000004c   Code   RO        11376    i.move_down         game.o
    0x08001778   0x08001778   0x0000004c   Code   RO        11377    i.move_right        game.o
    0x080017c4   0x080017c4   0x00000050   Code   RO          380    i.my_key_init       key.o
    0x08001814   0x08001814   0x0000008c   Code   RO          381    i.my_key_scan       key.o
    0x080018a0   0x080018a0   0x00000044   Code   RO          382    i.my_key_state      key.o
    0x080018e4   0x080018e4   0x000000d8   Code   RO          609    i.my_usart_init     usart.o
    0x080019bc   0x080019bc   0x000000b0   Code   RO         6333    i.nvic_irq_enable   gd32h7xx_misc.o
    0x08001a6c   0x08001a6c   0x00000014   Code   RO         6334    i.nvic_priority_group_set  gd32h7xx_misc.o
    0x08001a80   0x08001a80   0x00000018   Code   RO         6335    i.nvic_vector_table_set  gd32h7xx_misc.o
    0x08001a98   0x08001a98   0x00000020   Code   RO        11332    i.pick_first_empty_by_order  ai.o
    0x08001ab8   0x08001ab8   0x0000085c   Code   RO         7301    i.rcu_clock_freq_get  gd32h7xx_rcu.o
    0x08002314   0x08002314   0x0000005c   Code   RO         7316    i.rcu_irc64mdiv_freq_get  gd32h7xx_rcu.o
    0x08002370   0x08002370   0x00000024   Code   RO         7328    i.rcu_periph_clock_enable  gd32h7xx_rcu.o
    0x08002394   0x08002394   0x00000024   Code   RO         7331    i.rcu_periph_reset_disable  gd32h7xx_rcu.o
    0x080023b8   0x080023b8   0x00000024   Code   RO         7332    i.rcu_periph_reset_enable  gd32h7xx_rcu.o
    0x080023dc   0x080023dc   0x0000005c   Code   RO         7337    i.rcu_pll_clock_freq_cal  gd32h7xx_rcu.o
    0x08002438   0x08002438   0x0000013c   Code   RO          762    i.system_clock_600m_hxtal  system_gd32h7xx.o
    0x08002574   0x08002574   0x00000008   Code   RO          763    i.system_clock_config  system_gd32h7xx.o
    0x0800257c   0x0800257c   0x00000050   Code   RO          232    i.systick_config    systick.o
    0x080025cc   0x080025cc   0x00000010   Code   RO        11467    i.ui_abs_i8         ui.o
    0x080025dc   0x080025dc   0x00000078   Code   RO        11468    i.ui_cell_center    ui.o
    0x08002654   0x08002654   0x00000016   Code   RO        11469    i.ui_clamp_i16      ui.o
    0x0800266a   0x0800266a   0x00000002   PAD
    0x0800266c   0x0800266c   0x00000078   Code   RO        11470    i.ui_clear_region   ui.o
    0x080026e4   0x080026e4   0x00000070   Code   RO        11471    i.ui_draw_board     ui.o
    0x08002754   0x08002754   0x0000003e   Code   RO        11472    i.ui_draw_cross     ui.o
    0x08002792   0x08002792   0x00000060   Code   RO        11473    i.ui_draw_diamond   ui.o
    0x080027f2   0x080027f2   0x00000022   Code   RO        11474    i.ui_draw_hline     ui.o
    0x08002814   0x08002814   0x000000ac   Code   RO        11475    i.ui_draw_line_gram  ui.o
    0x080028c0   0x080028c0   0x00000074   Code   RO        11476    i.ui_draw_parallel_line  ui.o
    0x08002934   0x08002934   0x00000064   Code   RO        11477    i.ui_draw_side_info  ui.o
    0x08002998   0x08002998   0x00000022   Code   RO        11478    i.ui_draw_vline     ui.o
    0x080029ba   0x080029ba   0x00000002   PAD
    0x080029bc   0x080029bc   0x0000012c   Code   RO        11479    i.ui_get_win_line_points  ui.o
    0x08002ae8   0x08002ae8   0x0000005c   Code   RO        11480    i.ui_refresh_region  ui.o
    0x08002b44   0x08002b44   0x00000048   Code   RO        11481    i.ui_set_gram_point  ui.o
    0x08002b8c   0x08002b8c   0x000000e8   Code   RO        10644    i.usart_baudrate_set  gd32h7xx_usart.o
    0x08002c74   0x08002c74   0x0000000a   Code   RO        10650    i.usart_data_receive  gd32h7xx_usart.o
    0x08002c7e   0x08002c7e   0x00000002   PAD
    0x08002c80   0x08002c80   0x000000dc   Code   RO        10652    i.usart_deinit      gd32h7xx_usart.o
    0x08002d5c   0x08002d5c   0x0000000a   Code   RO        10659    i.usart_enable      gd32h7xx_usart.o
    0x08002d66   0x08002d66   0x0000001a   Code   RO        10671    i.usart_interrupt_enable  gd32h7xx_usart.o
    0x08002d80   0x08002d80   0x0000005c   Code   RO        10672    i.usart_interrupt_flag_clear  gd32h7xx_usart.o
    0x08002ddc   0x08002ddc   0x00000038   Code   RO        10673    i.usart_interrupt_flag_get  gd32h7xx_usart.o
    0x08002e14   0x08002e14   0x00000018   Code   RO        10687    i.usart_parity_config  gd32h7xx_usart.o
    0x08002e2c   0x08002e2c   0x00000010   Code   RO        10689    i.usart_receive_config  gd32h7xx_usart.o
    0x08002e3c   0x08002e3c   0x00000018   Code   RO        10707    i.usart_stop_bit_set  gd32h7xx_usart.o
    0x08002e54   0x08002e54   0x00000010   Code   RO        10709    i.usart_transmit_config  gd32h7xx_usart.o
    0x08002e64   0x08002e64   0x00000018   Code   RO        10714    i.usart_word_length_set  gd32h7xx_usart.o
    0x08002e7c   0x08002e7c   0x00001fd8   Data   RO          455    .constdata          oled.o
    0x08004e54   0x08004e54   0x00000021   Data   RO        11333    .constdata          ai.o
    0x08004e75   0x08004e75   0x00000018   Data   RO        11379    .constdata          game.o
    0x08004e8d   0x08004e8d   0x00000010   Data   RO        11482    .constdata          ui.o
    0x08004e9d   0x08004e9d   0x00000003   PAD
    0x08004ea0   0x08004ea0   0x00000020   Data   RO        11613    Region$$Table       anon$$obj.o


    Execution Region RW_IRAM1 (Exec base: 0x24000000, Load base: 0x08004ec0, Size: 0x00001360, Max: 0x000d0000, ABSOLUTE)

    Exec Addr    Load Addr    Size         Type   Attr      Idx    E Section Name        Object

    0x24000000   0x08004ec0   0x00000004   Data   RW          233    .data               systick.o
    0x24000004   0x08004ec4   0x00000003   Data   RW          383    .data               key.o
    0x24000007   0x08004ec7   0x00000003   Data   RW          611    .data               usart.o
    0x2400000a   0x08004eca   0x00000002   PAD
    0x2400000c   0x08004ecc   0x00000004   Data   RW          764    .data               system_gd32h7xx.o
    0x24000010   0x08004ed0   0x00000001   Data   RW        11334    .data               ai.o
    0x24000011   0x08004ed1   0x00000002   Data   RW        11380    .data               game.o
    0x24000013   0x08004ed3   0x00000001   PAD
    0x24000014        -       0x00000240   Zero   RW          454    .bss                oled.o
    0x24000254        -       0x00000100   Zero   RW          610    .bss                usart.o
    0x24000354        -       0x00000009   Zero   RW        11378    .bss                game.o
    0x2400035d   0x08004ed3   0x00000003   PAD
    0x24000360        -       0x00001000   Zero   RW        11322    STACK               startup_gd32h7xx.o


==============================================================================

Image component sizes


      Code (inc. data)   RO Data    RW Data    ZI Data      Debug   Object Name

       256         18         33          1          0       3226   ai.o
       212         10          0          0          0       3092   function.o
      1104         72         24          2          9       8280   game.o
       262          0          0          0          0       4469   gd32h7xx_gpio.o
        32          0          0          0          0       4222   gd32h7xx_it.o
       220         28          0          0          0       2144   gd32h7xx_misc.o
      2432        120          0          0          0       7629   gd32h7xx_rcu.o
       750         32          0          0          0       8367   gd32h7xx_usart.o
       348         50          0          3          0       3251   key.o
        92          8          0          0          0        507   led.o
        14          0          0          0          0      74723   main.o
      1510         58       8152          0        576      11050   oled.o
        60         14        932          0       4096        880   startup_gd32h7xx.o
       908         84          0          4          0       3831   system_gd32h7xx.o
       164         24          0          4          0      37490   systick.o
      2112         38         16          0          0      14570   ui.o
       344         50          0          3        256       1821   usart.o

    ----------------------------------------------------------------------
     10840        606       9192         20       4940     189552   Object Totals
         0          0         32          0          0          0   (incl. Generated)
        20          0          3          3          3          0   (incl. Padding)

    ----------------------------------------------------------------------

      Code (inc. data)   RO Data    RW Data    ZI Data      Debug   Library Member Name

         0          0          0          0          0          0   entry.o
         0          0          0          0          0          0   entry10a.o
         0          0          0          0          0          0   entry11a.o
         4          0          0          0          0          0   entry12b.o
         8          4          0          0          0          0   entry2.o
         4          0          0          0          0          0   entry5.o
         0          0          0          0          0          0   entry7b.o
         0          0          0          0          0          0   entry8b.o
         8          4          0          0          0          0   entry9a.o
        30          0          0          0          0          0   handlers.o
        36          8          0          0          0         68   init.o
        36          0          0          0          0         68   memcpya.o

    ----------------------------------------------------------------------
       128         16          0          0          0        136   Library Totals
         2          0          0          0          0          0   (incl. Padding)

    ----------------------------------------------------------------------

      Code (inc. data)   RO Data    RW Data    ZI Data      Debug   Library Name

       126         16          0          0          0        136   mc_w.l

    ----------------------------------------------------------------------
       128         16          0          0          0        136   Library Totals

    ----------------------------------------------------------------------

==============================================================================


      Code (inc. data)   RO Data    RW Data    ZI Data      Debug   

     10968        622       9192         20       4940     179892   Grand Totals
     10968        622       9192         20       4940     179892   ELF Image Totals
     10968        622       9192         20          0          0   ROM Totals

==============================================================================

    Total RO  Size (Code + RO Data)                20160 (  19.69kB)
    Total RW  Size (RW Data + ZI Data)              4960 (   4.84kB)
    Total ROM Size (Code + RO Data + RW Data)      20180 (  19.71kB)

==============================================================================

