<html>
<body>
<pre>
<h1>µVision Build Log</h1>
<h2>Tool Versions:</h2>
IDE-Version: ¦ÌVision V5.36.0.0
Copyright (C) 2021 ARM Ltd and ARM Germany GmbH. All rights reserved.
License Information: 1 1, 1, LIC=MPPLD-86KP4-RA0DM-XA0B8-RQ763-DN0M1
 
Tool Versions:
Toolchain:       MDK-ARM Plus  Version: 5.36.0.0
Toolchain Path:  D:\Keil\MDK\ARM\ARMCC\Bin
C Compiler:      Armcc.exe V5.06 update 7 (build 960)
Assembler:       Armasm.exe V5.06 update 7 (build 960)
Linker/Locator:  ArmLink.exe V5.06 update 7 (build 960)
Library Manager: ArmAr.exe V5.06 update 7 (build 960)
Hex Converter:   FromElf.exe V5.06 update 7 (build 960)
CPU DLL:         SARMCM3.DLL V5.36.0.0
Dialog DLL:      DCM.DLL V1.17.3.0
Target DLL:      CMSIS_AGDI.dll V1.33.0.0
Dialog DLL:      TCM.DLL V1.53.0.0
 
<h2>Project:</h2>
d:\Desktop\Desktop\CIMC\project\02_KEY_driver\project\CIMC_GD32_Template.uvprojx
Project File Date:  04/16/2026

<h2>Output:</h2>
*** Using Compiler 'V5.06 update 7 (build 960)', folder: 'D:\Keil\MDK\ARM\ARMCC\Bin'
Build target 'CIMC_GD32_Template'
compiling systick.c...
compiling main.c...
compiling key.c...
compiling LED.c...
compiling gd32h7xx_it.c...
compiling Function.c...
compiling system_gd32h7xx.c...
compiling gd32h7xx_adc.c...
compiling gd32h7xx_cau_tdes.c...
compiling gd32h7xx_cau_des.c...
compiling gd32h7xx_cau.c...
compiling gd32h7xx_cau_aes.c...
compiling gd32h7xx_can.c...
compiling gd32h7xx_cmp.c...
compiling gd32h7xx_cpdm.c...
compiling gd32h7xx_dci.c...
compiling gd32h7xx_dbg.c...
compiling gd32h7xx_crc.c...
compiling gd32h7xx_ctc.c...
compiling gd32h7xx_edout.c...
compiling gd32h7xx_dac.c...
compiling gd32h7xx_dma.c...
compiling gd32h7xx_efuse.c...
compiling gd32h7xx_gpio.c...
compiling gd32h7xx_exti.c...
compiling gd32h7xx_fwdgt.c...
compiling gd32h7xx_hau.c...
compiling gd32h7xx_exmc.c...
compiling gd32h7xx_fac.c...
compiling gd32h7xx_fmc.c...
compiling gd32h7xx_hau_sha_md5.c...
compiling gd32h7xx_hwsem.c...
compiling gd32h7xx_hpdf.c...
compiling gd32h7xx_lpdts.c...
compiling gd32h7xx_i2c.c...
compiling gd32h7xx_mdio.c...
compiling gd32h7xx_ipa.c...
compiling gd32h7xx_mdma.c...
compiling gd32h7xx_misc.c...
compiling gd32h7xx_ospim.c...
compiling gd32h7xx_ospi.c...
compiling gd32h7xx_pmu.c...
compiling gd32h7xx_rameccmu.c...
compiling gd32h7xx_rspdif.c...
compiling gd32h7xx_rcu.c...
compiling gd32h7xx_rtc.c...
compiling gd32h7xx_rtdec.c...
compiling gd32h7xx_sai.c...
compiling gd32h7xx_sdio.c...
compiling gd32h7xx_syscfg.c...
compiling gd32h7xx_spi.c...
compiling gd32h7xx_tli.c...
compiling gd32h7xx_timer.c...
compiling gd32h7xx_tmu.c...
assembling startup_gd32h7xx.s...
compiling gd32h7xx_trigsel.c...
compiling gd32h7xx_trng.c...
compiling gd32h7xx_vref.c...
compiling gd32h7xx_wwdgt.c...
compiling gd32h759i_eval.c...
compiling gd32h7xx_usart.c...
linking...
Program Size: Code=2016 RO-data=964 RW-data=8 ZI-data=4096  
".\Objects\CIMC_GD32_Template.axf" - 0 Error(s), 0 Warning(s).

<h2>Software Packages used:</h2>

Package Vendor: ARM
                http://www.keil.com/pack/ARM.CMSIS.5.8.0.pack
                ARM.CMSIS.5.8.0
                CMSIS (Common Microcontroller Software Interface Standard)
   * Component: CORE Version: 5.5.0

Package Vendor: GigaDevice
                https://gd32mcu.com/GigaDevice.GD32H7xx_DFP.1.4.0.pack
                GigaDevice.GD32H7xx_DFP.1.4.0
                GigaDevice GD32H7xx Series Device Support and Examples

<h2>Collection of Component include folders:</h2>
  .\RTE\_CIMC_GD32_Template
  D:\Keil\MDK\Arm\Packs\ARM\CMSIS\5.8.0\CMSIS\Core\Include
  D:\Keil\MDK\Arm\Packs\GigaDevice\GD32H7xx_DFP\1.4.0\Device\Include

<h2>Collection of Component Files used:</h2>

   * Component: ARM::CMSIS:CORE:5.5.0
Build Time Elapsed:  00:00:50
</pre>
</body>
</html>
