<!doctype html public "-//w3c//dtd html 4.0 transitional//en">
<html><head>
<title>Static Call Graph - [.\Objects\CIMC_GD32_Template.axf]</title></head>
<body><HR>
<H1>Static Call Graph for image .\Objects\CIMC_GD32_Template.axf</H1><HR>
<BR><P>#&#060CALLGRAPH&#062# ARM Linker, 5060960: Last Updated: Fri May 01 01:04:10 2026
<BR><P>
<H3>Maximum Stack Usage =        704 bytes + Unknown(Cycles, Untraceable Function Pointers)</H3><H3>
Call chain for Maximum Stack Depth:</H3>
led_task &rArr; lwip_stack_init &rArr; netif_add &rArr; netif_set_addr &rArr; netif_do_set_ipaddr &rArr; netif_do_ip_addr_changed &rArr; tcp_netif_ip_addr_changed &rArr; tcp_netif_ip_addr_changed_pcblist &rArr; tcp_abort &rArr; tcp_abandon &rArr; tcp_pcb_remove &rArr; tcp_output &rArr; tcp_send_empty_ack &rArr; tcp_output_control_segment &rArr; ip4_output_if &rArr; ip4_output_if_src &rArr; ip4_frag &rArr; pbuf_alloc &rArr; mem_malloc &rArr; sys_sem_signal &rArr; xQueueGenericSend &rArr; xTaskResumeAll &rArr; xTaskIncrementTick
<P>
<H3>
Mutually Recursive functions
</H3> <LI><a href="#[1c]">ADC0_1_IRQHandler</a>&nbsp;&nbsp;&nbsp;&rArr;&nbsp;&nbsp;&nbsp;<a href="#[1c]">ADC0_1_IRQHandler</a><BR>
 <LI><a href="#[4]">BusFault_Handler</a>&nbsp;&nbsp;&nbsp;&rArr;&nbsp;&nbsp;&nbsp;<a href="#[4]">BusFault_Handler</a><BR>
 <LI><a href="#[7]">DebugMon_Handler</a>&nbsp;&nbsp;&nbsp;&rArr;&nbsp;&nbsp;&nbsp;<a href="#[7]">DebugMon_Handler</a><BR>
 <LI><a href="#[51]">FPU_IRQHandler</a>&nbsp;&nbsp;&nbsp;&rArr;&nbsp;&nbsp;&nbsp;<a href="#[51]">FPU_IRQHandler</a><BR>
 <LI><a href="#[2]">HardFault_Handler</a>&nbsp;&nbsp;&nbsp;&rArr;&nbsp;&nbsp;&nbsp;<a href="#[2]">HardFault_Handler</a><BR>
 <LI><a href="#[3]">MemManage_Handler</a>&nbsp;&nbsp;&nbsp;&rArr;&nbsp;&nbsp;&nbsp;<a href="#[3]">MemManage_Handler</a><BR>
 <LI><a href="#[1]">NMI_Handler</a>&nbsp;&nbsp;&nbsp;&rArr;&nbsp;&nbsp;&nbsp;<a href="#[1]">NMI_Handler</a><BR>
 <LI><a href="#[5]">UsageFault_Handler</a>&nbsp;&nbsp;&nbsp;&rArr;&nbsp;&nbsp;&nbsp;<a href="#[5]">UsageFault_Handler</a><BR>
 <LI><a href="#[227]">lwip_sendto</a>&nbsp;&nbsp;&nbsp;&rArr;&nbsp;&nbsp;&nbsp;<a href="#[1af]">lwip_send</a><BR>
 <LI><a href="#[209]">netconn_drain</a>&nbsp;&nbsp;&nbsp;&rArr;&nbsp;&nbsp;&nbsp;<a href="#[209]">netconn_drain</a><BR>
</UL>
<P>
<H3>
Function Pointers
</H3><UL>
 <LI><a href="#[1c]">ADC0_1_IRQHandler</a> from startup_gd32h7xx.o(.text) referenced from startup_gd32h7xx.o(RESET)
 <LI><a href="#[6d]">ADC2_IRQHandler</a> from startup_gd32h7xx.o(.text) referenced from startup_gd32h7xx.o(RESET)
 <LI><a href="#[4]">BusFault_Handler</a> from gd32h7xx_it.o(i.BusFault_Handler) referenced from startup_gd32h7xx.o(RESET)
 <LI><a href="#[89]">CAN0_Busoff_IRQHandler</a> from startup_gd32h7xx.o(.text) referenced from startup_gd32h7xx.o(RESET)
 <LI><a href="#[8a]">CAN0_Error_IRQHandler</a> from startup_gd32h7xx.o(.text) referenced from startup_gd32h7xx.o(RESET)
 <LI><a href="#[8b]">CAN0_FastError_IRQHandler</a> from startup_gd32h7xx.o(.text) referenced from startup_gd32h7xx.o(RESET)
 <LI><a href="#[88]">CAN0_Message_IRQHandler</a> from startup_gd32h7xx.o(.text) referenced from startup_gd32h7xx.o(RESET)
 <LI><a href="#[8d]">CAN0_REC_IRQHandler</a> from startup_gd32h7xx.o(.text) referenced from startup_gd32h7xx.o(RESET)
 <LI><a href="#[8c]">CAN0_TEC_IRQHandler</a> from startup_gd32h7xx.o(.text) referenced from startup_gd32h7xx.o(RESET)
 <LI><a href="#[87]">CAN0_WKUP_IRQHandler</a> from startup_gd32h7xx.o(.text) referenced from startup_gd32h7xx.o(RESET)
 <LI><a href="#[90]">CAN1_Busoff_IRQHandler</a> from startup_gd32h7xx.o(.text) referenced from startup_gd32h7xx.o(RESET)
 <LI><a href="#[91]">CAN1_Error_IRQHandler</a> from startup_gd32h7xx.o(.text) referenced from startup_gd32h7xx.o(RESET)
 <LI><a href="#[92]">CAN1_FastError_IRQHandler</a> from startup_gd32h7xx.o(.text) referenced from startup_gd32h7xx.o(RESET)
 <LI><a href="#[8f]">CAN1_Message_IRQHandler</a> from startup_gd32h7xx.o(.text) referenced from startup_gd32h7xx.o(RESET)
 <LI><a href="#[94]">CAN1_REC_IRQHandler</a> from startup_gd32h7xx.o(.text) referenced from startup_gd32h7xx.o(RESET)
 <LI><a href="#[93]">CAN1_TEC_IRQHandler</a> from startup_gd32h7xx.o(.text) referenced from startup_gd32h7xx.o(RESET)
 <LI><a href="#[8e]">CAN1_WKUP_IRQHandler</a> from startup_gd32h7xx.o(.text) referenced from startup_gd32h7xx.o(RESET)
 <LI><a href="#[97]">CAN2_Busoff_IRQHandler</a> from startup_gd32h7xx.o(.text) referenced from startup_gd32h7xx.o(RESET)
 <LI><a href="#[98]">CAN2_Error_IRQHandler</a> from startup_gd32h7xx.o(.text) referenced from startup_gd32h7xx.o(RESET)
 <LI><a href="#[99]">CAN2_FastError_IRQHandler</a> from startup_gd32h7xx.o(.text) referenced from startup_gd32h7xx.o(RESET)
 <LI><a href="#[96]">CAN2_Message_IRQHandler</a> from can.o(i.CAN2_Message_IRQHandler) referenced from startup_gd32h7xx.o(RESET)
 <LI><a href="#[9b]">CAN2_REC_IRQHandler</a> from startup_gd32h7xx.o(.text) referenced from startup_gd32h7xx.o(RESET)
 <LI><a href="#[9a]">CAN2_TEC_IRQHandler</a> from startup_gd32h7xx.o(.text) referenced from startup_gd32h7xx.o(RESET)
 <LI><a href="#[95]">CAN2_WKUP_IRQHandler</a> from startup_gd32h7xx.o(.text) referenced from startup_gd32h7xx.o(RESET)
 <LI><a href="#[4f]">CAU_IRQHandler</a> from startup_gd32h7xx.o(.text) referenced from startup_gd32h7xx.o(RESET)
 <LI><a href="#[6e]">CMP0_1_IRQHandler</a> from startup_gd32h7xx.o(.text) referenced from startup_gd32h7xx.o(RESET)
 <LI><a href="#[6f]">CTC_IRQHandler</a> from startup_gd32h7xx.o(.text) referenced from startup_gd32h7xx.o(RESET)
 <LI><a href="#[4e]">DCI_IRQHandler</a> from startup_gd32h7xx.o(.text) referenced from startup_gd32h7xx.o(RESET)
 <LI><a href="#[15]">DMA0_Channel0_IRQHandler</a> from startup_gd32h7xx.o(.text) referenced from startup_gd32h7xx.o(RESET)
 <LI><a href="#[16]">DMA0_Channel1_IRQHandler</a> from startup_gd32h7xx.o(.text) referenced from startup_gd32h7xx.o(RESET)
 <LI><a href="#[17]">DMA0_Channel2_IRQHandler</a> from startup_gd32h7xx.o(.text) referenced from startup_gd32h7xx.o(RESET)
 <LI><a href="#[18]">DMA0_Channel3_IRQHandler</a> from startup_gd32h7xx.o(.text) referenced from startup_gd32h7xx.o(RESET)
 <LI><a href="#[19]">DMA0_Channel4_IRQHandler</a> from startup_gd32h7xx.o(.text) referenced from startup_gd32h7xx.o(RESET)
 <LI><a href="#[1a]">DMA0_Channel5_IRQHandler</a> from startup_gd32h7xx.o(.text) referenced from startup_gd32h7xx.o(RESET)
 <LI><a href="#[1b]">DMA0_Channel6_IRQHandler</a> from startup_gd32h7xx.o(.text) referenced from startup_gd32h7xx.o(RESET)
 <LI><a href="#[34]">DMA0_Channel7_IRQHandler</a> from startup_gd32h7xx.o(.text) referenced from startup_gd32h7xx.o(RESET)
 <LI><a href="#[3d]">DMA1_Channel0_IRQHandler</a> from startup_gd32h7xx.o(.text) referenced from startup_gd32h7xx.o(RESET)
 <LI><a href="#[3e]">DMA1_Channel1_IRQHandler</a> from startup_gd32h7xx.o(.text) referenced from startup_gd32h7xx.o(RESET)
 <LI><a href="#[3f]">DMA1_Channel2_IRQHandler</a> from startup_gd32h7xx.o(.text) referenced from startup_gd32h7xx.o(RESET)
 <LI><a href="#[40]">DMA1_Channel3_IRQHandler</a> from startup_gd32h7xx.o(.text) referenced from startup_gd32h7xx.o(RESET)
 <LI><a href="#[41]">DMA1_Channel4_IRQHandler</a> from startup_gd32h7xx.o(.text) referenced from startup_gd32h7xx.o(RESET)
 <LI><a href="#[44]">DMA1_Channel5_IRQHandler</a> from startup_gd32h7xx.o(.text) referenced from startup_gd32h7xx.o(RESET)
 <LI><a href="#[45]">DMA1_Channel6_IRQHandler</a> from startup_gd32h7xx.o(.text) referenced from startup_gd32h7xx.o(RESET)
 <LI><a href="#[46]">DMA1_Channel7_IRQHandler</a> from startup_gd32h7xx.o(.text) referenced from startup_gd32h7xx.o(RESET)
 <LI><a href="#[60]">DMAMUX_OVR_IRQHandler</a> from startup_gd32h7xx.o(.text) referenced from startup_gd32h7xx.o(RESET)
 <LI><a href="#[7]">DebugMon_Handler</a> from gd32h7xx_it.o(i.DebugMon_Handler) referenced from startup_gd32h7xx.o(RESET)
 <LI><a href="#[9c]">EFUSE_IRQHandler</a> from startup_gd32h7xx.o(.text) referenced from startup_gd32h7xx.o(RESET)
 <LI><a href="#[42]">ENET0_IRQHandler</a> from startup_gd32h7xx.o(.text) referenced from startup_gd32h7xx.o(RESET)
 <LI><a href="#[43]">ENET0_WKUP_IRQHandler</a> from startup_gd32h7xx.o(.text) referenced from startup_gd32h7xx.o(RESET)
 <LI><a href="#[85]">ENET1_IRQHandler</a> from gd32h7xx_it.o(i.ENET1_IRQHandler) referenced from startup_gd32h7xx.o(RESET)
 <LI><a href="#[86]">ENET1_WKUP_IRQHandler</a> from startup_gd32h7xx.o(.text) referenced from startup_gd32h7xx.o(RESET)
 <LI><a href="#[35]">EXMC_IRQHandler</a> from startup_gd32h7xx.o(.text) referenced from startup_gd32h7xx.o(RESET)
 <LI><a href="#[10]">EXTI0_IRQHandler</a> from startup_gd32h7xx.o(.text) referenced from startup_gd32h7xx.o(RESET)
 <LI><a href="#[2e]">EXTI10_15_IRQHandler</a> from startup_gd32h7xx.o(.text) referenced from startup_gd32h7xx.o(RESET)
 <LI><a href="#[11]">EXTI1_IRQHandler</a> from startup_gd32h7xx.o(.text) referenced from startup_gd32h7xx.o(RESET)
 <LI><a href="#[12]">EXTI2_IRQHandler</a> from startup_gd32h7xx.o(.text) referenced from startup_gd32h7xx.o(RESET)
 <LI><a href="#[13]">EXTI3_IRQHandler</a> from startup_gd32h7xx.o(.text) referenced from startup_gd32h7xx.o(RESET)
 <LI><a href="#[14]">EXTI4_IRQHandler</a> from startup_gd32h7xx.o(.text) referenced from startup_gd32h7xx.o(RESET)
 <LI><a href="#[1d]">EXTI5_9_IRQHandler</a> from startup_gd32h7xx.o(.text) referenced from startup_gd32h7xx.o(RESET)
 <LI><a href="#[74]">FAC_IRQHandler</a> from startup_gd32h7xx.o(.text) referenced from startup_gd32h7xx.o(RESET)
 <LI><a href="#[e]">FMC_IRQHandler</a> from startup_gd32h7xx.o(.text) referenced from startup_gd32h7xx.o(RESET)
 <LI><a href="#[51]">FPU_IRQHandler</a> from gd32h7xx_it.o(i.FPU_IRQHandler) referenced from startup_gd32h7xx.o(RESET)
 <LI><a href="#[50]">HAU_TRNG_IRQHandler</a> from startup_gd32h7xx.o(.text) referenced from startup_gd32h7xx.o(RESET)
 <LI><a href="#[61]">HPDF_INT0_IRQHandler</a> from startup_gd32h7xx.o(.text) referenced from startup_gd32h7xx.o(RESET)
 <LI><a href="#[62]">HPDF_INT1_IRQHandler</a> from startup_gd32h7xx.o(.text) referenced from startup_gd32h7xx.o(RESET)
 <LI><a href="#[63]">HPDF_INT2_IRQHandler</a> from startup_gd32h7xx.o(.text) referenced from startup_gd32h7xx.o(RESET)
 <LI><a href="#[64]">HPDF_INT3_IRQHandler</a> from startup_gd32h7xx.o(.text) referenced from startup_gd32h7xx.o(RESET)
 <LI><a href="#[6c]">HWSEM_IRQHandler</a> from startup_gd32h7xx.o(.text) referenced from startup_gd32h7xx.o(RESET)
 <LI><a href="#[2]">HardFault_Handler</a> from gd32h7xx_it.o(i.HardFault_Handler) referenced from startup_gd32h7xx.o(RESET)
 <LI><a href="#[26]">I2C0_ER_IRQHandler</a> from startup_gd32h7xx.o(.text) referenced from startup_gd32h7xx.o(RESET)
 <LI><a href="#[25]">I2C0_EV_IRQHandler</a> from startup_gd32h7xx.o(.text) referenced from startup_gd32h7xx.o(RESET)
 <LI><a href="#[9d]">I2C0_WKUP_IRQHandler</a> from startup_gd32h7xx.o(.text) referenced from startup_gd32h7xx.o(RESET)
 <LI><a href="#[28]">I2C1_ER_IRQHandler</a> from startup_gd32h7xx.o(.text) referenced from startup_gd32h7xx.o(RESET)
 <LI><a href="#[27]">I2C1_EV_IRQHandler</a> from startup_gd32h7xx.o(.text) referenced from startup_gd32h7xx.o(RESET)
 <LI><a href="#[9e]">I2C1_WKUP_IRQHandler</a> from startup_gd32h7xx.o(.text) referenced from startup_gd32h7xx.o(RESET)
 <LI><a href="#[49]">I2C2_ER_IRQHandler</a> from startup_gd32h7xx.o(.text) referenced from startup_gd32h7xx.o(RESET)
 <LI><a href="#[48]">I2C2_EV_IRQHandler</a> from startup_gd32h7xx.o(.text) referenced from startup_gd32h7xx.o(RESET)
 <LI><a href="#[9f]">I2C2_WKUP_IRQHandler</a> from startup_gd32h7xx.o(.text) referenced from startup_gd32h7xx.o(RESET)
 <LI><a href="#[5e]">I2C3_ER_IRQHandler</a> from startup_gd32h7xx.o(.text) referenced from startup_gd32h7xx.o(RESET)
 <LI><a href="#[5d]">I2C3_EV_IRQHandler</a> from startup_gd32h7xx.o(.text) referenced from startup_gd32h7xx.o(RESET)
 <LI><a href="#[a0]">I2C3_WKUP_IRQHandler</a> from startup_gd32h7xx.o(.text) referenced from startup_gd32h7xx.o(RESET)
 <LI><a href="#[5a]">IPA_IRQHandler</a> from startup_gd32h7xx.o(.text) referenced from startup_gd32h7xx.o(RESET)
 <LI><a href="#[a1]">LPDTS_IRQHandler</a> from startup_gd32h7xx.o(.text) referenced from startup_gd32h7xx.o(RESET)
 <LI><a href="#[a2]">LPDTS_WKUP_IRQHandler</a> from startup_gd32h7xx.o(.text) referenced from startup_gd32h7xx.o(RESET)
 <LI><a href="#[69]">MDIO_IRQHandler</a> from startup_gd32h7xx.o(.text) referenced from startup_gd32h7xx.o(RESET)
 <LI><a href="#[6a]">MDMA_IRQHandler</a> from startup_gd32h7xx.o(.text) referenced from startup_gd32h7xx.o(RESET)
 <LI><a href="#[3]">MemManage_Handler</a> from gd32h7xx_it.o(i.MemManage_Handler) referenced from startup_gd32h7xx.o(RESET)
 <LI><a href="#[1]">NMI_Handler</a> from gd32h7xx_it.o(i.NMI_Handler) referenced from startup_gd32h7xx.o(RESET)
 <LI><a href="#[5c]">OSPI0_IRQHandler</a> from startup_gd32h7xx.o(.text) referenced from startup_gd32h7xx.o(RESET)
 <LI><a href="#[71]">OSPI1_IRQHandler</a> from startup_gd32h7xx.o(.text) referenced from startup_gd32h7xx.o(RESET)
 <LI><a href="#[8]">PendSV_Handler</a> from port.o(.emb_text) referenced from startup_gd32h7xx.o(RESET)
 <LI><a href="#[70]">RAMECCMU_IRQHandler</a> from startup_gd32h7xx.o(.text) referenced from startup_gd32h7xx.o(RESET)
 <LI><a href="#[f]">RCU_IRQHandler</a> from startup_gd32h7xx.o(.text) referenced from startup_gd32h7xx.o(RESET)
 <LI><a href="#[5f]">RSPDIF_IRQHandler</a> from startup_gd32h7xx.o(.text) referenced from startup_gd32h7xx.o(RESET)
 <LI><a href="#[2f]">RTC_Alarm_IRQHandler</a> from startup_gd32h7xx.o(.text) referenced from startup_gd32h7xx.o(RESET)
 <LI><a href="#[d]">RTC_WKUP_IRQHandler</a> from startup_gd32h7xx.o(.text) referenced from startup_gd32h7xx.o(RESET)
 <LI><a href="#[72]">RTDEC0_IRQHandler</a> from startup_gd32h7xx.o(.text) referenced from startup_gd32h7xx.o(RESET)
 <LI><a href="#[73]">RTDEC1_IRQHandler</a> from startup_gd32h7xx.o(.text) referenced from startup_gd32h7xx.o(RESET)
 <LI><a href="#[0]">Reset_Handler</a> from startup_gd32h7xx.o(.text) referenced from startup_gd32h7xx.o(RESET)
 <LI><a href="#[57]">SAI0_IRQHandler</a> from startup_gd32h7xx.o(.text) referenced from startup_gd32h7xx.o(RESET)
 <LI><a href="#[5b]">SAI1_IRQHandler</a> from startup_gd32h7xx.o(.text) referenced from startup_gd32h7xx.o(RESET)
 <LI><a href="#[65]">SAI2_IRQHandler</a> from startup_gd32h7xx.o(.text) referenced from startup_gd32h7xx.o(RESET)
 <LI><a href="#[36]">SDIO0_IRQHandler</a> from startup_gd32h7xx.o(.text) referenced from startup_gd32h7xx.o(RESET)
 <LI><a href="#[6b]">SDIO1_IRQHandler</a> from startup_gd32h7xx.o(.text) referenced from startup_gd32h7xx.o(RESET)
 <LI><a href="#[29]">SPI0_IRQHandler</a> from startup_gd32h7xx.o(.text) referenced from startup_gd32h7xx.o(RESET)
 <LI><a href="#[2a]">SPI1_IRQHandler</a> from startup_gd32h7xx.o(.text) referenced from startup_gd32h7xx.o(RESET)
 <LI><a href="#[38]">SPI2_IRQHandler</a> from startup_gd32h7xx.o(.text) referenced from startup_gd32h7xx.o(RESET)
 <LI><a href="#[54]">SPI3_IRQHandler</a> from startup_gd32h7xx.o(.text) referenced from startup_gd32h7xx.o(RESET)
 <LI><a href="#[55]">SPI4_IRQHandler</a> from startup_gd32h7xx.o(.text) referenced from startup_gd32h7xx.o(RESET)
 <LI><a href="#[56]">SPI5_IRQHandler</a> from startup_gd32h7xx.o(.text) referenced from startup_gd32h7xx.o(RESET)
 <LI><a href="#[6]">SVC_Handler</a> from port.o(.emb_text) referenced from startup_gd32h7xx.o(RESET)
 <LI><a href="#[9]">SysTick_Handler</a> from port.o(i.SysTick_Handler) referenced from startup_gd32h7xx.o(RESET)
 <LI><a href="#[ae]">SystemInit</a> from system_gd32h7xx.o(i.SystemInit) referenced from startup_gd32h7xx.o(.text)
 <LI><a href="#[c]">TAMPER_STAMP_LXTAL_IRQHandler</a> from startup_gd32h7xx.o(.text) referenced from startup_gd32h7xx.o(RESET)
 <LI><a href="#[1e]">TIMER0_BRK_IRQHandler</a> from startup_gd32h7xx.o(.text) referenced from startup_gd32h7xx.o(RESET)
 <LI><a href="#[21]">TIMER0_Channel_IRQHandler</a> from startup_gd32h7xx.o(.text) referenced from startup_gd32h7xx.o(RESET)
 <LI><a href="#[a3]">TIMER0_DEC_IRQHandler</a> from startup_gd32h7xx.o(.text) referenced from startup_gd32h7xx.o(RESET)
 <LI><a href="#[20]">TIMER0_TRG_CMT_IRQHandler</a> from startup_gd32h7xx.o(.text) referenced from startup_gd32h7xx.o(RESET)
 <LI><a href="#[1f]">TIMER0_UP_IRQHandler</a> from startup_gd32h7xx.o(.text) referenced from startup_gd32h7xx.o(RESET)
 <LI><a href="#[66]">TIMER14_IRQHandler</a> from startup_gd32h7xx.o(.text) referenced from startup_gd32h7xx.o(RESET)
 <LI><a href="#[67]">TIMER15_IRQHandler</a> from startup_gd32h7xx.o(.text) referenced from startup_gd32h7xx.o(RESET)
 <LI><a href="#[68]">TIMER16_IRQHandler</a> from startup_gd32h7xx.o(.text) referenced from startup_gd32h7xx.o(RESET)
 <LI><a href="#[a5]">TIMER1_DEC_IRQHandler</a> from startup_gd32h7xx.o(.text) referenced from startup_gd32h7xx.o(RESET)
 <LI><a href="#[22]">TIMER1_IRQHandler</a> from startup_gd32h7xx.o(.text) referenced from startup_gd32h7xx.o(RESET)
 <LI><a href="#[a9]">TIMER22_DEC_IRQHandler</a> from startup_gd32h7xx.o(.text) referenced from startup_gd32h7xx.o(RESET)
 <LI><a href="#[76]">TIMER22_IRQHandler</a> from startup_gd32h7xx.o(.text) referenced from startup_gd32h7xx.o(RESET)
 <LI><a href="#[aa]">TIMER23_DEC_IRQHandler</a> from startup_gd32h7xx.o(.text) referenced from startup_gd32h7xx.o(RESET)
 <LI><a href="#[77]">TIMER23_IRQHandler</a> from startup_gd32h7xx.o(.text) referenced from startup_gd32h7xx.o(RESET)
 <LI><a href="#[a6]">TIMER2_DEC_IRQHandler</a> from startup_gd32h7xx.o(.text) referenced from startup_gd32h7xx.o(RESET)
 <LI><a href="#[23]">TIMER2_IRQHandler</a> from startup_gd32h7xx.o(.text) referenced from startup_gd32h7xx.o(RESET)
 <LI><a href="#[ab]">TIMER30_DEC_IRQHandler</a> from startup_gd32h7xx.o(.text) referenced from startup_gd32h7xx.o(RESET)
 <LI><a href="#[78]">TIMER30_IRQHandler</a> from startup_gd32h7xx.o(.text) referenced from startup_gd32h7xx.o(RESET)
 <LI><a href="#[ac]">TIMER31_DEC_IRQHandler</a> from startup_gd32h7xx.o(.text) referenced from startup_gd32h7xx.o(RESET)
 <LI><a href="#[79]">TIMER31_IRQHandler</a> from startup_gd32h7xx.o(.text) referenced from startup_gd32h7xx.o(RESET)
 <LI><a href="#[a7]">TIMER3_DEC_IRQHandler</a> from startup_gd32h7xx.o(.text) referenced from startup_gd32h7xx.o(RESET)
 <LI><a href="#[24]">TIMER3_IRQHandler</a> from startup_gd32h7xx.o(.text) referenced from startup_gd32h7xx.o(RESET)
 <LI><a href="#[7a]">TIMER40_IRQHandler</a> from startup_gd32h7xx.o(.text) referenced from startup_gd32h7xx.o(RESET)
 <LI><a href="#[7b]">TIMER41_IRQHandler</a> from startup_gd32h7xx.o(.text) referenced from startup_gd32h7xx.o(RESET)
 <LI><a href="#[7c]">TIMER42_IRQHandler</a> from startup_gd32h7xx.o(.text) referenced from startup_gd32h7xx.o(RESET)
 <LI><a href="#[7d]">TIMER43_IRQHandler</a> from startup_gd32h7xx.o(.text) referenced from startup_gd32h7xx.o(RESET)
 <LI><a href="#[7e]">TIMER44_IRQHandler</a> from startup_gd32h7xx.o(.text) referenced from startup_gd32h7xx.o(RESET)
 <LI><a href="#[a8]">TIMER4_DEC_IRQHandler</a> from startup_gd32h7xx.o(.text) referenced from startup_gd32h7xx.o(RESET)
 <LI><a href="#[37]">TIMER4_IRQHandler</a> from startup_gd32h7xx.o(.text) referenced from startup_gd32h7xx.o(RESET)
 <LI><a href="#[7f]">TIMER50_IRQHandler</a> from startup_gd32h7xx.o(.text) referenced from startup_gd32h7xx.o(RESET)
 <LI><a href="#[80]">TIMER51_IRQHandler</a> from startup_gd32h7xx.o(.text) referenced from startup_gd32h7xx.o(RESET)
 <LI><a href="#[3b]">TIMER5_DAC_UDR_IRQHandler</a> from startup_gd32h7xx.o(.text) referenced from startup_gd32h7xx.o(RESET)
 <LI><a href="#[3c]">TIMER6_IRQHandler</a> from startup_gd32h7xx.o(.text) referenced from startup_gd32h7xx.o(RESET)
 <LI><a href="#[30]">TIMER7_BRK_IRQHandler</a> from startup_gd32h7xx.o(.text) referenced from startup_gd32h7xx.o(RESET)
 <LI><a href="#[33]">TIMER7_Channel_IRQHandler</a> from startup_gd32h7xx.o(.text) referenced from startup_gd32h7xx.o(RESET)
 <LI><a href="#[a4]">TIMER7_DEC_IRQHandler</a> from startup_gd32h7xx.o(.text) referenced from startup_gd32h7xx.o(RESET)
 <LI><a href="#[32]">TIMER7_TRG_CMT_IRQHandler</a> from startup_gd32h7xx.o(.text) referenced from startup_gd32h7xx.o(RESET)
 <LI><a href="#[31]">TIMER7_UP_IRQHandler</a> from startup_gd32h7xx.o(.text) referenced from startup_gd32h7xx.o(RESET)
 <LI><a href="#[59]">TLI_ER_IRQHandler</a> from startup_gd32h7xx.o(.text) referenced from startup_gd32h7xx.o(RESET)
 <LI><a href="#[58]">TLI_IRQHandler</a> from startup_gd32h7xx.o(.text) referenced from startup_gd32h7xx.o(RESET)
 <LI><a href="#[75]">TMU_IRQHandler</a> from startup_gd32h7xx.o(.text) referenced from startup_gd32h7xx.o(RESET)
 <LI><a href="#[39]">UART3_IRQHandler</a> from startup_gd32h7xx.o(.text) referenced from startup_gd32h7xx.o(RESET)
 <LI><a href="#[3a]">UART4_IRQHandler</a> from startup_gd32h7xx.o(.text) referenced from startup_gd32h7xx.o(RESET)
 <LI><a href="#[52]">UART6_IRQHandler</a> from startup_gd32h7xx.o(.text) referenced from startup_gd32h7xx.o(RESET)
 <LI><a href="#[53]">UART7_IRQHandler</a> from startup_gd32h7xx.o(.text) referenced from startup_gd32h7xx.o(RESET)
 <LI><a href="#[2b]">USART0_IRQHandler</a> from startup_gd32h7xx.o(.text) referenced from startup_gd32h7xx.o(RESET)
 <LI><a href="#[2c]">USART1_IRQHandler</a> from usart485_232.o(i.USART1_IRQHandler) referenced from startup_gd32h7xx.o(RESET)
 <LI><a href="#[2d]">USART2_IRQHandler</a> from startup_gd32h7xx.o(.text) referenced from startup_gd32h7xx.o(RESET)
 <LI><a href="#[47]">USART5_IRQHandler</a> from startup_gd32h7xx.o(.text) referenced from startup_gd32h7xx.o(RESET)
 <LI><a href="#[4b]">USBHS0_EP1_IN_IRQHandler</a> from startup_gd32h7xx.o(.text) referenced from startup_gd32h7xx.o(RESET)
 <LI><a href="#[4a]">USBHS0_EP1_OUT_IRQHandler</a> from startup_gd32h7xx.o(.text) referenced from startup_gd32h7xx.o(RESET)
 <LI><a href="#[4d]">USBHS0_IRQHandler</a> from startup_gd32h7xx.o(.text) referenced from startup_gd32h7xx.o(RESET)
 <LI><a href="#[4c]">USBHS0_WKUP_IRQHandler</a> from startup_gd32h7xx.o(.text) referenced from startup_gd32h7xx.o(RESET)
 <LI><a href="#[82]">USBHS1_EP1_IN_IRQHandler</a> from startup_gd32h7xx.o(.text) referenced from startup_gd32h7xx.o(RESET)
 <LI><a href="#[81]">USBHS1_EP1_OUT_IRQHandler</a> from startup_gd32h7xx.o(.text) referenced from startup_gd32h7xx.o(RESET)
 <LI><a href="#[84]">USBHS1_IRQHandler</a> from startup_gd32h7xx.o(.text) referenced from startup_gd32h7xx.o(RESET)
 <LI><a href="#[83]">USBHS1_WKUP_IRQHandler</a> from startup_gd32h7xx.o(.text) referenced from startup_gd32h7xx.o(RESET)
 <LI><a href="#[5]">UsageFault_Handler</a> from gd32h7xx_it.o(i.UsageFault_Handler) referenced from startup_gd32h7xx.o(RESET)
 <LI><a href="#[b]">VAVD_LVD_VOVD_IRQHandler</a> from startup_gd32h7xx.o(.text) referenced from startup_gd32h7xx.o(RESET)
 <LI><a href="#[a]">WWDGT_IRQHandler</a> from startup_gd32h7xx.o(.text) referenced from startup_gd32h7xx.o(RESET)
 <LI><a href="#[af]">__main</a> from entry.o(.ARM.Collect$$$$00000000) referenced from startup_gd32h7xx.o(.text)
 <LI><a href="#[b1]">_sputc</a> from printf8.o(i._sputc) referenced from printf8.o(i.__0sprintf$8)
 <LI><a href="#[bc]">accept_function</a> from api_msg.o(i.accept_function) referenced from api_msg.o(i.lwip_netconn_do_listen)
 <LI><a href="#[e0]">dhcp_coarse_tmr</a> from dhcp.o(i.dhcp_coarse_tmr) referenced from timeouts.o(.constdata)
 <LI><a href="#[e1]">dhcp_fine_tmr</a> from dhcp.o(i.dhcp_fine_tmr) referenced from timeouts.o(.constdata)
 <LI><a href="#[b2]">dhcp_recv</a> from dhcp.o(i.dhcp_recv) referenced from dhcp.o(i.dhcp_inc_pcb_refcount)
 <LI><a href="#[ba]">err_tcp</a> from api_msg.o(i.err_tcp) referenced from api_msg.o(i.lwip_netconn_do_close_internal)
 <LI><a href="#[ba]">err_tcp</a> from api_msg.o(i.err_tcp) referenced from api_msg.o(i.setup_tcp)
 <LI><a href="#[b3]">etharp_output</a> from etharp.o(i.etharp_output) referenced from ethernetif.o(i.ethernetif_init)
 <LI><a href="#[df]">etharp_tmr</a> from etharp.o(i.etharp_tmr) referenced from timeouts.o(.constdata)
 <LI><a href="#[d9]">ethernet_input</a> from ethernet.o(i.ethernet_input) referenced from tcpip.o(i.tcpip_input)
 <LI><a href="#[bf]">ethernetif_init</a> from ethernetif.o(i.ethernetif_init) referenced from netconf.o(i.lwip_stack_init)
 <LI><a href="#[b6]">ethernetif_input</a> from ethernetif.o(i.ethernetif_input) referenced from ethernetif.o(i.low_level_init)
 <LI><a href="#[bd]">event_callback</a> from sockets.o(i.event_callback) referenced from sockets.o(i.lwip_socket)
 <LI><a href="#[b0]">fputc</a> from usart.o(i.fputc) referenced from printf8.o(i.__0printf$8)
 <LI><a href="#[c3]">hello_task</a> from tcp_server.o(i.hello_task) referenced from tcp_server.o(i.my_tcp_server_init)
 <LI><a href="#[da]">ip4_input</a> from ip4.o(i.ip4_input) referenced from tcpip.o(i.tcpip_input)
 <LI><a href="#[de]">ip_reass_tmr</a> from ip4_frag.o(i.ip_reass_tmr) referenced from timeouts.o(.constdata)
 <LI><a href="#[b5]">ipfrag_free_pbuf_custom</a> from ip4_frag.o(i.ipfrag_free_pbuf_custom) referenced from ip4_frag.o(i.ip4_frag)
 <LI><a href="#[d4]">led_task</a> from app_main.o(i.led_task) referenced from app_main.o(i.task_init)
 <LI><a href="#[b4]">low_level_output</a> from ethernetif.o(i.low_level_output) referenced from ethernetif.o(i.ethernetif_init)
 <LI><a href="#[b7]">lwip_cyclic_timer</a> from timeouts.o(i.lwip_cyclic_timer) referenced from timeouts.o(i.lwip_cyclic_timer)
 <LI><a href="#[b7]">lwip_cyclic_timer</a> from timeouts.o(i.lwip_cyclic_timer) referenced from timeouts.o(i.sys_timeouts_init)
 <LI><a href="#[c5]">lwip_netconn_do_bind</a> from api_msg.o(i.lwip_netconn_do_bind) referenced from api_lib.o(i.netconn_bind)
 <LI><a href="#[c6]">lwip_netconn_do_close</a> from api_msg.o(i.lwip_netconn_do_close) referenced from api_lib.o(i.netconn_close_shutdown)
 <LI><a href="#[c7]">lwip_netconn_do_connect</a> from api_msg.o(i.lwip_netconn_do_connect) referenced from api_lib.o(i.netconn_connect)
 <LI><a href="#[bb]">lwip_netconn_do_connected</a> from api_msg.o(i.lwip_netconn_do_connected) referenced from api_msg.o(i.lwip_netconn_do_connect)
 <LI><a href="#[cc]">lwip_netconn_do_delconn</a> from api_msg.o(i.lwip_netconn_do_delconn) referenced from api_lib.o(i.netconn_prepare_delete)
 <LI><a href="#[c8]">lwip_netconn_do_disconnect</a> from api_msg.o(i.lwip_netconn_do_disconnect) referenced from api_lib.o(i.netconn_disconnect)
 <LI><a href="#[c9]">lwip_netconn_do_getaddr</a> from api_msg.o(i.lwip_netconn_do_getaddr) referenced from api_lib.o(i.netconn_getaddr)
 <LI><a href="#[ca]">lwip_netconn_do_listen</a> from api_msg.o(i.lwip_netconn_do_listen) referenced from api_lib.o(i.netconn_listen_with_backlog)
 <LI><a href="#[cb]">lwip_netconn_do_newconn</a> from api_msg.o(i.lwip_netconn_do_newconn) referenced from api_lib.o(i.netconn_new_with_proto_and_callback)
 <LI><a href="#[ce]">lwip_netconn_do_recv</a> from api_msg.o(i.lwip_netconn_do_recv) referenced from api_lib.o(i.netconn_tcp_recvd_msg)
 <LI><a href="#[cd]">lwip_netconn_do_send</a> from api_msg.o(i.lwip_netconn_do_send) referenced from api_lib.o(i.netconn_send)
 <LI><a href="#[cf]">lwip_netconn_do_write</a> from api_msg.o(i.lwip_netconn_do_write) referenced from api_lib.o(i.netconn_write_vectors_partly)
 <LI><a href="#[c0]">lwip_netif_status_callback</a> from app_main.o(i.lwip_netif_status_callback) referenced from netconf.o(i.lwip_stack_init)
 <LI><a href="#[ad]">main</a> from main.o(i.main) referenced from entry9a.o(.ARM.Collect$$$$0000000B)
 <LI><a href="#[d0]">netif_null_output_ip4</a> from netif.o(i.netif_null_output_ip4) referenced from netif.o(i.netif_add)
 <LI><a href="#[b9]">poll_tcp</a> from api_msg.o(i.poll_tcp) referenced from api_msg.o(i.lwip_netconn_do_close_internal)
 <LI><a href="#[b9]">poll_tcp</a> from api_msg.o(i.poll_tcp) referenced from api_msg.o(i.setup_tcp)
 <LI><a href="#[db]">prvIdleTask</a> from tasks.o(i.prvIdleTask) referenced from tasks.o(i.vTaskStartScheduler)
 <LI><a href="#[d2]">prvTaskExitError</a> from port.o(i.prvTaskExitError) referenced from port.o(i.pxPortInitialiseStack)
 <LI><a href="#[dc]">prvTimerTask</a> from timers.o(i.prvTimerTask) referenced from timers.o(i.xTimerCreateTimerTask)
 <LI><a href="#[d3]">recv_tcp</a> from api_msg.o(i.recv_tcp) referenced from api_msg.o(i.setup_tcp)
 <LI><a href="#[d1]">recv_udp</a> from api_msg.o(i.recv_udp) referenced from api_msg.o(i.pcb_new)
 <LI><a href="#[b8]">sent_tcp</a> from api_msg.o(i.sent_tcp) referenced from api_msg.o(i.lwip_netconn_do_close_internal)
 <LI><a href="#[b8]">sent_tcp</a> from api_msg.o(i.sent_tcp) referenced from api_msg.o(i.setup_tcp)
 <LI><a href="#[c1]">task_init</a> from app_main.o(i.task_init) referenced from app_main.o(i.my_app_main_init)
 <LI><a href="#[d6]">tcp_accept_null</a> from tcp.o(i.tcp_accept_null) referenced from tcp.o(i.tcp_listen_with_backlog_and_err)
 <LI><a href="#[c2]">tcp_client_task</a> from tcp_client.o(i.tcp_client_task) referenced from tcp_client.o(i.my_tcp_client_init)
 <LI><a href="#[d5]">tcp_recv_null</a> from tcp.o(i.tcp_recv_null) referenced from tcp.o(i.tcp_alloc)
 <LI><a href="#[dd]">tcp_tmr</a> from tcp.o(i.tcp_tmr) referenced from timeouts.o(.constdata)
 <LI><a href="#[be]">tcpip_input</a> from tcpip.o(i.tcpip_input) referenced from netconf.o(i.lwip_stack_init)
 <LI><a href="#[d7]">tcpip_tcp_timer</a> from timeouts.o(i.tcpip_tcp_timer) referenced from timeouts.o(i.tcp_timer_needed)
 <LI><a href="#[d7]">tcpip_tcp_timer</a> from timeouts.o(i.tcpip_tcp_timer) referenced from timeouts.o(i.tcpip_tcp_timer)
 <LI><a href="#[d8]">tcpip_thread</a> from tcpip.o(i.tcpip_thread) referenced from tcpip.o(i.tcpip_init)
 <LI><a href="#[c4]">udp_task</a> from udp_tmp.o(i.udp_task) referenced from udp_tmp.o(i.my_udp_init)
</UL>
<P>
<H3>
Global Symbols
</H3>
<P><STRONG><a name="[af]"></a>__main</STRONG> (Thumb, 0 bytes, Stack size unknown bytes, entry.o(.ARM.Collect$$$$00000000))
<BR>[Address Reference Count : 1]<UL><LI> startup_gd32h7xx.o(.text)
</UL>
<P><STRONG><a name="[31f]"></a>_main_stk</STRONG> (Thumb, 0 bytes, Stack size unknown bytes, entry2.o(.ARM.Collect$$$$00000001))

<P><STRONG><a name="[e2]"></a>_main_scatterload</STRONG> (Thumb, 0 bytes, Stack size unknown bytes, entry5.o(.ARM.Collect$$$$00000004))
<BR><BR>[Calls]<UL><LI><a href="#[e3]">&gt;&gt;</a>&nbsp;&nbsp;&nbsp;__scatterload
</UL>

<P><STRONG><a name="[eb]"></a>__main_after_scatterload</STRONG> (Thumb, 0 bytes, Stack size unknown bytes, entry5.o(.ARM.Collect$$$$00000004))
<BR><BR>[Called By]<UL><LI><a href="#[e3]">&gt;&gt;</a>&nbsp;&nbsp;&nbsp;__scatterload
</UL>

<P><STRONG><a name="[320]"></a>_main_clock</STRONG> (Thumb, 0 bytes, Stack size unknown bytes, entry7b.o(.ARM.Collect$$$$00000008))

<P><STRONG><a name="[321]"></a>_main_cpp_init</STRONG> (Thumb, 0 bytes, Stack size unknown bytes, entry8b.o(.ARM.Collect$$$$0000000A))

<P><STRONG><a name="[322]"></a>_main_init</STRONG> (Thumb, 0 bytes, Stack size unknown bytes, entry9a.o(.ARM.Collect$$$$0000000B))

<P><STRONG><a name="[323]"></a>__rt_lib_shutdown_fini</STRONG> (Thumb, 0 bytes, Stack size unknown bytes, entry12b.o(.ARM.Collect$$$$0000000E))

<P><STRONG><a name="[324]"></a>__rt_final_cpp</STRONG> (Thumb, 0 bytes, Stack size unknown bytes, entry10a.o(.ARM.Collect$$$$0000000F))

<P><STRONG><a name="[325]"></a>__rt_final_exit</STRONG> (Thumb, 0 bytes, Stack size unknown bytes, entry11a.o(.ARM.Collect$$$$00000011))

<P><STRONG><a name="[6]"></a>SVC_Handler</STRONG> (Thumb, 28 bytes, Stack size 0 bytes, port.o(.emb_text))
<BR>[Address Reference Count : 1]<UL><LI> startup_gd32h7xx.o(RESET)
</UL>
<P><STRONG><a name="[317]"></a>__asm___6_port_c_39a90d8d__prvStartFirstTask</STRONG> (Thumb, 36 bytes, Stack size 0 bytes, port.o(.emb_text))
<BR><BR>[Called By]<UL><LI><a href="#[314]">&gt;&gt;</a>&nbsp;&nbsp;&nbsp;xPortStartScheduler
</UL>

<P><STRONG><a name="[316]"></a>__asm___6_port_c_39a90d8d__prvEnableVFP</STRONG> (Thumb, 16 bytes, Stack size 0 bytes, port.o(.emb_text))
<BR><BR>[Called By]<UL><LI><a href="#[314]">&gt;&gt;</a>&nbsp;&nbsp;&nbsp;xPortStartScheduler
</UL>

<P><STRONG><a name="[8]"></a>PendSV_Handler</STRONG> (Thumb, 88 bytes, Stack size 0 bytes, port.o(.emb_text))
<BR><BR>[Calls]<UL><LI><a href="#[e4]">&gt;&gt;</a>&nbsp;&nbsp;&nbsp;vTaskSwitchContext
</UL>
<BR>[Address Reference Count : 1]<UL><LI> startup_gd32h7xx.o(RESET)
</UL>
<P><STRONG><a name="[30d]"></a>vPortGetIPSR</STRONG> (Thumb, 6 bytes, Stack size 0 bytes, port.o(.emb_text))
<BR><BR>[Called By]<UL><LI><a href="#[30c]">&gt;&gt;</a>&nbsp;&nbsp;&nbsp;vPortValidateInterruptPriority
</UL>

<P><STRONG><a name="[0]"></a>Reset_Handler</STRONG> (Thumb, 26 bytes, Stack size 0 bytes, startup_gd32h7xx.o(.text))
<BR>[Address Reference Count : 1]<UL><LI> startup_gd32h7xx.o(RESET)
</UL>
<P><STRONG><a name="[1c]"></a>ADC0_1_IRQHandler</STRONG> (Thumb, 0 bytes, Stack size 0 bytes, startup_gd32h7xx.o(.text))
<BR><BR>[Calls]<UL><LI><a href="#[1c]">&gt;&gt;</a>&nbsp;&nbsp;&nbsp;ADC0_1_IRQHandler
</UL>
<BR>[Called By]<UL><LI><a href="#[1c]">&gt;&gt;</a>&nbsp;&nbsp;&nbsp;ADC0_1_IRQHandler
</UL>
<BR>[Address Reference Count : 1]<UL><LI> startup_gd32h7xx.o(RESET)
</UL>
<P><STRONG><a name="[6d]"></a>ADC2_IRQHandler</STRONG> (Thumb, 0 bytes, Stack size 0 bytes, startup_gd32h7xx.o(.text))
<BR>[Address Reference Count : 1]<UL><LI> startup_gd32h7xx.o(RESET)
</UL>
<P><STRONG><a name="[89]"></a>CAN0_Busoff_IRQHandler</STRONG> (Thumb, 0 bytes, Stack size 0 bytes, startup_gd32h7xx.o(.text))
<BR>[Address Reference Count : 1]<UL><LI> startup_gd32h7xx.o(RESET)
</UL>
<P><STRONG><a name="[8a]"></a>CAN0_Error_IRQHandler</STRONG> (Thumb, 0 bytes, Stack size 0 bytes, startup_gd32h7xx.o(.text))
<BR>[Address Reference Count : 1]<UL><LI> startup_gd32h7xx.o(RESET)
</UL>
<P><STRONG><a name="[8b]"></a>CAN0_FastError_IRQHandler</STRONG> (Thumb, 0 bytes, Stack size 0 bytes, startup_gd32h7xx.o(.text))
<BR>[Address Reference Count : 1]<UL><LI> startup_gd32h7xx.o(RESET)
</UL>
<P><STRONG><a name="[88]"></a>CAN0_Message_IRQHandler</STRONG> (Thumb, 0 bytes, Stack size 0 bytes, startup_gd32h7xx.o(.text))
<BR>[Address Reference Count : 1]<UL><LI> startup_gd32h7xx.o(RESET)
</UL>
<P><STRONG><a name="[8d]"></a>CAN0_REC_IRQHandler</STRONG> (Thumb, 0 bytes, Stack size 0 bytes, startup_gd32h7xx.o(.text))
<BR>[Address Reference Count : 1]<UL><LI> startup_gd32h7xx.o(RESET)
</UL>
<P><STRONG><a name="[8c]"></a>CAN0_TEC_IRQHandler</STRONG> (Thumb, 0 bytes, Stack size 0 bytes, startup_gd32h7xx.o(.text))
<BR>[Address Reference Count : 1]<UL><LI> startup_gd32h7xx.o(RESET)
</UL>
<P><STRONG><a name="[87]"></a>CAN0_WKUP_IRQHandler</STRONG> (Thumb, 0 bytes, Stack size 0 bytes, startup_gd32h7xx.o(.text))
<BR>[Address Reference Count : 1]<UL><LI> startup_gd32h7xx.o(RESET)
</UL>
<P><STRONG><a name="[90]"></a>CAN1_Busoff_IRQHandler</STRONG> (Thumb, 0 bytes, Stack size 0 bytes, startup_gd32h7xx.o(.text))
<BR>[Address Reference Count : 1]<UL><LI> startup_gd32h7xx.o(RESET)
</UL>
<P><STRONG><a name="[91]"></a>CAN1_Error_IRQHandler</STRONG> (Thumb, 0 bytes, Stack size 0 bytes, startup_gd32h7xx.o(.text))
<BR>[Address Reference Count : 1]<UL><LI> startup_gd32h7xx.o(RESET)
</UL>
<P><STRONG><a name="[92]"></a>CAN1_FastError_IRQHandler</STRONG> (Thumb, 0 bytes, Stack size 0 bytes, startup_gd32h7xx.o(.text))
<BR>[Address Reference Count : 1]<UL><LI> startup_gd32h7xx.o(RESET)
</UL>
<P><STRONG><a name="[8f]"></a>CAN1_Message_IRQHandler</STRONG> (Thumb, 0 bytes, Stack size 0 bytes, startup_gd32h7xx.o(.text))
<BR>[Address Reference Count : 1]<UL><LI> startup_gd32h7xx.o(RESET)
</UL>
<P><STRONG><a name="[94]"></a>CAN1_REC_IRQHandler</STRONG> (Thumb, 0 bytes, Stack size 0 bytes, startup_gd32h7xx.o(.text))
<BR>[Address Reference Count : 1]<UL><LI> startup_gd32h7xx.o(RESET)
</UL>
<P><STRONG><a name="[93]"></a>CAN1_TEC_IRQHandler</STRONG> (Thumb, 0 bytes, Stack size 0 bytes, startup_gd32h7xx.o(.text))
<BR>[Address Reference Count : 1]<UL><LI> startup_gd32h7xx.o(RESET)
</UL>
<P><STRONG><a name="[8e]"></a>CAN1_WKUP_IRQHandler</STRONG> (Thumb, 0 bytes, Stack size 0 bytes, startup_gd32h7xx.o(.text))
<BR>[Address Reference Count : 1]<UL><LI> startup_gd32h7xx.o(RESET)
</UL>
<P><STRONG><a name="[97]"></a>CAN2_Busoff_IRQHandler</STRONG> (Thumb, 0 bytes, Stack size 0 bytes, startup_gd32h7xx.o(.text))
<BR>[Address Reference Count : 1]<UL><LI> startup_gd32h7xx.o(RESET)
</UL>
<P><STRONG><a name="[98]"></a>CAN2_Error_IRQHandler</STRONG> (Thumb, 0 bytes, Stack size 0 bytes, startup_gd32h7xx.o(.text))
<BR>[Address Reference Count : 1]<UL><LI> startup_gd32h7xx.o(RESET)
</UL>
<P><STRONG><a name="[99]"></a>CAN2_FastError_IRQHandler</STRONG> (Thumb, 0 bytes, Stack size 0 bytes, startup_gd32h7xx.o(.text))
<BR>[Address Reference Count : 1]<UL><LI> startup_gd32h7xx.o(RESET)
</UL>
<P><STRONG><a name="[9b]"></a>CAN2_REC_IRQHandler</STRONG> (Thumb, 0 bytes, Stack size 0 bytes, startup_gd32h7xx.o(.text))
<BR>[Address Reference Count : 1]<UL><LI> startup_gd32h7xx.o(RESET)
</UL>
<P><STRONG><a name="[9a]"></a>CAN2_TEC_IRQHandler</STRONG> (Thumb, 0 bytes, Stack size 0 bytes, startup_gd32h7xx.o(.text))
<BR>[Address Reference Count : 1]<UL><LI> startup_gd32h7xx.o(RESET)
</UL>
<P><STRONG><a name="[95]"></a>CAN2_WKUP_IRQHandler</STRONG> (Thumb, 0 bytes, Stack size 0 bytes, startup_gd32h7xx.o(.text))
<BR>[Address Reference Count : 1]<UL><LI> startup_gd32h7xx.o(RESET)
</UL>
<P><STRONG><a name="[4f]"></a>CAU_IRQHandler</STRONG> (Thumb, 0 bytes, Stack size 0 bytes, startup_gd32h7xx.o(.text))
<BR>[Address Reference Count : 1]<UL><LI> startup_gd32h7xx.o(RESET)
</UL>
<P><STRONG><a name="[6e]"></a>CMP0_1_IRQHandler</STRONG> (Thumb, 0 bytes, Stack size 0 bytes, startup_gd32h7xx.o(.text))
<BR>[Address Reference Count : 1]<UL><LI> startup_gd32h7xx.o(RESET)
</UL>
<P><STRONG><a name="[6f]"></a>CTC_IRQHandler</STRONG> (Thumb, 0 bytes, Stack size 0 bytes, startup_gd32h7xx.o(.text))
<BR>[Address Reference Count : 1]<UL><LI> startup_gd32h7xx.o(RESET)
</UL>
<P><STRONG><a name="[4e]"></a>DCI_IRQHandler</STRONG> (Thumb, 0 bytes, Stack size 0 bytes, startup_gd32h7xx.o(.text))
<BR>[Address Reference Count : 1]<UL><LI> startup_gd32h7xx.o(RESET)
</UL>
<P><STRONG><a name="[15]"></a>DMA0_Channel0_IRQHandler</STRONG> (Thumb, 0 bytes, Stack size 0 bytes, startup_gd32h7xx.o(.text))
<BR>[Address Reference Count : 1]<UL><LI> startup_gd32h7xx.o(RESET)
</UL>
<P><STRONG><a name="[16]"></a>DMA0_Channel1_IRQHandler</STRONG> (Thumb, 0 bytes, Stack size 0 bytes, startup_gd32h7xx.o(.text))
<BR>[Address Reference Count : 1]<UL><LI> startup_gd32h7xx.o(RESET)
</UL>
<P><STRONG><a name="[17]"></a>DMA0_Channel2_IRQHandler</STRONG> (Thumb, 0 bytes, Stack size 0 bytes, startup_gd32h7xx.o(.text))
<BR>[Address Reference Count : 1]<UL><LI> startup_gd32h7xx.o(RESET)
</UL>
<P><STRONG><a name="[18]"></a>DMA0_Channel3_IRQHandler</STRONG> (Thumb, 0 bytes, Stack size 0 bytes, startup_gd32h7xx.o(.text))
<BR>[Address Reference Count : 1]<UL><LI> startup_gd32h7xx.o(RESET)
</UL>
<P><STRONG><a name="[19]"></a>DMA0_Channel4_IRQHandler</STRONG> (Thumb, 0 bytes, Stack size 0 bytes, startup_gd32h7xx.o(.text))
<BR>[Address Reference Count : 1]<UL><LI> startup_gd32h7xx.o(RESET)
</UL>
<P><STRONG><a name="[1a]"></a>DMA0_Channel5_IRQHandler</STRONG> (Thumb, 0 bytes, Stack size 0 bytes, startup_gd32h7xx.o(.text))
<BR>[Address Reference Count : 1]<UL><LI> startup_gd32h7xx.o(RESET)
</UL>
<P><STRONG><a name="[1b]"></a>DMA0_Channel6_IRQHandler</STRONG> (Thumb, 0 bytes, Stack size 0 bytes, startup_gd32h7xx.o(.text))
<BR>[Address Reference Count : 1]<UL><LI> startup_gd32h7xx.o(RESET)
</UL>
<P><STRONG><a name="[34]"></a>DMA0_Channel7_IRQHandler</STRONG> (Thumb, 0 bytes, Stack size 0 bytes, startup_gd32h7xx.o(.text))
<BR>[Address Reference Count : 1]<UL><LI> startup_gd32h7xx.o(RESET)
</UL>
<P><STRONG><a name="[3d]"></a>DMA1_Channel0_IRQHandler</STRONG> (Thumb, 0 bytes, Stack size 0 bytes, startup_gd32h7xx.o(.text))
<BR>[Address Reference Count : 1]<UL><LI> startup_gd32h7xx.o(RESET)
</UL>
<P><STRONG><a name="[3e]"></a>DMA1_Channel1_IRQHandler</STRONG> (Thumb, 0 bytes, Stack size 0 bytes, startup_gd32h7xx.o(.text))
<BR>[Address Reference Count : 1]<UL><LI> startup_gd32h7xx.o(RESET)
</UL>
<P><STRONG><a name="[3f]"></a>DMA1_Channel2_IRQHandler</STRONG> (Thumb, 0 bytes, Stack size 0 bytes, startup_gd32h7xx.o(.text))
<BR>[Address Reference Count : 1]<UL><LI> startup_gd32h7xx.o(RESET)
</UL>
<P><STRONG><a name="[40]"></a>DMA1_Channel3_IRQHandler</STRONG> (Thumb, 0 bytes, Stack size 0 bytes, startup_gd32h7xx.o(.text))
<BR>[Address Reference Count : 1]<UL><LI> startup_gd32h7xx.o(RESET)
</UL>
<P><STRONG><a name="[41]"></a>DMA1_Channel4_IRQHandler</STRONG> (Thumb, 0 bytes, Stack size 0 bytes, startup_gd32h7xx.o(.text))
<BR>[Address Reference Count : 1]<UL><LI> startup_gd32h7xx.o(RESET)
</UL>
<P><STRONG><a name="[44]"></a>DMA1_Channel5_IRQHandler</STRONG> (Thumb, 0 bytes, Stack size 0 bytes, startup_gd32h7xx.o(.text))
<BR>[Address Reference Count : 1]<UL><LI> startup_gd32h7xx.o(RESET)
</UL>
<P><STRONG><a name="[45]"></a>DMA1_Channel6_IRQHandler</STRONG> (Thumb, 0 bytes, Stack size 0 bytes, startup_gd32h7xx.o(.text))
<BR>[Address Reference Count : 1]<UL><LI> startup_gd32h7xx.o(RESET)
</UL>
<P><STRONG><a name="[46]"></a>DMA1_Channel7_IRQHandler</STRONG> (Thumb, 0 bytes, Stack size 0 bytes, startup_gd32h7xx.o(.text))
<BR>[Address Reference Count : 1]<UL><LI> startup_gd32h7xx.o(RESET)
</UL>
<P><STRONG><a name="[60]"></a>DMAMUX_OVR_IRQHandler</STRONG> (Thumb, 0 bytes, Stack size 0 bytes, startup_gd32h7xx.o(.text))
<BR>[Address Reference Count : 1]<UL><LI> startup_gd32h7xx.o(RESET)
</UL>
<P><STRONG><a name="[9c]"></a>EFUSE_IRQHandler</STRONG> (Thumb, 0 bytes, Stack size 0 bytes, startup_gd32h7xx.o(.text))
<BR>[Address Reference Count : 1]<UL><LI> startup_gd32h7xx.o(RESET)
</UL>
<P><STRONG><a name="[42]"></a>ENET0_IRQHandler</STRONG> (Thumb, 0 bytes, Stack size 0 bytes, startup_gd32h7xx.o(.text))
<BR>[Address Reference Count : 1]<UL><LI> startup_gd32h7xx.o(RESET)
</UL>
<P><STRONG><a name="[43]"></a>ENET0_WKUP_IRQHandler</STRONG> (Thumb, 0 bytes, Stack size 0 bytes, startup_gd32h7xx.o(.text))
<BR>[Address Reference Count : 1]<UL><LI> startup_gd32h7xx.o(RESET)
</UL>
<P><STRONG><a name="[86]"></a>ENET1_WKUP_IRQHandler</STRONG> (Thumb, 0 bytes, Stack size 0 bytes, startup_gd32h7xx.o(.text))
<BR>[Address Reference Count : 1]<UL><LI> startup_gd32h7xx.o(RESET)
</UL>
<P><STRONG><a name="[35]"></a>EXMC_IRQHandler</STRONG> (Thumb, 0 bytes, Stack size 0 bytes, startup_gd32h7xx.o(.text))
<BR>[Address Reference Count : 1]<UL><LI> startup_gd32h7xx.o(RESET)
</UL>
<P><STRONG><a name="[10]"></a>EXTI0_IRQHandler</STRONG> (Thumb, 0 bytes, Stack size 0 bytes, startup_gd32h7xx.o(.text))
<BR>[Address Reference Count : 1]<UL><LI> startup_gd32h7xx.o(RESET)
</UL>
<P><STRONG><a name="[2e]"></a>EXTI10_15_IRQHandler</STRONG> (Thumb, 0 bytes, Stack size 0 bytes, startup_gd32h7xx.o(.text))
<BR>[Address Reference Count : 1]<UL><LI> startup_gd32h7xx.o(RESET)
</UL>
<P><STRONG><a name="[11]"></a>EXTI1_IRQHandler</STRONG> (Thumb, 0 bytes, Stack size 0 bytes, startup_gd32h7xx.o(.text))
<BR>[Address Reference Count : 1]<UL><LI> startup_gd32h7xx.o(RESET)
</UL>
<P><STRONG><a name="[12]"></a>EXTI2_IRQHandler</STRONG> (Thumb, 0 bytes, Stack size 0 bytes, startup_gd32h7xx.o(.text))
<BR>[Address Reference Count : 1]<UL><LI> startup_gd32h7xx.o(RESET)
</UL>
<P><STRONG><a name="[13]"></a>EXTI3_IRQHandler</STRONG> (Thumb, 0 bytes, Stack size 0 bytes, startup_gd32h7xx.o(.text))
<BR>[Address Reference Count : 1]<UL><LI> startup_gd32h7xx.o(RESET)
</UL>
<P><STRONG><a name="[14]"></a>EXTI4_IRQHandler</STRONG> (Thumb, 0 bytes, Stack size 0 bytes, startup_gd32h7xx.o(.text))
<BR>[Address Reference Count : 1]<UL><LI> startup_gd32h7xx.o(RESET)
</UL>
<P><STRONG><a name="[1d]"></a>EXTI5_9_IRQHandler</STRONG> (Thumb, 0 bytes, Stack size 0 bytes, startup_gd32h7xx.o(.text))
<BR>[Address Reference Count : 1]<UL><LI> startup_gd32h7xx.o(RESET)
</UL>
<P><STRONG><a name="[74]"></a>FAC_IRQHandler</STRONG> (Thumb, 0 bytes, Stack size 0 bytes, startup_gd32h7xx.o(.text))
<BR>[Address Reference Count : 1]<UL><LI> startup_gd32h7xx.o(RESET)
</UL>
<P><STRONG><a name="[e]"></a>FMC_IRQHandler</STRONG> (Thumb, 0 bytes, Stack size 0 bytes, startup_gd32h7xx.o(.text))
<BR>[Address Reference Count : 1]<UL><LI> startup_gd32h7xx.o(RESET)
</UL>
<P><STRONG><a name="[50]"></a>HAU_TRNG_IRQHandler</STRONG> (Thumb, 0 bytes, Stack size 0 bytes, startup_gd32h7xx.o(.text))
<BR>[Address Reference Count : 1]<UL><LI> startup_gd32h7xx.o(RESET)
</UL>
<P><STRONG><a name="[61]"></a>HPDF_INT0_IRQHandler</STRONG> (Thumb, 0 bytes, Stack size 0 bytes, startup_gd32h7xx.o(.text))
<BR>[Address Reference Count : 1]<UL><LI> startup_gd32h7xx.o(RESET)
</UL>
<P><STRONG><a name="[62]"></a>HPDF_INT1_IRQHandler</STRONG> (Thumb, 0 bytes, Stack size 0 bytes, startup_gd32h7xx.o(.text))
<BR>[Address Reference Count : 1]<UL><LI> startup_gd32h7xx.o(RESET)
</UL>
<P><STRONG><a name="[63]"></a>HPDF_INT2_IRQHandler</STRONG> (Thumb, 0 bytes, Stack size 0 bytes, startup_gd32h7xx.o(.text))
<BR>[Address Reference Count : 1]<UL><LI> startup_gd32h7xx.o(RESET)
</UL>
<P><STRONG><a name="[64]"></a>HPDF_INT3_IRQHandler</STRONG> (Thumb, 0 bytes, Stack size 0 bytes, startup_gd32h7xx.o(.text))
<BR>[Address Reference Count : 1]<UL><LI> startup_gd32h7xx.o(RESET)
</UL>
<P><STRONG><a name="[6c]"></a>HWSEM_IRQHandler</STRONG> (Thumb, 0 bytes, Stack size 0 bytes, startup_gd32h7xx.o(.text))
<BR>[Address Reference Count : 1]<UL><LI> startup_gd32h7xx.o(RESET)
</UL>
<P><STRONG><a name="[26]"></a>I2C0_ER_IRQHandler</STRONG> (Thumb, 0 bytes, Stack size 0 bytes, startup_gd32h7xx.o(.text))
<BR>[Address Reference Count : 1]<UL><LI> startup_gd32h7xx.o(RESET)
</UL>
<P><STRONG><a name="[25]"></a>I2C0_EV_IRQHandler</STRONG> (Thumb, 0 bytes, Stack size 0 bytes, startup_gd32h7xx.o(.text))
<BR>[Address Reference Count : 1]<UL><LI> startup_gd32h7xx.o(RESET)
</UL>
<P><STRONG><a name="[9d]"></a>I2C0_WKUP_IRQHandler</STRONG> (Thumb, 0 bytes, Stack size 0 bytes, startup_gd32h7xx.o(.text))
<BR>[Address Reference Count : 1]<UL><LI> startup_gd32h7xx.o(RESET)
</UL>
<P><STRONG><a name="[28]"></a>I2C1_ER_IRQHandler</STRONG> (Thumb, 0 bytes, Stack size 0 bytes, startup_gd32h7xx.o(.text))
<BR>[Address Reference Count : 1]<UL><LI> startup_gd32h7xx.o(RESET)
</UL>
<P><STRONG><a name="[27]"></a>I2C1_EV_IRQHandler</STRONG> (Thumb, 0 bytes, Stack size 0 bytes, startup_gd32h7xx.o(.text))
<BR>[Address Reference Count : 1]<UL><LI> startup_gd32h7xx.o(RESET)
</UL>
<P><STRONG><a name="[9e]"></a>I2C1_WKUP_IRQHandler</STRONG> (Thumb, 0 bytes, Stack size 0 bytes, startup_gd32h7xx.o(.text))
<BR>[Address Reference Count : 1]<UL><LI> startup_gd32h7xx.o(RESET)
</UL>
<P><STRONG><a name="[49]"></a>I2C2_ER_IRQHandler</STRONG> (Thumb, 0 bytes, Stack size 0 bytes, startup_gd32h7xx.o(.text))
<BR>[Address Reference Count : 1]<UL><LI> startup_gd32h7xx.o(RESET)
</UL>
<P><STRONG><a name="[48]"></a>I2C2_EV_IRQHandler</STRONG> (Thumb, 0 bytes, Stack size 0 bytes, startup_gd32h7xx.o(.text))
<BR>[Address Reference Count : 1]<UL><LI> startup_gd32h7xx.o(RESET)
</UL>
<P><STRONG><a name="[9f]"></a>I2C2_WKUP_IRQHandler</STRONG> (Thumb, 0 bytes, Stack size 0 bytes, startup_gd32h7xx.o(.text))
<BR>[Address Reference Count : 1]<UL><LI> startup_gd32h7xx.o(RESET)
</UL>
<P><STRONG><a name="[5e]"></a>I2C3_ER_IRQHandler</STRONG> (Thumb, 0 bytes, Stack size 0 bytes, startup_gd32h7xx.o(.text))
<BR>[Address Reference Count : 1]<UL><LI> startup_gd32h7xx.o(RESET)
</UL>
<P><STRONG><a name="[5d]"></a>I2C3_EV_IRQHandler</STRONG> (Thumb, 0 bytes, Stack size 0 bytes, startup_gd32h7xx.o(.text))
<BR>[Address Reference Count : 1]<UL><LI> startup_gd32h7xx.o(RESET)
</UL>
<P><STRONG><a name="[a0]"></a>I2C3_WKUP_IRQHandler</STRONG> (Thumb, 0 bytes, Stack size 0 bytes, startup_gd32h7xx.o(.text))
<BR>[Address Reference Count : 1]<UL><LI> startup_gd32h7xx.o(RESET)
</UL>
<P><STRONG><a name="[5a]"></a>IPA_IRQHandler</STRONG> (Thumb, 0 bytes, Stack size 0 bytes, startup_gd32h7xx.o(.text))
<BR>[Address Reference Count : 1]<UL><LI> startup_gd32h7xx.o(RESET)
</UL>
<P><STRONG><a name="[a1]"></a>LPDTS_IRQHandler</STRONG> (Thumb, 0 bytes, Stack size 0 bytes, startup_gd32h7xx.o(.text))
<BR>[Address Reference Count : 1]<UL><LI> startup_gd32h7xx.o(RESET)
</UL>
<P><STRONG><a name="[a2]"></a>LPDTS_WKUP_IRQHandler</STRONG> (Thumb, 0 bytes, Stack size 0 bytes, startup_gd32h7xx.o(.text))
<BR>[Address Reference Count : 1]<UL><LI> startup_gd32h7xx.o(RESET)
</UL>
<P><STRONG><a name="[69]"></a>MDIO_IRQHandler</STRONG> (Thumb, 0 bytes, Stack size 0 bytes, startup_gd32h7xx.o(.text))
<BR>[Address Reference Count : 1]<UL><LI> startup_gd32h7xx.o(RESET)
</UL>
<P><STRONG><a name="[6a]"></a>MDMA_IRQHandler</STRONG> (Thumb, 0 bytes, Stack size 0 bytes, startup_gd32h7xx.o(.text))
<BR>[Address Reference Count : 1]<UL><LI> startup_gd32h7xx.o(RESET)
</UL>
<P><STRONG><a name="[5c]"></a>OSPI0_IRQHandler</STRONG> (Thumb, 0 bytes, Stack size 0 bytes, startup_gd32h7xx.o(.text))
<BR>[Address Reference Count : 1]<UL><LI> startup_gd32h7xx.o(RESET)
</UL>
<P><STRONG><a name="[71]"></a>OSPI1_IRQHandler</STRONG> (Thumb, 0 bytes, Stack size 0 bytes, startup_gd32h7xx.o(.text))
<BR>[Address Reference Count : 1]<UL><LI> startup_gd32h7xx.o(RESET)
</UL>
<P><STRONG><a name="[70]"></a>RAMECCMU_IRQHandler</STRONG> (Thumb, 0 bytes, Stack size 0 bytes, startup_gd32h7xx.o(.text))
<BR>[Address Reference Count : 1]<UL><LI> startup_gd32h7xx.o(RESET)
</UL>
<P><STRONG><a name="[f]"></a>RCU_IRQHandler</STRONG> (Thumb, 0 bytes, Stack size 0 bytes, startup_gd32h7xx.o(.text))
<BR>[Address Reference Count : 1]<UL><LI> startup_gd32h7xx.o(RESET)
</UL>
<P><STRONG><a name="[5f]"></a>RSPDIF_IRQHandler</STRONG> (Thumb, 0 bytes, Stack size 0 bytes, startup_gd32h7xx.o(.text))
<BR>[Address Reference Count : 1]<UL><LI> startup_gd32h7xx.o(RESET)
</UL>
<P><STRONG><a name="[2f]"></a>RTC_Alarm_IRQHandler</STRONG> (Thumb, 0 bytes, Stack size 0 bytes, startup_gd32h7xx.o(.text))
<BR>[Address Reference Count : 1]<UL><LI> startup_gd32h7xx.o(RESET)
</UL>
<P><STRONG><a name="[d]"></a>RTC_WKUP_IRQHandler</STRONG> (Thumb, 0 bytes, Stack size 0 bytes, startup_gd32h7xx.o(.text))
<BR>[Address Reference Count : 1]<UL><LI> startup_gd32h7xx.o(RESET)
</UL>
<P><STRONG><a name="[72]"></a>RTDEC0_IRQHandler</STRONG> (Thumb, 0 bytes, Stack size 0 bytes, startup_gd32h7xx.o(.text))
<BR>[Address Reference Count : 1]<UL><LI> startup_gd32h7xx.o(RESET)
</UL>
<P><STRONG><a name="[73]"></a>RTDEC1_IRQHandler</STRONG> (Thumb, 0 bytes, Stack size 0 bytes, startup_gd32h7xx.o(.text))
<BR>[Address Reference Count : 1]<UL><LI> startup_gd32h7xx.o(RESET)
</UL>
<P><STRONG><a name="[57]"></a>SAI0_IRQHandler</STRONG> (Thumb, 0 bytes, Stack size 0 bytes, startup_gd32h7xx.o(.text))
<BR>[Address Reference Count : 1]<UL><LI> startup_gd32h7xx.o(RESET)
</UL>
<P><STRONG><a name="[5b]"></a>SAI1_IRQHandler</STRONG> (Thumb, 0 bytes, Stack size 0 bytes, startup_gd32h7xx.o(.text))
<BR>[Address Reference Count : 1]<UL><LI> startup_gd32h7xx.o(RESET)
</UL>
<P><STRONG><a name="[65]"></a>SAI2_IRQHandler</STRONG> (Thumb, 0 bytes, Stack size 0 bytes, startup_gd32h7xx.o(.text))
<BR>[Address Reference Count : 1]<UL><LI> startup_gd32h7xx.o(RESET)
</UL>
<P><STRONG><a name="[36]"></a>SDIO0_IRQHandler</STRONG> (Thumb, 0 bytes, Stack size 0 bytes, startup_gd32h7xx.o(.text))
<BR>[Address Reference Count : 1]<UL><LI> startup_gd32h7xx.o(RESET)
</UL>
<P><STRONG><a name="[6b]"></a>SDIO1_IRQHandler</STRONG> (Thumb, 0 bytes, Stack size 0 bytes, startup_gd32h7xx.o(.text))
<BR>[Address Reference Count : 1]<UL><LI> startup_gd32h7xx.o(RESET)
</UL>
<P><STRONG><a name="[29]"></a>SPI0_IRQHandler</STRONG> (Thumb, 0 bytes, Stack size 0 bytes, startup_gd32h7xx.o(.text))
<BR>[Address Reference Count : 1]<UL><LI> startup_gd32h7xx.o(RESET)
</UL>
<P><STRONG><a name="[2a]"></a>SPI1_IRQHandler</STRONG> (Thumb, 0 bytes, Stack size 0 bytes, startup_gd32h7xx.o(.text))
<BR>[Address Reference Count : 1]<UL><LI> startup_gd32h7xx.o(RESET)
</UL>
<P><STRONG><a name="[38]"></a>SPI2_IRQHandler</STRONG> (Thumb, 0 bytes, Stack size 0 bytes, startup_gd32h7xx.o(.text))
<BR>[Address Reference Count : 1]<UL><LI> startup_gd32h7xx.o(RESET)
</UL>
<P><STRONG><a name="[54]"></a>SPI3_IRQHandler</STRONG> (Thumb, 0 bytes, Stack size 0 bytes, startup_gd32h7xx.o(.text))
<BR>[Address Reference Count : 1]<UL><LI> startup_gd32h7xx.o(RESET)
</UL>
<P><STRONG><a name="[55]"></a>SPI4_IRQHandler</STRONG> (Thumb, 0 bytes, Stack size 0 bytes, startup_gd32h7xx.o(.text))
<BR>[Address Reference Count : 1]<UL><LI> startup_gd32h7xx.o(RESET)
</UL>
<P><STRONG><a name="[56]"></a>SPI5_IRQHandler</STRONG> (Thumb, 0 bytes, Stack size 0 bytes, startup_gd32h7xx.o(.text))
<BR>[Address Reference Count : 1]<UL><LI> startup_gd32h7xx.o(RESET)
</UL>
<P><STRONG><a name="[c]"></a>TAMPER_STAMP_LXTAL_IRQHandler</STRONG> (Thumb, 0 bytes, Stack size 0 bytes, startup_gd32h7xx.o(.text))
<BR>[Address Reference Count : 1]<UL><LI> startup_gd32h7xx.o(RESET)
</UL>
<P><STRONG><a name="[1e]"></a>TIMER0_BRK_IRQHandler</STRONG> (Thumb, 0 bytes, Stack size 0 bytes, startup_gd32h7xx.o(.text))
<BR>[Address Reference Count : 1]<UL><LI> startup_gd32h7xx.o(RESET)
</UL>
<P><STRONG><a name="[21]"></a>TIMER0_Channel_IRQHandler</STRONG> (Thumb, 0 bytes, Stack size 0 bytes, startup_gd32h7xx.o(.text))
<BR>[Address Reference Count : 1]<UL><LI> startup_gd32h7xx.o(RESET)
</UL>
<P><STRONG><a name="[a3]"></a>TIMER0_DEC_IRQHandler</STRONG> (Thumb, 0 bytes, Stack size 0 bytes, startup_gd32h7xx.o(.text))
<BR>[Address Reference Count : 1]<UL><LI> startup_gd32h7xx.o(RESET)
</UL>
<P><STRONG><a name="[20]"></a>TIMER0_TRG_CMT_IRQHandler</STRONG> (Thumb, 0 bytes, Stack size 0 bytes, startup_gd32h7xx.o(.text))
<BR>[Address Reference Count : 1]<UL><LI> startup_gd32h7xx.o(RESET)
</UL>
<P><STRONG><a name="[1f]"></a>TIMER0_UP_IRQHandler</STRONG> (Thumb, 0 bytes, Stack size 0 bytes, startup_gd32h7xx.o(.text))
<BR>[Address Reference Count : 1]<UL><LI> startup_gd32h7xx.o(RESET)
</UL>
<P><STRONG><a name="[66]"></a>TIMER14_IRQHandler</STRONG> (Thumb, 0 bytes, Stack size 0 bytes, startup_gd32h7xx.o(.text))
<BR>[Address Reference Count : 1]<UL><LI> startup_gd32h7xx.o(RESET)
</UL>
<P><STRONG><a name="[67]"></a>TIMER15_IRQHandler</STRONG> (Thumb, 0 bytes, Stack size 0 bytes, startup_gd32h7xx.o(.text))
<BR>[Address Reference Count : 1]<UL><LI> startup_gd32h7xx.o(RESET)
</UL>
<P><STRONG><a name="[68]"></a>TIMER16_IRQHandler</STRONG> (Thumb, 0 bytes, Stack size 0 bytes, startup_gd32h7xx.o(.text))
<BR>[Address Reference Count : 1]<UL><LI> startup_gd32h7xx.o(RESET)
</UL>
<P><STRONG><a name="[a5]"></a>TIMER1_DEC_IRQHandler</STRONG> (Thumb, 0 bytes, Stack size 0 bytes, startup_gd32h7xx.o(.text))
<BR>[Address Reference Count : 1]<UL><LI> startup_gd32h7xx.o(RESET)
</UL>
<P><STRONG><a name="[22]"></a>TIMER1_IRQHandler</STRONG> (Thumb, 0 bytes, Stack size 0 bytes, startup_gd32h7xx.o(.text))
<BR>[Address Reference Count : 1]<UL><LI> startup_gd32h7xx.o(RESET)
</UL>
<P><STRONG><a name="[a9]"></a>TIMER22_DEC_IRQHandler</STRONG> (Thumb, 0 bytes, Stack size 0 bytes, startup_gd32h7xx.o(.text))
<BR>[Address Reference Count : 1]<UL><LI> startup_gd32h7xx.o(RESET)
</UL>
<P><STRONG><a name="[76]"></a>TIMER22_IRQHandler</STRONG> (Thumb, 0 bytes, Stack size 0 bytes, startup_gd32h7xx.o(.text))
<BR>[Address Reference Count : 1]<UL><LI> startup_gd32h7xx.o(RESET)
</UL>
<P><STRONG><a name="[aa]"></a>TIMER23_DEC_IRQHandler</STRONG> (Thumb, 0 bytes, Stack size 0 bytes, startup_gd32h7xx.o(.text))
<BR>[Address Reference Count : 1]<UL><LI> startup_gd32h7xx.o(RESET)
</UL>
<P><STRONG><a name="[77]"></a>TIMER23_IRQHandler</STRONG> (Thumb, 0 bytes, Stack size 0 bytes, startup_gd32h7xx.o(.text))
<BR>[Address Reference Count : 1]<UL><LI> startup_gd32h7xx.o(RESET)
</UL>
<P><STRONG><a name="[a6]"></a>TIMER2_DEC_IRQHandler</STRONG> (Thumb, 0 bytes, Stack size 0 bytes, startup_gd32h7xx.o(.text))
<BR>[Address Reference Count : 1]<UL><LI> startup_gd32h7xx.o(RESET)
</UL>
<P><STRONG><a name="[23]"></a>TIMER2_IRQHandler</STRONG> (Thumb, 0 bytes, Stack size 0 bytes, startup_gd32h7xx.o(.text))
<BR>[Address Reference Count : 1]<UL><LI> startup_gd32h7xx.o(RESET)
</UL>
<P><STRONG><a name="[ab]"></a>TIMER30_DEC_IRQHandler</STRONG> (Thumb, 0 bytes, Stack size 0 bytes, startup_gd32h7xx.o(.text))
<BR>[Address Reference Count : 1]<UL><LI> startup_gd32h7xx.o(RESET)
</UL>
<P><STRONG><a name="[78]"></a>TIMER30_IRQHandler</STRONG> (Thumb, 0 bytes, Stack size 0 bytes, startup_gd32h7xx.o(.text))
<BR>[Address Reference Count : 1]<UL><LI> startup_gd32h7xx.o(RESET)
</UL>
<P><STRONG><a name="[ac]"></a>TIMER31_DEC_IRQHandler</STRONG> (Thumb, 0 bytes, Stack size 0 bytes, startup_gd32h7xx.o(.text))
<BR>[Address Reference Count : 1]<UL><LI> startup_gd32h7xx.o(RESET)
</UL>
<P><STRONG><a name="[79]"></a>TIMER31_IRQHandler</STRONG> (Thumb, 0 bytes, Stack size 0 bytes, startup_gd32h7xx.o(.text))
<BR>[Address Reference Count : 1]<UL><LI> startup_gd32h7xx.o(RESET)
</UL>
<P><STRONG><a name="[a7]"></a>TIMER3_DEC_IRQHandler</STRONG> (Thumb, 0 bytes, Stack size 0 bytes, startup_gd32h7xx.o(.text))
<BR>[Address Reference Count : 1]<UL><LI> startup_gd32h7xx.o(RESET)
</UL>
<P><STRONG><a name="[24]"></a>TIMER3_IRQHandler</STRONG> (Thumb, 0 bytes, Stack size 0 bytes, startup_gd32h7xx.o(.text))
<BR>[Address Reference Count : 1]<UL><LI> startup_gd32h7xx.o(RESET)
</UL>
<P><STRONG><a name="[7a]"></a>TIMER40_IRQHandler</STRONG> (Thumb, 0 bytes, Stack size 0 bytes, startup_gd32h7xx.o(.text))
<BR>[Address Reference Count : 1]<UL><LI> startup_gd32h7xx.o(RESET)
</UL>
<P><STRONG><a name="[7b]"></a>TIMER41_IRQHandler</STRONG> (Thumb, 0 bytes, Stack size 0 bytes, startup_gd32h7xx.o(.text))
<BR>[Address Reference Count : 1]<UL><LI> startup_gd32h7xx.o(RESET)
</UL>
<P><STRONG><a name="[7c]"></a>TIMER42_IRQHandler</STRONG> (Thumb, 0 bytes, Stack size 0 bytes, startup_gd32h7xx.o(.text))
<BR>[Address Reference Count : 1]<UL><LI> startup_gd32h7xx.o(RESET)
</UL>
<P><STRONG><a name="[7d]"></a>TIMER43_IRQHandler</STRONG> (Thumb, 0 bytes, Stack size 0 bytes, startup_gd32h7xx.o(.text))
<BR>[Address Reference Count : 1]<UL><LI> startup_gd32h7xx.o(RESET)
</UL>
<P><STRONG><a name="[7e]"></a>TIMER44_IRQHandler</STRONG> (Thumb, 0 bytes, Stack size 0 bytes, startup_gd32h7xx.o(.text))
<BR>[Address Reference Count : 1]<UL><LI> startup_gd32h7xx.o(RESET)
</UL>
<P><STRONG><a name="[a8]"></a>TIMER4_DEC_IRQHandler</STRONG> (Thumb, 0 bytes, Stack size 0 bytes, startup_gd32h7xx.o(.text))
<BR>[Address Reference Count : 1]<UL><LI> startup_gd32h7xx.o(RESET)
</UL>
<P><STRONG><a name="[37]"></a>TIMER4_IRQHandler</STRONG> (Thumb, 0 bytes, Stack size 0 bytes, startup_gd32h7xx.o(.text))
<BR>[Address Reference Count : 1]<UL><LI> startup_gd32h7xx.o(RESET)
</UL>
<P><STRONG><a name="[7f]"></a>TIMER50_IRQHandler</STRONG> (Thumb, 0 bytes, Stack size 0 bytes, startup_gd32h7xx.o(.text))
<BR>[Address Reference Count : 1]<UL><LI> startup_gd32h7xx.o(RESET)
</UL>
<P><STRONG><a name="[80]"></a>TIMER51_IRQHandler</STRONG> (Thumb, 0 bytes, Stack size 0 bytes, startup_gd32h7xx.o(.text))
<BR>[Address Reference Count : 1]<UL><LI> startup_gd32h7xx.o(RESET)
</UL>
<P><STRONG><a name="[3b]"></a>TIMER5_DAC_UDR_IRQHandler</STRONG> (Thumb, 0 bytes, Stack size 0 bytes, startup_gd32h7xx.o(.text))
<BR>[Address Reference Count : 1]<UL><LI> startup_gd32h7xx.o(RESET)
</UL>
<P><STRONG><a name="[3c]"></a>TIMER6_IRQHandler</STRONG> (Thumb, 0 bytes, Stack size 0 bytes, startup_gd32h7xx.o(.text))
<BR>[Address Reference Count : 1]<UL><LI> startup_gd32h7xx.o(RESET)
</UL>
<P><STRONG><a name="[30]"></a>TIMER7_BRK_IRQHandler</STRONG> (Thumb, 0 bytes, Stack size 0 bytes, startup_gd32h7xx.o(.text))
<BR>[Address Reference Count : 1]<UL><LI> startup_gd32h7xx.o(RESET)
</UL>
<P><STRONG><a name="[33]"></a>TIMER7_Channel_IRQHandler</STRONG> (Thumb, 0 bytes, Stack size 0 bytes, startup_gd32h7xx.o(.text))
<BR>[Address Reference Count : 1]<UL><LI> startup_gd32h7xx.o(RESET)
</UL>
<P><STRONG><a name="[a4]"></a>TIMER7_DEC_IRQHandler</STRONG> (Thumb, 0 bytes, Stack size 0 bytes, startup_gd32h7xx.o(.text))
<BR>[Address Reference Count : 1]<UL><LI> startup_gd32h7xx.o(RESET)
</UL>
<P><STRONG><a name="[32]"></a>TIMER7_TRG_CMT_IRQHandler</STRONG> (Thumb, 0 bytes, Stack size 0 bytes, startup_gd32h7xx.o(.text))
<BR>[Address Reference Count : 1]<UL><LI> startup_gd32h7xx.o(RESET)
</UL>
<P><STRONG><a name="[31]"></a>TIMER7_UP_IRQHandler</STRONG> (Thumb, 0 bytes, Stack size 0 bytes, startup_gd32h7xx.o(.text))
<BR>[Address Reference Count : 1]<UL><LI> startup_gd32h7xx.o(RESET)
</UL>
<P><STRONG><a name="[59]"></a>TLI_ER_IRQHandler</STRONG> (Thumb, 0 bytes, Stack size 0 bytes, startup_gd32h7xx.o(.text))
<BR>[Address Reference Count : 1]<UL><LI> startup_gd32h7xx.o(RESET)
</UL>
<P><STRONG><a name="[58]"></a>TLI_IRQHandler</STRONG> (Thumb, 0 bytes, Stack size 0 bytes, startup_gd32h7xx.o(.text))
<BR>[Address Reference Count : 1]<UL><LI> startup_gd32h7xx.o(RESET)
</UL>
<P><STRONG><a name="[75]"></a>TMU_IRQHandler</STRONG> (Thumb, 0 bytes, Stack size 0 bytes, startup_gd32h7xx.o(.text))
<BR>[Address Reference Count : 1]<UL><LI> startup_gd32h7xx.o(RESET)
</UL>
<P><STRONG><a name="[39]"></a>UART3_IRQHandler</STRONG> (Thumb, 0 bytes, Stack size 0 bytes, startup_gd32h7xx.o(.text))
<BR>[Address Reference Count : 1]<UL><LI> startup_gd32h7xx.o(RESET)
</UL>
<P><STRONG><a name="[3a]"></a>UART4_IRQHandler</STRONG> (Thumb, 0 bytes, Stack size 0 bytes, startup_gd32h7xx.o(.text))
<BR>[Address Reference Count : 1]<UL><LI> startup_gd32h7xx.o(RESET)
</UL>
<P><STRONG><a name="[52]"></a>UART6_IRQHandler</STRONG> (Thumb, 0 bytes, Stack size 0 bytes, startup_gd32h7xx.o(.text))
<BR>[Address Reference Count : 1]<UL><LI> startup_gd32h7xx.o(RESET)
</UL>
<P><STRONG><a name="[53]"></a>UART7_IRQHandler</STRONG> (Thumb, 0 bytes, Stack size 0 bytes, startup_gd32h7xx.o(.text))
<BR>[Address Reference Count : 1]<UL><LI> startup_gd32h7xx.o(RESET)
</UL>
<P><STRONG><a name="[2b]"></a>USART0_IRQHandler</STRONG> (Thumb, 0 bytes, Stack size 0 bytes, startup_gd32h7xx.o(.text))
<BR>[Address Reference Count : 1]<UL><LI> startup_gd32h7xx.o(RESET)
</UL>
<P><STRONG><a name="[2d]"></a>USART2_IRQHandler</STRONG> (Thumb, 0 bytes, Stack size 0 bytes, startup_gd32h7xx.o(.text))
<BR>[Address Reference Count : 1]<UL><LI> startup_gd32h7xx.o(RESET)
</UL>
<P><STRONG><a name="[47]"></a>USART5_IRQHandler</STRONG> (Thumb, 0 bytes, Stack size 0 bytes, startup_gd32h7xx.o(.text))
<BR>[Address Reference Count : 1]<UL><LI> startup_gd32h7xx.o(RESET)
</UL>
<P><STRONG><a name="[4b]"></a>USBHS0_EP1_IN_IRQHandler</STRONG> (Thumb, 0 bytes, Stack size 0 bytes, startup_gd32h7xx.o(.text))
<BR>[Address Reference Count : 1]<UL><LI> startup_gd32h7xx.o(RESET)
</UL>
<P><STRONG><a name="[4a]"></a>USBHS0_EP1_OUT_IRQHandler</STRONG> (Thumb, 0 bytes, Stack size 0 bytes, startup_gd32h7xx.o(.text))
<BR>[Address Reference Count : 1]<UL><LI> startup_gd32h7xx.o(RESET)
</UL>
<P><STRONG><a name="[4d]"></a>USBHS0_IRQHandler</STRONG> (Thumb, 0 bytes, Stack size 0 bytes, startup_gd32h7xx.o(.text))
<BR>[Address Reference Count : 1]<UL><LI> startup_gd32h7xx.o(RESET)
</UL>
<P><STRONG><a name="[4c]"></a>USBHS0_WKUP_IRQHandler</STRONG> (Thumb, 0 bytes, Stack size 0 bytes, startup_gd32h7xx.o(.text))
<BR>[Address Reference Count : 1]<UL><LI> startup_gd32h7xx.o(RESET)
</UL>
<P><STRONG><a name="[82]"></a>USBHS1_EP1_IN_IRQHandler</STRONG> (Thumb, 0 bytes, Stack size 0 bytes, startup_gd32h7xx.o(.text))
<BR>[Address Reference Count : 1]<UL><LI> startup_gd32h7xx.o(RESET)
</UL>
<P><STRONG><a name="[81]"></a>USBHS1_EP1_OUT_IRQHandler</STRONG> (Thumb, 0 bytes, Stack size 0 bytes, startup_gd32h7xx.o(.text))
<BR>[Address Reference Count : 1]<UL><LI> startup_gd32h7xx.o(RESET)
</UL>
<P><STRONG><a name="[84]"></a>USBHS1_IRQHandler</STRONG> (Thumb, 0 bytes, Stack size 0 bytes, startup_gd32h7xx.o(.text))
<BR>[Address Reference Count : 1]<UL><LI> startup_gd32h7xx.o(RESET)
</UL>
<P><STRONG><a name="[83]"></a>USBHS1_WKUP_IRQHandler</STRONG> (Thumb, 0 bytes, Stack size 0 bytes, startup_gd32h7xx.o(.text))
<BR>[Address Reference Count : 1]<UL><LI> startup_gd32h7xx.o(RESET)
</UL>
<P><STRONG><a name="[b]"></a>VAVD_LVD_VOVD_IRQHandler</STRONG> (Thumb, 0 bytes, Stack size 0 bytes, startup_gd32h7xx.o(.text))
<BR>[Address Reference Count : 1]<UL><LI> startup_gd32h7xx.o(RESET)
</UL>
<P><STRONG><a name="[a]"></a>WWDGT_IRQHandler</STRONG> (Thumb, 0 bytes, Stack size 0 bytes, startup_gd32h7xx.o(.text))
<BR>[Address Reference Count : 1]<UL><LI> startup_gd32h7xx.o(RESET)
</UL>
<P><STRONG><a name="[e5]"></a>__aeabi_uldivmod</STRONG> (Thumb, 98 bytes, Stack size 40 bytes, uldiv.o(.text), UNUSED)
<BR><BR>[Calls]<UL><LI><a href="#[e6]">&gt;&gt;</a>&nbsp;&nbsp;&nbsp;__aeabi_llsr
<LI><a href="#[e7]">&gt;&gt;</a>&nbsp;&nbsp;&nbsp;__aeabi_llsl
</UL>
<BR>[Called By]<UL><LI><a href="#[11b]">&gt;&gt;</a>&nbsp;&nbsp;&nbsp;_printf_core
</UL>

<P><STRONG><a name="[326]"></a>___aeabi_memcpy8$move</STRONG> (Thumb, 0 bytes, Stack size 8 bytes, memmovea.o(.text), UNUSED)

<P><STRONG><a name="[117]"></a>__aeabi_memcpy</STRONG> (Thumb, 64 bytes, Stack size 8 bytes, memmovea.o(.text))
<BR><BR>[Stack]<UL><LI>Max Depth = 8<LI>Call Chain = __aeabi_memcpy
</UL>
<BR>[Called By]<UL><LI><a href="#[1ea]">&gt;&gt;</a>&nbsp;&nbsp;&nbsp;usart485_232_send_str
<LI><a href="#[1d9]">&gt;&gt;</a>&nbsp;&nbsp;&nbsp;my_can_receive_message
<LI><a href="#[1b4]">&gt;&gt;</a>&nbsp;&nbsp;&nbsp;lwip_accept
<LI><a href="#[1ae]">&gt;&gt;</a>&nbsp;&nbsp;&nbsp;hello_gigadevice_recv
<LI><a href="#[2c]">&gt;&gt;</a>&nbsp;&nbsp;&nbsp;USART1_IRQHandler
<LI><a href="#[1ba]">&gt;&gt;</a>&nbsp;&nbsp;&nbsp;pbuf_copy
<LI><a href="#[1b8]">&gt;&gt;</a>&nbsp;&nbsp;&nbsp;icmp_input
<LI><a href="#[1b7]">&gt;&gt;</a>&nbsp;&nbsp;&nbsp;icmp_send_response
<LI><a href="#[16b]">&gt;&gt;</a>&nbsp;&nbsp;&nbsp;pbuf_copy_partial
<LI><a href="#[219]">&gt;&gt;</a>&nbsp;&nbsp;&nbsp;tcp_write
<LI><a href="#[1d1]">&gt;&gt;</a>&nbsp;&nbsp;&nbsp;ip_reass_free_complete_datagram
<LI><a href="#[1cc]">&gt;&gt;</a>&nbsp;&nbsp;&nbsp;ip_reass_enqueue_new_datagram
<LI><a href="#[1c5]">&gt;&gt;</a>&nbsp;&nbsp;&nbsp;ip4_reass
<LI><a href="#[1bf]">&gt;&gt;</a>&nbsp;&nbsp;&nbsp;ip4_frag
<LI><a href="#[224]">&gt;&gt;</a>&nbsp;&nbsp;&nbsp;lwip_sock_make_addr
<LI><a href="#[b4]">&gt;&gt;</a>&nbsp;&nbsp;&nbsp;low_level_output
<LI><a href="#[19a]">&gt;&gt;</a>&nbsp;&nbsp;&nbsp;low_level_input
<LI><a href="#[297]">&gt;&gt;</a>&nbsp;&nbsp;&nbsp;prvCopyDataToQueue
<LI><a href="#[296]">&gt;&gt;</a>&nbsp;&nbsp;&nbsp;prvCopyDataFromQueue
</UL>

<P><STRONG><a name="[327]"></a>__aeabi_memcpy4</STRONG> (Thumb, 0 bytes, Stack size 8 bytes, memmovea.o(.text), UNUSED)

<P><STRONG><a name="[328]"></a>__aeabi_memmove</STRONG> (Thumb, 0 bytes, Stack size 8 bytes, memmovea.o(.text), UNUSED)

<P><STRONG><a name="[329]"></a>__aeabi_memmove4</STRONG> (Thumb, 0 bytes, Stack size 8 bytes, memmovea.o(.text), UNUSED)

<P><STRONG><a name="[32a]"></a>__aeabi_memmove8</STRONG> (Thumb, 0 bytes, Stack size 8 bytes, memmovea.o(.text), UNUSED)

<P><STRONG><a name="[e9]"></a>__aeabi_memset</STRONG> (Thumb, 14 bytes, Stack size 0 bytes, memseta.o(.text))
<BR><BR>[Called By]<UL><LI><a href="#[29c]">&gt;&gt;</a>&nbsp;&nbsp;&nbsp;prvInitialiseNewTask
<LI><a href="#[ea]">&gt;&gt;</a>&nbsp;&nbsp;&nbsp;memset
<LI><a href="#[e8]">&gt;&gt;</a>&nbsp;&nbsp;&nbsp;__aeabi_memclr
</UL>

<P><STRONG><a name="[32b]"></a>__aeabi_memset4</STRONG> (Thumb, 0 bytes, Stack size 0 bytes, memseta.o(.text), UNUSED)

<P><STRONG><a name="[32c]"></a>__aeabi_memset8</STRONG> (Thumb, 0 bytes, Stack size 0 bytes, memseta.o(.text), UNUSED)

<P><STRONG><a name="[e8]"></a>__aeabi_memclr</STRONG> (Thumb, 4 bytes, Stack size 0 bytes, memseta.o(.text))
<BR><BR>[Calls]<UL><LI><a href="#[e9]">&gt;&gt;</a>&nbsp;&nbsp;&nbsp;__aeabi_memset
</UL>
<BR>[Called By]<UL><LI><a href="#[150]">&gt;&gt;</a>&nbsp;&nbsp;&nbsp;dhcp_create_msg
</UL>

<P><STRONG><a name="[170]"></a>__aeabi_memclr4</STRONG> (Thumb, 0 bytes, Stack size 0 bytes, memseta.o(.text))
<BR><BR>[Called By]<UL><LI><a href="#[d4]">&gt;&gt;</a>&nbsp;&nbsp;&nbsp;led_task
<LI><a href="#[163]">&gt;&gt;</a>&nbsp;&nbsp;&nbsp;udp_new
<LI><a href="#[14d]">&gt;&gt;</a>&nbsp;&nbsp;&nbsp;dhcp_start
<LI><a href="#[1cc]">&gt;&gt;</a>&nbsp;&nbsp;&nbsp;ip_reass_enqueue_new_datagram
<LI><a href="#[2d1]">&gt;&gt;</a>&nbsp;&nbsp;&nbsp;tcp_alloc
</UL>

<P><STRONG><a name="[32d]"></a>__aeabi_memclr8</STRONG> (Thumb, 0 bytes, Stack size 0 bytes, memseta.o(.text), UNUSED)

<P><STRONG><a name="[ea]"></a>memset</STRONG> (Thumb, 18 bytes, Stack size 8 bytes, memseta.o(.text), UNUSED)
<BR><BR>[Calls]<UL><LI><a href="#[e9]">&gt;&gt;</a>&nbsp;&nbsp;&nbsp;__aeabi_memset
</UL>

<P><STRONG><a name="[195]"></a>memcmp</STRONG> (Thumb, 26 bytes, Stack size 12 bytes, memcmp.o(.text))
<BR><BR>[Stack]<UL><LI>Max Depth = 12<LI>Call Chain = memcmp
</UL>
<BR>[Called By]<UL><LI><a href="#[d9]">&gt;&gt;</a>&nbsp;&nbsp;&nbsp;ethernet_input
</UL>

<P><STRONG><a name="[e7]"></a>__aeabi_llsl</STRONG> (Thumb, 30 bytes, Stack size 0 bytes, llshl.o(.text), UNUSED)
<BR><BR>[Called By]<UL><LI><a href="#[e5]">&gt;&gt;</a>&nbsp;&nbsp;&nbsp;__aeabi_uldivmod
</UL>

<P><STRONG><a name="[32e]"></a>_ll_shift_l</STRONG> (Thumb, 0 bytes, Stack size 0 bytes, llshl.o(.text), UNUSED)

<P><STRONG><a name="[e6]"></a>__aeabi_llsr</STRONG> (Thumb, 32 bytes, Stack size 0 bytes, llushr.o(.text), UNUSED)
<BR><BR>[Called By]<UL><LI><a href="#[e5]">&gt;&gt;</a>&nbsp;&nbsp;&nbsp;__aeabi_uldivmod
</UL>

<P><STRONG><a name="[32f]"></a>_ll_ushift_r</STRONG> (Thumb, 0 bytes, Stack size 0 bytes, llushr.o(.text), UNUSED)

<P><STRONG><a name="[e3]"></a>__scatterload</STRONG> (Thumb, 28 bytes, Stack size 0 bytes, init.o(.text))
<BR><BR>[Calls]<UL><LI><a href="#[eb]">&gt;&gt;</a>&nbsp;&nbsp;&nbsp;__main_after_scatterload
</UL>
<BR>[Called By]<UL><LI><a href="#[e2]">&gt;&gt;</a>&nbsp;&nbsp;&nbsp;_main_scatterload
</UL>

<P><STRONG><a name="[330]"></a>__scatterload_rt2</STRONG> (Thumb, 0 bytes, Stack size 0 bytes, init.o(.text), UNUSED)

<P><STRONG><a name="[331]"></a>__decompress</STRONG> (Thumb, 0 bytes, Stack size unknown bytes, __dczerorl.o(.text), UNUSED)

<P><STRONG><a name="[332]"></a>__decompress0</STRONG> (Thumb, 58 bytes, Stack size unknown bytes, __dczerorl.o(.text), UNUSED)

<P><STRONG><a name="[4]"></a>BusFault_Handler</STRONG> (Thumb, 2 bytes, Stack size 0 bytes, gd32h7xx_it.o(i.BusFault_Handler))
<BR><BR>[Calls]<UL><LI><a href="#[4]">&gt;&gt;</a>&nbsp;&nbsp;&nbsp;BusFault_Handler
</UL>
<BR>[Called By]<UL><LI><a href="#[4]">&gt;&gt;</a>&nbsp;&nbsp;&nbsp;BusFault_Handler
</UL>
<BR>[Address Reference Count : 1]<UL><LI> startup_gd32h7xx.o(RESET)
</UL>
<P><STRONG><a name="[96]"></a>CAN2_Message_IRQHandler</STRONG> (Thumb, 36 bytes, Stack size 16 bytes, can.o(i.CAN2_Message_IRQHandler))
<BR><BR>[Stack]<UL><LI>Max Depth = 16<LI>Call Chain = CAN2_Message_IRQHandler
</UL>
<BR>[Calls]<UL><LI><a href="#[ec]">&gt;&gt;</a>&nbsp;&nbsp;&nbsp;can_interrupt_flag_get
<LI><a href="#[ed]">&gt;&gt;</a>&nbsp;&nbsp;&nbsp;can_interrupt_flag_clear
</UL>
<BR>[Address Reference Count : 1]<UL><LI> startup_gd32h7xx.o(RESET)
</UL>
<P><STRONG><a name="[7]"></a>DebugMon_Handler</STRONG> (Thumb, 2 bytes, Stack size 0 bytes, gd32h7xx_it.o(i.DebugMon_Handler))
<BR><BR>[Calls]<UL><LI><a href="#[7]">&gt;&gt;</a>&nbsp;&nbsp;&nbsp;DebugMon_Handler
</UL>
<BR>[Called By]<UL><LI><a href="#[7]">&gt;&gt;</a>&nbsp;&nbsp;&nbsp;DebugMon_Handler
</UL>
<BR>[Address Reference Count : 1]<UL><LI> startup_gd32h7xx.o(RESET)
</UL>
<P><STRONG><a name="[85]"></a>ENET1_IRQHandler</STRONG> (Thumb, 74 bytes, Stack size 16 bytes, gd32h7xx_it.o(i.ENET1_IRQHandler))
<BR><BR>[Stack]<UL><LI>Max Depth = 56<LI>Call Chain = ENET1_IRQHandler &rArr; xQueueGiveFromISR &rArr; xTaskRemoveFromEventList
</UL>
<BR>[Calls]<UL><LI><a href="#[ef]">&gt;&gt;</a>&nbsp;&nbsp;&nbsp;xQueueGiveFromISR
<LI><a href="#[ee]">&gt;&gt;</a>&nbsp;&nbsp;&nbsp;enet_interrupt_flag_get
<LI><a href="#[f0]">&gt;&gt;</a>&nbsp;&nbsp;&nbsp;enet_interrupt_flag_clear
</UL>
<BR>[Address Reference Count : 1]<UL><LI> startup_gd32h7xx.o(RESET)
</UL>
<P><STRONG><a name="[51]"></a>FPU_IRQHandler</STRONG> (Thumb, 2 bytes, Stack size 0 bytes, gd32h7xx_it.o(i.FPU_IRQHandler))
<BR><BR>[Calls]<UL><LI><a href="#[51]">&gt;&gt;</a>&nbsp;&nbsp;&nbsp;FPU_IRQHandler
</UL>
<BR>[Called By]<UL><LI><a href="#[51]">&gt;&gt;</a>&nbsp;&nbsp;&nbsp;FPU_IRQHandler
</UL>
<BR>[Address Reference Count : 1]<UL><LI> startup_gd32h7xx.o(RESET)
</UL>
<P><STRONG><a name="[2]"></a>HardFault_Handler</STRONG> (Thumb, 2 bytes, Stack size 0 bytes, gd32h7xx_it.o(i.HardFault_Handler))
<BR><BR>[Calls]<UL><LI><a href="#[2]">&gt;&gt;</a>&nbsp;&nbsp;&nbsp;HardFault_Handler
</UL>
<BR>[Called By]<UL><LI><a href="#[2]">&gt;&gt;</a>&nbsp;&nbsp;&nbsp;HardFault_Handler
</UL>
<BR>[Address Reference Count : 1]<UL><LI> startup_gd32h7xx.o(RESET)
</UL>
<P><STRONG><a name="[f1]"></a>I2C_Respond</STRONG> (Thumb, 90 bytes, Stack size 24 bytes, i2c.o(i.I2C_Respond))
<BR><BR>[Stack]<UL><LI>Max Depth = 32<LI>Call Chain = I2C_Respond &rArr; IIC_delay
</UL>
<BR>[Calls]<UL><LI><a href="#[f3]">&gt;&gt;</a>&nbsp;&nbsp;&nbsp;gpio_bit_set
<LI><a href="#[f4]">&gt;&gt;</a>&nbsp;&nbsp;&nbsp;IIC_delay
<LI><a href="#[f2]">&gt;&gt;</a>&nbsp;&nbsp;&nbsp;gpio_bit_reset
</UL>
<BR>[Called By]<UL><LI><a href="#[1dc]">&gt;&gt;</a>&nbsp;&nbsp;&nbsp;my_extRTC_ReadTime
</UL>

<P><STRONG><a name="[f5]"></a>I2C_Start</STRONG> (Thumb, 58 bytes, Stack size 16 bytes, i2c.o(i.I2C_Start))
<BR><BR>[Stack]<UL><LI>Max Depth = 24<LI>Call Chain = I2C_Start &rArr; IIC_delay
</UL>
<BR>[Calls]<UL><LI><a href="#[f3]">&gt;&gt;</a>&nbsp;&nbsp;&nbsp;gpio_bit_set
<LI><a href="#[f4]">&gt;&gt;</a>&nbsp;&nbsp;&nbsp;IIC_delay
<LI><a href="#[f2]">&gt;&gt;</a>&nbsp;&nbsp;&nbsp;gpio_bit_reset
</UL>
<BR>[Called By]<UL><LI><a href="#[1a5]">&gt;&gt;</a>&nbsp;&nbsp;&nbsp;extRTC_WriteCMD
<LI><a href="#[1dc]">&gt;&gt;</a>&nbsp;&nbsp;&nbsp;my_extRTC_ReadTime
</UL>

<P><STRONG><a name="[f6]"></a>I2C_Start1</STRONG> (Thumb, 82 bytes, Stack size 16 bytes, oled.o(i.I2C_Start1))
<BR><BR>[Stack]<UL><LI>Max Depth = 48<LI>Call Chain = I2C_Start1 &rArr; gpio_mode_set
</UL>
<BR>[Calls]<UL><LI><a href="#[f8]">&gt;&gt;</a>&nbsp;&nbsp;&nbsp;gpio_output_options_set
<LI><a href="#[f7]">&gt;&gt;</a>&nbsp;&nbsp;&nbsp;gpio_mode_set
<LI><a href="#[f3]">&gt;&gt;</a>&nbsp;&nbsp;&nbsp;gpio_bit_set
<LI><a href="#[f9]">&gt;&gt;</a>&nbsp;&nbsp;&nbsp;IIC_delay
<LI><a href="#[f2]">&gt;&gt;</a>&nbsp;&nbsp;&nbsp;gpio_bit_reset
</UL>
<BR>[Called By]<UL><LI><a href="#[103]">&gt;&gt;</a>&nbsp;&nbsp;&nbsp;OLED_WR_Byte
</UL>

<P><STRONG><a name="[fa]"></a>I2C_Stop</STRONG> (Thumb, 66 bytes, Stack size 16 bytes, i2c.o(i.I2C_Stop))
<BR><BR>[Stack]<UL><LI>Max Depth = 24<LI>Call Chain = I2C_Stop &rArr; IIC_delay
</UL>
<BR>[Calls]<UL><LI><a href="#[f3]">&gt;&gt;</a>&nbsp;&nbsp;&nbsp;gpio_bit_set
<LI><a href="#[f4]">&gt;&gt;</a>&nbsp;&nbsp;&nbsp;IIC_delay
<LI><a href="#[f2]">&gt;&gt;</a>&nbsp;&nbsp;&nbsp;gpio_bit_reset
</UL>
<BR>[Called By]<UL><LI><a href="#[1a5]">&gt;&gt;</a>&nbsp;&nbsp;&nbsp;extRTC_WriteCMD
<LI><a href="#[1dc]">&gt;&gt;</a>&nbsp;&nbsp;&nbsp;my_extRTC_ReadTime
</UL>

<P><STRONG><a name="[fb]"></a>I2C_Stop1</STRONG> (Thumb, 64 bytes, Stack size 16 bytes, oled.o(i.I2C_Stop1))
<BR><BR>[Stack]<UL><LI>Max Depth = 48<LI>Call Chain = I2C_Stop1 &rArr; gpio_mode_set
</UL>
<BR>[Calls]<UL><LI><a href="#[f8]">&gt;&gt;</a>&nbsp;&nbsp;&nbsp;gpio_output_options_set
<LI><a href="#[f7]">&gt;&gt;</a>&nbsp;&nbsp;&nbsp;gpio_mode_set
<LI><a href="#[f3]">&gt;&gt;</a>&nbsp;&nbsp;&nbsp;gpio_bit_set
<LI><a href="#[f9]">&gt;&gt;</a>&nbsp;&nbsp;&nbsp;IIC_delay
<LI><a href="#[f2]">&gt;&gt;</a>&nbsp;&nbsp;&nbsp;gpio_bit_reset
</UL>
<BR>[Called By]<UL><LI><a href="#[103]">&gt;&gt;</a>&nbsp;&nbsp;&nbsp;OLED_WR_Byte
<LI><a href="#[fc]">&gt;&gt;</a>&nbsp;&nbsp;&nbsp;I2C_WaitAck
</UL>

<P><STRONG><a name="[fc]"></a>I2C_WaitAck</STRONG> (Thumb, 114 bytes, Stack size 24 bytes, oled.o(i.I2C_WaitAck))
<BR><BR>[Stack]<UL><LI>Max Depth = 72<LI>Call Chain = I2C_WaitAck &rArr; I2C_Stop1 &rArr; gpio_mode_set
</UL>
<BR>[Calls]<UL><LI><a href="#[f8]">&gt;&gt;</a>&nbsp;&nbsp;&nbsp;gpio_output_options_set
<LI><a href="#[f7]">&gt;&gt;</a>&nbsp;&nbsp;&nbsp;gpio_mode_set
<LI><a href="#[f3]">&gt;&gt;</a>&nbsp;&nbsp;&nbsp;gpio_bit_set
<LI><a href="#[fb]">&gt;&gt;</a>&nbsp;&nbsp;&nbsp;I2C_Stop1
<LI><a href="#[f9]">&gt;&gt;</a>&nbsp;&nbsp;&nbsp;IIC_delay
<LI><a href="#[fd]">&gt;&gt;</a>&nbsp;&nbsp;&nbsp;gpio_input_bit_get
<LI><a href="#[f2]">&gt;&gt;</a>&nbsp;&nbsp;&nbsp;gpio_bit_reset
</UL>
<BR>[Called By]<UL><LI><a href="#[103]">&gt;&gt;</a>&nbsp;&nbsp;&nbsp;OLED_WR_Byte
</UL>

<P><STRONG><a name="[3]"></a>MemManage_Handler</STRONG> (Thumb, 2 bytes, Stack size 0 bytes, gd32h7xx_it.o(i.MemManage_Handler))
<BR><BR>[Calls]<UL><LI><a href="#[3]">&gt;&gt;</a>&nbsp;&nbsp;&nbsp;MemManage_Handler
</UL>
<BR>[Called By]<UL><LI><a href="#[3]">&gt;&gt;</a>&nbsp;&nbsp;&nbsp;MemManage_Handler
</UL>
<BR>[Address Reference Count : 1]<UL><LI> startup_gd32h7xx.o(RESET)
</UL>
<P><STRONG><a name="[1]"></a>NMI_Handler</STRONG> (Thumb, 2 bytes, Stack size 0 bytes, gd32h7xx_it.o(i.NMI_Handler))
<BR><BR>[Calls]<UL><LI><a href="#[1]">&gt;&gt;</a>&nbsp;&nbsp;&nbsp;NMI_Handler
</UL>
<BR>[Called By]<UL><LI><a href="#[1]">&gt;&gt;</a>&nbsp;&nbsp;&nbsp;NMI_Handler
</UL>
<BR>[Address Reference Count : 1]<UL><LI> startup_gd32h7xx.o(RESET)
</UL>
<P><STRONG><a name="[fe]"></a>OLED_Clear</STRONG> (Thumb, 38 bytes, Stack size 8 bytes, oled.o(i.OLED_Clear))
<BR><BR>[Stack]<UL><LI>Max Depth = 112<LI>Call Chain = OLED_Clear &rArr; OLED_Refresh &rArr; OLED_WR_Byte &rArr; I2C_WaitAck &rArr; I2C_Stop1 &rArr; gpio_mode_set
</UL>
<BR>[Calls]<UL><LI><a href="#[ff]">&gt;&gt;</a>&nbsp;&nbsp;&nbsp;OLED_Refresh
</UL>
<BR>[Called By]<UL><LI><a href="#[100]">&gt;&gt;</a>&nbsp;&nbsp;&nbsp;OLED_Init
</UL>

<P><STRONG><a name="[106]"></a>OLED_ClearPoint</STRONG> (Thumb, 28 bytes, Stack size 0 bytes, oled.o(i.OLED_ClearPoint))
<BR><BR>[Called By]<UL><LI><a href="#[104]">&gt;&gt;</a>&nbsp;&nbsp;&nbsp;OLED_ShowChar
</UL>

<P><STRONG><a name="[105]"></a>OLED_DrawPoint</STRONG> (Thumb, 24 bytes, Stack size 0 bytes, oled.o(i.OLED_DrawPoint))
<BR><BR>[Called By]<UL><LI><a href="#[104]">&gt;&gt;</a>&nbsp;&nbsp;&nbsp;OLED_ShowChar
</UL>

<P><STRONG><a name="[100]"></a>OLED_Init</STRONG> (Thumb, 322 bytes, Stack size 16 bytes, oled.o(i.OLED_Init))
<BR><BR>[Stack]<UL><LI>Max Depth = 128<LI>Call Chain = OLED_Init &rArr; OLED_Clear &rArr; OLED_Refresh &rArr; OLED_WR_Byte &rArr; I2C_WaitAck &rArr; I2C_Stop1 &rArr; gpio_mode_set
</UL>
<BR>[Calls]<UL><LI><a href="#[101]">&gt;&gt;</a>&nbsp;&nbsp;&nbsp;rcu_periph_clock_enable
<LI><a href="#[f8]">&gt;&gt;</a>&nbsp;&nbsp;&nbsp;gpio_output_options_set
<LI><a href="#[f7]">&gt;&gt;</a>&nbsp;&nbsp;&nbsp;gpio_mode_set
<LI><a href="#[f3]">&gt;&gt;</a>&nbsp;&nbsp;&nbsp;gpio_bit_set
<LI><a href="#[103]">&gt;&gt;</a>&nbsp;&nbsp;&nbsp;OLED_WR_Byte
<LI><a href="#[fe]">&gt;&gt;</a>&nbsp;&nbsp;&nbsp;OLED_Clear
<LI><a href="#[102]">&gt;&gt;</a>&nbsp;&nbsp;&nbsp;vTaskDelay
</UL>
<BR>[Called By]<UL><LI><a href="#[d4]">&gt;&gt;</a>&nbsp;&nbsp;&nbsp;led_task
</UL>

<P><STRONG><a name="[ff]"></a>OLED_Refresh</STRONG> (Thumb, 66 bytes, Stack size 16 bytes, oled.o(i.OLED_Refresh))
<BR><BR>[Stack]<UL><LI>Max Depth = 104<LI>Call Chain = OLED_Refresh &rArr; OLED_WR_Byte &rArr; I2C_WaitAck &rArr; I2C_Stop1 &rArr; gpio_mode_set
</UL>
<BR>[Calls]<UL><LI><a href="#[103]">&gt;&gt;</a>&nbsp;&nbsp;&nbsp;OLED_WR_Byte
</UL>
<BR>[Called By]<UL><LI><a href="#[fe]">&gt;&gt;</a>&nbsp;&nbsp;&nbsp;OLED_Clear
<LI><a href="#[d4]">&gt;&gt;</a>&nbsp;&nbsp;&nbsp;led_task
</UL>

<P><STRONG><a name="[104]"></a>OLED_ShowChar</STRONG> (Thumb, 174 bytes, Stack size 40 bytes, oled.o(i.OLED_ShowChar))
<BR><BR>[Stack]<UL><LI>Max Depth = 40<LI>Call Chain = OLED_ShowChar
</UL>
<BR>[Calls]<UL><LI><a href="#[105]">&gt;&gt;</a>&nbsp;&nbsp;&nbsp;OLED_DrawPoint
<LI><a href="#[106]">&gt;&gt;</a>&nbsp;&nbsp;&nbsp;OLED_ClearPoint
</UL>
<BR>[Called By]<UL><LI><a href="#[107]">&gt;&gt;</a>&nbsp;&nbsp;&nbsp;OLED_ShowString
</UL>

<P><STRONG><a name="[107]"></a>OLED_ShowString</STRONG> (Thumb, 60 bytes, Stack size 24 bytes, oled.o(i.OLED_ShowString))
<BR><BR>[Stack]<UL><LI>Max Depth = 64<LI>Call Chain = OLED_ShowString &rArr; OLED_ShowChar
</UL>
<BR>[Calls]<UL><LI><a href="#[104]">&gt;&gt;</a>&nbsp;&nbsp;&nbsp;OLED_ShowChar
[...]
</UL>
<BR>[Calls]<UL><LI><a href="#[dd]">&gt;&gt;</a>&nbsp;&nbsp;&nbsp;tcp_tmr
<LI><a href="#[2c7]">&gt;&gt;</a>&nbsp;&nbsp;&nbsp;sys_timeout
</UL>
<BR>[Address Reference Count : 2]<UL><LI> timeouts.o(i.tcp_timer_needed)
<LI> timeouts.o(i.tcpip_tcp_timer)
</UL>
<P><STRONG><a name="[30b]"></a>udp_input_local_match</STRONG> (Thumb, 76 bytes, Stack size 8 bytes, udp.o(i.udp_input_local_match))
<BR><BR>[Stack]<UL><LI>Max Depth = 8<LI>Call Chain = udp_input_local_match
</UL>
<BR>[Called By]<UL><LI><a href="#[1c6]">&gt;&gt;</a>&nbsp;&nbsp;&nbsp;udp_input
</UL>

<P><STRONG><a name="[30a]"></a>udp_new_port</STRONG> (Thumb, 66 bytes, Stack size 20 bytes, udp.o(i.udp_new_port))
<BR><BR>[Stack]<UL><LI>Max Depth = 20<LI>Call Chain = udp_new_port
</UL>
<BR>[Called By]<UL><LI><a href="#[164]">&gt;&gt;</a>&nbsp;&nbsp;&nbsp;udp_bind
</UL>

<P><STRONG><a name="[198]"></a>low_level_init</STRONG> (Thumb, 194 bytes, Stack size 32 bytes, ethernetif.o(i.low_level_init))
<BR><BR>[Stack]<UL><LI>Max Depth = 160<LI>Call Chain = low_level_init &rArr; xTaskCreate &rArr; pvPortMalloc &rArr; xTaskResumeAll &rArr; xTaskIncrementTick
</UL>
<BR>[Calls]<UL><LI><a href="#[1f1]">&gt;&gt;</a>&nbsp;&nbsp;&nbsp;xTaskCreate
<LI><a href="#[1f0]">&gt;&gt;</a>&nbsp;&nbsp;&nbsp;enet_transmit_checksum_config
<LI><a href="#[1ef]">&gt;&gt;</a>&nbsp;&nbsp;&nbsp;enet_rx_desc_immediate_receive_complete_interrupt
<LI><a href="#[1ed]">&gt;&gt;</a>&nbsp;&nbsp;&nbsp;enet_mac_address_set
<LI><a href="#[176]">&gt;&gt;</a>&nbsp;&nbsp;&nbsp;enet_enable
<LI><a href="#[1ee]">&gt;&gt;</a>&nbsp;&nbsp;&nbsp;enet_descriptors_chain_init
<LI><a href="#[199]">&gt;&gt;</a>&nbsp;&nbsp;&nbsp;xQueueSemaphoreTake
<LI><a href="#[1ec]">&gt;&gt;</a>&nbsp;&nbsp;&nbsp;xQueueGenericSend
<LI><a href="#[1eb]">&gt;&gt;</a>&nbsp;&nbsp;&nbsp;xQueueGenericCreate
</UL>
<BR>[Called By]<UL><LI><a href="#[bf]">&gt;&gt;</a>&nbsp;&nbsp;&nbsp;ethernetif_init
</UL>

<P><STRONG><a name="[19a]"></a>low_level_input</STRONG> (Thumb, 96 bytes, Stack size 24 bytes, ethernetif.o(i.low_level_input))
<BR><BR>[Stack]<UL><LI>Max Depth = 208<LI>Call Chain = low_level_input &rArr; pbuf_alloc &rArr; mem_malloc &rArr; sys_sem_signal &rArr; xQueueGenericSend &rArr; xTaskResumeAll &rArr; xTaskIncrementTick
</UL>
<BR>[Calls]<UL><LI><a href="#[1f3]">&gt;&gt;</a>&nbsp;&nbsp;&nbsp;enet_frame_receive
<LI><a href="#[1f2]">&gt;&gt;</a>&nbsp;&nbsp;&nbsp;enet_desc_information_get
<LI><a href="#[151]">&gt;&gt;</a>&nbsp;&nbsp;&nbsp;pbuf_alloc
<LI><a href="#[117]">&gt;&gt;</a>&nbsp;&nbsp;&nbsp;__aeabi_memcpy
</UL>
<BR>[Called By]<UL><LI><a href="#[b6]">&gt;&gt;</a>&nbsp;&nbsp;&nbsp;ethernetif_input
</UL>

<P><STRONG><a name="[b4]"></a>low_level_output</STRONG> (Thumb, 148 bytes, Stack size 32 bytes, ethernetif.o(i.low_level_output))
<BR><BR>[Stack]<UL><LI>Max Depth = 136<LI>Call Chain = low_level_output &rArr; xQueueGenericSend &rArr; xTaskResumeAll &rArr; xTaskIncrementTick
</UL>
<BR>[Calls]<UL><LI><a href="#[1f4]">&gt;&gt;</a>&nbsp;&nbsp;&nbsp;enet_frame_transmit
<LI><a href="#[1f2]">&gt;&gt;</a>&nbsp;&nbsp;&nbsp;enet_desc_information_get
<LI><a href="#[12f]">&gt;&gt;</a>&nbsp;&nbsp;&nbsp;sys_arch_unprotect
<LI><a href="#[12e]">&gt;&gt;</a>&nbsp;&nbsp;&nbsp;sys_arch_protect
<LI><a href="#[199]">&gt;&gt;</a>&nbsp;&nbsp;&nbsp;xQueueSemaphoreTake
<LI><a href="#[1ec]">&gt;&gt;</a>&nbsp;&nbsp;&nbsp;xQueueGenericSend
<LI><a href="#[1eb]">&gt;&gt;</a>&nbsp;&nbsp;&nbsp;xQueueGenericCreate
<LI><a href="#[117]">&gt;&gt;</a>&nbsp;&nbsp;&nbsp;__aeabi_memcpy
</UL>
<BR>[Address Reference Count : 1]<UL><LI> ethernetif.o(i.ethernetif_init)
</UL>
<P><STRONG><a name="[296]"></a>prvCopyDataFromQueue</STRONG> (Thumb, 40 bytes, Stack size 8 bytes, queue.o(i.prvCopyDataFromQueue))
<BR><BR>[Stack]<UL><LI>Max Depth = 16<LI>Call Chain = prvCopyDataFromQueue &rArr; __aeabi_memcpy
</UL>
<BR>[Calls]<UL><LI><a href="#[117]">&gt;&gt;</a>&nbsp;&nbsp;&nbsp;__aeabi_memcpy
</UL>
<BR>[Called By]<UL><LI><a href="#[2a6]">&gt;&gt;</a>&nbsp;&nbsp;&nbsp;xQueueReceive
</UL>

<P><STRONG><a name="[297]"></a>prvCopyDataToQueue</STRONG> (Thumb, 110 bytes, Stack size 24 bytes, queue.o(i.prvCopyDataToQueue))
<BR><BR>[Stack]<UL><LI>Max Depth = 40<LI>Call Chain = prvCopyDataToQueue &rArr; xTaskPriorityDisinherit
</UL>
<BR>[Calls]<UL><LI><a href="#[298]">&gt;&gt;</a>&nbsp;&nbsp;&nbsp;xTaskPriorityDisinherit
<LI><a href="#[117]">&gt;&gt;</a>&nbsp;&nbsp;&nbsp;__aeabi_memcpy
</UL>
<BR>[Called By]<UL><LI><a href="#[31b]">&gt;&gt;</a>&nbsp;&nbsp;&nbsp;xQueueGenericSendFromISR
<LI><a href="#[1ec]">&gt;&gt;</a>&nbsp;&nbsp;&nbsp;xQueueGenericSend
</UL>

<P><STRONG><a name="[31d]"></a>prvGetDisinheritPriorityAfterTimeout</STRONG> (Thumb, 20 bytes, Stack size 0 bytes, queue.o(i.prvGetDisinheritPriorityAfterTimeout))
<BR><BR>[Called By]<UL><LI><a href="#[199]">&gt;&gt;</a>&nbsp;&nbsp;&nbsp;xQueueSemaphoreTake
</UL>

<P><STRONG><a name="[29a]"></a>prvInitialiseNewQueue</STRONG> (Thumb, 34 bytes, Stack size 16 bytes, queue.o(i.prvInitialiseNewQueue))
<BR><BR>[Stack]<UL><LI>Max Depth = 56<LI>Call Chain = prvInitialiseNewQueue &rArr; xQueueGenericReset &rArr; xTaskRemoveFromEventList
</UL>
<BR>[Calls]<UL><LI><a href="#[29b]">&gt;&gt;</a>&nbsp;&nbsp;&nbsp;xQueueGenericReset
</UL>
<BR>[Called By]<UL><LI><a href="#[1eb]">&gt;&gt;</a>&nbsp;&nbsp;&nbsp;xQueueGenericCreate
</UL>

<P><STRONG><a name="[2a0]"></a>prvIsQueueEmpty</STRONG> (Thumb, 26 bytes, Stack size 8 bytes, queue.o(i.prvIsQueueEmpty))
<BR><BR>[Stack]<UL><LI>Max Depth = 8<LI>Call Chain = prvIsQueueEmpty
</UL>
<BR>[Calls]<UL><LI><a href="#[290]">&gt;&gt;</a>&nbsp;&nbsp;&nbsp;vPortExitCritical
<LI><a href="#[28e]">&gt;&gt;</a>&nbsp;&nbsp;&nbsp;vPortEnterCritical
</UL>
<BR>[Called By]<UL><LI><a href="#[2a6]">&gt;&gt;</a>&nbsp;&nbsp;&nbsp;xQueueReceive
<LI><a href="#[199]">&gt;&gt;</a>&nbsp;&nbsp;&nbsp;xQueueSemaphoreTake
</UL>

<P><STRONG><a name="[2a1]"></a>prvIsQueueFull</STRONG> (Thumb, 30 bytes, Stack size 8 bytes, queue.o(i.prvIsQueueFull))
<BR><BR>[Stack]<UL><LI>Max Depth = 8<LI>Call Chain = prvIsQueueFull
</UL>
<BR>[Calls]<UL><LI><a href="#[290]">&gt;&gt;</a>&nbsp;&nbsp;&nbsp;vPortExitCritical
<LI><a href="#[28e]">&gt;&gt;</a>&nbsp;&nbsp;&nbsp;vPortEnterCritical
</UL>
<BR>[Called By]<UL><LI><a href="#[1ec]">&gt;&gt;</a>&nbsp;&nbsp;&nbsp;xQueueGenericSend
</UL>

<P><STRONG><a name="[2ae]"></a>prvUnlockQueue</STRONG> (Thumb, 106 bytes, Stack size 24 bytes, queue.o(i.prvUnlockQueue))
<BR><BR>[Stack]<UL><LI>Max Depth = 48<LI>Call Chain = prvUnlockQueue &rArr; xTaskRemoveFromEventList
</UL>
<BR>[Calls]<UL><LI><a href="#[290]">&gt;&gt;</a>&nbsp;&nbsp;&nbsp;vPortExitCritical
<LI><a href="#[28e]">&gt;&gt;</a>&nbsp;&nbsp;&nbsp;vPortEnterCritical
<LI><a href="#[2af]">&gt;&gt;</a>&nbsp;&nbsp;&nbsp;xTaskRemoveFromEventList
<LI><a href="#[2b0]">&gt;&gt;</a>&nbsp;&nbsp;&nbsp;vTaskMissedYield
</UL>
<BR>[Called By]<UL><LI><a href="#[2a6]">&gt;&gt;</a>&nbsp;&nbsp;&nbsp;xQueueReceive
<LI><a href="#[199]">&gt;&gt;</a>&nbsp;&nbsp;&nbsp;xQueueSemaphoreTake
<LI><a href="#[1ec]">&gt;&gt;</a>&nbsp;&nbsp;&nbsp;xQueueGenericSend
<LI><a href="#[2aa]">&gt;&gt;</a>&nbsp;&nbsp;&nbsp;vQueueWaitForMessageRestricted
</UL>

<P><STRONG><a name="[289]"></a>prvAddCurrentTaskToDelayedList</STRONG> (Thumb, 104 bytes, Stack size 24 bytes, tasks.o(i.prvAddCurrentTaskToDelayedList))
<BR><BR>[Stack]<UL><LI>Max Depth = 36<LI>Call Chain = prvAddCurrentTaskToDelayedList &rArr; vListInsert
</UL>
<BR>[Calls]<UL><LI><a href="#[28b]">&gt;&gt;</a>&nbsp;&nbsp;&nbsp;vListInsertEnd
<LI><a href="#[28c]">&gt;&gt;</a>&nbsp;&nbsp;&nbsp;vListInsert
<LI><a href="#[28a]">&gt;&gt;</a>&nbsp;&nbsp;&nbsp;uxListRemove
</UL>
<BR>[Called By]<UL><LI><a href="#[102]">&gt;&gt;</a>&nbsp;&nbsp;&nbsp;vTaskDelay
<LI><a href="#[30f]">&gt;&gt;</a>&nbsp;&nbsp;&nbsp;vTaskPlaceOnEventListRestricted
<LI><a href="#[311]">&gt;&gt;</a>&nbsp;&nbsp;&nbsp;vTaskPlaceOnEventList
</UL>

<P><STRONG><a name="[28d]"></a>prvAddNewTaskToReadyList</STRONG> (Thumb, 126 bytes, Stack size 16 bytes, tasks.o(i.prvAddNewTaskToReadyList))
<BR><BR>[Stack]<UL><LI>Max Depth = 32<LI>Call Chain = prvAddNewTaskToReadyList &rArr; prvInitialiseTaskLists
</UL>
<BR>[Calls]<UL><LI><a href="#[290]">&gt;&gt;</a>&nbsp;&nbsp;&nbsp;vPortExitCritical
<LI><a href="#[28e]">&gt;&gt;</a>&nbsp;&nbsp;&nbsp;vPortEnterCritical
<LI><a href="#[28f]">&gt;&gt;</a>&nbsp;&nbsp;&nbsp;prvInitialiseTaskLists
<LI><a href="#[28b]">&gt;&gt;</a>&nbsp;&nbsp;&nbsp;vListInsertEnd
</UL>
<BR>[Called By]<UL><LI><a href="#[1f1]">&gt;&gt;</a>&nbsp;&nbsp;&nbsp;xTaskCreate
</UL>

<P><STRONG><a name="[294]"></a>prvCheckTasksWaitingTermination</STRONG> (Thumb, 52 bytes, Stack size 16 bytes, tasks.o(i.prvCheckTasksWaitingTermination))
<BR><BR>[Stack]<UL><LI>Max Depth = 88<LI>Call Chain = prvCheckTasksWaitingTermination &rArr; prvDeleteTCB &rArr; vPortFree &rArr; xTaskResumeAll &rArr; xTaskIncrementTick
</UL>
<BR>[Calls]<UL><LI><a href="#[290]">&gt;&gt;</a>&nbsp;&nbsp;&nbsp;vPortExitCritical
<LI><a href="#[28e]">&gt;&gt;</a>&nbsp;&nbsp;&nbsp;vPortEnterCritical
<LI><a href="#[295]">&gt;&gt;</a>&nbsp;&nbsp;&nbsp;prvDeleteTCB
<LI><a href="#[28a]">&gt;&gt;</a>&nbsp;&nbsp;&nbsp;uxListRemove
</UL>
<BR>[Called By]<UL><LI><a href="#[db]">&gt;&gt;</a>&nbsp;&nbsp;&nbsp;prvIdleTask
</UL>

<P><STRONG><a name="[295]"></a>prvDeleteTCB</STRONG> (Thumb, 20 bytes, Stack size 8 bytes, tasks.o(i.prvDeleteTCB))
<BR><BR>[Stack]<UL><LI>Max Depth = 72<LI>Call Chain = prvDeleteTCB &rArr; vPortFree &rArr; xTaskResumeAll &rArr; xTaskIncrementTick
</UL>
<BR>[Calls]<UL><LI><a href="#[299]">&gt;&gt;</a>&nbsp;&nbsp;&nbsp;vPortFree
</UL>
<BR>[Called By]<UL><LI><a href="#[2cb]">&gt;&gt;</a>&nbsp;&nbsp;&nbsp;vTaskDelete
<LI><a href="#[294]">&gt;&gt;</a>&nbsp;&nbsp;&nbsp;prvCheckTasksWaitingTermination
</UL>

<P><STRONG><a name="[db]"></a>prvIdleTask</STRONG> (Thumb, 30 bytes, Stack size 0 bytes, tasks.o(i.prvIdleTask))
<BR><BR>[Stack]<UL><LI>Max Depth = 88<LI>Call Chain = prvIdleTask &rArr; prvCheckTasksWaitingTermination &rArr; prvDeleteTCB &rArr; vPortFree &rArr; xTaskResumeAll &rArr; xTaskIncrementTick
</UL>
<BR>[Calls]<UL><LI><a href="#[294]">&gt;&gt;</a>&nbsp;&nbsp;&nbsp;prvCheckTasksWaitingTermination
</UL>
<BR>[Address Reference Count : 1]<UL><LI> tasks.o(i.vTaskStartScheduler)
</UL>
<P><STRONG><a name="[29c]"></a>prvInitialiseNewTask</STRONG> (Thumb, 168 bytes, Stack size 40 bytes, tasks.o(i.prvInitialiseNewTask))
<BR><BR>[Stack]<UL><LI>Max Depth = 40<LI>Call Chain = prvInitialiseNewTask
</UL>
<BR>[Calls]<UL><LI><a href="#[29e]">&gt;&gt;</a>&nbsp;&nbsp;&nbsp;pxPortInitialiseStack
<LI><a href="#[29d]">&gt;&gt;</a>&nbsp;&nbsp;&nbsp;vListInitialiseItem
<LI><a href="#[e9]">&gt;&gt;</a>&nbsp;&nbsp;&nbsp;__aeabi_memset
</UL>
<BR>[Called By]<UL><LI><a href="#[1f1]">&gt;&gt;</a>&nbsp;&nbsp;&nbsp;xTaskCreate
</UL>

<P><STRONG><a name="[28f]"></a>prvInitialiseTaskLists</STRONG> (Thumb, 78 bytes, Stack size 16 bytes, tasks.o(i.prvInitialiseTaskLists))
<BR><BR>[Stack]<UL><LI>Max Depth = 16<LI>Call Chain = prvInitialiseTaskLists
</UL>
<BR>[Calls]<UL><LI><a href="#[292]">&gt;&gt;</a>&nbsp;&nbsp;&nbsp;vListInitialise
</UL>
<BR>[Called By]<UL><LI><a href="#[28d]">&gt;&gt;</a>&nbsp;&nbsp;&nbsp;prvAddNewTaskToReadyList
</UL>

<P><STRONG><a name="[310]"></a>prvResetNextTaskUnblockTime</STRONG> (Thumb, 30 bytes, Stack size 0 bytes, tasks.o(i.prvResetNextTaskUnblockTime))
<BR><BR>[Called By]<UL><LI><a href="#[2cb]">&gt;&gt;</a>&nbsp;&nbsp;&nbsp;vTaskDelete
<LI><a href="#[2a9]">&gt;&gt;</a>&nbsp;&nbsp;&nbsp;xTaskResumeAll
<LI><a href="#[109]">&gt;&gt;</a>&nbsp;&nbsp;&nbsp;xTaskIncrementTick
</UL>

<P><STRONG><a name="[291]"></a>prvCheckForValidListAndQueue</STRONG> (Thumb, 62 bytes, Stack size 8 bytes, timers.o(i.prvCheckForValidListAndQueue))
<BR><BR>[Stack]<UL><LI>Max Depth = 104<LI>Call Chain = prvCheckForValidListAndQueue &rArr; xQueueGenericCreate &rArr; pvPortMalloc &rArr; xTaskResumeAll &rArr; xTaskIncrementTick
</UL>
<BR>[Calls]<UL><LI><a href="#[292]">&gt;&gt;</a>&nbsp;&nbsp;&nbsp;vListInitialise
<LI><a href="#[290]">&gt;&gt;</a>&nbsp;&nbsp;&nbsp;vPortExitCritical
<LI><a href="#[28e]">&gt;&gt;</a>&nbsp;&nbsp;&nbsp;vPortEnterCritical
<LI><a href="#[1eb]">&gt;&gt;</a>&nbsp;&nbsp;&nbsp;xQueueGenericCreate
<LI><a href="#[293]">&gt;&gt;</a>&nbsp;&nbsp;&nbsp;vQueueAddToRegistry
</UL>
<BR>[Called By]<UL><LI><a href="#[313]">&gt;&gt;</a>&nbsp;&nbsp;&nbsp;xTimerCreateTimerTask
</UL>

<P><STRONG><a name="[2ad]"></a>prvGetNextExpireTime</STRONG> (Thumb, 30 bytes, Stack size 0 bytes, timers.o(i.prvGetNextExpireTime))
<BR><BR>[Called By]<UL><LI><a href="#[dc]">&gt;&gt;</a>&nbsp;&nbsp;&nbsp;prvTimerTask
</UL>

<P><STRONG><a name="[29f]"></a>prvInsertTimerInActiveList</STRONG> (Thumb, 60 bytes, Stack size 16 bytes, timers.o(i.prvInsertTimerInActiveList))
<BR><BR>[Stack]<UL><LI>Max Depth = 28<LI>Call Chain = prvInsertTimerInActiveList &rArr; vListInsert
</UL>
<BR>[Calls]<UL><LI><a href="#[28c]">&gt;&gt;</a>&nbsp;&nbsp;&nbsp;vListInsert
</UL>
<BR>[Called By]<UL><LI><a href="#[2a4]">&gt;&gt;</a>&nbsp;&nbsp;&nbsp;prvProcessReceivedCommands
<LI><a href="#[2a2]">&gt;&gt;</a>&nbsp;&nbsp;&nbsp;prvProcessExpiredTimer
</UL>

<P><STRONG><a name="[2a2]"></a>prvProcessExpiredTimer</STRONG> (Thumb, 98 bytes, Stack size 24 bytes, timers.o(i.prvProcessExpiredTimer))
<BR><BR>[Stack]<UL><LI>Max Depth = 160<LI>Call Chain = prvProcessExpiredTimer &rArr; xTimerGenericCommand &rArr; xQueueGenericSend &rArr; xTaskResumeAll &rArr; xTaskIncrementTick
</UL>
<BR>[Calls]<UL><LI><a href="#[28a]">&gt;&gt;</a>&nbsp;&nbsp;&nbsp;uxListRemove
<LI><a href="#[2a3]">&gt;&gt;</a>&nbsp;&nbsp;&nbsp;xTimerGenericCommand
<LI><a href="#[29f]">&gt;&gt;</a>&nbsp;&nbsp;&nbsp;prvInsertTimerInActiveList
</UL>
<BR>[Called By]<UL><LI><a href="#[2a7]">&gt;&gt;</a>&nbsp;&nbsp;&nbsp;prvProcessTimerOrBlockTask
</UL>

<P><STRONG><a name="[2a4]"></a>prvProcessReceivedCommands</STRONG> (Thumb, 234 bytes, Stack size 32 bytes, timers.o(i.prvProcessReceivedCommands))
<BR><BR>[Stack]<UL><LI>Max Depth = 208<LI>Call Chain = prvProcessReceivedCommands &rArr; prvSampleTimeNow &rArr; prvSwitchTimerLists &rArr; xTimerGenericCommand &rArr; xQueueGenericSend &rArr; xTaskResumeAll &rArr; xTaskIncrementTick
</UL>
<BR>[Calls]<UL><LI><a href="#[299]">&gt;&gt;</a>&nbsp;&nbsp;&nbsp;vPortFree
<LI><a href="#[2a6]">&gt;&gt;</a>&nbsp;&nbsp;&nbsp;xQueueReceive
<LI><a href="#[28a]">&gt;&gt;</a>&nbsp;&nbsp;&nbsp;uxListRemove
<LI><a href="#[2a3]">&gt;&gt;</a>&nbsp;&nbsp;&nbsp;xTimerGenericCommand
<LI><a href="#[2a5]">&gt;&gt;</a>&nbsp;&nbsp;&nbsp;prvSampleTimeNow
<LI><a href="#[29f]">&gt;&gt;</a>&nbsp;&nbsp;&nbsp;prvInsertTimerInActiveList
</UL>
<BR>[Called By]<UL><LI><a href="#[dc]">&gt;&gt;</a>&nbsp;&nbsp;&nbsp;prvTimerTask
</UL>

<P><STRONG><a name="[2a7]"></a>prvProcessTimerOrBlockTask</STRONG> (Thumb, 100 bytes, Stack size 24 bytes, timers.o(i.prvProcessTimerOrBlockTask))
<BR><BR>[Stack]<UL><LI>Max Depth = 200<LI>Call Chain = prvProcessTimerOrBlockTask &rArr; prvSampleTimeNow &rArr; prvSwitchTimerLists &rArr; xTimerGenericCommand &rArr; xQueueGenericSend &rArr; xTaskResumeAll &rArr; xTaskIncrementTick
</UL>
<BR>[Calls]<UL><LI><a href="#[2a9]">&gt;&gt;</a>&nbsp;&nbsp;&nbsp;xTaskResumeAll
<LI><a href="#[2a8]">&gt;&gt;</a>&nbsp;&nbsp;&nbsp;vTaskSuspendAll
<LI><a href="#[2aa]">&gt;&gt;</a>&nbsp;&nbsp;&nbsp;vQueueWaitForMessageRestricted
<LI><a href="#[2a5]">&gt;&gt;</a>&nbsp;&nbsp;&nbsp;prvSampleTimeNow
<LI><a href="#[2a2]">&gt;&gt;</a>&nbsp;&nbsp;&nbsp;prvProcessExpiredTimer
</UL>
<BR>[Called By]<UL><LI><a href="#[dc]">&gt;&gt;</a>&nbsp;&nbsp;&nbsp;prvTimerTask
</UL>

<P><STRONG><a name="[2a5]"></a>prvSampleTimeNow</STRONG> (Thumb, 38 bytes, Stack size 16 bytes, timers.o(i.prvSampleTimeNow))
<BR><BR>[Stack]<UL><LI>Max Depth = 176<LI>Call Chain = prvSampleTimeNow &rArr; prvSwitchTimerLists &rArr; xTimerGenericCommand &rArr; xQueueGenericSend &rArr; xTaskResumeAll &rArr; xTaskIncrementTick
</UL>
<BR>[Calls]<UL><LI><a href="#[2ab]">&gt;&gt;</a>&nbsp;&nbsp;&nbsp;xTaskGetTickCount
<LI><a href="#[2ac]">&gt;&gt;</a>&nbsp;&nbsp;&nbsp;prvSwitchTimerLists
</UL>
<BR>[Called By]<UL><LI><a href="#[2a7]">&gt;&gt;</a>&nbsp;&nbsp;&nbsp;prvProcessTimerOrBlockTask
<LI><a href="#[2a4]">&gt;&gt;</a>&nbsp;&nbsp;&nbsp;prvProcessReceivedCommands
</UL>

<P><STRONG><a name="[2ac]"></a>prvSwitchTimerLists</STRONG> (Thumb, 106 bytes, Stack size 24 bytes, timers.o(i.prvSwitchTimerLists))
<BR><BR>[Stack]<UL><LI>Max Depth = 160<LI>Call Chain = prvSwitchTimerLists &rArr; xTimerGenericCommand &rArr; xQueueGenericSend &rArr; xTaskResumeAll &rArr; xTaskIncrementTick
</UL>
<BR>[Calls]<UL><LI><a href="#[28c]">&gt;&gt;</a>&nbsp;&nbsp;&nbsp;vListInsert
<LI><a href="#[28a]">&gt;&gt;</a>&nbsp;&nbsp;&nbsp;uxListRemove
<LI><a href="#[2a3]">&gt;&gt;</a>&nbsp;&nbsp;&nbsp;xTimerGenericCommand
</UL>
<BR>[Called By]<UL><LI><a href="#[2a5]">&gt;&gt;</a>&nbsp;&nbsp;&nbsp;prvSampleTimeNow
</UL>

<P><STRONG><a name="[dc]"></a>prvTimerTask</STRONG> (Thumb, 20 bytes, Stack size 8 bytes, timers.o(i.prvTimerTask))
<BR><BR>[Stack]<UL><LI>Max Depth = 216<LI>Call Chain = prvTimerTask &rArr; prvProcessReceivedCommands &rArr; prvSampleTimeNow &rArr; prvSwitchTimerLists &rArr; xTimerGenericCommand &rArr; xQueueGenericSend &rArr; xTaskResumeAll &rArr; xTaskIncrementTick
</UL>
<BR>[Calls]<UL><LI><a href="#[2a7]">&gt;&gt;</a>&nbsp;&nbsp;&nbsp;prvProcessTimerOrBlockTask
<LI><a href="#[2a4]">&gt;&gt;</a>&nbsp;&nbsp;&nbsp;prvProcessReceivedCommands
<LI><a href="#[2ad]">&gt;&gt;</a>&nbsp;&nbsp;&nbsp;prvGetNextExpireTime
</UL>
<BR>[Address Reference Count : 1]<UL><LI> timers.o(i.xTimerCreateTimerTask)
</UL>
<P><STRONG><a name="[d2]"></a>prvTaskExitError</STRONG> (Thumb, 40 bytes, Stack size 0 bytes, port.o(i.prvTaskExitError))
<BR>[Address Reference Count : 1]<UL><LI> port.o(i.pxPortInitialiseStack)
</UL>
<P><STRONG><a name="[2b2]"></a>prvHeapInit</STRONG> (Thumb, 68 bytes, Stack size 0 bytes, heap_4.o(i.prvHeapInit))
<BR><BR>[Called By]<UL><LI><a href="#[2b1]">&gt;&gt;</a>&nbsp;&nbsp;&nbsp;pvPortMalloc
</UL>

<P><STRONG><a name="[2b3]"></a>prvInsertBlockIntoFreeList</STRONG> (Thumb, 78 bytes, Stack size 12 bytes, heap_4.o(i.prvInsertBlockIntoFreeList))
<BR><BR>[Stack]<UL><LI>Max Depth = 12<LI>Call Chain = prvInsertBlockIntoFreeList
</UL>
<BR>[Called By]<UL><LI><a href="#[299]">&gt;&gt;</a>&nbsp;&nbsp;&nbsp;vPortFree
<LI><a href="#[2b1]">&gt;&gt;</a>&nbsp;&nbsp;&nbsp;pvPortMalloc
</UL>

<P><STRONG><a name="[11b]"></a>_printf_core</STRONG> (Thumb, 984 bytes, Stack size 104 bytes, printf8.o(i._printf_core), UNUSED)
<BR><BR>[Calls]<UL><LI><a href="#[11d]">&gt;&gt;</a>&nbsp;&nbsp;&nbsp;_printf_pre_padding
<LI><a href="#[11e]">&gt;&gt;</a>&nbsp;&nbsp;&nbsp;_printf_post_padding
<LI><a href="#[e5]">&gt;&gt;</a>&nbsp;&nbsp;&nbsp;__aeabi_uldivmod
</UL>
<BR>[Called By]<UL><LI><a href="#[11c]">&gt;&gt;</a>&nbsp;&nbsp;&nbsp;__0sprintf$8
<LI><a href="#[11a]">&gt;&gt;</a>&nbsp;&nbsp;&nbsp;__0printf$8
</UL>

<P><STRONG><a name="[11e]"></a>_printf_post_padding</STRONG> (Thumb, 36 bytes, Stack size 24 bytes, printf8.o(i._printf_post_padding), UNUSED)
<BR><BR>[Called By]<UL><LI><a href="#[11b]">&gt;&gt;</a>&nbsp;&nbsp;&nbsp;_printf_core
</UL>

<P><STRONG><a name="[11d]"></a>_printf_pre_padding</STRONG> (Thumb, 46 bytes, Stack size 24 bytes, printf8.o(i._printf_pre_padding), UNUSED)
<BR><BR>[Called By]<UL><LI><a href="#[11b]">&gt;&gt;</a>&nbsp;&nbsp;&nbsp;_printf_core
</UL>

<P><STRONG><a name="[b1]"></a>_sputc</STRONG> (Thumb, 10 bytes, Stack size 0 bytes, printf8.o(i._sputc))
<BR><BR>[Called By]<UL><LI><a href="#[11c]">&gt;&gt;</a>&nbsp;&nbsp;&nbsp;__0sprintf$8
</UL>
<BR>[Address Reference Count : 1]<UL><LI> printf8.o(i.__0sprintf$8)
</UL><P>
<H3>
Undefined Global Symbols
</H3><HR></body></html>
